--------- beginning of main
--------- beginning of system
2026-04-18 22:59:59.774  2278-2278  1DAL_MVP                com.onedal.app                       D  -------------------------------
2026-04-18 22:59:59.797  2278-2278  1DAL_MVP                com.onedal.app                       D  🚦 [ROADMAP 22:59:59.793] [📱앱] [UNKNOWN] 📡 화면 변경 감지 | 모드: AUTO
2026-04-18 22:59:59.852  2278-2278  1DAL_MVP                com.onedal.app                       D  -------------------------------
2026-04-18 22:59:59.857  2278-2278  1DAL_MVP                com.onedal.app                       D  🚦 [ROADMAP 22:59:59.855] [📱앱] [LIST] 📡 화면 변경 감지 | 모드: AUTO
2026-04-18 22:59:59.941  2278-2278  1DAL_MVP                com.onedal.app                       D  -------------------------------
2026-04-18 22:59:59.941  2278-2278  1DAL_MVP                com.onedal.app                       D  🚦 [ROADMAP 22:59:59.941] [📱앱] [LIST] 📡 화면 변경 감지 | 모드: AUTO
2026-04-18 22:59:59.961  2278-2278  1DAL_PARSER             com.onedal.app                       D  🔍 [1차 리스트 필터] 도착지=덕양구, 결과=true
2026-04-18 22:59:59.963  2278-2278  1DAL_MVP                com.onedal.app                       D  🚦 [ROADMAP 22:59:59.963] [📱앱] [LIST] 🔍 [타겟 콜 필터 결과] 차종(다)=✅ 도착지(0중 덕양구)=✅ 요금(0 <= 85000)=✅ 상차지/거리(999 >= 0.2km)=✅ 블랙()=✅
2026-04-18 22:59:59.964  2278-2278  1DAL_MVP                com.onedal.app                       D  🚦 [ROADMAP 22:59:59.963] [📱앱] [LIST] AccessibilityService로 바뀐 리스트 감지 후 text 추출
2026-04-18 22:59:59.964  2278-2278  1DAL_MVP                com.onedal.app                       D  💥 [AUTO] 꿀콜 조건 통과! 대상 콜 강제 터치 진행!
2026-04-18 22:59:59.964  2278-2278  1DAL_MVP                com.onedal.app                       D  📝 [AUTO] 2차 검증 반송(취소)에 대비해 해당 콜 지문 선(先)기록 완료 (해시: 1497845521)
2026-04-18 22:59:59.964  2278-2278  1DAL_MVP                com.onedal.app                       D  🚦 [ROADMAP 22:59:59.964] [📱앱] [LIST] 리스트에서 바뀐 text 감지 후 text 추출
2026-04-18 22:59:59.975  2278-2278  1DAL_MVP                com.onedal.app                       D  🚦 [ROADMAP 22:59:59.973] [📱앱] [LIST] [인성 Socket] 인성콜에 선택된 콜 정보 전달 (꿀콜 클릭!)
2026-04-18 23:00:00.029  2278-2278  1DAL_TOUCH              com.onedal.app                       D  ✅ [가로채기 성공!] 화면 좌표 (X:917.0, Y:568.0) 터치 완료!
2026-04-18 23:00:00.029  2278-2278  1DAL_MVP                com.onedal.app                       D  🚦 [ROADMAP 23:00:00.029] [📱앱] 버튼 터치 완료 (가로채기 성공) X:917.0, Y:568.0
2026-04-18 23:00:00.199  2278-2278  1DAL_MVP                com.onedal.app                       D  -------------------------------
2026-04-18 23:00:00.200  2278-2278  1DAL_MVP                com.onedal.app                       D  🚦 [ROADMAP 23:00:00.200] [📱앱] [DETAIL_PRE_CONFIRM] 📡 화면 변경 감지 | 모드: AUTO
2026-04-18 23:00:00.200  2278-2278  1DAL_MVP                com.onedal.app                       D  🚦 [ROADMAP 23:00:00.200] [📱앱] [DETAIL_PRE_CONFIRM] 상세페이지 진입
2026-04-18 23:00:00.207  2278-2278  1DAL_MVP                com.onedal.app                       D  🚦 [ROADMAP 23:00:00.207] [📱앱] [DETAIL_PRE_CONFIRM] 상세페이지 데이터(확정,적요상세,출발지,도착지) 추출
2026-04-18 23:00:00.207  2278-2278  1DAL_MVP                com.onedal.app                       D  🚦 [ROADMAP 23:00:00.207] [📱앱] [DETAIL_PRE_CONFIRM] 추출된 데이터로 한번더 필터링
2026-04-18 23:00:00.208  2278-2278  1DAL_MVP                com.onedal.app                       D  🚦 [ROADMAP 23:00:00.207] [📱앱] [LIST] 🔍 [타겟 콜 필터 결과] 차종(다)=✅ 도착지(0중 덕양구)=✅ 요금(0 <= 85000)=✅ 상차지/거리(999 >= 0.2km)=✅ 블랙()=✅
2026-04-18 23:00:00.208  2278-2278  1DAL_MVP                com.onedal.app                       D  📤 [post /confirm request] 서버 전송 내용 -> 모드: AUTO | 텍스트: rep_map 고양퀵서비스-031-932-7722 전표 상태 : 신규 물품 : 소형 가전 차량 : 다 탁송료 : 수수료 : 23% 요금 : 85,000(신용) 구분 : 편도 형태 : 보통 적요상세 *카고 입니다. 세금계산서필 09:49 상차. 마스크 카톤 소형 가전 명...
2026-04-18 23:00:00.209  2278-2278  1DAL_MVP                com.onedal.app                       D  🚀 [AUTO] 확정 버튼 광클 (배차 시도)
2026-04-18 23:00:00.209  2278-2278  1DAL_MVP                com.onedal.app                       D  🚦 [ROADMAP 23:00:00.209] [📱앱] [DETAIL_PRE_CONFIRM] 상세페이지에서 '확정' 추출 후 클릭
2026-04-18 23:00:00.209  2278-2278  1DAL_MVP                com.onedal.app                       D  🚦 [ROADMAP 23:00:00.209] [📱앱] [DETAIL_PRE_CONFIRM] [인성 Socket] 콜 확정 완료
2026-04-18 23:00:00.212  2278-2278  1DAL_MVP                com.onedal.app                       D  🚦 [ROADMAP 23:00:00.212] [📱앱] '확정' 버튼 인식 ➡️ 클릭 시도
2026-04-18 23:00:00.264  2278-2278  1DAL_TOUCH              com.onedal.app                       D  ✅ [가로채기 성공!] 화면 좌표 (X:161.0, Y:2251.0) 터치 완료!
2026-04-18 23:00:00.264  2278-2278  1DAL_MVP                com.onedal.app                       D  🚦 [ROADMAP 23:00:00.264] [📱앱] 버튼 터치 완료 (가로채기 성공) X:161.0, Y:2251.0
2026-04-18 23:00:00.266  2278-4009  1DAL_API                com.onedal.app                       D  🌐 [post /confirm response / 200] {"success":true,"message":"1차 수신 완료. 상세 페이지 내용을 긁어서 POST /api/orders/detail 로 보내주세요."}
2026-04-18 23:00:00.266  2278-4009  1DAL_MVP                com.onedal.app                       D  🚦 [ROADMAP 23:00:00.266] [📱앱] [HTTP 폴링] 응답 /orders/confirm
2026-04-18 23:00:00.419  2278-2278  1DAL_MVP                com.onedal.app                       D  -------------------------------
2026-04-18 23:00:00.420  2278-2278  1DAL_MVP                com.onedal.app                       D  🚦 [ROADMAP 23:00:00.419] [📱앱] [DETAIL_CONFIRMED] 📡 화면 변경 감지 | 모드: AUTO
2026-04-18 23:00:00.422  2278-2278  1DAL_MVP                com.onedal.app                       D  🚦 [ROADMAP 23:00:00.421] [📱앱] [DETAIL_CONFIRMED] 확정페이지 진입
2026-04-18 23:00:00.423  2278-2278  1DAL_MVP                com.onedal.app                       D  🏄‍♂️ [자동 팝업 서핑] 확정 화면 진입 확인! 적요상세 팝업 호출 시도
2026-04-18 23:00:00.434  2278-2278  1DAL_MVP                com.onedal.app                       D  🚦 [ROADMAP 23:00:00.424] [📱앱] '적요상세' 버튼 인식 ➡️ 클릭 시도
2026-04-18 23:00:00.439  2278-2278  1DAL_MVP                com.onedal.app                       D  🚦 [ROADMAP 23:00:00.438] [📱앱] [DETAIL_CONFIRMED] 확정페이지에서 '적요상세' 추출 후 클릭
2026-04-18 23:00:00.439  2278-2278  1DAL_MVP                com.onedal.app                       I  📋 [SEQ 81] 적요상세 버튼 클릭 → 적요 정보 요청
2026-04-18 23:00:00.480  2278-2278  1DAL_MVP                com.onedal.app                       D  -------------------------------
2026-04-18 23:00:00.481  2278-2278  1DAL_MVP                com.onedal.app                       D  🚦 [ROADMAP 23:00:00.480] [📱앱] [DETAIL_CONFIRMED] 📡 화면 변경 감지 | 모드: AUTO
2026-04-18 23:00:00.490  2278-2278  1DAL_TOUCH              com.onedal.app                       D  ✅ [가로채기 성공!] 화면 좌표 (X:149.0, Y:1179.0) 터치 완료!
2026-04-18 23:00:00.490  2278-2278  1DAL_MVP                com.onedal.app                       D  🚦 [ROADMAP 23:00:00.490] [📱앱] 버튼 터치 완료 (가로채기 성공) X:149.0, Y:1179.0
2026-04-18 23:00:00.608  2278-2278  1DAL_MVP                com.onedal.app                       D  -------------------------------
2026-04-18 23:00:00.609  2278-2278  1DAL_MVP                com.onedal.app                       D  🚦 [ROADMAP 23:00:00.609] [📱앱] [POPUP_MEMO] 📡 화면 변경 감지 | 모드: AUTO
2026-04-18 23:00:00.609  2278-2278  1DAL_MVP                com.onedal.app                       D  📝 적요 스크래핑 성공! 닫기 버튼 누름
2026-04-18 23:00:00.609  2278-2278  1DAL_MVP                com.onedal.app                       I  📋 [SEQ 81-82] 적요상세 추출 완료 → 닫기
2026-04-18 23:00:00.609  2278-2278  1DAL_MVP                com.onedal.app                       D  🚦 [ROADMAP 23:00:00.609] [📱앱] [POPUP_MEMO] 적요상세페이지에서 '젹요 내용' 추출 및 저장 후 닫기 클릭
2026-04-18 23:00:00.612  2278-2278  1DAL_MVP                com.onedal.app                       D  🚦 [ROADMAP 23:00:00.611] [📱앱] '닫기' 버튼 인식 ➡️ 클릭 시도
2026-04-18 23:00:00.663  2278-2278  1DAL_TOUCH              com.onedal.app                       D  ✅ [가로채기 성공!] 화면 좌표 (X:540.0, Y:2264.0) 터치 완료!
2026-04-18 23:00:00.664  2278-2278  1DAL_MVP                com.onedal.app                       D  🚦 [ROADMAP 23:00:00.664] [📱앱] 버튼 터치 완료 (가로채기 성공) X:540.0, Y:2264.0
2026-04-18 23:00:00.718  2278-2278  1DAL_MVP                com.onedal.app                       D  -------------------------------
2026-04-18 23:00:00.718  2278-2278  1DAL_MVP                com.onedal.app                       D  🚦 [ROADMAP 23:00:00.718] [📱앱] [DETAIL_CONFIRMED] 📡 화면 변경 감지 | 모드: AUTO
2026-04-18 23:00:00.719  2278-2278  1DAL_MVP                com.onedal.app                       D  🚦 [ROADMAP 23:00:00.718] [📱앱] [DETAIL_CONFIRMED] 확정페이지 진입
2026-04-18 23:00:00.719  2278-2278  1DAL_MVP                com.onedal.app                       D  🏄‍♂️ [자동 팝업 서핑] 적요 정보 확인 완료. 출발지 정보 확인을 위해 자동 클릭 시도
2026-04-18 23:00:00.720  2278-2278  1DAL_MVP                com.onedal.app                       D  🚦 [ROADMAP 23:00:00.720] [📱앱] [DETAIL_CONFIRMED] 확정페이지에서 '출발지' 추출 후 클릭
2026-04-18 23:00:00.723  2278-2278  1DAL_MVP                com.onedal.app                       D  🚦 [ROADMAP 23:00:00.722] [📱앱] '출발지' 버튼 인식 ➡️ 클릭 시도
2026-04-18 23:00:00.775  2278-2278  1DAL_TOUCH              com.onedal.app                       D  ✅ [가로채기 성공!] 화면 좌표 (X:539.0, Y:1592.0) 터치 완료!
2026-04-18 23:00:00.776  2278-2278  1DAL_MVP                com.onedal.app                       D  🚦 [ROADMAP 23:00:00.776] [📱앱] 버튼 터치 완료 (가로채기 성공) X:539.0, Y:1592.0
2026-04-18 23:00:00.839  2278-2278  1DAL_MVP                com.onedal.app                       D  -------------------------------
2026-04-18 23:00:00.839  2278-2278  1DAL_MVP                com.onedal.app                       D  🚦 [ROADMAP 23:00:00.839] [📱앱] [POPUP_PICKUP] 📡 화면 변경 감지 | 모드: AUTO
2026-04-18 23:00:00.840  2278-2278  1DAL_MVP                com.onedal.app                       D  📝 출발지 스크래핑 성공! 닫기 버튼 누름
2026-04-18 23:00:00.840  2278-2278  1DAL_MVP                com.onedal.app                       D  🚦 [ROADMAP 23:00:00.840] [📱앱] [POPUP_PICKUP] 출발지페이지 text중 '전화, 위치' 추출 및 저장 후 닫기 클릭
2026-04-18 23:00:00.841  2278-2278  1DAL_MVP                com.onedal.app                       D  🚦 [ROADMAP 23:00:00.841] [📱앱] '닫기' 버튼 인식 ➡️ 클릭 시도
2026-04-18 23:00:00.894  2278-2278  1DAL_TOUCH              com.onedal.app                       D  ✅ [가로채기 성공!] 화면 좌표 (X:136.0, Y:2264.0) 터치 완료!
2026-04-18 23:00:00.895  2278-2278  1DAL_MVP                com.onedal.app                       D  🚦 [ROADMAP 23:00:00.894] [📱앱] 버튼 터치 완료 (가로채기 성공) X:136.0, Y:2264.0
2026-04-18 23:00:00.948  2278-2278  1DAL_MVP                com.onedal.app                       D  -------------------------------
2026-04-18 23:00:00.948  2278-2278  1DAL_MVP                com.onedal.app                       D  🚦 [ROADMAP 23:00:00.948] [📱앱] [DETAIL_CONFIRMED] 📡 화면 변경 감지 | 모드: AUTO
2026-04-18 23:00:00.948  2278-2278  1DAL_MVP                com.onedal.app                       D  🚦 [ROADMAP 23:00:00.948] [📱앱] [DETAIL_CONFIRMED] 확정페이지 진입
2026-04-18 23:00:00.948  2278-2278  1DAL_MVP                com.onedal.app                       D  🏄‍♂️ [자동 팝업 서핑] 출발지 확인 완료. 도착지 정보 확인을 위해 자동 클릭 시도
2026-04-18 23:00:00.949  2278-2278  1DAL_MVP                com.onedal.app                       D  🚦 [ROADMAP 23:00:00.948] [📱앱] [DETAIL_CONFIRMED] 확정페이지에서 '도착지' 추출 후 클릭
2026-04-18 23:00:00.949  2278-2278  1DAL_MVP                com.onedal.app                       D  🚦 [ROADMAP 23:00:00.949] [📱앱] '도착지' 버튼 인식 ➡️ 클릭 시도
2026-04-18 23:00:01.001  2278-2278  1DAL_TOUCH              com.onedal.app                       D  ✅ [가로채기 성공!] 화면 좌표 (X:539.0, Y:1742.0) 터치 완료!
2026-04-18 23:00:01.002  2278-2278  1DAL_MVP                com.onedal.app                       D  🚦 [ROADMAP 23:00:01.001] [📱앱] 버튼 터치 완료 (가로채기 성공) X:539.0, Y:1742.0
2026-04-18 23:00:01.065  2278-2278  1DAL_MVP                com.onedal.app                       D  -------------------------------
2026-04-18 23:00:01.065  2278-2278  1DAL_MVP                com.onedal.app                       D  🚦 [ROADMAP 23:00:01.065] [📱앱] [POPUP_DROPOFF] 📡 화면 변경 감지 | 모드: AUTO
2026-04-18 23:00:01.065  2278-2278  1DAL_MVP                com.onedal.app                       D  📝 도착지 스크래핑 성공! 닫기 누름 및 전체 내용 /detail 로 발송
2026-04-18 23:00:01.065  2278-2278  1DAL_MVP                com.onedal.app                       D  🚦 [ROADMAP 23:00:01.065] [📱앱] [POPUP_DROPOFF] 도착지페이지 text중 '전화, 위치' 추출 및 저장 후 닫기 클릭
2026-04-18 23:00:01.066  2278-2278  1DAL_MVP                com.onedal.app                       D  🚦 [ROADMAP 23:00:01.066] [📱앱] '닫기' 버튼 인식 ➡️ 클릭 시도
2026-04-18 23:00:01.067  2278-2278  1DAL_MVP                com.onedal.app                       D  🚦 [ROADMAP 23:00:01.067] [📱앱] [POPUP_DROPOFF] 확정페이지 진입
2026-04-18 23:00:01.069  2278-2278  1DAL_MVP                com.onedal.app                       W  ⏳ 데스밸리 타이머 시작: 30초 대기...
2026-04-18 23:00:01.070  2278-2278  1DAL_MVP                com.onedal.app                       D  🌐 [post /detail request] AUTO 모드 판결 요청 텍스트: rep_map 고양퀵서비스-031-932-7722 전표 상태 : 신규 물품 : 소형 가전 차량 : 다 탁송료 : 수수료 : 23% 요금 : 85,000(신용) 구분 : 편도 형태 : 보통 적요상세 *카고 입니다. 세금계산서필 09:49 상차. 마스크 카톤 소형 가전 명...
2026-04-18 23:00:01.136  2278-2278  1DAL_TOUCH              com.onedal.app                       D  ✅ [가로채기 성공!] 화면 좌표 (X:136.0, Y:2264.0) 터치 완료!
2026-04-18 23:00:01.136  2278-2278  1DAL_MVP                com.onedal.app                       D  🚦 [ROADMAP 23:00:01.136] [📱앱] 버튼 터치 완료 (가로채기 성공) X:136.0, Y:2264.0
2026-04-18 23:00:06.399  2278-4009  1DAL_API                com.onedal.app                       D  🌐 [post /detail response / 200] {"deviceId":"server","action":"KEEP"}
2026-04-18 23:00:06.404  2278-4009  1DAL_MVP                com.onedal.app                       D  🚦 [ROADMAP 23:00:06.403] [📱앱] [HTTP 폴링] 응답 /orders/detail 유지 정보 전송
2026-04-18 23:00:06.404  2278-4009  1DAL_MVP                com.onedal.app                       D  🔄 서버 판결 도착: ID=6a659a41-279d-4d11-b125-717c41e3564c, ACTION=KEEP
2026-04-18 23:00:06.404  2278-4009  1DAL_MVP                com.onedal.app                       D  ⚡ 판결 집행: 행동=KEEP, 누를버튼=닫기 (버튼클릭을 시작합니다), 500ms 지연
2026-04-18 23:00:06.914  2278-2278  1DAL_MVP                com.onedal.app                       D  🚦 [ROADMAP 23:00:06.914] [📱앱] '닫기' 버튼 인식 ➡️ 클릭 시도
2026-04-18 23:00:06.919  2278-2278  1DAL_MVP                com.onedal.app                       D  🚦 [ROADMAP 23:00:06.918] [📱앱] [POPUP_DROPOFF] '닫기' 클릭 후 리스트 페이지 복귀 (유지)
2026-04-18 23:00:06.919  2278-2278  1DAL_MVP                com.onedal.app                       D  🎉 행동 완료! 타겟($targetBtnStr) 명중.
2026-04-18 23:00:06.971  2278-2278  1DAL_TOUCH              com.onedal.app                       D  ✅ [가로채기 성공!] 화면 좌표 (X:122.0, Y:2251.0) 터치 완료!
2026-04-18 23:00:06.971  2278-2278  1DAL_MVP                com.onedal.app                       D  🚦 [ROADMAP 23:00:06.971] [📱앱] 버튼 터치 완료 (가로채기 성공) X:122.0, Y:2251.0
2026-04-18 23:00:07.129  2278-2278  1DAL_MVP                com.onedal.app                       D  -------------------------------
2026-04-18 23:00:07.129  2278-2278  1DAL_MVP                com.onedal.app                       D  🚦 [ROADMAP 23:00:07.129] [📱앱] [LIST] 📡 화면 변경 감지 | 모드: AUTO
2026-04-18 23:00:07.133  2278-2278  1DAL_PARSER             com.onedal.app                       D  🔍 [1차 리스트 필터] 도착지=곤지암읍, 결과=true
2026-04-18 23:00:07.133  2278-2278  1DAL_MVP                com.onedal.app                       D  🚦 [ROADMAP 23:00:07.133] [📱앱] [LIST] 🔍 [타겟 콜 필터 결과] 차종(라)=✅ 도착지(0중 곤지암읍)=✅ 요금(0 <= 30000)=✅ 상차지/거리(999 >= 0.2km)=✅ 블랙()=✅
2026-04-18 23:00:07.134  2278-2278  1DAL_MVP                com.onedal.app                       D  🚦 [ROADMAP 23:00:07.134] [📱앱] [LIST] AccessibilityService로 바뀐 리스트 감지 후 text 추출
2026-04-18 23:00:07.134  2278-2278  1DAL_MVP                com.onedal.app                       D  💥 [AUTO] 꿀콜 조건 통과! 대상 콜 강제 터치 진행!
2026-04-18 23:00:07.134  2278-2278  1DAL_MVP                com.onedal.app                       D  📝 [AUTO] 2차 검증 반송(취소)에 대비해 해당 콜 지문 선(先)기록 완료 (해시: -1309409360)
2026-04-18 23:00:07.135  2278-2278  1DAL_MVP                com.onedal.app                       D  🚦 [ROADMAP 23:00:07.134] [📱앱] [LIST] 리스트에서 바뀐 text 감지 후 text 추출
2026-04-18 23:00:07.136  2278-2278  1DAL_MVP                com.onedal.app                       D  🚦 [ROADMAP 23:00:07.136] [📱앱] [LIST] [인성 Socket] 인성콜에 선택된 콜 정보 전달 (꿀콜 클릭!)
2026-04-18 23:00:07.188  2278-2278  1DAL_TOUCH              com.onedal.app                       D  ✅ [가로채기 성공!] 화면 좌표 (X:917.0, Y:568.0) 터치 완료!
2026-04-18 23:00:07.188  2278-2278  1DAL_MVP                com.onedal.app                       D  🚦 [ROADMAP 23:00:07.188] [📱앱] 버튼 터치 완료 (가로채기 성공) X:917.0, Y:568.0
2026-04-18 23:00:07.322  2278-2278  1DAL_MVP                com.onedal.app                       D  -------------------------------
2026-04-18 23:00:07.322  2278-2278  1DAL_MVP                com.onedal.app                       D  🚦 [ROADMAP 23:00:07.322] [📱앱] [DETAIL_PRE_CONFIRM] 📡 화면 변경 감지 | 모드: AUTO
2026-04-18 23:00:07.322  2278-2278  1DAL_MVP                com.onedal.app                       D  🚦 [ROADMAP 23:00:07.322] [📱앱] [DETAIL_PRE_CONFIRM] 상세페이지 진입
2026-04-18 23:00:07.326  2278-2278  1DAL_MVP                com.onedal.app                       D  🚦 [ROADMAP 23:00:07.326] [📱앱] [DETAIL_PRE_CONFIRM] 상세페이지 데이터(확정,적요상세,출발지,도착지) 추출
2026-04-18 23:00:07.326  2278-2278  1DAL_MVP                com.onedal.app                       D  🚦 [ROADMAP 23:00:07.326] [📱앱] [DETAIL_PRE_CONFIRM] 추출된 데이터로 한번더 필터링
2026-04-18 23:00:07.326  2278-2278  1DAL_MVP                com.onedal.app                       D  🚦 [ROADMAP 23:00:07.326] [📱앱] [LIST] 🔍 [타겟 콜 필터 결과] 차종(라)=✅ 도착지(0중 곤지암읍)=✅ 요금(0 <= 30000)=✅ 상차지/거리(999 >= 0.2km)=✅ 블랙()=✅
2026-04-18 23:00:07.326  2278-2278  1DAL_MVP                com.onedal.app                       D  📤 [post /confirm request] 서버 전송 내용 -> 모드: AUTO | 텍스트: rep_map 고양퀵서비스-031-932-7722 전표 상태 : 신규 물품 : 쇼핑백 2개 차량 : 라 탁송료 : 수수료 : 23% 요금 : 30,000(카드) 구분 : 편도 형태 : 보통 적요상세 *카고 입니다. 세금계산서필 12:05 상차. 마스크 카톤 쇼핑백 2개...
2026-04-18 23:00:07.326  2278-2278  1DAL_MVP                com.onedal.app                       D  🚀 [AUTO] 확정 버튼 광클 (배차 시도)
2026-04-18 23:00:07.326  2278-2278  1DAL_MVP                com.onedal.app                       D  🚦 [ROADMAP 23:00:07.326] [📱앱] [DETAIL_PRE_CONFIRM] 상세페이지에서 '확정' 추출 후 클릭
2026-04-18 23:00:07.327  2278-2278  1DAL_MVP                com.onedal.app                       D  🚦 [ROADMAP 23:00:07.327] [📱앱] [DETAIL_PRE_CONFIRM] [인성 Socket] 콜 확정 완료
2026-04-18 23:00:07.327  2278-2278  1DAL_MVP                com.onedal.app                       D  🚦 [ROADMAP 23:00:07.327] [📱앱] '확정' 버튼 인식 ➡️ 클릭 시도
2026-04-18 23:00:07.332  2278-4009  1DAL_API                com.onedal.app                       D  🌐 [post /confirm response / 200] {"success":true,"message":"1차 수신 완료. 상세 페이지 내용을 긁어서 POST /api/orders/detail 로 보내주세요."}
2026-04-18 23:00:07.332  2278-4009  1DAL_MVP                com.onedal.app                       D  🚦 [ROADMAP 23:00:07.332] [📱앱] [HTTP 폴링] 응답 /orders/confirm
2026-04-18 23:00:07.380  2278-2278  1DAL_TOUCH              com.onedal.app                       D  ✅ [가로채기 성공!] 화면 좌표 (X:161.0, Y:2251.0) 터치 완료!
2026-04-18 23:00:07.382  2278-2278  1DAL_MVP                com.onedal.app                       D  🚦 [ROADMAP 23:00:07.381] [📱앱] 버튼 터치 완료 (가로채기 성공) X:161.0, Y:2251.0
2026-04-18 23:00:07.530  2278-2278  1DAL_MVP                com.onedal.app                       D  -------------------------------
2026-04-18 23:00:07.531  2278-2278  1DAL_MVP                com.onedal.app                       D  🚦 [ROADMAP 23:00:07.530] [📱앱] [DETAIL_CONFIRMED] 📡 화면 변경 감지 | 모드: AUTO
2026-04-18 23:00:07.531  2278-2278  1DAL_MVP                com.onedal.app                       D  🚦 [ROADMAP 23:00:07.531] [📱앱] [DETAIL_CONFIRMED] 확정페이지 진입
2026-04-18 23:00:07.531  2278-2278  1DAL_MVP                com.onedal.app                       D  🏄‍♂️ [자동 팝업 서핑] 확정 화면 진입 확인! 적요상세 팝업 호출 시도
2026-04-18 23:00:07.532  2278-2278  1DAL_MVP                com.onedal.app                       D  🚦 [ROADMAP 23:00:07.531] [📱앱] '적요상세' 버튼 인식 ➡️ 클릭 시도
2026-04-18 23:00:07.533  2278-2278  1DAL_MVP                com.onedal.app                       D  🚦 [ROADMAP 23:00:07.533] [📱앱] [DETAIL_CONFIRMED] 확정페이지에서 '적요상세' 추출 후 클릭
2026-04-18 23:00:07.533  2278-2278  1DAL_MVP                com.onedal.app                       I  📋 [SEQ 81] 적요상세 버튼 클릭 → 적요 정보 요청
2026-04-18 23:00:07.583  2278-2278  1DAL_TOUCH              com.onedal.app                       D  ✅ [가로채기 성공!] 화면 좌표 (X:149.0, Y:1153.0) 터치 완료!
2026-04-18 23:00:07.583  2278-2278  1DAL_MVP                com.onedal.app                       D  🚦 [ROADMAP 23:00:07.583] [📱앱] 버튼 터치 완료 (가로채기 성공) X:149.0, Y:1153.0
2026-04-18 23:00:07.700  2278-2278  1DAL_MVP                com.onedal.app                       D  -------------------------------
2026-04-18 23:00:07.700  2278-2278  1DAL_MVP                com.onedal.app                       D  🚦 [ROADMAP 23:00:07.700] [📱앱] [POPUP_MEMO] 📡 화면 변경 감지 | 모드: AUTO
2026-04-18 23:00:07.700  2278-2278  1DAL_MVP                com.onedal.app                       D  📝 적요 스크래핑 성공! 닫기 버튼 누름
2026-04-18 23:00:07.700  2278-2278  1DAL_MVP                com.onedal.app                       I  📋 [SEQ 81-82] 적요상세 추출 완료 → 닫기
2026-04-18 23:00:07.700  2278-2278  1DAL_MVP                com.onedal.app                       D  🚦 [ROADMAP 23:00:07.700] [📱앱] [POPUP_MEMO] 적요상세페이지에서 '젹요 내용' 추출 및 저장 후 닫기 클릭
2026-04-18 23:00:07.701  2278-2278  1DAL_MVP                com.onedal.app                       D  🚦 [ROADMAP 23:00:07.701] [📱앱] '닫기' 버튼 인식 ➡️ 클릭 시도
2026-04-18 23:00:07.752  2278-2278  1DAL_TOUCH              com.onedal.app                       D  ✅ [가로채기 성공!] 화면 좌표 (X:540.0, Y:2264.0) 터치 완료!
2026-04-18 23:00:07.753  2278-2278  1DAL_MVP                com.onedal.app                       D  🚦 [ROADMAP 23:00:07.753] [📱앱] 버튼 터치 완료 (가로채기 성공) X:540.0, Y:2264.0
2026-04-18 23:00:07.822  2278-2278  1DAL_MVP                com.onedal.app                       D  -------------------------------
2026-04-18 23:00:07.823  2278-2278  1DAL_MVP                com.onedal.app                       D  🚦 [ROADMAP 23:00:07.822] [📱앱] [DETAIL_CONFIRMED] 📡 화면 변경 감지 | 모드: AUTO
2026-04-18 23:00:07.823  2278-2278  1DAL_MVP                com.onedal.app                       D  🚦 [ROADMAP 23:00:07.823] [📱앱] [DETAIL_CONFIRMED] 확정페이지 진입
2026-04-18 23:00:07.823  2278-2278  1DAL_MVP                com.onedal.app                       D  🏄‍♂️ [자동 팝업 서핑] 적요 정보 확인 완료. 출발지 정보 확인을 위해 자동 클릭 시도
2026-04-18 23:00:07.823  2278-2278  1DAL_MVP                com.onedal.app                       D  🚦 [ROADMAP 23:00:07.823] [📱앱] [DETAIL_CONFIRMED] 확정페이지에서 '출발지' 추출 후 클릭
2026-04-18 23:00:07.823  2278-2278  1DAL_MVP                com.onedal.app                       D  🚦 [ROADMAP 23:00:07.823] [📱앱] '출발지' 버튼 인식 ➡️ 클릭 시도
2026-04-18 23:00:07.875  2278-2278  1DAL_TOUCH              com.onedal.app                       D  ✅ [가로채기 성공!] 화면 좌표 (X:539.0, Y:1592.0) 터치 완료!
2026-04-18 23:00:07.876  2278-2278  1DAL_MVP                com.onedal.app                       D  🚦 [ROADMAP 23:00:07.875] [📱앱] 버튼 터치 완료 (가로채기 성공) X:539.0, Y:1592.0
2026-04-18 23:00:07.933  2278-2278  1DAL_MVP                com.onedal.app                       D  -------------------------------
2026-04-18 23:00:07.934  2278-2278  1DAL_MVP                com.onedal.app                       D  🚦 [ROADMAP 23:00:07.934] [📱앱] [POPUP_PICKUP] 📡 화면 변경 감지 | 모드: AUTO
2026-04-18 23:00:07.934  2278-2278  1DAL_MVP                com.onedal.app                       D  📝 출발지 스크래핑 성공! 닫기 버튼 누름
2026-04-18 23:00:07.934  2278-2278  1DAL_MVP                com.onedal.app                       D  🚦 [ROADMAP 23:00:07.934] [📱앱] [POPUP_PICKUP] 출발지페이지 text중 '전화, 위치' 추출 및 저장 후 닫기 클릭
2026-04-18 23:00:07.935  2278-2278  1DAL_MVP                com.onedal.app                       D  🚦 [ROADMAP 23:00:07.935] [📱앱] '닫기' 버튼 인식 ➡️ 클릭 시도
2026-04-18 23:00:07.987  2278-2278  1DAL_TOUCH              com.onedal.app                       D  ✅ [가로채기 성공!] 화면 좌표 (X:136.0, Y:2264.0) 터치 완료!
2026-04-18 23:00:07.988  2278-2278  1DAL_MVP                com.onedal.app                       D  🚦 [ROADMAP 23:00:07.987] [📱앱] 버튼 터치 완료 (가로채기 성공) X:136.0, Y:2264.0
2026-04-18 23:00:08.010  2278-2278  1DAL_MVP                com.onedal.app                       D  -------------------------------
2026-04-18 23:00:08.011  2278-2278  1DAL_MVP                com.onedal.app                       D  🚦 [ROADMAP 23:00:08.010] [📱앱] [DETAIL_CONFIRMED] 📡 화면 변경 감지 | 모드: AUTO
2026-04-18 23:00:08.013  2278-2278  1DAL_MVP                com.onedal.app                       D  🚦 [ROADMAP 23:00:08.013] [📱앱] [DETAIL_CONFIRMED] 확정페이지 진입
2026-04-18 23:00:08.014  2278-2278  1DAL_MVP                com.onedal.app                       D  🏄‍♂️ [자동 팝업 서핑] 출발지 확인 완료. 도착지 정보 확인을 위해 자동 클릭 시도
2026-04-18 23:00:08.014  2278-2278  1DAL_MVP                com.onedal.app                       D  🚦 [ROADMAP 23:00:08.014] [📱앱] [DETAIL_CONFIRMED] 확정페이지에서 '도착지' 추출 후 클릭
2026-04-18 23:00:08.015  2278-2278  1DAL_MVP                com.onedal.app                       D  🚦 [ROADMAP 23:00:08.015] [📱앱] '도착지' 버튼 인식 ➡️ 클릭 시도
2026-04-18 23:00:08.068  2278-2278  1DAL_TOUCH              com.onedal.app                       D  ✅ [가로채기 성공!] 화면 좌표 (X:539.0, Y:1742.0) 터치 완료!
2026-04-18 23:00:08.069  2278-2278  1DAL_MVP                com.onedal.app                       D  🚦 [ROADMAP 23:00:08.068] [📱앱] 버튼 터치 완료 (가로채기 성공) X:539.0, Y:1742.0
2026-04-18 23:00:08.129  2278-2278  1DAL_MVP                com.onedal.app                       D  -------------------------------
2026-04-18 23:00:08.130  2278-2278  1DAL_MVP                com.onedal.app                       D  🚦 [ROADMAP 23:00:08.129] [📱앱] [POPUP_DROPOFF] 📡 화면 변경 감지 | 모드: AUTO
2026-04-18 23:00:08.130  2278-2278  1DAL_MVP                com.onedal.app                       D  📝 도착지 스크래핑 성공! 닫기 누름 및 전체 내용 /detail 로 발송
2026-04-18 23:00:08.130  2278-2278  1DAL_MVP                com.onedal.app                       D  🚦 [ROADMAP 23:00:08.130] [📱앱] [POPUP_DROPOFF] 도착지페이지 text중 '전화, 위치' 추출 및 저장 후 닫기 클릭
2026-04-18 23:00:08.130  2278-2278  1DAL_MVP                com.onedal.app                       D  🚦 [ROADMAP 23:00:08.130] [📱앱] '닫기' 버튼 인식 ➡️ 클릭 시도
2026-04-18 23:00:08.131  2278-2278  1DAL_MVP                com.onedal.app                       D  🚦 [ROADMAP 23:00:08.131] [📱앱] [POPUP_DROPOFF] 확정페이지 진입
2026-04-18 23:00:08.132  2278-2278  1DAL_MVP                com.onedal.app                       W  ⏳ 데스밸리 타이머 시작: 30초 대기...
2026-04-18 23:00:08.132  2278-2278  1DAL_MVP                com.onedal.app                       D  🌐 [post /detail request] AUTO 모드 판결 요청 텍스트: rep_map 고양퀵서비스-031-932-7722 전표 상태 : 신규 물품 : 쇼핑백 2개 취소 차량 : 라 탁송료 : 0 수수료 : 23% 요금 : 30,000(카드) 구분 : 편도 형태 : 보통 적요상세 인수증 전송 *카고 입니다. 세금계산서필 12:05 상차. 마...
2026-04-18 23:00:08.182  2278-2278  1DAL_MVP                com.onedal.app                       D  🚦 [ROADMAP 23:00:08.182] [📱앱] [POPUP_DROPOFF] [post /api/scrap request] ⏱️ 타이머 생존신고 발송  deviceId: 앱폰-sdk_gpho-160, (건수: 0)
2026-04-18 23:00:08.183  2278-2278  1DAL_TOUCH              com.onedal.app                       D  ✅ [가로채기 성공!] 화면 좌표 (X:136.0, Y:2264.0) 터치 완료!
2026-04-18 23:00:08.183  2278-2278  1DAL_MVP                com.onedal.app                       D  🚦 [ROADMAP 23:00:08.183] [📱앱] 버튼 터치 완료 (가로채기 성공) X:136.0, Y:2264.0
2026-04-18 23:00:08.222  2278-3762  1DAL_MVP                com.onedal.app                       D  🚦 [ROADMAP 23:00:08.221] [📱앱] [POPUP_DROPOFF] [post /api/scrap response] deviceId: 앱폰-sdk_gpho-160, (건수: 0)
2026-04-18 23:00:08.230  2278-3762  1DAL_API                com.onedal.app                       D  📋 [필터 동기화 (서버→앱) 적용됨] 맵핑된 필터 전체 스키마:
                                                                                                    FilterConfig(allowedVehicleTypes=[다마스, 라보, 오토바이], isActive=false, isSharedMode=true, pickupRadiusKm=999, minFare=0, maxFare=1000000, destinationCity=, destinationRadiusKm=10, excludedKeywords=[], destinationKeywords=[], customCityFilters=[], destinationGroups={}, customFilters=[])
2026-04-18 23:00:08.231  2278-3762  1DAL_TELEMETRY          com.onedal.app                       D  📥 [서버 수신] ⏱️ 타이머 생존신고 완료 (수신된 모드: AUTO)
2026-04-18 23:00:18.260  2278-4009  1DAL_API                com.onedal.app                       D  🌐 [post /detail response / 200] {"deviceId":"server","action":"KEEP"}
2026-04-18 23:00:18.272  2278-4009  1DAL_MVP                com.onedal.app                       D  🚦 [ROADMAP 23:00:18.267] [📱앱] [HTTP 폴링] 응답 /orders/detail 유지 정보 전송
2026-04-18 23:00:18.273  2278-4009  1DAL_MVP                com.onedal.app                       D  🔄 서버 판결 도착: ID=af730879-c77b-4035-a49a-dd7e6acbb1e1, ACTION=KEEP
2026-04-18 23:00:18.273  2278-4009  1DAL_MVP                com.onedal.app                       D  ⚡ 판결 집행: 행동=KEEP, 누를버튼=닫기 (버튼클릭을 시작합니다), 500ms 지연
2026-04-18 23:00:18.784  2278-2278  1DAL_MVP                com.onedal.app                       D  🚦 [ROADMAP 23:00:18.783] [📱앱] '닫기' 버튼 인식 ➡️ 클릭 시도
2026-04-18 23:00:18.787  2278-2278  1DAL_MVP                com.onedal.app                       D  🚦 [ROADMAP 23:00:18.786] [📱앱] [POPUP_DROPOFF] '닫기' 클릭 후 리스트 페이지 복귀 (유지)
2026-04-18 23:00:18.788  2278-2278  1DAL_MVP                com.onedal.app                       D  🎉 행동 완료! 타겟($targetBtnStr) 명중.
2026-04-18 23:00:18.838  2278-2278  1DAL_TOUCH              com.onedal.app                       D  ✅ [가로채기 성공!] 화면 좌표 (X:122.0, Y:2251.0) 터치 완료!
2026-04-18 23:00:18.839  2278-2278  1DAL_MVP                com.onedal.app                       D  🚦 [ROADMAP 23:00:18.838] [📱앱] 버튼 터치 완료 (가로채기 성공) X:122.0, Y:2251.0
2026-04-18 23:00:19.016  2278-2278  1DAL_MVP                com.onedal.app                       D  -------------------------------
2026-04-18 23:00:19.016  2278-2278  1DAL_MVP                com.onedal.app                       D  🚦 [ROADMAP 23:00:19.016] [📱앱] [LIST] 📡 화면 변경 감지 | 모드: AUTO
2026-04-18 23:00:19.018  2278-2278  1DAL_PARSER             com.onedal.app                       D  🔍 [1차 리스트 필터] 도착지=고덕동, 결과=true
2026-04-18 23:00:19.019  2278-2278  1DAL_MVP                com.onedal.app                       D  🚦 [ROADMAP 23:00:19.019] [📱앱] [LIST] 🔍 [타겟 콜 필터 결과] 차종(1t)=❌ 도착지(0중 고덕동)=✅ 요금(0 <= 79000)=✅ 상차지/거리(999 >= 0.2km)=✅ 블랙()=✅
2026-04-18 23:00:19.020  2278-2278  1DAL_PARSER             com.onedal.app                       D  🔍 [1차 리스트 필터] 도착지=문발동, 결과=true
2026-04-18 23:00:19.021  2278-2278  1DAL_MVP                com.onedal.app                       D  🚦 [ROADMAP 23:00:19.021] [📱앱] [LIST] 🔍 [타겟 콜 필터 결과] 차종(다)=✅ 도착지(0중 문발동)=✅ 요금(0 <= 101000)=✅ 상차지/거리(999 >= 0.2km)=✅ 블랙()=✅
2026-04-18 23:00:19.021  2278-2278  1DAL_MVP                com.onedal.app                       D  🚦 [ROADMAP 23:00:19.021] [📱앱] [LIST] AccessibilityService로 바뀐 리스트 감지 후 text 추출
2026-04-18 23:00:19.021  2278-2278  1DAL_MVP                com.onedal.app                       D  💥 [AUTO] 꿀콜 조건 통과! 대상 콜 강제 터치 진행!
2026-04-18 23:00:19.021  2278-2278  1DAL_MVP                com.onedal.app                       D  📝 [AUTO] 2차 검증 반송(취소)에 대비해 해당 콜 지문 선(先)기록 완료 (해시: -1576041883)
2026-04-18 23:00:19.021  2278-2278  1DAL_MVP                com.onedal.app                       D  🚦 [ROADMAP 23:00:19.021] [📱앱] [LIST] 리스트에서 바뀐 text 감지 후 text 추출
2026-04-18 23:00:19.023  2278-2278  1DAL_MVP                com.onedal.app                       D  🚦 [ROADMAP 23:00:19.022] [📱앱] [LIST] [인성 Socket] 인성콜에 선택된 콜 정보 전달 (꿀콜 클릭!)
2026-04-18 23:00:19.073  2278-2278  1DAL_TOUCH              com.onedal.app                       D  ✅ [가로채기 성공!] 화면 좌표 (X:917.0, Y:664.0) 터치 완료!
2026-04-18 23:00:19.073  2278-2278  1DAL_MVP                com.onedal.app                       D  🚦 [ROADMAP 23:00:19.073] [📱앱] 버튼 터치 완료 (가로채기 성공) X:917.0, Y:664.0
2026-04-18 23:00:19.194  2278-2278  1DAL_MVP                com.onedal.app                       D  -------------------------------
2026-04-18 23:00:19.195  2278-2278  1DAL_MVP                com.onedal.app                       D  🚦 [ROADMAP 23:00:19.195] [📱앱] [DETAIL_PRE_CONFIRM] 📡 화면 변경 감지 | 모드: AUTO
2026-04-18 23:00:19.195  2278-2278  1DAL_MVP                com.onedal.app                       D  🚦 [ROADMAP 23:00:19.195] [📱앱] [DETAIL_PRE_CONFIRM] 상세페이지 진입
2026-04-18 23:00:19.198  2278-2278  1DAL_MVP                com.onedal.app                       D  🚦 [ROADMAP 23:00:19.198] [📱앱] [DETAIL_PRE_CONFIRM] 상세페이지 데이터(확정,적요상세,출발지,도착지) 추출
2026-04-18 23:00:19.198  2278-2278  1DAL_MVP                com.onedal.app                       D  🚦 [ROADMAP 23:00:19.198] [📱앱] [DETAIL_PRE_CONFIRM] 추출된 데이터로 한번더 필터링
2026-04-18 23:00:19.198  2278-2278  1DAL_MVP                com.onedal.app                       D  🚦 [ROADMAP 23:00:19.198] [📱앱] [LIST] 🔍 [타겟 콜 필터 결과] 차종(다)=✅ 도착지(0중 문발동)=✅ 요금(0 <= 101000)=✅ 상차지/거리(999 >= 0.2km)=✅ 블랙()=✅
2026-04-18 23:00:19.198  2278-2278  1DAL_MVP                com.onedal.app                       D  📤 [post /confirm request] 서버 전송 내용 -> 모드: AUTO | 텍스트: rep_map 고양퀵서비스-031-932-7722 전표 상태 : 신규 물품 : 박스 1개 차량 : 다 탁송료 : 수수료 : 23% 요금 : 101,000(착불) 구분 : 편도 형태 : 예약 적요상세 *카고 입니다. 세금계산서필 14:57 상차. 마스크 카톤 박스 1개 ...
2026-04-18 23:00:19.198  2278-2278  1DAL_MVP                com.onedal.app                       D  🚀 [AUTO] 확정 버튼 광클 (배차 시도)
2026-04-18 23:00:19.198  2278-2278  1DAL_MVP                com.onedal.app                       D  🚦 [ROADMAP 23:00:19.198] [📱앱] [DETAIL_PRE_CONFIRM] 상세페이지에서 '확정' 추출 후 클릭
2026-04-18 23:00:19.199  2278-2278  1DAL_MVP                com.onedal.app                       D  🚦 [ROADMAP 23:00:19.198] [📱앱] [DETAIL_PRE_CONFIRM] [인성 Socket] 콜 확정 완료
2026-04-18 23:00:19.199  2278-2278  1DAL_MVP                com.onedal.app                       D  🚦 [ROADMAP 23:00:19.199] [📱앱] '확정' 버튼 인식 ➡️ 클릭 시도
2026-04-18 23:00:19.204  2278-4009  1DAL_API                com.onedal.app                       D  🌐 [post /confirm response / 200] {"success":true,"message":"1차 수신 완료. 상세 페이지 내용을 긁어서 POST /api/orders/detail 로 보내주세요."}
2026-04-18 23:00:19.204  2278-4009  1DAL_MVP                com.onedal.app                       D  🚦 [ROADMAP 23:00:19.204] [📱앱] [HTTP 폴링] 응답 /orders/confirm
2026-04-18 23:00:19.253  2278-2278  1DAL_TOUCH              com.onedal.app                       D  ✅ [가로채기 성공!] 화면 좌표 (X:161.0, Y:2251.0) 터치 완료!
2026-04-18 23:00:19.253  2278-2278  1DAL_MVP                com.onedal.app                       D  🚦 [ROADMAP 23:00:19.253] [📱앱] 버튼 터치 완료 (가로채기 성공) X:161.0, Y:2251.0
2026-04-18 23:00:19.319  2278-2278  1DAL_MVP                com.onedal.app                       D  🚦 [ROADMAP 23:00:19.319] [📱앱] [DETAIL_PRE_CONFIRM] [post /api/scrap request] 👀 화면 변경 감지 발송  deviceId: 앱폰-sdk_gpho-160, (건수: 1)
2026-04-18 23:00:19.328  2278-3762  1DAL_MVP                com.onedal.app                       D  🚦 [ROADMAP 23:00:19.328] [📱앱] [DETAIL_PRE_CONFIRM] [post /api/scrap response] deviceId: 앱폰-sdk_gpho-160, (건수: 1)
2026-04-18 23:00:19.332  2278-3762  1DAL_API                com.onedal.app                       D  📋 [필터 동기화 (서버→앱) 적용됨] 맵핑된 필터 전체 스키마:
2026-04-18 23:00:19.332  2278-3762  1DAL_API                com.onedal.app                       D  FilterConfig(allowedVehicleTypes=[다마스, 라보, 오토바이], isActive=false, isSharedMode=true, pickupRadiusKm=999, minFare=0, maxFare=1000000, destinationCity=, destinationRadiusKm=10, excludedKeywords=[], destinationKeywords=[가능동, 가락동, 가양동, 갈매동, 갈현동, 감북동, 감이동, 감일동, 강매동, 강일동, 강하면, 개화동, 거여동, 경안동, 계동, 고덕동, 고산동, 고양동, 고읍동, 고촌읍, 곤지암읍, 공릉동, 관산동, 광사동, 광암동, 광장동, 광적면, 광탄면, 교문동, 교북동, 교산동, 구기동, 구산동, 구의동, 군자동, 궁정동, 금곡동, 금광동, 금오동, 길동, 길음동, 낙양동, 남가좌동, 남방동, 남종면, 남한산성면, 내곡동, 내유동, 내자동, 녹번동, 녹양동, 누상동, 누하동, 능동, 능평동, 다산동, 단대동, 답십리동, 당정동, 대신동, 대자동, 대장동, 대조동, 대현동, 덕계동, 덕은동, 덕풍동, 도내동, 도농동, 도봉동, 도척면, 도촌동, 돈암동, 동교동, 동산동, 둔촌동, 등촌동, 마곡동, 마두동, 마장동, 마전동, 마천동, 만송동, 망우동, 망원동, 망월동, 매산동, 면목동, 명륜, 명일동, 모현읍, 목동, 목현동, 무악동, 묵동, 문봉동, 문정동, 문형동, 미사동, 미아동, 민락동, 방이동, 방학동, 방화동, 배알미동, 백석동, 백석읍, 번동, 벽제동, 별내동, 별내면, 복정동, 봉원동, 부암동, 북가좌동, 북아현동, 북한동, 분당동, 불광동, 사근동, 사노동, 사리현동, 사직동, 산곡동, 산북동, 산북면, 산성동, 산황동, 삼동, 삼송동, 삼전동, 삼청동, 삼패동, 상계동, 상대원동, 상봉동, 상사창동, 상산곡동, 상암동, 상월곡동, 상일동, 서교동, 서현동, 석관동, 석촌동, 선동, 선유동, 설문동, 성남동, 성내동, 성북동, 성사동, 성산동, 성석동, 성수동, 세곡동, 세종로, 소흘읍, 송정동, 송파동, 수색동, 수서동, 수석동, 수유동, 수진동, 수택동, 식사동, 신곡동, 신교동, 신내동, 신둔면, 신사동, 신영동, 신원동, 신장동, 신천동, 신촌동, 신평동, 신현동, 신흥동, 쌍령동, 쌍문동, 아천동, 안암동, 암사동, 야탑동, 양벌동, 양서면, 양지동, 양지읍, 어둔동, 여수동, 역동, 역촌동, 연남동, 연희동, 염창동, 영천동, 오금동, 오남읍, 옥인동, 와부읍, 용답동, 용두동, 용현동, 우이동, 원당동, 원서동, 원흥동, 월계동, 유양동, 율동, 율현동, 은행동, 응암동, 의정부동, 이매동, 이문동, 이패동, 인창동, 일산동, 일원동, 일패동, 자곡동, 자양동, 자일동, 잠실동, 장안동, 장암동, 장위동, 장지동, 장항동, 장흥면, 전농동, 정릉동, 정발산동, 제기동, 조리읍, 조안면, 종암동, 주교동, 중계동, 중곡동, 중대동, 중동, 중산동, 중앙동, 중화동, 증산동, 지금동, 지영동, 지축동, 직동, 진건읍, 진관동, 진접읍, 창곡동, 창동, 창성동, 창우동, 창천동, 천현동, 천호동, 청량리동, 청운동, 체부동, 초월읍, 초이동, 초일동, 추자동, 춘궁동, 탄벌동, 탄현동, 태전동, 태평동, 토당동, 토평동, 통의동, 통인동, 퇴계원읍, 퇴촌면, 팔판동, 평내동, 평창동, 포곡읍, 풍납동, 풍동, 풍산동, 필운동, 하계동, 하대원동, 하사창동, 하산곡동, 하월곡동, 학암동, 항동, 행신동, 행주내동, 행주외동, 행촌동, 향동동, 현저동, 현천동, 호원동, 호평동, 홍은동, 홍제동, 홍지동, 화양동, 화전동, 화정동, 회기동, 회덕동, 효자동, 휘경동], customCityFilters=[종로구, 종로, 성동구, 성동, 광진구, 광진, 동대문구, 동대문, 중랑구, 중랑, 성북구, 성북, 강북구, 강북, 도봉구, 도봉, 노원구, 노원, 은평구, 은평, 서대문구, 서대문, 마포구, 마포, 강서구, 강서, 강남구, 강남, 송파구, 송파, 강동구, 강동, 
2026-04-18 23:00:19.333  2278-3762  1DAL_TELEMETRY          com.onedal.app                       D  📥 [서버 수신] 👀 화면 변경 감지 완료 (수신된 모드: AUTO)
2026-04-18 23:00:19.374  2278-2278  1DAL_MVP                com.onedal.app                       D  -------------------------------
2026-04-18 23:00:19.375  2278-2278  1DAL_MVP                com.onedal.app                       D  🚦 [ROADMAP 23:00:19.374] [📱앱] [DETAIL_CONFIRMED] 📡 화면 변경 감지 | 모드: AUTO
2026-04-18 23:00:19.375  2278-2278  1DAL_MVP                com.onedal.app                       D  🚦 [ROADMAP 23:00:19.375] [📱앱] [DETAIL_CONFIRMED] 확정페이지 진입
2026-04-18 23:00:19.375  2278-2278  1DAL_MVP                com.onedal.app                       D  🏄‍♂️ [자동 팝업 서핑] 확정 화면 진입 확인! 적요상세 팝업 호출 시도
2026-04-18 23:00:19.375  2278-2278  1DAL_MVP                com.onedal.app                       D  🚦 [ROADMAP 23:00:19.375] [📱앱] '적요상세' 버튼 인식 ➡️ 클릭 시도
2026-04-18 23:00:19.376  2278-2278  1DAL_MVP                com.onedal.app                       D  🚦 [ROADMAP 23:00:19.376] [📱앱] [DETAIL_CONFIRMED] 확정페이지에서 '적요상세' 추출 후 클릭
2026-04-18 23:00:19.376  2278-2278  1DAL_MVP                com.onedal.app                       I  📋 [SEQ 81] 적요상세 버튼 클릭 → 적요 정보 요청
2026-04-18 23:00:19.427  2278-2278  1DAL_TOUCH              com.onedal.app                       D  ✅ [가로채기 성공!] 화면 좌표 (X:149.0, Y:1153.0) 터치 완료!
2026-04-18 23:00:19.427  2278-2278  1DAL_MVP                com.onedal.app                       D  🚦 [ROADMAP 23:00:19.427] [📱앱] 버튼 터치 완료 (가로채기 성공) X:149.0, Y:1153.0
2026-04-18 23:00:19.551  2278-2278  1DAL_MVP                com.onedal.app                       D  -------------------------------
2026-04-18 23:00:19.551  2278-2278  1DAL_MVP                com.onedal.app                       D  🚦 [ROADMAP 23:00:19.551] [📱앱] [POPUP_MEMO] 📡 화면 변경 감지 | 모드: AUTO
2026-04-18 23:00:19.551  2278-2278  1DAL_MVP                com.onedal.app                       D  📝 적요 스크래핑 성공! 닫기 버튼 누름
2026-04-18 23:00:19.551  2278-2278  1DAL_MVP                com.onedal.app                       I  📋 [SEQ 81-82] 적요상세 추출 완료 → 닫기
2026-04-18 23:00:19.551  2278-2278  1DAL_MVP                com.onedal.app                       D  🚦 [ROADMAP 23:00:19.551] [📱앱] [POPUP_MEMO] 적요상세페이지에서 '젹요 내용' 추출 및 저장 후 닫기 클릭
2026-04-18 23:00:19.552  2278-2278  1DAL_MVP                com.onedal.app                       D  🚦 [ROADMAP 23:00:19.552] [📱앱] '닫기' 버튼 인식 ➡️ 클릭 시도
2026-04-18 23:00:19.603  2278-2278  1DAL_TOUCH              com.onedal.app                       D  ✅ [가로채기 성공!] 화면 좌표 (X:540.0, Y:2264.0) 터치 완료!
2026-04-18 23:00:19.604  2278-2278  1DAL_MVP                com.onedal.app                       D  🚦 [ROADMAP 23:00:19.604] [📱앱] 버튼 터치 완료 (가로채기 성공) X:540.0, Y:2264.0
2026-04-18 23:00:19.651  2278-2278  1DAL_MVP                com.onedal.app                       D  -------------------------------
2026-04-18 23:00:19.651  2278-2278  1DAL_MVP                com.onedal.app                       D  🚦 [ROADMAP 23:00:19.651] [📱앱] [DETAIL_CONFIRMED] 📡 화면 변경 감지 | 모드: AUTO
2026-04-18 23:00:19.651  2278-2278  1DAL_MVP                com.onedal.app                       D  🚦 [ROADMAP 23:00:19.651] [📱앱] [DETAIL_CONFIRMED] 확정페이지 진입
2026-04-18 23:00:19.651  2278-2278  1DAL_MVP                com.onedal.app                       D  🏄‍♂️ [자동 팝업 서핑] 적요 정보 확인 완료. 출발지 정보 확인을 위해 자동 클릭 시도
2026-04-18 23:00:19.651  2278-2278  1DAL_MVP                com.onedal.app                       D  🚦 [ROADMAP 23:00:19.651] [📱앱] [DETAIL_CONFIRMED] 확정페이지에서 '출발지' 추출 후 클릭
2026-04-18 23:00:19.652  2278-2278  1DAL_MVP                com.onedal.app                       D  🚦 [ROADMAP 23:00:19.652] [📱앱] '출발지' 버튼 인식 ➡️ 클릭 시도
2026-04-18 23:00:19.703  2278-2278  1DAL_TOUCH              com.onedal.app                       D  ✅ [가로채기 성공!] 화면 좌표 (X:539.0, Y:1592.0) 터치 완료!
2026-04-18 23:00:19.704  2278-2278  1DAL_MVP                com.onedal.app                       D  🚦 [ROADMAP 23:00:19.703] [📱앱] 버튼 터치 완료 (가로채기 성공) X:539.0, Y:1592.0
2026-04-18 23:00:19.765  2278-2278  1DAL_MVP                com.onedal.app                       D  -------------------------------
2026-04-18 23:00:19.765  2278-2278  1DAL_MVP                com.onedal.app                       D  🚦 [ROADMAP 23:00:19.765] [📱앱] [POPUP_PICKUP] 📡 화면 변경 감지 | 모드: AUTO
2026-04-18 23:00:19.765  2278-2278  1DAL_MVP                com.onedal.app                       D  📝 출발지 스크래핑 성공! 닫기 버튼 누름
2026-04-18 23:00:19.765  2278-2278  1DAL_MVP                com.onedal.app                       D  🚦 [ROADMAP 23:00:19.765] [📱앱] [POPUP_PICKUP] 출발지페이지 text중 '전화, 위치' 추출 및 저장 후 닫기 클릭
2026-04-18 23:00:19.766  2278-2278  1DAL_MVP                com.onedal.app                       D  🚦 [ROADMAP 23:00:19.766] [📱앱] '닫기' 버튼 인식 ➡️ 클릭 시도
2026-04-18 23:00:19.817  2278-2278  1DAL_TOUCH              com.onedal.app                       D  ✅ [가로채기 성공!] 화면 좌표 (X:136.0, Y:2264.0) 터치 완료!
2026-04-18 23:00:19.817  2278-2278  1DAL_MVP                com.onedal.app                       D  🚦 [ROADMAP 23:00:19.817] [📱앱] 버튼 터치 완료 (가로채기 성공) X:136.0, Y:2264.0
2026-04-18 23:00:19.853  2278-2278  1DAL_MVP                com.onedal.app                       D  -------------------------------
2026-04-18 23:00:19.853  2278-2278  1DAL_MVP                com.onedal.app                       D  🚦 [ROADMAP 23:00:19.853] [📱앱] [DETAIL_CONFIRMED] 📡 화면 변경 감지 | 모드: AUTO
2026-04-18 23:00:19.853  2278-2278  1DAL_MVP                com.onedal.app                       D  🚦 [ROADMAP 23:00:19.853] [📱앱] [DETAIL_CONFIRMED] 확정페이지 진입
2026-04-18 23:00:19.853  2278-2278  1DAL_MVP                com.onedal.app                       D  🏄‍♂️ [자동 팝업 서핑] 출발지 확인 완료. 도착지 정보 확인을 위해 자동 클릭 시도
2026-04-18 23:00:19.853  2278-2278  1DAL_MVP                com.onedal.app                       D  🚦 [ROADMAP 23:00:19.853] [📱앱] [DETAIL_CONFIRMED] 확정페이지에서 '도착지' 추출 후 클릭
2026-04-18 23:00:19.854  2278-2278  1DAL_MVP                com.onedal.app                       D  🚦 [ROADMAP 23:00:19.854] [📱앱] '도착지' 버튼 인식 ➡️ 클릭 시도
2026-04-18 23:00:19.905  2278-2278  1DAL_TOUCH              com.onedal.app                       D  ✅ [가로채기 성공!] 화면 좌표 (X:539.0, Y:1742.0) 터치 완료!
2026-04-18 23:00:19.906  2278-2278  1DAL_MVP                com.onedal.app                       D  🚦 [ROADMAP 23:00:19.905] [📱앱] 버튼 터치 완료 (가로채기 성공) X:539.0, Y:1742.0
2026-04-18 23:00:19.970  2278-2278  1DAL_MVP                com.onedal.app                       D  -------------------------------
2026-04-18 23:00:19.970  2278-2278  1DAL_MVP                com.onedal.app                       D  🚦 [ROADMAP 23:00:19.970] [📱앱] [POPUP_DROPOFF] 📡 화면 변경 감지 | 모드: AUTO
2026-04-18 23:00:19.970  2278-2278  1DAL_MVP                com.onedal.app                       D  📝 도착지 스크래핑 성공! 닫기 누름 및 전체 내용 /detail 로 발송
2026-04-18 23:00:19.970  2278-2278  1DAL_MVP                com.onedal.app                       D  🚦 [ROADMAP 23:00:19.970] [📱앱] [POPUP_DROPOFF] 도착지페이지 text중 '전화, 위치' 추출 및 저장 후 닫기 클릭
2026-04-18 23:00:19.972  2278-2278  1DAL_MVP                com.onedal.app                       D  🚦 [ROADMAP 23:00:19.972] [📱앱] '닫기' 버튼 인식 ➡️ 클릭 시도
2026-04-18 23:00:19.972  2278-2278  1DAL_MVP                com.onedal.app                       D  🚦 [ROADMAP 23:00:19.972] [📱앱] [POPUP_DROPOFF] 확정페이지 진입
2026-04-18 23:00:19.973  2278-2278  1DAL_MVP                com.onedal.app                       W  ⏳ 데스밸리 타이머 시작: 30초 대기...
2026-04-18 23:00:19.973  2278-2278  1DAL_MVP                com.onedal.app                       D  🌐 [post /detail request] AUTO 모드 판결 요청 텍스트: rep_map 고양퀵서비스-031-932-7722 전표 상태 : 신규 물품 : 박스 1개 취소 차량 : 다 탁송료 : 0 수수료 : 23% 요금 : 101,000(착불) 구분 : 편도 형태 : 예약 적요상세 인수증 전송 *카고 입니다. 세금계산서필 14:57 상차. 마...
2026-04-18 23:00:20.025  2278-2278  1DAL_TOUCH              com.onedal.app                       D  ✅ [가로채기 성공!] 화면 좌표 (X:136.0, Y:2264.0) 터치 완료!
2026-04-18 23:00:20.025  2278-2278  1DAL_MVP                com.onedal.app                       D  🚦 [ROADMAP 23:00:20.025] [📱앱] 버튼 터치 완료 (가로채기 성공) X:136.0, Y:2264.0
2026-04-18 23:00:31.893  2278-4009  1DAL_API                com.onedal.app                       D  🌐 [post /detail response / 200] {"deviceId":"server","action":"KEEP"}
2026-04-18 23:00:31.898  2278-4009  1DAL_MVP                com.onedal.app                       D  🚦 [ROADMAP 23:00:31.896] [📱앱] [HTTP 폴링] 응답 /orders/detail 유지 정보 전송
2026-04-18 23:00:31.898  2278-4009  1DAL_MVP                com.onedal.app                       D  🔄 서버 판결 도착: ID=fd2a13bd-c40e-49ca-b5a2-bd4d41e789c1, ACTION=KEEP
2026-04-18 23:00:31.898  2278-4009  1DAL_MVP                com.onedal.app                       D  ⚡ 판결 집행: 행동=KEEP, 누를버튼=닫기 (버튼클릭을 시작합니다), 500ms 지연
2026-04-18 23:00:32.406  2278-2278  1DAL_MVP                com.onedal.app                       D  🚦 [ROADMAP 23:00:32.405] [📱앱] '닫기' 버튼 인식 ➡️ 클릭 시도
2026-04-18 23:00:32.409  2278-2278  1DAL_MVP                com.onedal.app                       D  🚦 [ROADMAP 23:00:32.408] [📱앱] [POPUP_DROPOFF] '닫기' 클릭 후 리스트 페이지 복귀 (유지)
2026-04-18 23:00:32.409  2278-2278  1DAL_MVP                com.onedal.app                       D  🎉 행동 완료! 타겟($targetBtnStr) 명중.
2026-04-18 23:00:32.460  2278-2278  1DAL_TOUCH              com.onedal.app                       D  ✅ [가로채기 성공!] 화면 좌표 (X:122.0, Y:2251.0) 터치 완료!
2026-04-18 23:00:32.460  2278-2278  1DAL_MVP                com.onedal.app                       D  🚦 [ROADMAP 23:00:32.460] [📱앱] 버튼 터치 완료 (가로채기 성공) X:122.0, Y:2251.0
2026-04-18 23:00:32.638  2278-2278  1DAL_MVP                com.onedal.app                       D  -------------------------------
2026-04-18 23:00:32.638  2278-2278  1DAL_MVP                com.onedal.app                       D  🚦 [ROADMAP 23:00:32.638] [📱앱] [LIST] 📡 화면 변경 감지 | 모드: AUTO
2026-04-18 23:00:32.644  2278-2278  1DAL_PARSER             com.onedal.app                       D  🔍 [1차 리스트 필터] 도착지=강남구, 결과=false
2026-04-18 23:00:32.645  2278-2278  1DAL_MVP                com.onedal.app                       D  🚦 [ROADMAP 23:00:32.644] [📱앱] [LIST] 🔍 [타겟 콜 필터 결과] 차종(1t)=❌ 도착지(315중 강남구)=❌ 요금(0 <= 55000)=✅ 상차지/거리(999 >= 5.1km)=✅ 블랙()=✅
2026-04-18 23:00:32.649  2278-2278  1DAL_PARSER             com.onedal.app                       D  🔍 [1차 리스트 필터] 도착지=강서구, 결과=false
2026-04-18 23:00:32.649  2278-2278  1DAL_MVP                com.onedal.app                       D  🚦 [ROADMAP 23:00:32.649] [📱앱] [LIST] 🔍 [타겟 콜 필터 결과] 차종(라)=✅ 도착지(315중 강서구)=❌ 요금(0 <= 67000)=✅ 상차지/거리(999 >= 5.9km)=✅ 블랙()=✅
2026-04-18 23:00:32.651  2278-2278  1DAL_PARSER             com.onedal.app                       D  🔍 [1차 리스트 필터] 도착지=분당구, 결과=false
2026-04-18 23:00:32.652  2278-2278  1DAL_MVP                com.onedal.app                       D  🚦 [ROADMAP 23:00:32.652] [📱앱] [LIST] 🔍 [타겟 콜 필터 결과] 차종(라)=✅ 도착지(315중 분당구)=❌ 요금(0 <= 30000)=✅ 상차지/거리(999 >= 1.9km)=✅ 블랙()=✅
2026-04-18 23:00:32.655  2278-2278  1DAL_PARSER             com.onedal.app                       D  🔍 [1차 리스트 필터] 도착지=문산읍, 결과=false
2026-04-18 23:00:32.655  2278-2278  1DAL_MVP                com.onedal.app                       D  🚦 [ROADMAP 23:00:32.655] [📱앱] [LIST] 🔍 [타겟 콜 필터 결과] 차종(라)=✅ 도착지(315중 문산읍)=❌ 요금(0 <= 109000)=✅ 상차지/거리(999 >= 1.9km)=✅ 블랙()=✅
2026-04-18 23:00:32.657  2278-2278  1DAL_PARSER             com.onedal.app                       D  🔍 [1차 리스트 필터] 도착지=은평구, 결과=false
2026-04-18 23:00:32.658  2278-2278  1DAL_MVP                com.onedal.app                       D  🚦 [ROADMAP 23:00:32.658] [📱앱] [LIST] 🔍 [타겟 콜 필터 결과] 차종(1t)=❌ 도착지(315중 은평구)=❌ 요금(0 <= 65000)=✅ 상차지/거리(999 >= 0.2km)=✅ 블랙()=✅
2026-04-18 23:00:32.661  2278-2278  1DAL_PARSER             com.onedal.app                       D  🔍 [1차 리스트 필터] 도착지=용산구, 결과=false
2026-04-18 23:00:32.662  2278-2278  1DAL_MVP                com.onedal.app                       D  🚦 [ROADMAP 23:00:32.662] [📱앱] [LIST] 🔍 [타겟 콜 필터 결과] 차종(1t)=❌ 도착지(315중 용산구)=❌ 요금(0 <= 54000)=✅ 상차지/거리(999 >= 5.0km)=✅ 블랙()=✅
2026-04-18 23:00:32.671  2278-2278  1DAL_PARSER             com.onedal.app                       D  🔍 [1차 리스트 필터] 도착지=동대문구, 결과=false
2026-04-18 23:00:32.672  2278-2278  1DAL_MVP                com.onedal.app                       D  🚦 [ROADMAP 23:00:32.671] [📱앱] [LIST] 🔍 [타겟 콜 필터 결과] 차종(1t)=❌ 도착지(315중 동대문구)=❌ 요금(0 <= 50000)=✅ 상차지/거리(999 >= 0.2km)=✅ 블랙()=✅
2026-04-18 23:00:32.975  2278-2278  1DAL_MVP                com.onedal.app                       D  🚦 [ROADMAP 23:00:32.974] [📱앱] [LIST] [post /api/scrap request] 👀 화면 변경 감지 발송  deviceId: 앱폰-sdk_gpho-160, (건수: 7)
2026-04-18 23:00:32.994  2278-3762  1DAL_MVP                com.onedal.app                       D  🚦 [ROADMAP 23:00:32.993] [📱앱] [LIST] [post /api/scrap response] deviceId: 앱폰-sdk_gpho-160, (건수: 7)
2026-04-18 23:00:33.007  2278-3762  1DAL_API                com.onedal.app                       D  📋 [필터 동기화 (서버→앱) 적용됨] 맵핑된 필터 전체 스키마:
