2026-04-16 22:19:36.374 16277-16277 1DAL_MVP                com.onedal.app                       D  🚦 [ROADMAP 22:19:36.373] [📱앱] [LIST] [인성 Socket] 인성콜에 선택된 콜 정보 전달 (꿀콜 클릭!)
2026-04-16 22:19:36.430 16277-16277 1DAL_TOUCH              com.onedal.app                       D  ✅ [가로채기 성공!] 화면 좌표 (X:917.0, Y:568.0) 터치 완료!
2026-04-16 22:19:36.432 16277-16277 1DAL_MVP                com.onedal.app                       D  🚦 [ROADMAP 22:19:36.431] [📱앱] 버튼 터치 완료 (가로채기 성공) X:917.0, Y:568.0
2026-04-16 22:19:36.590 16277-16277 1DAL_MVP                com.onedal.app                       D  🚦 [ROADMAP 22:19:36.590] [📱앱] [DETAIL_PRE_CONFIRM] 새로운 화면 진입 판별: DETAIL_PRE_CONFIRM
2026-04-16 22:19:36.590 16277-16277 1DAL_MVP                com.onedal.app                       D  -------------------------------
2026-04-16 22:19:36.590 16277-16277 1DAL_MVP                com.onedal.app                       D  📡 화면 변경 감지 | 화면: DETAIL_PRE_CONFIRM | 모드: AUTO
2026-04-16 22:19:36.590 16277-16277 1DAL_MVP                com.onedal.app                       D  🔍 [디버그] rep_map 고양퀵서비스-031-932-7722 전표 상태 : 신규 물품 : 샘플 박스 차량 : 다 탁송료 : 수수료 : 23% 요금 : 106,000(착불) 구분 : 편도 형태 : 보통 적요상세 *카고 입니다. 세금계산서필 15:13 상차. 마스크 카톤 샘플 박스 명세서폐기. 현위치 ➔ 상차지 1.9 KM. 상차지 ➔ 하차지 64.5 KM 의뢰지 픽업 
2026-04-16 22:19:36.596 16277-16277 1DAL_MVP                com.onedal.app                       D  📤 [post /confirm request] 서버 전송 내용 -> 모드: AUTO | 텍스트: rep_map 고양퀵서비스-031-932-7722 전표 상태 : 신규 물품 : 샘플 박스 차량 : 다 탁송료 : 수수료 : 23% 요금 : 106,000(착불) 구분 : 편도 형태 : 보통 적요상세 *카고 입니다. 세금계산서필 15:13 상차. 마스크 카톤 샘플 박스 ...
2026-04-16 22:19:36.596 16277-16277 1DAL_MVP                com.onedal.app                       D  🚀 [AUTO] 확정 버튼 광클 (배차 시도)
2026-04-16 22:19:36.596 16277-16277 1DAL_MVP                com.onedal.app                       D  🚦 [ROADMAP 22:19:36.596] [📱앱] [DETAIL_PRE_CONFIRM] 상세페이지 진입으로 바뀐 text중 '확정' 추출 후 클릭
2026-04-16 22:19:36.597 16277-16277 1DAL_MVP                com.onedal.app                       D  🚦 [ROADMAP 22:19:36.597] [📱앱] '확정' 버튼 인식 ➡️ 클릭 시도
2026-04-16 22:19:36.605 16277-16357 1DAL_API                com.onedal.app                       D  🌐 [post /confirm response / 200] {"success":true,"message":"1차 수신 완료. 상세 페이지 내용을 긁어서 POST /api/orders/detail 로 보내주세요."}
2026-04-16 22:19:36.606 16277-16357 1DAL_MVP                com.onedal.app                       D  🚦 [ROADMAP 22:19:36.606] [📱앱] [HTTP 폴링] 응답 /orders/confirm
2026-04-16 22:19:36.663 16277-16277 1DAL_TOUCH              com.onedal.app                       D  ✅ [가로채기 성공!] 화면 좌표 (X:161.0, Y:2251.0) 터치 완료!
2026-04-16 22:19:36.670 16277-16277 1DAL_MVP                com.onedal.app                       D  🚦 [ROADMAP 22:19:36.670] [📱앱] 버튼 터치 완료 (가로채기 성공) X:161.0, Y:2251.0
2026-04-16 22:19:36.843 16277-16277 1DAL_MVP                com.onedal.app                       D  🚦 [ROADMAP 22:19:36.842] [📱앱] [DETAIL_CONFIRMED] 새로운 화면 진입 판별: DETAIL_CONFIRMED
2026-04-16 22:19:36.843 16277-16277 1DAL_MVP                com.onedal.app                       D  -------------------------------
2026-04-16 22:19:36.843 16277-16277 1DAL_MVP                com.onedal.app                       D  📡 화면 변경 감지 | 화면: DETAIL_CONFIRMED | 모드: AUTO
2026-04-16 22:19:36.843 16277-16277 1DAL_MVP                com.onedal.app                       D  🔍 [디버그] rep_map 고양퀵서비스-031-932-7722 전표 상태 : 신규 물품 : 샘플 박스 취소 차량 : 다 탁송료 : 0 수수료 : 23% 요금 : 106,000(착불) 구분 : 편도 형태 : 보통 적요상세 인수증 전송 *카고 입니다. 세금계산서필 15:13 상차. 마스크 카톤 샘플 박스 명세서폐기. 현위치 ➔ 상차지 1.9 KM. 상차지 ➔ 하차지 64.
2026-04-16 22:19:36.843 16277-16277 1DAL_MVP                com.onedal.app                       D  🚦 [ROADMAP 22:19:36.843] [📱앱] [DETAIL_CONFIRMED] 확정페이지 진입
2026-04-16 22:19:36.843 16277-16277 1DAL_MVP                com.onedal.app                       D  🏄‍♂️ [자동 팝업 서핑] 확정 화면 진입 확인! 적요상세 팝업 호출 시도
2026-04-16 22:19:36.844 16277-16277 1DAL_MVP                com.onedal.app                       D  🚦 [ROADMAP 22:19:36.844] [📱앱] '적요상세' 버튼 인식 ➡️ 클릭 시도
2026-04-16 22:19:36.846 16277-16277 1DAL_MVP                com.onedal.app                       D  🚦 [ROADMAP 22:19:36.846] [📱앱] [DETAIL_CONFIRMED] 확정페이지에서 '적요상세' 추출 후 클릭
2026-04-16 22:19:36.846 16277-16277 1DAL_MVP                com.onedal.app                       I  📋 [SEQ 81] 적요상세 버튼 클릭 → 적요 정보 요청
2026-04-16 22:19:36.896 16277-16277 1DAL_TOUCH              com.onedal.app                       D  ✅ [가로채기 성공!] 화면 좌표 (X:149.0, Y:1153.0) 터치 완료!
2026-04-16 22:19:36.896 16277-16277 1DAL_MVP                com.onedal.app                       D  🚦 [ROADMAP 22:19:36.896] [📱앱] 버튼 터치 완료 (가로채기 성공) X:149.0, Y:1153.0
2026-04-16 22:19:37.023 16277-16277 1DAL_MVP                com.onedal.app                       D  🚦 [ROADMAP 22:19:37.023] [📱앱] [POPUP_MEMO] 새로운 화면 진입 판별: POPUP_MEMO
2026-04-16 22:19:37.023 16277-16277 1DAL_MVP                com.onedal.app                       D  -------------------------------
2026-04-16 22:19:37.023 16277-16277 1DAL_MVP                com.onedal.app                       D  📡 화면 변경 감지 | 화면: POPUP_MEMO | 모드: AUTO
2026-04-16 22:19:37.023 16277-16277 1DAL_MVP                com.onedal.app                       D  🔍 [디버그] rep_map 고양퀵서비스-031-932-7722 전표 상태 : 신규 물품 : 샘플 박스 취소 차량 : 다 탁송료 : 0 수수료 : 23% 요금 : 106,000(착불) 구분 : 편도 형태 : 보통 적요상세 인수증 전송 *카고 입니다. 세금계산서필 15:13 상차. 마스크 카톤 샘플 박스 명세서폐기. 현위치 ➔ 상차지 1.9 KM. 상차지 ➔ 하차지 64.
2026-04-16 22:19:37.023 16277-16277 1DAL_MVP                com.onedal.app                       D  📝 적요 스크래핑 성공! 닫기 버튼 누름
2026-04-16 22:19:37.023 16277-16277 1DAL_MVP                com.onedal.app                       I  📋 [SEQ 81-82] 적요상세 추출 완료 → 닫기
2026-04-16 22:19:37.023 16277-16277 1DAL_MVP                com.onedal.app                       D  🚦 [ROADMAP 22:19:37.023] [📱앱] [POPUP_MEMO] 적요상세페이지에서 '젹요 내용' 추출 및 저장 후 닫기 클릭
2026-04-16 22:19:37.024 16277-16277 1DAL_MVP                com.onedal.app                       D  🚦 [ROADMAP 22:19:37.024] [📱앱] '닫기' 버튼 인식 ➡️ 클릭 시도
2026-04-16 22:19:37.077 16277-16277 1DAL_TOUCH              com.onedal.app                       D  ✅ [가로채기 성공!] 화면 좌표 (X:540.0, Y:2264.0) 터치 완료!
2026-04-16 22:19:37.079 16277-16277 1DAL_MVP                com.onedal.app                       D  🚦 [ROADMAP 22:19:37.077] [📱앱] 버튼 터치 완료 (가로채기 성공) X:540.0, Y:2264.0
2026-04-16 22:19:37.114 16277-16277 1DAL_MVP                com.onedal.app                       D  🚦 [ROADMAP 22:19:37.114] [📱앱] [DETAIL_CONFIRMED] 새로운 화면 진입 판별: DETAIL_CONFIRMED
2026-04-16 22:19:37.114 16277-16277 1DAL_MVP                com.onedal.app                       D  -------------------------------
2026-04-16 22:19:37.114 16277-16277 1DAL_MVP                com.onedal.app                       D  📡 화면 변경 감지 | 화면: DETAIL_CONFIRMED | 모드: AUTO
2026-04-16 22:19:37.114 16277-16277 1DAL_MVP                com.onedal.app                       D  🔍 [디버그] rep_map 고양퀵서비스-031-932-7722 전표 상태 : 신규 물품 : 샘플 박스 취소 차량 : 다 탁송료 : 0 수수료 : 23% 요금 : 106,000(착불) 구분 : 편도 형태 : 보통 적요상세 인수증 전송 *카고 입니다. 세금계산서필 15:13 상차. 마스크 카톤 샘플 박스 명세서폐기. 현위치 ➔ 상차지 1.9 KM. 상차지 ➔ 하차지 64.
2026-04-16 22:19:37.114 16277-16277 1DAL_MVP                com.onedal.app                       D  🚦 [ROADMAP 22:19:37.114] [📱앱] [DETAIL_CONFIRMED] 확정페이지 진입
2026-04-16 22:19:37.114 16277-16277 1DAL_MVP                com.onedal.app                       D  🏄‍♂️ [자동 팝업 서핑] 적요 정보 확인 완료. 출발지 정보 확인을 위해 자동 클릭 시도
2026-04-16 22:19:37.114 16277-16277 1DAL_MVP                com.onedal.app                       D  🚦 [ROADMAP 22:19:37.114] [📱앱] [DETAIL_CONFIRMED] 확정페이지에서 '출발지' 추출 후 클릭
2026-04-16 22:19:37.115 16277-16277 1DAL_MVP                com.onedal.app                       D  🚦 [ROADMAP 22:19:37.115] [📱앱] '출발지' 버튼 인식 ➡️ 클릭 시도
2026-04-16 22:19:37.171 16277-16277 1DAL_TOUCH              com.onedal.app                       D  ✅ [가로채기 성공!] 화면 좌표 (X:539.0, Y:1592.0) 터치 완료!
2026-04-16 22:19:37.171 16277-16277 1DAL_MVP                com.onedal.app                       D  🚦 [ROADMAP 22:19:37.171] [📱앱] 버튼 터치 완료 (가로채기 성공) X:539.0, Y:1592.0
2026-04-16 22:19:37.277 16277-16277 1DAL_MVP                com.onedal.app                       D  🚦 [ROADMAP 22:19:37.276] [📱앱] [POPUP_PICKUP] 새로운 화면 진입 판별: POPUP_PICKUP
2026-04-16 22:19:37.277 16277-16277 1DAL_MVP                com.onedal.app                       D  -------------------------------
2026-04-16 22:19:37.277 16277-16277 1DAL_MVP                com.onedal.app                       D  📡 화면 변경 감지 | 화면: POPUP_PICKUP | 모드: AUTO
2026-04-16 22:19:37.277 16277-16277 1DAL_MVP                com.onedal.app                       D  🔍 [디버그] rep_map 고양퀵서비스-031-932-7722 전표 상태 : 신규 물품 : 샘플 박스 취소 차량 : 다 탁송료 : 0 수수료 : 23% 요금 : 106,000(착불) 구분 : 편도 형태 : 보통 적요상세 인수증 전송 *카고 입니다. 세금계산서필 15:13 상차. 마스크 카톤 샘플 박스 명세서폐기. 현위치 ➔ 상차지 1.9 KM. 상차지 ➔ 하차지 64.
2026-04-16 22:19:37.277 16277-16277 1DAL_MVP                com.onedal.app                       D  📝 출발지 스크래핑 성공! 닫기 버튼 누름
2026-04-16 22:19:37.277 16277-16277 1DAL_MVP                com.onedal.app                       D  🚦 [ROADMAP 22:19:37.277] [📱앱] [POPUP_PICKUP] 출발지페이지 text중 '전화, 위치' 추출 및 저장 후 닫기 클릭
2026-04-16 22:19:37.278 16277-16277 1DAL_MVP                com.onedal.app                       D  🚦 [ROADMAP 22:19:37.278] [📱앱] '닫기' 버튼 인식 ➡️ 클릭 시도
2026-04-16 22:19:37.331 16277-16277 1DAL_TOUCH              com.onedal.app                       D  ✅ [가로채기 성공!] 화면 좌표 (X:136.0, Y:2264.0) 터치 완료!
2026-04-16 22:19:37.331 16277-16277 1DAL_MVP                com.onedal.app                       D  🚦 [ROADMAP 22:19:37.331] [📱앱] 버튼 터치 완료 (가로채기 성공) X:136.0, Y:2264.0
2026-04-16 22:19:37.448 16277-16277 1DAL_MVP                com.onedal.app                       D  🚦 [ROADMAP 22:19:37.448] [📱앱] [DETAIL_CONFIRMED] 새로운 화면 진입 판별: DETAIL_CONFIRMED
2026-04-16 22:19:37.448 16277-16277 1DAL_MVP                com.onedal.app                       D  -------------------------------
2026-04-16 22:19:37.448 16277-16277 1DAL_MVP                com.onedal.app                       D  📡 화면 변경 감지 | 화면: DETAIL_CONFIRMED | 모드: AUTO
2026-04-16 22:19:37.448 16277-16277 1DAL_MVP                com.onedal.app                       D  🔍 [디버그] rep_map 고양퀵서비스-031-932-7722 전표 상태 : 신규 물품 : 샘플 박스 취소 차량 : 다 탁송료 : 0 수수료 : 23% 요금 : 106,000(착불) 구분 : 편도 형태 : 보통 적요상세 인수증 전송 *카고 입니다. 세금계산서필 15:13 상차. 마스크 카톤 샘플 박스 명세서폐기. 현위치 ➔ 상차지 1.9 KM. 상차지 ➔ 하차지 64.
2026-04-16 22:19:37.448 16277-16277 1DAL_MVP                com.onedal.app                       D  🚦 [ROADMAP 22:19:37.448] [📱앱] [DETAIL_CONFIRMED] 확정페이지 진입
2026-04-16 22:19:37.448 16277-16277 1DAL_MVP                com.onedal.app                       D  🏄‍♂️ [자동 팝업 서핑] 출발지 확인 완료. 도착지 정보 확인을 위해 자동 클릭 시도
2026-04-16 22:19:37.449 16277-16277 1DAL_MVP                com.onedal.app                       D  🚦 [ROADMAP 22:19:37.448] [📱앱] [DETAIL_CONFIRMED] 확정페이지에서 '도착지' 추출 후 클릭
2026-04-16 22:19:37.449 16277-16277 1DAL_MVP                com.onedal.app                       D  🚦 [ROADMAP 22:19:37.449] [📱앱] '도착지' 버튼 인식 ➡️ 클릭 시도
2026-04-16 22:19:37.501 16277-16277 1DAL_TOUCH              com.onedal.app                       D  ✅ [가로채기 성공!] 화면 좌표 (X:539.0, Y:1742.0) 터치 완료!
2026-04-16 22:19:37.502 16277-16277 1DAL_MVP                com.onedal.app                       D  🚦 [ROADMAP 22:19:37.501] [📱앱] 버튼 터치 완료 (가로채기 성공) X:539.0, Y:1742.0
2026-04-16 22:19:37.633 16277-16277 1DAL_MVP                com.onedal.app                       D  🚦 [ROADMAP 22:19:37.633] [📱앱] [POPUP_DROPOFF] 새로운 화면 진입 판별: POPUP_DROPOFF
2026-04-16 22:19:37.633 16277-16277 1DAL_MVP                com.onedal.app                       D  -------------------------------
2026-04-16 22:19:37.633 16277-16277 1DAL_MVP                com.onedal.app                       D  📡 화면 변경 감지 | 화면: POPUP_DROPOFF | 모드: AUTO
2026-04-16 22:19:37.633 16277-16277 1DAL_MVP                com.onedal.app                       D  🔍 [디버그] rep_map 고양퀵서비스-031-932-7722 전표 상태 : 신규 물품 : 샘플 박스 취소 차량 : 다 탁송료 : 0 수수료 : 23% 요금 : 106,000(착불) 구분 : 편도 형태 : 보통 적요상세 인수증 전송 *카고 입니다. 세금계산서필 15:13 상차. 마스크 카톤 샘플 박스 명세서폐기. 현위치 ➔ 상차지 1.9 KM. 상차지 ➔ 하차지 64.
2026-04-16 22:19:37.633 16277-16277 1DAL_MVP                com.onedal.app                       D  📝 도착지 스크래핑 성공! 닫기 누름 및 전체 내용 /detail 로 발송
2026-04-16 22:19:37.633 16277-16277 1DAL_MVP                com.onedal.app                       D  🚦 [ROADMAP 22:19:37.633] [📱앱] [POPUP_DROPOFF] 도착지페이지 text중 '전화, 위치' 추출 및 저장 후 닫기 클릭
2026-04-16 22:19:37.634 16277-16277 1DAL_MVP                com.onedal.app                       D  🚦 [ROADMAP 22:19:37.634] [📱앱] '닫기' 버튼 인식 ➡️ 클릭 시도
2026-04-16 22:19:37.635 16277-16277 1DAL_MVP                com.onedal.app                       D  🚦 [ROADMAP 22:19:37.635] [📱앱] [POPUP_DROPOFF] 확정페이지 진입
2026-04-16 22:19:37.635 16277-16277 1DAL_MVP                com.onedal.app                       W  ⏳ 데스밸리 타이머 시작: 30초 대기...
2026-04-16 22:19:37.635 16277-16277 1DAL_MVP                com.onedal.app                       D  🌐 [post /detail request] AUTO 모드 판결 요청 텍스트: rep_map 고양퀵서비스-031-932-7722 전표 상태 : 신규 물품 : 샘플 박스 취소 차량 : 다 탁송료 : 0 수수료 : 23% 요금 : 106,000(착불) 구분 : 편도 형태 : 보통 적요상세 인수증 전송 *카고 입니다. 세금계산서필 15:13 상차. 마...
2026-04-16 22:19:37.685 16277-16277 1DAL_TOUCH              com.onedal.app                       D  ✅ [가로채기 성공!] 화면 좌표 (X:136.0, Y:2264.0) 터치 완료!
2026-04-16 22:19:37.686 16277-16277 1DAL_MVP                com.onedal.app                       D  🚦 [ROADMAP 22:19:37.686] [📱앱] 버튼 터치 완료 (가로채기 성공) X:136.0, Y:2264.0
2026-04-16 22:19:41.239 16277-16357 1DAL_API                com.onedal.app                       D  🌐 [post /detail response / 200] {"deviceId":"server","action":"KEEP"}
2026-04-16 22:19:41.246 16277-16357 1DAL_MVP                com.onedal.app                       D  🚦 [ROADMAP 22:19:41.245] [📱앱] [HTTP 폴링] 응답 /orders/detail 유지 정보 전송
2026-04-16 22:19:41.246 16277-16357 1DAL_MVP                com.onedal.app                       D  🔄 서버 판결 도착: ID=a30d39aa-6b3b-4bbe-bcd0-1d860263ae63, ACTION=KEEP
2026-04-16 22:19:41.246 16277-16357 1DAL_MVP                com.onedal.app                       D  ⚡ 판결 집행: 행동=KEEP, 누를버튼=닫기 (버튼클릭을 시작합니다), 500ms 지연
2026-04-16 22:19:41.762 16277-16277 1DAL_MVP                com.onedal.app                       D  🚦 [ROADMAP 22:19:41.760] [📱앱] '닫기' 버튼 인식 ➡️ 클릭 시도
2026-04-16 22:19:41.768 16277-16277 1DAL_MVP                com.onedal.app                       D  🚦 [ROADMAP 22:19:41.767] [📱앱] [POPUP_DROPOFF] '닫기' 클릭 후 리스트 페이지 복귀 (유지)
2026-04-16 22:19:41.768 16277-16277 1DAL_MVP                com.onedal.app                       D  🎉 행동 완료! 타겟($targetBtnStr) 명중.
2026-04-16 22:19:41.819 16277-16277 1DAL_TOUCH              com.onedal.app                       D  ✅ [가로채기 성공!] 화면 좌표 (X:122.0, Y:2251.0) 터치 완료!
2026-04-16 22:19:41.819 16277-16277 1DAL_MVP                com.onedal.app                       D  🚦 [ROADMAP 22:19:41.819] [📱앱] 버튼 터치 완료 (가로채기 성공) X:122.0, Y:2251.0
2026-04-16 22:19:41.992 16277-16277 1DAL_MVP                com.onedal.app                       D  🚦 [ROADMAP 22:19:41.991] [📱앱] [LIST] 새로운 화면 진입 판별: LIST
2026-04-16 22:19:41.992 16277-16277 1DAL_MVP                com.onedal.app                       D  -------------------------------
2026-04-16 22:19:41.992 16277-16277 1DAL_MVP                com.onedal.app                       D  📡 화면 변경 감지 | 화면: LIST | 모드: AUTO
2026-04-16 22:19:41.992 16277-16277 1DAL_MVP                com.onedal.app                       D  🔍 [디버그] rep_map 신규 완료(1) 메시지함 GPS 원터치 그룹공지 장터게시판 잠금 빠른설정 거리 출발지 도착지 차종 요금 0.2 58.2 오전11시40/경안동 교하동 라 10.0 5.0 51.6 오전10시47/실촌읍 서구 오 9.1 0.2 27.7 오후3시23/경안동 성북구 다 5.2 0.2 27.7 @ 경안동 성북구 라 5.5 0.2 16.5 경안동 풍산동 
2026-04-16 22:19:41.998 16277-16277 1DAL_PARSER             com.onedal.app                       D  📋 [현재 셋팅된 필터값] 차종=[], 지역=[검산동, 광탄면, 교하동, 군내면, 금릉동, 금촌동, 다율동, 당하동, 동패동, 맥금동, 목동동, 문발동, 문산읍, 법원읍, 산남동, 상지석동, 서패동, 송촌동, 신촌동, 아동동, 야당동, 야동동, 연다산동, 오도동, 와동동, 월롱면, 장단면, 적성면, 조리읍, 진동면, 진서면, 탄현면, 파주읍, 파평면, 하지석동], 하한요금=35000, 반경=30km, 블랙=[착불, 수거, 까대기, 전화금지, 타일]
2026-04-16 22:19:41.998 16277-16277 1DAL_PARSER             com.onedal.app                       D  🔍 [타겟 콜 파싱 결과] [수식어:오전11시40] 차종=라, 도착지=교하동, 요금=100000, 거리=0.2km
2026-04-16 22:19:41.998 16277-16277 1DAL_PARSER             com.onedal.app                       D     차종(라)=✅ 도착지(교하동)=✅ 요금(100000)=✅ 상차지/거리(0.2km)=✅ 블랙()=✅
2026-04-16 22:19:41.998 16277-16277 1DAL_PARSER             com.onedal.app                       D  🎯 [5대 조건 통과!] → 클릭 실행 대상
2026-04-16 22:19:41.998 16277-16277 1DAL_MVP                com.onedal.app                       D  🚦 [ROADMAP 22:19:41.998] [📱앱] [LIST] AccessibilityService로 바뀐 리스트 감지 후 text 추출
2026-04-16 22:19:41.998 16277-16277 1DAL_MVP                com.onedal.app                       D  💥 [AUTO] 꿀콜 조건 통과! 대상 콜 강제 터치 진행!
2026-04-16 22:19:41.998 16277-16277 1DAL_MVP                com.onedal.app                       D  🚦 [ROADMAP 22:19:41.998] [📱앱] [LIST] 리스트에서 바뀐 text 감지 후 text 추출
2026-04-16 22:19:42.001 16277-16277 1DAL_MVP                com.onedal.app                       D  🚦 [ROADMAP 22:19:41.999] [📱앱] [LIST] [인성 Socket] 인성콜에 선택된 콜 정보 전달 (꿀콜 클릭!)
2026-04-16 22:19:42.051 16277-16277 1DAL_TOUCH              com.onedal.app                       D  ✅ [가로채기 성공!] 화면 좌표 (X:917.0, Y:568.0) 터치 완료!
2026-04-16 22:19:42.052 16277-16277 1DAL_MVP                com.onedal.app                       D  🚦 [ROADMAP 22:19:42.051] [📱앱] 버튼 터치 완료 (가로채기 성공) X:917.0, Y:568.0
2026-04-16 22:19:42.180 16277-16277 1DAL_MVP                com.onedal.app                       D  🚦 [ROADMAP 22:19:42.179] [📱앱] [DETAIL_PRE_CONFIRM] 새로운 화면 진입 판별: DETAIL_PRE_CONFIRM
2026-04-16 22:19:42.180 16277-16277 1DAL_MVP                com.onedal.app                       D  -------------------------------
2026-04-16 22:19:42.180 16277-16277 1DAL_MVP                com.onedal.app                       D  📡 화면 변경 감지 | 화면: DETAIL_PRE_CONFIRM | 모드: AUTO
2026-04-16 22:19:42.180 16277-16277 1DAL_MVP                com.onedal.app                       D  🔍 [디버그] rep_map 고양퀵서비스-031-932-7722 전표 상태 : 신규 물품 : 소형 가전 차량 : 라 탁송료 : 수수료 : 23% 요금 : 100,000(신용) 구분 : 편도 형태 : 예약 적요상세 *카고 입니다. 세금계산서필 11:40 상차. 마스크 카톤 소형 가전 명세서폐기. 현위치 ➔ 상차지 0.2 KM. 상차지 ➔ 하차지 58.2 KM 의뢰지 픽업 
2026-04-16 22:19:42.184 16277-16277 1DAL_MVP                com.onedal.app                       D  📤 [post /confirm request] 서버 전송 내용 -> 모드: AUTO | 텍스트: rep_map 고양퀵서비스-031-932-7722 전표 상태 : 신규 물품 : 소형 가전 차량 : 라 탁송료 : 수수료 : 23% 요금 : 100,000(신용) 구분 : 편도 형태 : 예약 적요상세 *카고 입니다. 세금계산서필 11:40 상차. 마스크 카톤 소형 가전 ...
2026-04-16 22:19:42.184 16277-16277 1DAL_MVP                com.onedal.app                       D  🚀 [AUTO] 확정 버튼 광클 (배차 시도)
2026-04-16 22:19:42.184 16277-16277 1DAL_MVP                com.onedal.app                       D  🚦 [ROADMAP 22:19:42.184] [📱앱] [DETAIL_PRE_CONFIRM] 상세페이지 진입으로 바뀐 text중 '확정' 추출 후 클릭
2026-04-16 22:19:42.186 16277-16277 1DAL_MVP                com.onedal.app                       D  🚦 [ROADMAP 22:19:42.185] [📱앱] '확정' 버튼 인식 ➡️ 클릭 시도
2026-04-16 22:19:42.190 16277-16357 1DAL_API                com.onedal.app                       D  🌐 [post /confirm response / 200] {"success":true,"message":"1차 수신 완료. 상세 페이지 내용을 긁어서 POST /api/orders/detail 로 보내주세요."}
2026-04-16 22:19:42.191 16277-16357 1DAL_MVP                com.onedal.app                       D  🚦 [ROADMAP 22:19:42.191] [📱앱] [HTTP 폴링] 응답 /orders/confirm
2026-04-16 22:19:42.239 16277-16277 1DAL_TOUCH              com.onedal.app                       D  ✅ [가로채기 성공!] 화면 좌표 (X:161.0, Y:2251.0) 터치 완료!
2026-04-16 22:19:42.240 16277-16277 1DAL_MVP                com.onedal.app                       D  🚦 [ROADMAP 22:19:42.239] [📱앱] 버튼 터치 완료 (가로채기 성공) X:161.0, Y:2251.0
2026-04-16 22:19:42.393 16277-16277 1DAL_MVP                com.onedal.app                       D  🚦 [ROADMAP 22:19:42.393] [📱앱] [DETAIL_CONFIRMED] 새로운 화면 진입 판별: DETAIL_CONFIRMED
2026-04-16 22:19:42.394 16277-16277 1DAL_MVP                com.onedal.app                       D  -------------------------------
2026-04-16 22:19:42.394 16277-16277 1DAL_MVP                com.onedal.app                       D  📡 화면 변경 감지 | 화면: DETAIL_CONFIRMED | 모드: AUTO
2026-04-16 22:19:42.394 16277-16277 1DAL_MVP                com.onedal.app                       D  🔍 [디버그] rep_map 고양퀵서비스-031-932-7722 전표 상태 : 신규 물품 : 소형 가전 취소 차량 : 라 탁송료 : 0 수수료 : 23% 요금 : 100,000(신용) 구분 : 편도 형태 : 예약 적요상세 인수증 전송 *카고 입니다. 세금계산서필 11:40 상차. 마스크 카톤 소형 가전 명세서폐기. 현위치 ➔ 상차지 0.2 KM. 상차지 ➔ 하차지 58.
2026-04-16 22:19:42.394 16277-16277 1DAL_MVP                com.onedal.app                       D  🚦 [ROADMAP 22:19:42.394] [📱앱] [DETAIL_CONFIRMED] 확정페이지 진입
2026-04-16 22:19:42.394 16277-16277 1DAL_MVP                com.onedal.app                       D  🏄‍♂️ [자동 팝업 서핑] 확정 화면 진입 확인! 적요상세 팝업 호출 시도
2026-04-16 22:19:42.394 16277-16277 1DAL_MVP                com.onedal.app                       D  🚦 [ROADMAP 22:19:42.394] [📱앱] '적요상세' 버튼 인식 ➡️ 클릭 시도
2026-04-16 22:19:42.396 16277-16277 1DAL_MVP                com.onedal.app                       D  🚦 [ROADMAP 22:19:42.395] [📱앱] [DETAIL_CONFIRMED] 확정페이지에서 '적요상세' 추출 후 클릭
2026-04-16 22:19:42.396 16277-16277 1DAL_MVP                com.onedal.app                       I  📋 [SEQ 81] 적요상세 버튼 클릭 → 적요 정보 요청
2026-04-16 22:19:42.447 16277-16277 1DAL_TOUCH              com.onedal.app                       D  ✅ [가로채기 성공!] 화면 좌표 (X:149.0, Y:1153.0) 터치 완료!
2026-04-16 22:19:42.448 16277-16277 1DAL_MVP                com.onedal.app                       D  🚦 [ROADMAP 22:19:42.447] [📱앱] 버튼 터치 완료 (가로채기 성공) X:149.0, Y:1153.0
2026-04-16 22:19:42.566 16277-16277 1DAL_MVP                com.onedal.app                       D  🚦 [ROADMAP 22:19:42.566] [📱앱] [POPUP_MEMO] 새로운 화면 진입 판별: POPUP_MEMO
2026-04-16 22:19:42.566 16277-16277 1DAL_MVP                com.onedal.app                       D  -------------------------------
2026-04-16 22:19:42.566 16277-16277 1DAL_MVP                com.onedal.app                       D  📡 화면 변경 감지 | 화면: POPUP_MEMO | 모드: AUTO
2026-04-16 22:19:42.566 16277-16277 1DAL_MVP                com.onedal.app                       D  🔍 [디버그] rep_map 고양퀵서비스-031-932-7722 전표 상태 : 신규 물품 : 소형 가전 취소 차량 : 라 탁송료 : 0 수수료 : 23% 요금 : 100,000(신용) 구분 : 편도 형태 : 예약 적요상세 인수증 전송 *카고 입니다. 세금계산서필 11:40 상차. 마스크 카톤 소형 가전 명세서폐기. 현위치 ➔ 상차지 0.2 KM. 상차지 ➔ 하차지 58.
2026-04-16 22:19:42.567 16277-16277 1DAL_MVP                com.onedal.app                       D  📝 적요 스크래핑 성공! 닫기 버튼 누름
2026-04-16 22:19:42.567 16277-16277 1DAL_MVP                com.onedal.app                       I  📋 [SEQ 81-82] 적요상세 추출 완료 → 닫기
2026-04-16 22:19:42.567 16277-16277 1DAL_MVP                com.onedal.app                       D  🚦 [ROADMAP 22:19:42.567] [📱앱] [POPUP_MEMO] 적요상세페이지에서 '젹요 내용' 추출 및 저장 후 닫기 클릭
2026-04-16 22:19:42.568 16277-16277 1DAL_MVP                com.onedal.app                       D  🚦 [ROADMAP 22:19:42.568] [📱앱] '닫기' 버튼 인식 ➡️ 클릭 시도
2026-04-16 22:19:42.620 16277-16277 1DAL_TOUCH              com.onedal.app                       D  ✅ [가로채기 성공!] 화면 좌표 (X:540.0, Y:2264.0) 터치 완료!
2026-04-16 22:19:42.620 16277-16277 1DAL_MVP                com.onedal.app                       D  🚦 [ROADMAP 22:19:42.620] [📱앱] 버튼 터치 완료 (가로채기 성공) X:540.0, Y:2264.0
2026-04-16 22:19:42.681 16277-16277 1DAL_MVP                com.onedal.app                       D  🚦 [ROADMAP 22:19:42.681] [📱앱] [DETAIL_CONFIRMED] 새로운 화면 진입 판별: DETAIL_CONFIRMED
2026-04-16 22:19:42.681 16277-16277 1DAL_MVP                com.onedal.app                       D  -------------------------------
2026-04-16 22:19:42.681 16277-16277 1DAL_MVP                com.onedal.app                       D  📡 화면 변경 감지 | 화면: DETAIL_CONFIRMED | 모드: AUTO
2026-04-16 22:19:42.681 16277-16277 1DAL_MVP                com.onedal.app                       D  🔍 [디버그] rep_map 고양퀵서비스-031-932-7722 전표 상태 : 신규 물품 : 소형 가전 취소 차량 : 라 탁송료 : 0 수수료 : 23% 요금 : 100,000(신용) 구분 : 편도 형태 : 예약 적요상세 인수증 전송 *카고 입니다. 세금계산서필 11:40 상차. 마스크 카톤 소형 가전 명세서폐기. 현위치 ➔ 상차지 0.2 KM. 상차지 ➔ 하차지 58.
2026-04-16 22:19:42.681 16277-16277 1DAL_MVP                com.onedal.app                       D  🚦 [ROADMAP 22:19:42.681] [📱앱] [DETAIL_CONFIRMED] 확정페이지 진입
2026-04-16 22:19:42.681 16277-16277 1DAL_MVP                com.onedal.app                       D  🏄‍♂️ [자동 팝업 서핑] 적요 정보 확인 완료. 출발지 정보 확인을 위해 자동 클릭 시도
2026-04-16 22:19:42.682 16277-16277 1DAL_MVP                com.onedal.app                       D  🚦 [ROADMAP 22:19:42.681] [📱앱] [DETAIL_CONFIRMED] 확정페이지에서 '출발지' 추출 후 클릭
2026-04-16 22:19:42.682 16277-16277 1DAL_MVP                com.onedal.app                       D  🚦 [ROADMAP 22:19:42.682] [📱앱] '출발지' 버튼 인식 ➡️ 클릭 시도
2026-04-16 22:19:42.734 16277-16277 1DAL_TOUCH              com.onedal.app                       D  ✅ [가로채기 성공!] 화면 좌표 (X:539.0, Y:1592.0) 터치 완료!
2026-04-16 22:19:42.735 16277-16277 1DAL_MVP                com.onedal.app                       D  🚦 [ROADMAP 22:19:42.734] [📱앱] 버튼 터치 완료 (가로채기 성공) X:539.0, Y:1592.0
2026-04-16 22:19:42.801 16277-16283 com.onedal.app          com.onedal.app                       I  Background concurrent mark compact GC freed 5016KB AllocSpace bytes, 8(288KB) LOS objects, 49% free, 5641KB/11MB, paused 84us,11.834ms total 61.370ms
2026-04-16 22:19:42.813 16277-16277 1DAL_MVP                com.onedal.app                       D  🚦 [ROADMAP 22:19:42.812] [📱앱] [POPUP_PICKUP] 새로운 화면 진입 판별: POPUP_PICKUP
2026-04-16 22:19:42.813 16277-16277 1DAL_MVP                com.onedal.app                       D  -------------------------------
2026-04-16 22:19:42.813 16277-16277 1DAL_MVP                com.onedal.app                       D  📡 화면 변경 감지 | 화면: POPUP_PICKUP | 모드: AUTO
2026-04-16 22:19:42.813 16277-16277 1DAL_MVP                com.onedal.app                       D  🔍 [디버그] rep_map 고양퀵서비스-031-932-7722 전표 상태 : 신규 물품 : 소형 가전 취소 차량 : 라 탁송료 : 0 수수료 : 23% 요금 : 100,000(신용) 구분 : 편도 형태 : 예약 적요상세 인수증 전송 *카고 입니다. 세금계산서필 11:40 상차. 마스크 카톤 소형 가전 명세서폐기. 현위치 ➔ 상차지 0.2 KM. 상차지 ➔ 하차지 58.
2026-04-16 22:19:42.813 16277-16277 1DAL_MVP                com.onedal.app                       D  📝 출발지 스크래핑 성공! 닫기 버튼 누름
2026-04-16 22:19:42.814 16277-16277 1DAL_MVP                com.onedal.app                       D  🚦 [ROADMAP 22:19:42.813] [📱앱] [POPUP_PICKUP] 출발지페이지 text중 '전화, 위치' 추출 및 저장 후 닫기 클릭
2026-04-16 22:19:42.814 16277-16277 1DAL_MVP                com.onedal.app                       D  🚦 [ROADMAP 22:19:42.814] [📱앱] '닫기' 버튼 인식 ➡️ 클릭 시도
2026-04-16 22:19:42.899 16277-16277 1DAL_MVP                com.onedal.app                       D  🚦 [ROADMAP 22:19:42.899] [📱앱] [POPUP_PICKUP] 새로운 화면 진입 판별: POPUP_PICKUP
2026-04-16 22:19:42.899 16277-16277 1DAL_MVP                com.onedal.app                       D  -------------------------------
2026-04-16 22:19:42.899 16277-16277 1DAL_MVP                com.onedal.app                       D  📡 화면 변경 감지 | 화면: POPUP_PICKUP | 모드: AUTO
2026-04-16 22:19:42.899 16277-16277 1DAL_MVP                com.onedal.app                       D  🔍 [디버그] rep_map 고양퀵서비스-031-932-7722 전표 상태 : 신규 물품 : 소형 가전 취소 차량 : 라 탁송료 : 0 수수료 : 23% 요금 : 100,000(신용) 구분 : 편도 형태 : 예약 적요상세 인수증 전송 *카고 입니다. 세금계산서필 11:40 상차. 마스크 카톤 소형 가전 명세서폐기. 현위치 ➔ 상차지 0.2 KM. 상차지 ➔ 하차지 58.
2026-04-16 22:19:42.899 16277-16277 1DAL_TOUCH              com.onedal.app                       D  ✅ [가로채기 성공!] 화면 좌표 (X:136.0, Y:2264.0) 터치 완료!
2026-04-16 22:19:42.900 16277-16277 1DAL_MVP                com.onedal.app                       D  🚦 [ROADMAP 22:19:42.900] [📱앱] 버튼 터치 완료 (가로채기 성공) X:136.0, Y:2264.0
2026-04-16 22:19:42.993 16277-16277 1DAL_MVP                com.onedal.app                       D  🚦 [ROADMAP 22:19:42.993] [📱앱] [DETAIL_CONFIRMED] 새로운 화면 진입 판별: DETAIL_CONFIRMED
2026-04-16 22:19:42.993 16277-16277 1DAL_MVP                com.onedal.app                       D  -------------------------------
2026-04-16 22:19:42.993 16277-16277 1DAL_MVP                com.onedal.app                       D  📡 화면 변경 감지 | 화면: DETAIL_CONFIRMED | 모드: AUTO
2026-04-16 22:19:42.993 16277-16277 1DAL_MVP                com.onedal.app                       D  🔍 [디버그] rep_map 고양퀵서비스-031-932-7722 전표 상태 : 신규 물품 : 소형 가전 취소 차량 : 라 탁송료 : 0 수수료 : 23% 요금 : 100,000(신용) 구분 : 편도 형태 : 예약 적요상세 인수증 전송 *카고 입니다. 세금계산서필 11:40 상차. 마스크 카톤 소형 가전 명세서폐기. 현위치 ➔ 상차지 0.2 KM. 상차지 ➔ 하차지 58.
2026-04-16 22:19:42.993 16277-16277 1DAL_MVP                com.onedal.app                       D  🚦 [ROADMAP 22:19:42.993] [📱앱] [DETAIL_CONFIRMED] 확정페이지 진입
2026-04-16 22:19:42.993 16277-16277 1DAL_MVP                com.onedal.app                       D  🏄‍♂️ [자동 팝업 서핑] 출발지 확인 완료. 도착지 정보 확인을 위해 자동 클릭 시도
2026-04-16 22:19:42.993 16277-16277 1DAL_MVP                com.onedal.app                       D  🚦 [ROADMAP 22:19:42.993] [📱앱] [DETAIL_CONFIRMED] 확정페이지에서 '도착지' 추출 후 클릭
2026-04-16 22:19:42.994 16277-16277 1DAL_MVP                com.onedal.app                       D  🚦 [ROADMAP 22:19:42.993] [📱앱] '도착지' 버튼 인식 ➡️ 클릭 시도
2026-04-16 22:19:43.045 16277-16277 1DAL_TOUCH              com.onedal.app                       D  ✅ [가로채기 성공!] 화면 좌표 (X:539.0, Y:1742.0) 터치 완료!
2026-04-16 22:19:43.045 16277-16277 1DAL_MVP                com.onedal.app                       D  🚦 [ROADMAP 22:19:43.045] [📱앱] 버튼 터치 완료 (가로채기 성공) X:539.0, Y:1742.0
2026-04-16 22:19:43.189 16277-16277 1DAL_MVP                com.onedal.app                       D  🚦 [ROADMAP 22:19:43.189] [📱앱] [POPUP_DROPOFF] 새로운 화면 진입 판별: POPUP_DROPOFF
2026-04-16 22:19:43.189 16277-16277 1DAL_MVP                com.onedal.app                       D  -------------------------------
2026-04-16 22:19:43.189 16277-16277 1DAL_MVP                com.onedal.app                       D  📡 화면 변경 감지 | 화면: POPUP_DROPOFF | 모드: AUTO
2026-04-16 22:19:43.189 16277-16277 1DAL_MVP                com.onedal.app                       D  🔍 [디버그] rep_map 고양퀵서비스-031-932-7722 전표 상태 : 신규 물품 : 소형 가전 취소 차량 : 라 탁송료 : 0 수수료 : 23% 요금 : 100,000(신용) 구분 : 편도 형태 : 예약 적요상세 인수증 전송 *카고 입니다. 세금계산서필 11:40 상차. 마스크 카톤 소형 가전 명세서폐기. 현위치 ➔ 상차지 0.2 KM. 상차지 ➔ 하차지 58.
2026-04-16 22:19:43.189 16277-16277 1DAL_MVP                com.onedal.app                       D  📝 도착지 스크래핑 성공! 닫기 누름 및 전체 내용 /detail 로 발송
2026-04-16 22:19:43.189 16277-16277 1DAL_MVP                com.onedal.app                       D  🚦 [ROADMAP 22:19:43.189] [📱앱] [POPUP_DROPOFF] 도착지페이지 text중 '전화, 위치' 추출 및 저장 후 닫기 클릭
2026-04-16 22:19:43.190 16277-16277 1DAL_MVP                com.onedal.app                       D  🚦 [ROADMAP 22:19:43.189] [📱앱] '닫기' 버튼 인식 ➡️ 클릭 시도
2026-04-16 22:19:43.190 16277-16277 1DAL_MVP                com.onedal.app                       D  🚦 [ROADMAP 22:19:43.190] [📱앱] [POPUP_DROPOFF] 확정페이지 진입
2026-04-16 22:19:43.191 16277-16277 1DAL_MVP                com.onedal.app                       W  ⏳ 데스밸리 타이머 시작: 30초 대기...
2026-04-16 22:19:43.191 16277-16277 1DAL_MVP                com.onedal.app                       D  🌐 [post /detail request] AUTO 모드 판결 요청 텍스트: rep_map 고양퀵서비스-031-932-7722 전표 상태 : 신규 물품 : 소형 가전 취소 차량 : 라 탁송료 : 0 수수료 : 23% 요금 : 100,000(신용) 구분 : 편도 형태 : 예약 적요상세 인수증 전송 *카고 입니다. 세금계산서필 11:40 상차. 마...
2026-04-16 22:19:43.242 16277-16277 1DAL_TOUCH              com.onedal.app                       D  ✅ [가로채기 성공!] 화면 좌표 (X:136.0, Y:2264.0) 터치 완료!
2026-04-16 22:19:43.243 16277-16277 1DAL_MVP                com.onedal.app                       D  🚦 [ROADMAP 22:19:43.243] [📱앱] 버튼 터치 완료 (가로채기 성공) X:136.0, Y:2264.0
2026-04-16 22:19:47.956 16277-16357 1DAL_API                com.onedal.app                       D  🌐 [post /detail response / 200] {"deviceId":"server","action":"CANCEL"}
2026-04-16 22:19:47.960 16277-16357 1DAL_MVP                com.onedal.app                       D  🚦 [ROADMAP 22:19:47.958] [📱앱] [HTTP 폴링] 응답 /orders/detail 취소 정보 전송
2026-04-16 22:19:47.960 16277-16357 1DAL_MVP                com.onedal.app                       D  🔄 서버 판결 도착: ID=1286f54f-672c-4832-b018-e478b12ea09e, ACTION=CANCEL
2026-04-16 22:19:47.960 16277-16357 1DAL_MVP                com.onedal.app                       D  ⚡ 판결 집행: 행동=CANCEL, 누를버튼=취소 (버튼클릭을 시작합니다), 500ms 지연
2026-04-16 22:19:48.475 16277-16277 1DAL_MVP                com.onedal.app                       D  🚦 [ROADMAP 22:19:48.474] [📱앱] '취소' 버튼 인식 ➡️ 클릭 시도
2026-04-16 22:19:48.481 16277-16277 1DAL_MVP                com.onedal.app                       D  🚦 [ROADMAP 22:19:48.480] [📱앱] [POPUP_DROPOFF] '취소' 클릭 후 인성 Socket 취소 지시
2026-04-16 22:19:48.482 16277-16277 1DAL_MVP                com.onedal.app                       D  🎉 행동 완료! 타겟($targetBtnStr) 명중.
2026-04-16 22:19:48.551 16277-16277 1DAL_TOUCH              com.onedal.app                       D  ✅ [가로채기 성공!] 화면 좌표 (X:950.0, Y:478.0) 터치 완료!
2026-04-16 22:19:48.552 16277-16277 1DAL_MVP                com.onedal.app                       D  🚦 [ROADMAP 22:19:48.552] [📱앱] 버튼 터치 완료 (가로채기 성공) X:950.0, Y:478.0
2026-04-16 22:19:48.713 16277-16277 1DAL_MVP                com.onedal.app                       D  🚦 [ROADMAP 22:19:48.712] [📱앱] [LIST] 새로운 화면 진입 판별: LIST
2026-04-16 22:19:48.713 16277-16277 1DAL_MVP                com.onedal.app                       D  -------------------------------
2026-04-16 22:19:48.713 16277-16277 1DAL_MVP                com.onedal.app                       D  📡 화면 변경 감지 | 화면: LIST | 모드: AUTO
2026-04-16 22:19:48.713 16277-16277 1DAL_MVP                com.onedal.app                       D  🔍 [디버그] rep_map 신규 완료(1) 메시지함 GPS 원터치 그룹공지 장터게시판 잠금 빠른설정 거리 출발지 도착지 차종 요금 5.1 29.0 급송/초월읍 강남구 라 5.5 5.0 51.6 오전10시47/실촌읍 서구 오 9.1 0.2 27.7 오후3시23/경안동 성북구 다 5.2 0.2 27.7 @ 경안동 성북구 라 5.5 0.2 16.5 경안동 풍산동 1t 3.6
2026-04-16 22:19:48.718 16277-16277 1DAL_PARSER             com.onedal.app                       D  📋 [현재 셋팅된 필터값] 차종=[], 지역=[검산동, 광탄면, 교하동, 군내면, 금릉동, 금촌동, 다율동, 당하동, 동패동, 맥금동, 목동동, 문발동, 문산읍, 법원읍, 산남동, 상지석동, 서패동, 송촌동, 신촌동, 아동동, 야당동, 야동동, 연다산동, 오도동, 와동동, 월롱면, 장단면, 적성면, 조리읍, 진동면, 진서면, 탄현면, 파주읍, 파평면, 하지석동], 하한요금=35000, 반경=30km, 블랙=[착불, 수거, 까대기, 전화금지, 타일]
2026-04-16 22:19:48.718 16277-16277 1DAL_PARSER             com.onedal.app                       D  🔍 [타겟 콜 파싱 결과] [수식어:급송] 차종=라, 도착지=강남구, 요금=55000, 거리=5.1km
2026-04-16 22:19:48.718 16277-16277 1DAL_PARSER             com.onedal.app                       D     차종(라)=✅ 도착지(강남구)=❌ 요금(55000)=✅ 상차지/거리(5.1km)=✅ 블랙()=✅
2026-04-16 22:19:48.718 16277-16277 1DAL_PARSER             com.onedal.app                       D  ⛔ [조건 불충족] → 스킵
2026-04-16 22:19:49.020 16277-16277 1DAL_TELEMETRY          com.onedal.app                       D  🚀 [서버 송신] 👀 화면 변경 감지 발송 시작 (건수: 1, 화면: LIST)
2026-04-16 22:19:49.020 16277-16277 1DAL_TELEMETRY          com.onedal.app                       D  📦 [전송 페이로드] { "deviceId": "앱폰-sdk_gpho-160", "screenContext": "LIST", "data": [ 1개의 오더 객체... ] }
2026-04-16 22:19:49.021 16277-16277 1DAL_TELEMETRY          com.onedal.app                       D     └─ [data][0] 상세 정보:
                                                                                                    {
                                                                                                      "dropoff": "강남구",
                                                                                                      "fare": 55000,
                                                                                                      "id": "9d485f3f-8f19-41b6-82aa-5d3b5bb4fdd8",
                                                                                                      "pickup": "초월읍",
                                                                                                      "pickupDistance": 5.1,
                                                                                                      "rawText": "5.1, 29.0, 급송/초월읍, 강남구, 라, 5.5",
                                                                                                      "timestamp": "2026-04-16T22:19:48Z",
                                                                                                      "type": "NEW_ORDER",
                                                                                                      "vehicleType": "라"
                                                                                                    }
2026-04-16 22:19:49.034 16277-16315 1DAL_API                com.onedal.app                       D  📡 [텔레메트리] 스크랩 1건 전송 완료 (모드: AUTO)
2026-04-16 22:19:49.036 16277-16315 1DAL_MVP                com.onedal.app                       D  🚦 [ROADMAP 22:19:49.035] [📱앱] [HTTP 폴링] 응답 (첫콜필터정보/제어명령)
2026-04-16 22:19:49.040 16277-16315 1DAL_API                com.onedal.app                       D  📋 [필터 동기화 (서버→앱) 적용됨] 맵핑된 필터 전체 스키마:
                                                                                                    {"allowedVehicleTypes":["다마스","라보","오토바이"],"isActive":true,"isSharedMode":true,"pickupRadiusKm":30.0,"minFare":35000.0,"maxFare":1000000.0,"excludedKeywords":"착불,수거,까대기,전화금지,타일","destinationCity":"파주시","destinationRadiusKm":10.0,"destinationKeywords":"가능동, 가좌동, 갈매동, 강일동, 걸포동, 검산동, 경안동, 고덕동, 고촌읍, 광암동, 교산동, 교하동, 구산동, 금릉동, 금촌동, 남한산성면, 내곡동, 다산동, 다율동, 당하동, 대자동, 대장동, 대화동, 덕이동, 덕풍동, 도농동, 도봉동, 동패동, 망월동, 맥금동, 목동동, 문발동, 문산읍, 백석동, 법곳동, 별내동, 사노동, 산남동, 산황동, 상계동, 상산곡동, 상일동, 상지석동, 서패동, 선동, 선유동, 설문동, 성사동, 성석동, 송정동, 송촌동, 수석동, 수택동, 식사동, 신원동, 신장동, 신촌동, 신평동, 쌍령동, 아동동, 야당동, 야동동, 양벌동, 양촌읍, 역동, 연다산동, 오금동, 오도동, 와동동, 운양동, 원당동, 월곶면, 월롱면, 인창동, 장단면, 장암동, 장항동, 장흥면, 조리읍, 주교동, 지금동, 지축동, 창우동, 천현동, 초월읍, 초이동, 초일동, 춘궁동, 탄벌동, 탄현동, 탄현면, 토당동, 토평동, 통진읍, 퇴계원읍, 퇴촌면, 파주읍, 풍동, 풍산동, 하사창동, 하산곡동, 하성면, 하지석동, 행주외동, 호원동, 회덕동","corridorRadiusKm":1.0,"userOverrides":false,"customFilters":[],"destinationGroups":{"도봉구":["도봉동"],"노원구":["상계동"],"강동구":["강일동","고덕동","상일동"],"의정부시":["가능동","장암동","호원동"],"고양시 덕양구":["내곡동","대자동","대장동","선유동","성사동","신원동","신평동","오금동","원당동","주교동","지축동","토당동","행주외동"],"고양시 일산동구":["백석동","산황동","설문동","성석동","식사동","장항동","풍동"],"고양시 일산서구":["가좌동","구산동","대화동","덕이동","법곳동","탄현동"],"구리시":["갈매동","사노동","수택동","인창동","토평동"],"남양주시":["다산동","도농동","별내동","수석동","지금동","퇴계원읍"],"하남시":["광암동","교산동","덕풍동","망월동","상산곡동","선동","신장동","창우동","천현동","초이동","초일동","춘궁동","풍산동","하사창동","하산곡동"],"파주시":["검산동","교하동","금릉동","금촌동","다율동","당하동","동패동","맥금동","목동동","문발동","문산읍","산남동","상지석동","서패동","송촌동","신촌동","아동동","야당동","야동동","연다산동","오도동","와동동","월롱면","장단면","조리읍","탄현면","파주읍","하지석동"],"김포시":["걸포동","고촌읍","양촌읍","운양동","월곶면","통진읍","하성면"],"광주시":["경안동","남한산성면","송정동","쌍령동","양벌동","역동","초월읍","탄벌동","퇴촌면","회덕동"],"양주시":["장흥면"]}}
2026-04-16 22:19:49.041 16277-16315 1DAL_TELEMETRY          com.onedal.app                       D  📥 [서버 수신] 👀 화면 변경 감지 완료 (수신된 모드: AUTO)
2026-04-16 22:19:51.351 16277-16277 1DAL_MVP                com.onedal.app                       D  🚦 [ROADMAP 22:19:51.351] [📱앱] [LIST] 새로운 화면 진입 판별: LIST
2026-04-16 22:19:51.351 16277-16277 1DAL_MVP                com.onedal.app                       D  -------------------------------
2026-04-16 22:19:51.351 16277-16277 1DAL_MVP                com.onedal.app                       D  📡 화면 변경 감지 | 화면: LIST | 모드: AUTO
2026-04-16 22:19:51.351 16277-16277 1DAL_MVP                com.onedal.app                       D  🔍 [디버그] rep_map 신규 완료(1) 메시지함 GPS 원터치 그룹공지 장터게시판 잠금 빠른설정 거리 출발지 도착지 차종 요금 0.2 60.2 오전10시2/경안동 문발동 1t 10.1 5.1 29.0 급송/초월읍 강남구 라 5.5 5.0 51.6 오전10시47/실촌읍 서구 오 9.1 0.2 27.7 오후3시23/경안동 성북구 다 5.2 0.2 27.7 @ 경안동 성
2026-04-16 22:19:51.355 16277-16277 1DAL_PARSER             com.onedal.app                       D  📋 [현재 셋팅된 필터값] 차종=[다마스, 라보, 오토바이], 지역=[가능동, 가좌동, 갈매동, 강일동, 걸포동, 검산동, 경안동, 고덕동, 고촌읍, 광암동, 교산동, 교하동, 구산동, 금릉동, 금촌동, 남한산성면, 내곡동, 다산동, 다율동, 당하동, 대자동, 대장동, 대화동, 덕이동, 덕풍동, 도농동, 도봉동, 동패동, 망월동, 맥금동, 목동동, 문발동, 문산읍, 백석동, 법곳동, 별내동, 사노동, 산남동, 산황동, 상계동, 상산곡동, 상일동, 상지석동, 서패동, 선동, 선유동, 설문동, 성사동, 성석동, 송정동, 송촌동, 수석동, 수택동, 식사동, 신원동, 신장동, 신촌동, 신평동, 쌍령동, 아동동, 야당동, 야동동, 양벌동, 양촌읍, 역동, 연다산동, 오금동, 오도동, 와동동, 운양동, 원당동, 월곶면, 월롱면, 인창동, 장단면, 장암동, 장항동, 장흥면, 조리읍, 주교동, 지금동, 지축동, 창우동, 천현동, 초월읍, 초이동, 초일동, 춘궁동, 탄벌동, 탄현동, 탄현면, 토당동, 토평동, 통진읍, 퇴계원읍, 퇴촌면, 파주읍, 풍동, 풍산동, 하사창동, 하산곡동, 하성면, 하지석동, 행주외동, 호원동, 회덕동], 하한요금=35000, 반경=30km, 블랙=[착불, 수거, 까대기, 전화금지, 타일]
2026-04-16 22:19:51.355 16277-16277 1DAL_PARSER             com.onedal.app                       D  🔍 [타겟 콜 파싱 결과] [수식어:오전10시2] 차종=1t, 도착지=문발동, 요금=101000, 거리=0.2km
2026-04-16 22:19:51.355 16277-16277 1DAL_PARSER             com.onedal.app                       D     차종(1t)=❌ 도착지(문발동)=✅ 요금(101000)=✅ 상차지/거리(0.2km)=✅ 블랙()=✅
2026-04-16 22:19:51.355 16277-16277 1DAL_PARSER             com.onedal.app                       D  ⛔ [조건 불충족] → 스킵
2026-04-16 22:19:51.656 16277-16277 1DAL_TELEMETRY          com.onedal.app                       D  🚀 [서버 송신] 👀 화면 변경 감지 발송 시작 (건수: 1, 화면: LIST)
2026-04-16 22:19:51.656 16277-16277 1DAL_TELEMETRY          com.onedal.app                       D  📦 [전송 페이로드] { "deviceId": "앱폰-sdk_gpho-160", "screenContext": "LIST", "data": [ 1개의 오더 객체... ] }
2026-04-16 22:19:51.657 16277-16277 1DAL_TELEMETRY          com.onedal.app                       D     └─ [data][0] 상세 정보:
                                                                                                    {
                                                                                                      "dropoff": "문발동",
                                                                                                      "fare": 101000,
                                                                                                      "id": "f8cee7fd-7921-4ce1-9b87-3ba59e31d63a",
                                                                                                      "pickup": "경안동",
                                                                                                      "pickupDistance": 0.2,
                                                                                                      "rawText": "0.2, 60.2, 오전10시2/경안동, 문발동, 1t, 10.1",
                                                                                                      "timestamp": "2026-04-16T22:19:51Z",
                                                                                                      "type": "NEW_ORDER",
                                                                                                      "vehicleType": "1t"
                                                                                                    }
2026-04-16 22:19:51.676 16277-16315 1DAL_API                com.onedal.app                       D  📡 [텔레메트리] 스크랩 1건 전송 완료 (모드: AUTO)
2026-04-16 22:19:51.678 16277-16315 1DAL_MVP                com.onedal.app                       D  🚦 [ROADMAP 22:19:51.677] [📱앱] [HTTP 폴링] 응답 (첫콜필터정보/제어명령)
2026-04-16 22:19:51.683 16277-16315 1DAL_API                com.onedal.app                       D  📋 [필터 동기화 (서버→앱) 적용됨] 맵핑된 필터 전체 스키마:
                                                                                                    {"allowedVehicleTypes":["다마스","라보","오토바이"],"isActive":true,"isSharedMode":true,"pickupRadiusKm":30.0,"minFare":35000.0,"maxFare":1000000.0,"excludedKeywords":"착불,수거,까대기,전화금지,타일","destinationCity":"파주시","destinationRadiusKm":10.0,"destinationKeywords":"가능동, 가좌동, 갈매동, 강일동, 걸포동, 검산동, 경안동, 고덕동, 고촌읍, 광암동, 교산동, 교하동, 구산동, 금릉동, 금촌동, 남한산성면, 내곡동, 다산동, 다율동, 당하동, 대자동, 대장동, 대화동, 덕이동, 덕풍동, 도농동, 도봉동, 동패동, 망월동, 맥금동, 목동동, 문발동, 문산읍, 백석동, 법곳동, 별내동, 사노동, 산남동, 산황동, 상계동, 상산곡동, 상일동, 상지석동, 서패동, 선동, 선유동, 설문동, 성사동, 성석동, 송정동, 송촌동, 수석동, 수택동, 식사동, 신원동, 신장동, 신촌동, 신평동, 쌍령동, 아동동, 야당동, 야동동, 양벌동, 양촌읍, 역동, 연다산동, 오금동, 오도동, 와동동, 운양동, 원당동, 월곶면, 월롱면, 인창동, 장단면, 장암동, 장항동, 장흥면, 조리읍, 주교동, 지금동, 지축동, 창우동, 천현동, 초월읍, 초이동, 초일동, 춘궁동, 탄벌동, 탄현동, 탄현면, 토당동, 토평동, 통진읍, 퇴계원읍, 퇴촌면, 파주읍, 풍동, 풍산동, 하사창동, 하산곡동, 하성면, 하지석동, 행주외동, 호원동, 회덕동","corridorRadiusKm":1.0,"userOverrides":false,"customFilters":[],"destinationGroups":{"도봉구":["도봉동"],"노원구":["상계동"],"강동구":["강일동","고덕동","상일동"],"의정부시":["가능동","장암동","호원동"],"고양시 덕양구":["내곡동","대자동","대장동","선유동","성사동","신원동","신평동","오금동","원당동","주교동","지축동","토당동","행주외동"],"고양시 일산동구":["백석동","산황동","설문동","성석동","식사동","장항동","풍동"],"고양시 일산서구":["가좌동","구산동","대화동","덕이동","법곳동","탄현동"],"구리시":["갈매동","사노동","수택동","인창동","토평동"],"남양주시":["다산동","도농동","별내동","수석동","지금동","퇴계원읍"],"하남시":["광암동","교산동","덕풍동","망월동","상산곡동","선동","신장동","창우동","천현동","초이동","초일동","춘궁동","풍산동","하사창동","하산곡동"],"파주시":["검산동","교하동","금릉동","금촌동","다율동","당하동","동패동","맥금동","목동동","문발동","문산읍","산남동","상지석동","서패동","송촌동","신촌동","아동동","야당동","야동동","연다산동","오도동","와동동","월롱면","장단면","조리읍","탄현면","파주읍","하지석동"],"김포시":["걸포동","고촌읍","양촌읍","운양동","월곶면","통진읍","하성면"],"광주시":["경안동","남한산성면","송정동","쌍령동","양벌동","역동","초월읍","탄벌동","퇴촌면","회덕동"],"양주시":["장흥면"]}}
2026-04-16 22:19:51.684 16277-16315 1DAL_TELEMETRY          com.onedal.app                       D  📥 [서버 수신] 👀 화면 변경 감지 완료 (수신된 모드: AUTO)
2026-04-16 22:19:56.345 16277-16277 1DAL_MVP                com.onedal.app                       D  🚦 [ROADMAP 22:19:56.344] [📱앱] [LIST] 새로운 화면 진입 판별: LIST
2026-04-16 22:19:56.345 16277-16277 1DAL_MVP                com.onedal.app                       D  -------------------------------
2026-04-16 22:19:56.345 16277-16277 1DAL_MVP                com.onedal.app                       D  📡 화면 변경 감지 | 화면: LIST | 모드: AUTO
2026-04-16 22:19:56.345 16277-16277 1DAL_MVP                com.onedal.app                       D  🔍 [디버그] rep_map 신규 완료(1) 메시지함 GPS 원터치 그룹공지 장터게시판 잠금 빠른설정 거리 출발지 도착지 차종 요금 0.2 24.1 경안동 다산동 라 4.9 0.2 60.2 오전10시2/경안동 문발동 1t 10.1 5.1 29.0 급송/초월읍 강남구 라 5.5 5.0 51.6 오전10시47/실촌읍 서구 오 9.1 0.2 27.7 오후3시23/경안동 성북구
2026-04-16 22:19:56.352 16277-16277 1DAL_PARSER             com.onedal.app                       D  📋 [현재 셋팅된 필터값] 차종=[다마스, 라보, 오토바이], 지역=[가능동, 가좌동, 갈매동, 강일동, 걸포동, 검산동, 경안동, 고덕동, 고촌읍, 광암동, 교산동, 교하동, 구산동, 금릉동, 금촌동, 남한산성면, 내곡동, 다산동, 다율동, 당하동, 대자동, 대장동, 대화동, 덕이동, 덕풍동, 도농동, 도봉동, 동패동, 망월동, 맥금동, 목동동, 문발동, 문산읍, 백석동, 법곳동, 별내동, 사노동, 산남동, 산황동, 상계동, 상산곡동, 상일동, 상지석동, 서패동, 선동, 선유동, 설문동, 성사동, 성석동, 송정동, 송촌동, 수석동, 수택동, 식사동, 신원동, 신장동, 신촌동, 신평동, 쌍령동, 아동동, 야당동, 야동동, 양벌동, 양촌읍, 역동, 연다산동, 오금동, 오도동, 와동동, 운양동, 원당동, 월곶면, 월롱면, 인창동, 장단면, 장암동, 장항동, 장흥면, 조리읍, 주교동, 지금동, 지축동, 창우동, 천현동, 초월읍, 초이동, 초일동, 춘궁동, 탄벌동, 탄현동, 탄현면, 토당동, 토평동, 통진읍, 퇴계원읍, 퇴촌면, 파주읍, 풍동, 풍산동, 하사창동, 하산곡동, 하성면, 하지석동, 행주외동, 호원동, 회덕동], 하한요금=35000, 반경=30km, 블랙=[착불, 수거, 까대기, 전화금지, 타일]
2026-04-16 22:19:56.352 16277-16277 1DAL_PARSER             com.onedal.app                       D  🔍 [타겟 콜 파싱 결과] 차종=라, 도착지=다산동, 요금=49000, 거리=0.2km
2026-04-16 22:19:56.352 16277-16277 1DAL_PARSER             com.onedal.app                       D     차종(라)=✅ 도착지(다산동)=✅ 요금(49000)=✅ 상차지/거리(0.2km)=✅ 블랙()=✅
2026-04-16 22:19:56.352 16277-16277 1DAL_PARSER             com.onedal.app                       D  🎯 [5대 조건 통과!] → 클릭 실행 대상
2026-04-16 22:19:56.352 16277-16277 1DAL_MVP                com.onedal.app                       D  🚦 [ROADMAP 22:19:56.352] [📱앱] [LIST] AccessibilityService로 바뀐 리스트 감지 후 text 추출
2026-04-16 22:19:56.352 16277-16277 1DAL_MVP                com.onedal.app                       D  💥 [AUTO] 꿀콜 조건 통과! 대상 콜 강제 터치 진행!
2026-04-16 22:19:56.352 16277-16277 1DAL_MVP                com.onedal.app                       D  🚦 [ROADMAP 22:19:56.352] [📱앱] [LIST] 리스트에서 바뀐 text 감지 후 text 추출
2026-04-16 22:19:56.354 16277-16277 1DAL_MVP                com.onedal.app                       D  🚦 [ROADMAP 22:19:56.354] [📱앱] [LIST] [인성 Socket] 인성콜에 선택된 콜 정보 전달 (꿀콜 클릭!)
2026-04-16 22:19:56.407 16277-16277 1DAL_TOUCH              com.onedal.app                       D  ✅ [가로채기 성공!] 화면 좌표 (X:917.0, Y:568.0) 터치 완료!
2026-04-16 22:19:56.408 16277-16277 1DAL_MVP                com.onedal.app                       D  🚦 [ROADMAP 22:19:56.407] [📱앱] 버튼 터치 완료 (가로채기 성공) X:917.0, Y:568.0
2026-04-16 22:19:56.547 16277-16277 1DAL_MVP                com.onedal.app                       D  🚦 [ROADMAP 22:19:56.547] [📱앱] [DETAIL_PRE_CONFIRM] 새로운 화면 진입 판별: DETAIL_PRE_CONFIRM
2026-04-16 22:19:56.547 16277-16277 1DAL_MVP                com.onedal.app                       D  -------------------------------
2026-04-16 22:19:56.547 16277-16277 1DAL_MVP                com.onedal.app                       D  📡 화면 변경 감지 | 화면: DETAIL_PRE_CONFIRM | 모드: AUTO
2026-04-16 22:19:56.547 16277-16277 1DAL_MVP                com.onedal.app                       D  🔍 [디버그] rep_map 고양퀵서비스-031-932-7722 전표 상태 : 신규 물품 : 서류봉투 차량 : 라 탁송료 : 수수료 : 23% 요금 : 49,000(카드) 구분 : 편도 형태 : 보통 적요상세 *카고 입니다. 세금계산서필 12:50 상차. 마스크 카톤 서류봉투 명세서폐기. 현위치 ➔ 상차지 0.2 KM. 상차지 ➔ 하차지 24.1 KM 의뢰지 픽업 경안동
2026-04-16 22:19:56.553 16277-16277 1DAL_MVP                com.onedal.app                       D  📤 [post /confirm request] 서버 전송 내용 -> 모드: AUTO | 텍스트: rep_map 고양퀵서비스-031-932-7722 전표 상태 : 신규 물품 : 서류봉투 차량 : 라 탁송료 : 수수료 : 23% 요금 : 49,000(카드) 구분 : 편도 형태 : 보통 적요상세 *카고 입니다. 세금계산서필 12:50 상차. 마스크 카톤 서류봉투 명세서...
2026-04-16 22:19:56.553 16277-16277 1DAL_MVP                com.onedal.app                       D  🚀 [AUTO] 확정 버튼 광클 (배차 시도)
2026-04-16 22:19:56.554 16277-16277 1DAL_MVP                com.onedal.app                       D  🚦 [ROADMAP 22:19:56.553] [📱앱] [DETAIL_PRE_CONFIRM] 상세페이지 진입으로 바뀐 text중 '확정' 추출 후 클릭
2026-04-16 22:19:56.554 16277-16277 1DAL_MVP                com.onedal.app                       D  🚦 [ROADMAP 22:19:56.554] [📱앱] '확정' 버튼 인식 ➡️ 클릭 시도
2026-04-16 22:19:56.559 16277-16357 1DAL_API                com.onedal.app                       D  🌐 [post /confirm response / 200] {"success":true,"message":"1차 수신 완료. 상세 페이지 내용을 긁어서 POST /api/orders/detail 로 보내주세요."}
2026-04-16 22:19:56.559 16277-16357 1DAL_MVP                com.onedal.app                       D  🚦 [ROADMAP 22:19:56.559] [📱앱] [HTTP 폴링] 응답 /orders/confirm
2026-04-16 22:19:56.609 16277-16277 1DAL_TOUCH              com.onedal.app                       D  ✅ [가로채기 성공!] 화면 좌표 (X:161.0, Y:2251.0) 터치 완료!
2026-04-16 22:19:56.610 16277-16277 1DAL_MVP                com.onedal.app                       D  🚦 [ROADMAP 22:19:56.610] [📱앱] 버튼 터치 완료 (가로채기 성공) X:161.0, Y:2251.0
2026-04-16 22:19:56.744 16277-16277 1DAL_MVP                com.onedal.app                       D  🚦 [ROADMAP 22:19:56.744] [📱앱] [DETAIL_CONFIRMED] 새로운 화면 진입 판별: DETAIL_CONFIRMED
2026-04-16 22:19:56.744 16277-16277 1DAL_MVP                com.onedal.app                       D  -------------------------------
2026-04-16 22:19:56.744 16277-16277 1DAL_MVP                com.onedal.app                       D  📡 화면 변경 감지 | 화면: DETAIL_CONFIRMED | 모드: AUTO
2026-04-16 22:19:56.744 16277-16277 1DAL_MVP                com.onedal.app                       D  🔍 [디버그] rep_map 고양퀵서비스-031-932-7722 전표 상태 : 신규 물품 : 서류봉투 취소 차량 : 라 탁송료 : 0 수수료 : 23% 요금 : 49,000(카드) 구분 : 편도 형태 : 보통 적요상세 인수증 전송 *카고 입니다. 세금계산서필 12:50 상차. 마스크 카톤 서류봉투 명세서폐기. 현위치 ➔ 상차지 0.2 KM. 상차지 ➔ 하차지 24.1 K
