2026-04-16 22:19:56.745 16277-16277 1DAL_MVP                com.onedal.app                       D  🚦 [ROADMAP 22:19:56.744] [📱앱] [DETAIL_CONFIRMED] 확정페이지 진입
2026-04-16 22:19:56.745 16277-16277 1DAL_MVP                com.onedal.app                       D  🏄‍♂️ [자동 팝업 서핑] 확정 화면 진입 확인! 적요상세 팝업 호출 시도
2026-04-16 22:19:56.745 16277-16277 1DAL_MVP                com.onedal.app                       D  🚦 [ROADMAP 22:19:56.745] [📱앱] '적요상세' 버튼 인식 ➡️ 클릭 시도
2026-04-16 22:19:56.746 16277-16277 1DAL_MVP                com.onedal.app                       D  🚦 [ROADMAP 22:19:56.746] [📱앱] [DETAIL_CONFIRMED] 확정페이지에서 '적요상세' 추출 후 클릭
2026-04-16 22:19:56.746 16277-16277 1DAL_MVP                com.onedal.app                       I  📋 [SEQ 81] 적요상세 버튼 클릭 → 적요 정보 요청
2026-04-16 22:19:56.797 16277-16277 1DAL_TOUCH              com.onedal.app                       D  ✅ [가로채기 성공!] 화면 좌표 (X:149.0, Y:1153.0) 터치 완료!
2026-04-16 22:19:56.798 16277-16277 1DAL_MVP                com.onedal.app                       D  🚦 [ROADMAP 22:19:56.797] [📱앱] 버튼 터치 완료 (가로채기 성공) X:149.0, Y:1153.0
2026-04-16 22:19:56.930 16277-16277 1DAL_MVP                com.onedal.app                       D  🚦 [ROADMAP 22:19:56.930] [📱앱] [POPUP_MEMO] 새로운 화면 진입 판별: POPUP_MEMO
2026-04-16 22:19:56.930 16277-16277 1DAL_MVP                com.onedal.app                       D  -------------------------------
2026-04-16 22:19:56.930 16277-16277 1DAL_MVP                com.onedal.app                       D  📡 화면 변경 감지 | 화면: POPUP_MEMO | 모드: AUTO
2026-04-16 22:19:56.930 16277-16277 1DAL_MVP                com.onedal.app                       D  🔍 [디버그] rep_map 고양퀵서비스-031-932-7722 전표 상태 : 신규 물품 : 서류봉투 취소 차량 : 라 탁송료 : 0 수수료 : 23% 요금 : 49,000(카드) 구분 : 편도 형태 : 보통 적요상세 인수증 전송 *카고 입니다. 세금계산서필 12:50 상차. 마스크 카톤 서류봉투 명세서폐기. 현위치 ➔ 상차지 0.2 KM. 상차지 ➔ 하차지 24.1 K
2026-04-16 22:19:56.930 16277-16277 1DAL_MVP                com.onedal.app                       D  📝 적요 스크래핑 성공! 닫기 버튼 누름
2026-04-16 22:19:56.930 16277-16277 1DAL_MVP                com.onedal.app                       I  📋 [SEQ 81-82] 적요상세 추출 완료 → 닫기
2026-04-16 22:19:56.930 16277-16277 1DAL_MVP                com.onedal.app                       D  🚦 [ROADMAP 22:19:56.930] [📱앱] [POPUP_MEMO] 적요상세페이지에서 '젹요 내용' 추출 및 저장 후 닫기 클릭
2026-04-16 22:19:56.931 16277-16277 1DAL_MVP                com.onedal.app                       D  🚦 [ROADMAP 22:19:56.931] [📱앱] '닫기' 버튼 인식 ➡️ 클릭 시도
2026-04-16 22:19:56.983 16277-16277 1DAL_TOUCH              com.onedal.app                       D  ✅ [가로채기 성공!] 화면 좌표 (X:540.0, Y:2264.0) 터치 완료!
2026-04-16 22:19:56.984 16277-16277 1DAL_MVP                com.onedal.app                       D  🚦 [ROADMAP 22:19:56.984] [📱앱] 버튼 터치 완료 (가로채기 성공) X:540.0, Y:2264.0
2026-04-16 22:19:57.029 16277-16277 1DAL_MVP                com.onedal.app                       D  🚦 [ROADMAP 22:19:57.029] [📱앱] [DETAIL_CONFIRMED] 새로운 화면 진입 판별: DETAIL_CONFIRMED
2026-04-16 22:19:57.029 16277-16277 1DAL_MVP                com.onedal.app                       D  -------------------------------
2026-04-16 22:19:57.029 16277-16277 1DAL_MVP                com.onedal.app                       D  📡 화면 변경 감지 | 화면: DETAIL_CONFIRMED | 모드: AUTO
2026-04-16 22:19:57.029 16277-16277 1DAL_MVP                com.onedal.app                       D  🔍 [디버그] rep_map 고양퀵서비스-031-932-7722 전표 상태 : 신규 물품 : 서류봉투 취소 차량 : 라 탁송료 : 0 수수료 : 23% 요금 : 49,000(카드) 구분 : 편도 형태 : 보통 적요상세 인수증 전송 *카고 입니다. 세금계산서필 12:50 상차. 마스크 카톤 서류봉투 명세서폐기. 현위치 ➔ 상차지 0.2 KM. 상차지 ➔ 하차지 24.1 K
2026-04-16 22:19:57.029 16277-16277 1DAL_MVP                com.onedal.app                       D  🚦 [ROADMAP 22:19:57.029] [📱앱] [DETAIL_CONFIRMED] 확정페이지 진입
2026-04-16 22:19:57.029 16277-16277 1DAL_MVP                com.onedal.app                       D  🏄‍♂️ [자동 팝업 서핑] 적요 정보 확인 완료. 출발지 정보 확인을 위해 자동 클릭 시도
2026-04-16 22:19:57.030 16277-16277 1DAL_MVP                com.onedal.app                       D  🚦 [ROADMAP 22:19:57.030] [📱앱] [DETAIL_CONFIRMED] 확정페이지에서 '출발지' 추출 후 클릭
2026-04-16 22:19:57.030 16277-16277 1DAL_MVP                com.onedal.app                       D  🚦 [ROADMAP 22:19:57.030] [📱앱] '출발지' 버튼 인식 ➡️ 클릭 시도
2026-04-16 22:19:57.085 16277-16277 1DAL_TOUCH              com.onedal.app                       D  ✅ [가로채기 성공!] 화면 좌표 (X:539.0, Y:1592.0) 터치 완료!
2026-04-16 22:19:57.085 16277-16277 1DAL_MVP                com.onedal.app                       D  🚦 [ROADMAP 22:19:57.085] [📱앱] 버튼 터치 완료 (가로채기 성공) X:539.0, Y:1592.0
2026-04-16 22:19:57.156 16277-16277 1DAL_MVP                com.onedal.app                       D  🚦 [ROADMAP 22:19:57.156] [📱앱] [POPUP_PICKUP] 새로운 화면 진입 판별: POPUP_PICKUP
2026-04-16 22:19:57.156 16277-16277 1DAL_MVP                com.onedal.app                       D  -------------------------------
2026-04-16 22:19:57.156 16277-16277 1DAL_MVP                com.onedal.app                       D  📡 화면 변경 감지 | 화면: POPUP_PICKUP | 모드: AUTO
2026-04-16 22:19:57.156 16277-16277 1DAL_MVP                com.onedal.app                       D  🔍 [디버그] rep_map 고양퀵서비스-031-932-7722 전표 상태 : 신규 물품 : 서류봉투 취소 차량 : 라 탁송료 : 0 수수료 : 23% 요금 : 49,000(카드) 구분 : 편도 형태 : 보통 적요상세 인수증 전송 *카고 입니다. 세금계산서필 12:50 상차. 마스크 카톤 서류봉투 명세서폐기. 현위치 ➔ 상차지 0.2 KM. 상차지 ➔ 하차지 24.1 K
2026-04-16 22:19:57.156 16277-16277 1DAL_MVP                com.onedal.app                       D  📝 출발지 스크래핑 성공! 닫기 버튼 누름
2026-04-16 22:19:57.156 16277-16277 1DAL_MVP                com.onedal.app                       D  🚦 [ROADMAP 22:19:57.156] [📱앱] [POPUP_PICKUP] 출발지페이지 text중 '전화, 위치' 추출 및 저장 후 닫기 클릭
2026-04-16 22:19:57.157 16277-16277 1DAL_MVP                com.onedal.app                       D  🚦 [ROADMAP 22:19:57.157] [📱앱] '닫기' 버튼 인식 ➡️ 클릭 시도
2026-04-16 22:19:57.208 16277-16277 1DAL_TOUCH              com.onedal.app                       D  ✅ [가로채기 성공!] 화면 좌표 (X:136.0, Y:2264.0) 터치 완료!
2026-04-16 22:19:57.208 16277-16277 1DAL_MVP                com.onedal.app                       D  🚦 [ROADMAP 22:19:57.208] [📱앱] 버튼 터치 완료 (가로채기 성공) X:136.0, Y:2264.0
2026-04-16 22:19:57.337 16277-16277 1DAL_MVP                com.onedal.app                       D  🚦 [ROADMAP 22:19:57.337] [📱앱] [DETAIL_CONFIRMED] 새로운 화면 진입 판별: DETAIL_CONFIRMED
2026-04-16 22:19:57.337 16277-16277 1DAL_MVP                com.onedal.app                       D  -------------------------------
2026-04-16 22:19:57.337 16277-16277 1DAL_MVP                com.onedal.app                       D  📡 화면 변경 감지 | 화면: DETAIL_CONFIRMED | 모드: AUTO
2026-04-16 22:19:57.337 16277-16277 1DAL_MVP                com.onedal.app                       D  🔍 [디버그] rep_map 고양퀵서비스-031-932-7722 전표 상태 : 신규 물품 : 서류봉투 취소 차량 : 라 탁송료 : 0 수수료 : 23% 요금 : 49,000(카드) 구분 : 편도 형태 : 보통 적요상세 인수증 전송 *카고 입니다. 세금계산서필 12:50 상차. 마스크 카톤 서류봉투 명세서폐기. 현위치 ➔ 상차지 0.2 KM. 상차지 ➔ 하차지 24.1 K
2026-04-16 22:19:57.337 16277-16277 1DAL_MVP                com.onedal.app                       D  🚦 [ROADMAP 22:19:57.337] [📱앱] [DETAIL_CONFIRMED] 확정페이지 진입
2026-04-16 22:19:57.337 16277-16277 1DAL_MVP                com.onedal.app                       D  🏄‍♂️ [자동 팝업 서핑] 출발지 확인 완료. 도착지 정보 확인을 위해 자동 클릭 시도
2026-04-16 22:19:57.338 16277-16277 1DAL_MVP                com.onedal.app                       D  🚦 [ROADMAP 22:19:57.337] [📱앱] [DETAIL_CONFIRMED] 확정페이지에서 '도착지' 추출 후 클릭
2026-04-16 22:19:57.338 16277-16277 1DAL_MVP                com.onedal.app                       D  🚦 [ROADMAP 22:19:57.338] [📱앱] '도착지' 버튼 인식 ➡️ 클릭 시도
2026-04-16 22:19:57.392 16277-16277 1DAL_TOUCH              com.onedal.app                       D  ✅ [가로채기 성공!] 화면 좌표 (X:539.0, Y:1742.0) 터치 완료!
2026-04-16 22:19:57.393 16277-16277 1DAL_MVP                com.onedal.app                       D  🚦 [ROADMAP 22:19:57.392] [📱앱] 버튼 터치 완료 (가로채기 성공) X:539.0, Y:1742.0
2026-04-16 22:19:57.526 16277-16277 1DAL_MVP                com.onedal.app                       D  🚦 [ROADMAP 22:19:57.526] [📱앱] [POPUP_DROPOFF] 새로운 화면 진입 판별: POPUP_DROPOFF
2026-04-16 22:19:57.527 16277-16277 1DAL_MVP                com.onedal.app                       D  -------------------------------
2026-04-16 22:19:57.527 16277-16277 1DAL_MVP                com.onedal.app                       D  📡 화면 변경 감지 | 화면: POPUP_DROPOFF | 모드: AUTO
2026-04-16 22:19:57.527 16277-16277 1DAL_MVP                com.onedal.app                       D  🔍 [디버그] rep_map 고양퀵서비스-031-932-7722 전표 상태 : 신규 물품 : 서류봉투 취소 차량 : 라 탁송료 : 0 수수료 : 23% 요금 : 49,000(카드) 구분 : 편도 형태 : 보통 적요상세 인수증 전송 *카고 입니다. 세금계산서필 12:50 상차. 마스크 카톤 서류봉투 명세서폐기. 현위치 ➔ 상차지 0.2 KM. 상차지 ➔ 하차지 24.1 K
2026-04-16 22:19:57.527 16277-16277 1DAL_MVP                com.onedal.app                       D  📝 도착지 스크래핑 성공! 닫기 누름 및 전체 내용 /detail 로 발송
2026-04-16 22:19:57.527 16277-16277 1DAL_MVP                com.onedal.app                       D  🚦 [ROADMAP 22:19:57.527] [📱앱] [POPUP_DROPOFF] 도착지페이지 text중 '전화, 위치' 추출 및 저장 후 닫기 클릭
2026-04-16 22:19:57.527 16277-16277 1DAL_MVP                com.onedal.app                       D  🚦 [ROADMAP 22:19:57.527] [📱앱] '닫기' 버튼 인식 ➡️ 클릭 시도
2026-04-16 22:19:57.528 16277-16277 1DAL_MVP                com.onedal.app                       D  🚦 [ROADMAP 22:19:57.528] [📱앱] [POPUP_DROPOFF] 확정페이지 진입
2026-04-16 22:19:57.528 16277-16277 1DAL_MVP                com.onedal.app                       W  ⏳ 데스밸리 타이머 시작: 30초 대기...
2026-04-16 22:19:57.528 16277-16277 1DAL_MVP                com.onedal.app                       D  🌐 [post /detail request] AUTO 모드 판결 요청 텍스트: rep_map 고양퀵서비스-031-932-7722 전표 상태 : 신규 물품 : 서류봉투 취소 차량 : 라 탁송료 : 0 수수료 : 23% 요금 : 49,000(카드) 구분 : 편도 형태 : 보통 적요상세 인수증 전송 *카고 입니다. 세금계산서필 12:50 상차. 마스크...
2026-04-16 22:19:57.579 16277-16277 1DAL_TOUCH              com.onedal.app                       D  ✅ [가로채기 성공!] 화면 좌표 (X:136.0, Y:2264.0) 터치 완료!
2026-04-16 22:19:57.579 16277-16277 1DAL_MVP                com.onedal.app                       D  🚦 [ROADMAP 22:19:57.579] [📱앱] 버튼 터치 완료 (가로채기 성공) X:136.0, Y:2264.0
2026-04-16 22:20:04.092 16277-16357 1DAL_API                com.onedal.app                       D  🌐 [post /detail response / 200] {"deviceId":"server","action":"KEEP"}
2026-04-16 22:20:04.095 16277-16357 1DAL_MVP                com.onedal.app                       D  🚦 [ROADMAP 22:20:04.093] [📱앱] [HTTP 폴링] 응답 /orders/detail 유지 정보 전송
2026-04-16 22:20:04.095 16277-16357 1DAL_MVP                com.onedal.app                       D  🔄 서버 판결 도착: ID=fe5545cf-4575-4e70-a433-0dfab4020ce4, ACTION=KEEP
2026-04-16 22:20:04.095 16277-16357 1DAL_MVP                com.onedal.app                       D  ⚡ 판결 집행: 행동=KEEP, 누를버튼=닫기 (버튼클릭을 시작합니다), 500ms 지연
2026-04-16 22:20:04.613 16277-16277 1DAL_MVP                com.onedal.app                       D  🚦 [ROADMAP 22:20:04.613] [📱앱] '닫기' 버튼 인식 ➡️ 클릭 시도
2026-04-16 22:20:04.615 16277-16277 1DAL_MVP                com.onedal.app                       D  🚦 [ROADMAP 22:20:04.615] [📱앱] [POPUP_DROPOFF] '닫기' 클릭 후 리스트 페이지 복귀 (유지)
2026-04-16 22:20:04.615 16277-16277 1DAL_MVP                com.onedal.app                       D  🎉 행동 완료! 타겟($targetBtnStr) 명중.
2026-04-16 22:20:04.669 16277-16277 1DAL_TOUCH              com.onedal.app                       D  ✅ [가로채기 성공!] 화면 좌표 (X:122.0, Y:2251.0) 터치 완료!
2026-04-16 22:20:04.670 16277-16277 1DAL_MVP                com.onedal.app                       D  🚦 [ROADMAP 22:20:04.669] [📱앱] 버튼 터치 완료 (가로채기 성공) X:122.0, Y:2251.0
2026-04-16 22:20:04.842 16277-16277 1DAL_MVP                com.onedal.app                       D  🚦 [ROADMAP 22:20:04.841] [📱앱] [LIST] 새로운 화면 진입 판별: LIST
2026-04-16 22:20:04.842 16277-16277 1DAL_MVP                com.onedal.app                       D  -------------------------------
2026-04-16 22:20:04.842 16277-16277 1DAL_MVP                com.onedal.app                       D  📡 화면 변경 감지 | 화면: LIST | 모드: AUTO
2026-04-16 22:20:04.842 16277-16277 1DAL_MVP                com.onedal.app                       D  🔍 [디버그] rep_map 신규 완료(2) 메시지함 GPS 원터치 그룹공지 장터게시판 잠금 빠른설정 거리 출발지 도착지 차종 요금 13.6 14.4 급송/포곡읍 초월읍 라 3.1 0.2 60.2 오전10시2/경안동 문발동 1t 10.1 5.1 29.0 급송/초월읍 강남구 라 5.5 5.0 51.6 오전10시47/실촌읍 서구 오 9.1 0.2 27.7 오후3시23/경안동
2026-04-16 22:20:04.851 16277-16277 1DAL_PARSER             com.onedal.app                       D  📋 [현재 셋팅된 필터값] 차종=[다마스, 라보, 오토바이], 지역=[가능동, 가좌동, 갈매동, 강일동, 걸포동, 검산동, 경안동, 고덕동, 고촌읍, 광암동, 교산동, 교하동, 구산동, 금릉동, 금촌동, 남한산성면, 내곡동, 다산동, 다율동, 당하동, 대자동, 대장동, 대화동, 덕이동, 덕풍동, 도농동, 도봉동, 동패동, 망월동, 맥금동, 목동동, 문발동, 문산읍, 백석동, 법곳동, 별내동, 사노동, 산남동, 산황동, 상계동, 상산곡동, 상일동, 상지석동, 서패동, 선동, 선유동, 설문동, 성사동, 성석동, 송정동, 송촌동, 수석동, 수택동, 식사동, 신원동, 신장동, 신촌동, 신평동, 쌍령동, 아동동, 야당동, 야동동, 양벌동, 양촌읍, 역동, 연다산동, 오금동, 오도동, 와동동, 운양동, 원당동, 월곶면, 월롱면, 인창동, 장단면, 장암동, 장항동, 장흥면, 조리읍, 주교동, 지금동, 지축동, 창우동, 천현동, 초월읍, 초이동, 초일동, 춘궁동, 탄벌동, 탄현동, 탄현면, 토당동, 토평동, 통진읍, 퇴계원읍, 퇴촌면, 파주읍, 풍동, 풍산동, 하사창동, 하산곡동, 하성면, 하지석동, 행주외동, 호원동, 회덕동], 하한요금=35000, 반경=30km, 블랙=[착불, 수거, 까대기, 전화금지, 타일]
2026-04-16 22:20:04.851 16277-16277 1DAL_PARSER             com.onedal.app                       D  🔍 [타겟 콜 파싱 결과] [수식어:급송] 차종=라, 도착지=초월읍, 요금=31000, 거리=13.6km
2026-04-16 22:20:04.851 16277-16277 1DAL_PARSER             com.onedal.app                       D     차종(라)=✅ 도착지(초월읍)=✅ 요금(31000)=❌ 상차지/거리(13.6km)=✅ 블랙()=✅
2026-04-16 22:20:04.851 16277-16277 1DAL_PARSER             com.onedal.app                       D  ⛔ [조건 불충족] → 스킵
2026-04-16 22:20:05.155 16277-16277 1DAL_TELEMETRY          com.onedal.app                       D  🚀 [서버 송신] 👀 화면 변경 감지 발송 시작 (건수: 1, 화면: LIST)
2026-04-16 22:20:05.155 16277-16277 1DAL_TELEMETRY          com.onedal.app                       D  📦 [전송 페이로드] { "deviceId": "앱폰-sdk_gpho-160", "screenContext": "LIST", "data": [ 1개의 오더 객체... ] }
2026-04-16 22:20:05.155 16277-16277 1DAL_TELEMETRY          com.onedal.app                       D     └─ [data][0] 상세 정보:
                                                                                                    {
                                                                                                      "dropoff": "초월읍",
                                                                                                      "fare": 31000,
                                                                                                      "id": "17707f0c-e751-4b76-8a39-5c94a1101eb6",
                                                                                                      "pickup": "포곡읍",
                                                                                                      "pickupDistance": 13.6,
                                                                                                      "rawText": "13.6, 14.4, 급송/포곡읍, 초월읍, 라, 3.1",
                                                                                                      "timestamp": "2026-04-16T22:20:04Z",
                                                                                                      "type": "NEW_ORDER",
                                                                                                      "vehicleType": "라"
                                                                                                    }
2026-04-16 22:20:05.169 16277-16315 1DAL_API                com.onedal.app                       D  📡 [텔레메트리] 스크랩 1건 전송 완료 (모드: AUTO)
2026-04-16 22:20:05.170 16277-16315 1DAL_MVP                com.onedal.app                       D  🚦 [ROADMAP 22:20:05.169] [📱앱] [HTTP 폴링] 응답 (첫콜필터정보/제어명령)
2026-04-16 22:20:05.172 16277-16315 1DAL_API                com.onedal.app                       D  📋 [필터 동기화 (서버→앱) 적용됨] 맵핑된 필터 전체 스키마:
                                                                                                    {"allowedVehicleTypes":["다마스","라보","오토바이"],"isActive":false,"isSharedMode":true,"pickupRadiusKm":30.0,"minFare":35000.0,"maxFare":1000000.0,"excludedKeywords":"착불,수거,까대기,전화금지,타일","destinationCity":"파주시","destinationRadiusKm":10.0,"destinationKeywords":"가능동, 가좌동, 갈매동, 강일동, 걸포동, 검산동, 경안동, 고덕동, 고촌읍, 광암동, 교산동, 교하동, 구산동, 금릉동, 금촌동, 남한산성면, 내곡동, 다산동, 다율동, 당하동, 대자동, 대장동, 대화동, 덕이동, 덕풍동, 도농동, 도봉동, 동패동, 망월동, 맥금동, 목동동, 문발동, 문산읍, 백석동, 법곳동, 별내동, 사노동, 산남동, 산황동, 상계동, 상산곡동, 상일동, 상지석동, 서패동, 선동, 선유동, 설문동, 성사동, 성석동, 송정동, 송촌동, 수석동, 수택동, 식사동, 신원동, 신장동, 신촌동, 신평동, 쌍령동, 아동동, 야당동, 야동동, 양벌동, 양촌읍, 역동, 연다산동, 오금동, 오도동, 와동동, 운양동, 원당동, 월곶면, 월롱면, 인창동, 장단면, 장암동, 장항동, 장흥면, 조리읍, 주교동, 지금동, 지축동, 창우동, 천현동, 초월읍, 초이동, 초일동, 춘궁동, 탄벌동, 탄현동, 탄현면, 토당동, 토평동, 통진읍, 퇴계원읍, 퇴촌면, 파주읍, 풍동, 풍산동, 하사창동, 하산곡동, 하성면, 하지석동, 행주외동, 호원동, 회덕동","corridorRadiusKm":1.0,"userOverrides":false,"customFilters":[],"destinationGroups":{"도봉구":["도봉동"],"노원구":["상계동"],"강동구":["강일동","고덕동","상일동"],"의정부시":["가능동","장암동","호원동"],"고양시 덕양구":["내곡동","대자동","대장동","선유동","성사동","신원동","신평동","오금동","원당동","주교동","지축동","토당동","행주외동"],"고양시 일산동구":["백석동","산황동","설문동","성석동","식사동","장항동","풍동"],"고양시 일산서구":["가좌동","구산동","대화동","덕이동","법곳동","탄현동"],"구리시":["갈매동","사노동","수택동","인창동","토평동"],"남양주시":["다산동","도농동","별내동","수석동","지금동","퇴계원읍"],"하남시":["광암동","교산동","덕풍동","망월동","상산곡동","선동","신장동","창우동","천현동","초이동","초일동","춘궁동","풍산동","하사창동","하산곡동"],"파주시":["검산동","교하동","금릉동","금촌동","다율동","당하동","동패동","맥금동","목동동","문발동","문산읍","산남동","상지석동","서패동","송촌동","신촌동","아동동","야당동","야동동","연다산동","오도동","와동동","월롱면","장단면","조리읍","탄현면","파주읍","하지석동"],"김포시":["걸포동","고촌읍","양촌읍","운양동","월곶면","통진읍","하성면"],"광주시":["경안동","남한산성면","송정동","쌍령동","양벌동","역동","초월읍","탄벌동","퇴촌면","회덕동"],"양주시":["장흥면"]}}
2026-04-16 22:20:05.174 16277-16315 1DAL_TELEMETRY          com.onedal.app                       D  📥 [서버 수신] 👀 화면 변경 감지 완료 (수신된 모드: AUTO)
2026-04-16 22:20:06.339 16277-16277 1DAL_MVP                com.onedal.app                       D  🚦 [ROADMAP 22:20:06.338] [📱앱] [LIST] 새로운 화면 진입 판별: LIST
2026-04-16 22:20:06.339 16277-16277 1DAL_MVP                com.onedal.app                       D  -------------------------------
2026-04-16 22:20:06.339 16277-16277 1DAL_MVP                com.onedal.app                       D  📡 화면 변경 감지 | 화면: LIST | 모드: AUTO
2026-04-16 22:20:06.339 16277-16277 1DAL_MVP                com.onedal.app                       D  🔍 [디버그] rep_map 신규 완료(2) 메시지함 GPS 원터치 그룹공지 장터게시판 잠금 빠른설정 거리 출발지 도착지 차종 요금 8.5 58.8 낮12시/분당구 탄현면 오 10.2 13.6 14.4 급송/포곡읍 초월읍 라 3.1 0.2 60.2 오전10시2/경안동 문발동 1t 10.1 5.1 29.0 급송/초월읍 강남구 라 5.5 5.0 51.6 오전10시47/실촌읍
2026-04-16 22:20:06.345 16277-16277 1DAL_PARSER             com.onedal.app                       D  📋 [현재 셋팅된 필터값] 차종=[다마스, 라보, 오토바이], 지역=[가능동, 가좌동, 갈매동, 강일동, 걸포동, 검산동, 경안동, 고덕동, 고촌읍, 광암동, 교산동, 교하동, 구산동, 금릉동, 금촌동, 남한산성면, 내곡동, 다산동, 다율동, 당하동, 대자동, 대장동, 대화동, 덕이동, 덕풍동, 도농동, 도봉동, 동패동, 망월동, 맥금동, 목동동, 문발동, 문산읍, 백석동, 법곳동, 별내동, 사노동, 산남동, 산황동, 상계동, 상산곡동, 상일동, 상지석동, 서패동, 선동, 선유동, 설문동, 성사동, 성석동, 송정동, 송촌동, 수석동, 수택동, 식사동, 신원동, 신장동, 신촌동, 신평동, 쌍령동, 아동동, 야당동, 야동동, 양벌동, 양촌읍, 역동, 연다산동, 오금동, 오도동, 와동동, 운양동, 원당동, 월곶면, 월롱면, 인창동, 장단면, 장암동, 장항동, 장흥면, 조리읍, 주교동, 지금동, 지축동, 창우동, 천현동, 초월읍, 초이동, 초일동, 춘궁동, 탄벌동, 탄현동, 탄현면, 토당동, 토평동, 통진읍, 퇴계원읍, 퇴촌면, 파주읍, 풍동, 풍산동, 하사창동, 하산곡동, 하성면, 하지석동, 행주외동, 호원동, 회덕동], 하한요금=35000, 반경=30km, 블랙=[착불, 수거, 까대기, 전화금지, 타일]
2026-04-16 22:20:06.345 16277-16277 1DAL_PARSER             com.onedal.app                       D  🔍 [타겟 콜 파싱 결과] [수식어:낮12시] 차종=오, 도착지=탄현면, 요금=102000, 거리=8.5km
2026-04-16 22:20:06.345 16277-16277 1DAL_PARSER             com.onedal.app                       D     차종(오)=✅ 도착지(탄현면)=✅ 요금(102000)=✅ 상차지/거리(8.5km)=✅ 블랙()=✅
2026-04-16 22:20:06.345 16277-16277 1DAL_PARSER             com.onedal.app                       D  🎯 [5대 조건 통과!] → 클릭 실행 대상
2026-04-16 22:20:06.346 16277-16277 1DAL_MVP                com.onedal.app                       D  🚦 [ROADMAP 22:20:06.345] [📱앱] [LIST] AccessibilityService로 바뀐 리스트 감지 후 text 추출
2026-04-16 22:20:06.346 16277-16277 1DAL_MVP                com.onedal.app                       D  💥 [AUTO] 꿀콜 조건 통과! 대상 콜 강제 터치 진행!
2026-04-16 22:20:06.346 16277-16277 1DAL_MVP                com.onedal.app                       D  🚦 [ROADMAP 22:20:06.346] [📱앱] [LIST] 리스트에서 바뀐 text 감지 후 text 추출
2026-04-16 22:20:06.348 16277-16277 1DAL_MVP                com.onedal.app                       D  🚦 [ROADMAP 22:20:06.347] [📱앱] [LIST] [인성 Socket] 인성콜에 선택된 콜 정보 전달 (꿀콜 클릭!)
2026-04-16 22:20:06.398 16277-16277 1DAL_TOUCH              com.onedal.app                       D  ✅ [가로채기 성공!] 화면 좌표 (X:917.0, Y:568.0) 터치 완료!
2026-04-16 22:20:06.399 16277-16277 1DAL_MVP                com.onedal.app                       D  🚦 [ROADMAP 22:20:06.398] [📱앱] 버튼 터치 완료 (가로채기 성공) X:917.0, Y:568.0
2026-04-16 22:20:06.544 16277-16277 1DAL_MVP                com.onedal.app                       D  🚦 [ROADMAP 22:20:06.544] [📱앱] [DETAIL_PRE_CONFIRM] 새로운 화면 진입 판별: DETAIL_PRE_CONFIRM
2026-04-16 22:20:06.544 16277-16277 1DAL_MVP                com.onedal.app                       D  -------------------------------
2026-04-16 22:20:06.544 16277-16277 1DAL_MVP                com.onedal.app                       D  📡 화면 변경 감지 | 화면: DETAIL_PRE_CONFIRM | 모드: AUTO
2026-04-16 22:20:06.544 16277-16277 1DAL_MVP                com.onedal.app                       D  🔍 [디버그] rep_map 고양퀵서비스-031-932-7722 전표 상태 : 신규 물품 : 소형 가전 차량 : 오 탁송료 : 수수료 : 23% 요금 : 102,000(신용) 구분 : 편도 형태 : 예약 적요상세 *카고 입니다. 세금계산서필 12:00 상차. 마스크 카톤 소형 가전 명세서폐기. 현위치 ➔ 상차지 8.5 KM. 상차지 ➔ 하차지 58.8 KM 의뢰지 픽업 
2026-04-16 22:20:06.546 16277-16277 1DAL_MVP                com.onedal.app                       D  📤 [post /confirm request] 서버 전송 내용 -> 모드: AUTO | 텍스트: rep_map 고양퀵서비스-031-932-7722 전표 상태 : 신규 물품 : 소형 가전 차량 : 오 탁송료 : 수수료 : 23% 요금 : 102,000(신용) 구분 : 편도 형태 : 예약 적요상세 *카고 입니다. 세금계산서필 12:00 상차. 마스크 카톤 소형 가전 ...
2026-04-16 22:20:06.546 16277-16277 1DAL_MVP                com.onedal.app                       D  🚀 [AUTO] 확정 버튼 광클 (배차 시도)
2026-04-16 22:20:06.547 16277-16277 1DAL_MVP                com.onedal.app                       D  🚦 [ROADMAP 22:20:06.546] [📱앱] [DETAIL_PRE_CONFIRM] 상세페이지 진입으로 바뀐 text중 '확정' 추출 후 클릭
2026-04-16 22:20:06.547 16277-16277 1DAL_MVP                com.onedal.app                       D  🚦 [ROADMAP 22:20:06.547] [📱앱] '확정' 버튼 인식 ➡️ 클릭 시도
2026-04-16 22:20:06.598 16277-16277 1DAL_TOUCH              com.onedal.app                       D  ✅ [가로채기 성공!] 화면 좌표 (X:161.0, Y:2251.0) 터치 완료!
2026-04-16 22:20:06.599 16277-16277 1DAL_MVP                com.onedal.app                       D  🚦 [ROADMAP 22:20:06.599] [📱앱] 버튼 터치 완료 (가로채기 성공) X:161.0, Y:2251.0
2026-04-16 22:20:06.658 16277-16357 1DAL_API                com.onedal.app                       D  🌐 [post /confirm response / 200] {"success":true,"message":"1차 수신 완료. 상세 페이지 내용을 긁어서 POST /api/orders/detail 로 보내주세요."}
2026-04-16 22:20:06.659 16277-16357 1DAL_MVP                com.onedal.app                       D  🚦 [ROADMAP 22:20:06.658] [📱앱] [HTTP 폴링] 응답 /orders/confirm
2026-04-16 22:20:06.738 16277-16277 1DAL_MVP                com.onedal.app                       D  🚦 [ROADMAP 22:20:06.737] [📱앱] [DETAIL_CONFIRMED] 새로운 화면 진입 판별: DETAIL_CONFIRMED
2026-04-16 22:20:06.738 16277-16277 1DAL_MVP                com.onedal.app                       D  -------------------------------
2026-04-16 22:20:06.738 16277-16277 1DAL_MVP                com.onedal.app                       D  📡 화면 변경 감지 | 화면: DETAIL_CONFIRMED | 모드: AUTO
2026-04-16 22:20:06.738 16277-16277 1DAL_MVP                com.onedal.app                       D  🔍 [디버그] rep_map 고양퀵서비스-031-932-7722 전표 상태 : 신규 물품 : 소형 가전 취소 차량 : 오 탁송료 : 0 수수료 : 23% 요금 : 102,000(신용) 구분 : 편도 형태 : 예약 적요상세 인수증 전송 *카고 입니다. 세금계산서필 12:00 상차. 마스크 카톤 소형 가전 명세서폐기. 현위치 ➔ 상차지 8.5 KM. 상차지 ➔ 하차지 58.
2026-04-16 22:20:06.738 16277-16277 1DAL_MVP                com.onedal.app                       D  🚦 [ROADMAP 22:20:06.738] [📱앱] [DETAIL_CONFIRMED] 확정페이지 진입
2026-04-16 22:20:06.738 16277-16277 1DAL_MVP                com.onedal.app                       D  🏄‍♂️ [자동 팝업 서핑] 확정 화면 진입 확인! 적요상세 팝업 호출 시도
2026-04-16 22:20:06.738 16277-16277 1DAL_MVP                com.onedal.app                       D  🚦 [ROADMAP 22:20:06.738] [📱앱] '적요상세' 버튼 인식 ➡️ 클릭 시도
2026-04-16 22:20:06.739 16277-16277 1DAL_MVP                com.onedal.app                       D  🚦 [ROADMAP 22:20:06.739] [📱앱] [DETAIL_CONFIRMED] 확정페이지에서 '적요상세' 추출 후 클릭
2026-04-16 22:20:06.739 16277-16277 1DAL_MVP                com.onedal.app                       I  📋 [SEQ 81] 적요상세 버튼 클릭 → 적요 정보 요청
2026-04-16 22:20:06.791 16277-16277 1DAL_TOUCH              com.onedal.app                       D  ✅ [가로채기 성공!] 화면 좌표 (X:149.0, Y:1153.0) 터치 완료!
2026-04-16 22:20:06.792 16277-16277 1DAL_MVP                com.onedal.app                       D  🚦 [ROADMAP 22:20:06.791] [📱앱] 버튼 터치 완료 (가로채기 성공) X:149.0, Y:1153.0
2026-04-16 22:20:06.912 16277-16277 1DAL_MVP                com.onedal.app                       D  🚦 [ROADMAP 22:20:06.911] [📱앱] [POPUP_MEMO] 새로운 화면 진입 판별: POPUP_MEMO
2026-04-16 22:20:06.912 16277-16277 1DAL_MVP                com.onedal.app                       D  -------------------------------
2026-04-16 22:20:06.912 16277-16277 1DAL_MVP                com.onedal.app                       D  📡 화면 변경 감지 | 화면: POPUP_MEMO | 모드: AUTO
2026-04-16 22:20:06.912 16277-16277 1DAL_MVP                com.onedal.app                       D  🔍 [디버그] rep_map 고양퀵서비스-031-932-7722 전표 상태 : 신규 물품 : 소형 가전 취소 차량 : 오 탁송료 : 0 수수료 : 23% 요금 : 102,000(신용) 구분 : 편도 형태 : 예약 적요상세 인수증 전송 *카고 입니다. 세금계산서필 12:00 상차. 마스크 카톤 소형 가전 명세서폐기. 현위치 ➔ 상차지 8.5 KM. 상차지 ➔ 하차지 58.
2026-04-16 22:20:06.912 16277-16277 1DAL_MVP                com.onedal.app                       D  📝 적요 스크래핑 성공! 닫기 버튼 누름
2026-04-16 22:20:06.912 16277-16277 1DAL_MVP                com.onedal.app                       I  📋 [SEQ 81-82] 적요상세 추출 완료 → 닫기
2026-04-16 22:20:06.912 16277-16277 1DAL_MVP                com.onedal.app                       D  🚦 [ROADMAP 22:20:06.912] [📱앱] [POPUP_MEMO] 적요상세페이지에서 '젹요 내용' 추출 및 저장 후 닫기 클릭
2026-04-16 22:20:06.912 16277-16277 1DAL_MVP                com.onedal.app                       D  🚦 [ROADMAP 22:20:06.912] [📱앱] '닫기' 버튼 인식 ➡️ 클릭 시도
2026-04-16 22:20:06.964 16277-16277 1DAL_TOUCH              com.onedal.app                       D  ✅ [가로채기 성공!] 화면 좌표 (X:540.0, Y:2264.0) 터치 완료!
2026-04-16 22:20:06.964 16277-16277 1DAL_MVP                com.onedal.app                       D  🚦 [ROADMAP 22:20:06.964] [📱앱] 버튼 터치 완료 (가로채기 성공) X:540.0, Y:2264.0
2026-04-16 22:20:07.012 16277-16277 1DAL_MVP                com.onedal.app                       D  🚦 [ROADMAP 22:20:07.012] [📱앱] [DETAIL_CONFIRMED] 새로운 화면 진입 판별: DETAIL_CONFIRMED
2026-04-16 22:20:07.012 16277-16277 1DAL_MVP                com.onedal.app                       D  -------------------------------
2026-04-16 22:20:07.012 16277-16277 1DAL_MVP                com.onedal.app                       D  📡 화면 변경 감지 | 화면: DETAIL_CONFIRMED | 모드: AUTO
2026-04-16 22:20:07.012 16277-16277 1DAL_MVP                com.onedal.app                       D  🔍 [디버그] rep_map 고양퀵서비스-031-932-7722 전표 상태 : 신규 물품 : 소형 가전 취소 차량 : 오 탁송료 : 0 수수료 : 23% 요금 : 102,000(신용) 구분 : 편도 형태 : 예약 적요상세 인수증 전송 *카고 입니다. 세금계산서필 12:00 상차. 마스크 카톤 소형 가전 명세서폐기. 현위치 ➔ 상차지 8.5 KM. 상차지 ➔ 하차지 58.
2026-04-16 22:20:07.013 16277-16277 1DAL_MVP                com.onedal.app                       D  🚦 [ROADMAP 22:20:07.012] [📱앱] [DETAIL_CONFIRMED] 확정페이지 진입
2026-04-16 22:20:07.013 16277-16277 1DAL_MVP                com.onedal.app                       D  🏄‍♂️ [자동 팝업 서핑] 적요 정보 확인 완료. 출발지 정보 확인을 위해 자동 클릭 시도
2026-04-16 22:20:07.013 16277-16277 1DAL_MVP                com.onedal.app                       D  🚦 [ROADMAP 22:20:07.013] [📱앱] [DETAIL_CONFIRMED] 확정페이지에서 '출발지' 추출 후 클릭
2026-04-16 22:20:07.014 16277-16277 1DAL_MVP                com.onedal.app                       D  🚦 [ROADMAP 22:20:07.014] [📱앱] '출발지' 버튼 인식 ➡️ 클릭 시도
2026-04-16 22:20:07.066 16277-16277 1DAL_TOUCH              com.onedal.app                       D  ✅ [가로채기 성공!] 화면 좌표 (X:539.0, Y:1592.0) 터치 완료!
2026-04-16 22:20:07.066 16277-16277 1DAL_MVP                com.onedal.app                       D  🚦 [ROADMAP 22:20:07.066] [📱앱] 버튼 터치 완료 (가로채기 성공) X:539.0, Y:1592.0
2026-04-16 22:20:07.141 16277-16277 1DAL_MVP                com.onedal.app                       D  🚦 [ROADMAP 22:20:07.141] [📱앱] [POPUP_PICKUP] 새로운 화면 진입 판별: POPUP_PICKUP
2026-04-16 22:20:07.141 16277-16277 1DAL_MVP                com.onedal.app                       D  -------------------------------
2026-04-16 22:20:07.141 16277-16277 1DAL_MVP                com.onedal.app                       D  📡 화면 변경 감지 | 화면: POPUP_PICKUP | 모드: AUTO
2026-04-16 22:20:07.141 16277-16277 1DAL_MVP                com.onedal.app                       D  🔍 [디버그] rep_map 고양퀵서비스-031-932-7722 전표 상태 : 신규 물품 : 소형 가전 취소 차량 : 오 탁송료 : 0 수수료 : 23% 요금 : 102,000(신용) 구분 : 편도 형태 : 예약 적요상세 인수증 전송 *카고 입니다. 세금계산서필 12:00 상차. 마스크 카톤 소형 가전 명세서폐기. 현위치 ➔ 상차지 8.5 KM. 상차지 ➔ 하차지 58.
2026-04-16 22:20:07.142 16277-16277 1DAL_MVP                com.onedal.app                       D  📝 출발지 스크래핑 성공! 닫기 버튼 누름
2026-04-16 22:20:07.142 16277-16277 1DAL_MVP                com.onedal.app                       D  🚦 [ROADMAP 22:20:07.142] [📱앱] [POPUP_PICKUP] 출발지페이지 text중 '전화, 위치' 추출 및 저장 후 닫기 클릭
2026-04-16 22:20:07.143 16277-16277 1DAL_MVP                com.onedal.app                       D  🚦 [ROADMAP 22:20:07.143] [📱앱] '닫기' 버튼 인식 ➡️ 클릭 시도
2026-04-16 22:20:07.194 16277-16277 1DAL_TOUCH              com.onedal.app                       D  ✅ [가로채기 성공!] 화면 좌표 (X:136.0, Y:2264.0) 터치 완료!
2026-04-16 22:20:07.195 16277-16277 1DAL_MVP                com.onedal.app                       D  🚦 [ROADMAP 22:20:07.195] [📱앱] 버튼 터치 완료 (가로채기 성공) X:136.0, Y:2264.0
2026-04-16 22:20:07.247 16277-16277 1DAL_MVP                com.onedal.app                       D  🚦 [ROADMAP 22:20:07.247] [📱앱] [DETAIL_CONFIRMED] 새로운 화면 진입 판별: DETAIL_CONFIRMED
2026-04-16 22:20:07.247 16277-16277 1DAL_MVP                com.onedal.app                       D  -------------------------------
2026-04-16 22:20:07.247 16277-16277 1DAL_MVP                com.onedal.app                       D  📡 화면 변경 감지 | 화면: DETAIL_CONFIRMED | 모드: AUTO
2026-04-16 22:20:07.247 16277-16277 1DAL_MVP                com.onedal.app                       D  🔍 [디버그] rep_map 고양퀵서비스-031-932-7722 전표 상태 : 신규 물품 : 소형 가전 취소 차량 : 오 탁송료 : 0 수수료 : 23% 요금 : 102,000(신용) 구분 : 편도 형태 : 예약 적요상세 인수증 전송 *카고 입니다. 세금계산서필 12:00 상차. 마스크 카톤 소형 가전 명세서폐기. 현위치 ➔ 상차지 8.5 KM. 상차지 ➔ 하차지 58.
2026-04-16 22:20:07.247 16277-16277 1DAL_MVP                com.onedal.app                       D  🚦 [ROADMAP 22:20:07.247] [📱앱] [DETAIL_CONFIRMED] 확정페이지 진입
2026-04-16 22:20:07.247 16277-16277 1DAL_MVP                com.onedal.app                       D  🏄‍♂️ [자동 팝업 서핑] 출발지 확인 완료. 도착지 정보 확인을 위해 자동 클릭 시도
2026-04-16 22:20:07.247 16277-16277 1DAL_MVP                com.onedal.app                       D  🚦 [ROADMAP 22:20:07.247] [📱앱] [DETAIL_CONFIRMED] 확정페이지에서 '도착지' 추출 후 클릭
2026-04-16 22:20:07.250 16277-16277 1DAL_MVP                com.onedal.app                       D  🚦 [ROADMAP 22:20:07.250] [📱앱] '도착지' 버튼 인식 ➡️ 클릭 시도
2026-04-16 22:20:07.302 16277-16277 1DAL_TOUCH              com.onedal.app                       D  ✅ [가로채기 성공!] 화면 좌표 (X:539.0, Y:1742.0) 터치 완료!
2026-04-16 22:20:07.302 16277-16277 1DAL_MVP                com.onedal.app                       D  🚦 [ROADMAP 22:20:07.302] [📱앱] 버튼 터치 완료 (가로채기 성공) X:539.0, Y:1742.0
2026-04-16 22:20:07.359 16277-16277 1DAL_MVP                com.onedal.app                       D  🚦 [ROADMAP 22:20:07.359] [📱앱] [POPUP_DROPOFF] 새로운 화면 진입 판별: POPUP_DROPOFF
2026-04-16 22:20:07.359 16277-16277 1DAL_MVP                com.onedal.app                       D  -------------------------------
2026-04-16 22:20:07.360 16277-16277 1DAL_MVP                com.onedal.app                       D  📡 화면 변경 감지 | 화면: POPUP_DROPOFF | 모드: AUTO
2026-04-16 22:20:07.360 16277-16277 1DAL_MVP                com.onedal.app                       D  🔍 [디버그] rep_map 고양퀵서비스-031-932-7722 전표 상태 : 신규 물품 : 소형 가전 취소 차량 : 오 탁송료 : 0 수수료 : 23% 요금 : 102,000(신용) 구분 : 편도 형태 : 예약 적요상세 인수증 전송 *카고 입니다. 세금계산서필 12:00 상차. 마스크 카톤 소형 가전 명세서폐기. 현위치 ➔ 상차지 8.5 KM. 상차지 ➔ 하차지 58.
2026-04-16 22:20:07.360 16277-16277 1DAL_MVP                com.onedal.app                       D  📝 도착지 스크래핑 성공! 닫기 누름 및 전체 내용 /detail 로 발송
2026-04-16 22:20:07.360 16277-16277 1DAL_MVP                com.onedal.app                       D  🚦 [ROADMAP 22:20:07.360] [📱앱] [POPUP_DROPOFF] 도착지페이지 text중 '전화, 위치' 추출 및 저장 후 닫기 클릭
2026-04-16 22:20:07.361 16277-16277 1DAL_MVP                com.onedal.app                       D  🚦 [ROADMAP 22:20:07.360] [📱앱] '닫기' 버튼 인식 ➡️ 클릭 시도
2026-04-16 22:20:07.361 16277-16277 1DAL_MVP                com.onedal.app                       D  🚦 [ROADMAP 22:20:07.361] [📱앱] [POPUP_DROPOFF] 확정페이지 진입
2026-04-16 22:20:07.361 16277-16277 1DAL_MVP                com.onedal.app                       W  ⏳ 데스밸리 타이머 시작: 30초 대기...
2026-04-16 22:20:07.361 16277-16277 1DAL_MVP                com.onedal.app                       D  🌐 [post /detail request] AUTO 모드 판결 요청 텍스트: rep_map 고양퀵서비스-031-932-7722 전표 상태 : 신규 물품 : 소형 가전 취소 차량 : 오 탁송료 : 0 수수료 : 23% 요금 : 102,000(신용) 구분 : 편도 형태 : 예약 적요상세 인수증 전송 *카고 입니다. 세금계산서필 12:00 상차. 마...
2026-04-16 22:20:07.413 16277-16277 1DAL_TOUCH              com.onedal.app                       D  ✅ [가로채기 성공!] 화면 좌표 (X:136.0, Y:2264.0) 터치 완료!
2026-04-16 22:20:07.413 16277-16277 1DAL_MVP                com.onedal.app                       D  🚦 [ROADMAP 22:20:07.413] [📱앱] 버튼 터치 완료 (가로채기 성공) X:136.0, Y:2264.0
2026-04-16 22:20:11.694 16277-16357 1DAL_API                com.onedal.app                       D  🌐 [post /detail response / 200] {"deviceId":"server","action":"CANCEL"}
2026-04-16 22:20:11.700 16277-16357 1DAL_MVP                com.onedal.app                       D  🚦 [ROADMAP 22:20:11.696] [📱앱] [HTTP 폴링] 응답 /orders/detail 취소 정보 전송
2026-04-16 22:20:11.700 16277-16357 1DAL_MVP                com.onedal.app                       D  🔄 서버 판결 도착: ID=4f14e2ea-4a6d-4ebf-abe4-f752812a7f25, ACTION=CANCEL
2026-04-16 22:20:11.700 16277-16357 1DAL_MVP                com.onedal.app                       D  ⚡ 판결 집행: 행동=CANCEL, 누를버튼=취소 (버튼클릭을 시작합니다), 500ms 지연
2026-04-16 22:20:12.206 16277-16277 1DAL_MVP                com.onedal.app                       D  🚦 [ROADMAP 22:20:12.206] [📱앱] '취소' 버튼 인식 ➡️ 클릭 시도
2026-04-16 22:20:12.210 16277-16277 1DAL_MVP                com.onedal.app                       D  🚦 [ROADMAP 22:20:12.209] [📱앱] [POPUP_DROPOFF] '취소' 클릭 후 인성 Socket 취소 지시
2026-04-16 22:20:12.210 16277-16277 1DAL_MVP                com.onedal.app                       D  🎉 행동 완료! 타겟($targetBtnStr) 명중.
2026-04-16 22:20:12.260 16277-16277 1DAL_TOUCH              com.onedal.app                       D  ✅ [가로채기 성공!] 화면 좌표 (X:950.0, Y:478.0) 터치 완료!
2026-04-16 22:20:12.262 16277-16277 1DAL_MVP                com.onedal.app                       D  🚦 [ROADMAP 22:20:12.261] [📱앱] 버튼 터치 완료 (가로채기 성공) X:950.0, Y:478.0
2026-04-16 22:20:12.430 16277-16277 1DAL_MVP                com.onedal.app                       D  🚦 [ROADMAP 22:20:12.429] [📱앱] [LIST] 새로운 화면 진입 판별: LIST
2026-04-16 22:20:12.430 16277-16277 1DAL_MVP                com.onedal.app                       D  -------------------------------
2026-04-16 22:20:12.430 16277-16277 1DAL_MVP                com.onedal.app                       D  📡 화면 변경 감지 | 화면: LIST | 모드: AUTO
2026-04-16 22:20:12.430 16277-16277 1DAL_MVP                com.onedal.app                       D  🔍 [디버그] rep_map 신규 완료(2) 메시지함 GPS 원터치 그룹공지 장터게시판 잠금 빠른설정 거리 출발지 도착지 차종 요금 5.0 301.2 @ 실촌읍 해운대구 다 46.5 13.6 14.4 급송/포곡읍 초월읍 라 3.1 0.2 60.2 오전10시2/경안동 문발동 1t 10.1 5.1 29.0 급송/초월읍 강남구 라 5.5 5.0 51.6 오전10시47/실촌읍 
2026-04-16 22:20:12.434 16277-16277 1DAL_PARSER             com.onedal.app                       D  📋 [현재 셋팅된 필터값] 차종=[다마스, 라보, 오토바이], 지역=[가능동, 가좌동, 갈매동, 강일동, 걸포동, 검산동, 경안동, 고덕동, 고촌읍, 광암동, 교산동, 교하동, 구산동, 금릉동, 금촌동, 남한산성면, 내곡동, 다산동, 다율동, 당하동, 대자동, 대장동, 대화동, 덕이동, 덕풍동, 도농동, 도봉동, 동패동, 망월동, 맥금동, 목동동, 문발동, 문산읍, 백석동, 법곳동, 별내동, 사노동, 산남동, 산황동, 상계동, 상산곡동, 상일동, 상지석동, 서패동, 선동, 선유동, 설문동, 성사동, 성석동, 송정동, 송촌동, 수석동, 수택동, 식사동, 신원동, 신장동, 신촌동, 신평동, 쌍령동, 아동동, 야당동, 야동동, 양벌동, 양촌읍, 역동, 연다산동, 오금동, 오도동, 와동동, 운양동, 원당동, 월곶면, 월롱면, 인창동, 장단면, 장암동, 장항동, 장흥면, 조리읍, 주교동, 지금동, 지축동, 창우동, 천현동, 초월읍, 초이동, 초일동, 춘궁동, 탄벌동, 탄현동, 탄현면, 토당동, 토평동, 통진읍, 퇴계원읍, 퇴촌면, 파주읍, 풍동, 풍산동, 하사창동, 하산곡동, 하성면, 하지석동, 행주외동, 호원동, 회덕동], 하한요금=35000, 반경=30km, 블랙=[착불, 수거, 까대기, 전화금지, 타일]
2026-04-16 22:20:12.434 16277-16277 1DAL_PARSER             com.onedal.app                       D  🔍 [타겟 콜 파싱 결과] 차종=다, 도착지=해운대구, 요금=465000, 거리=5.0km
2026-04-16 22:20:12.434 16277-16277 1DAL_PARSER             com.onedal.app                       D     차종(다)=✅ 도착지(해운대구)=❌ 요금(465000)=✅ 상차지/거리(5.0km)=✅ 블랙()=✅
2026-04-16 22:20:12.434 16277-16277 1DAL_PARSER             com.onedal.app                       D  ⛔ [조건 불충족] → 스킵
2026-04-16 22:20:12.740 16277-16277 1DAL_TELEMETRY          com.onedal.app                       D  🚀 [서버 송신] 👀 화면 변경 감지 발송 시작 (건수: 1, 화면: LIST)
2026-04-16 22:20:12.740 16277-16277 1DAL_TELEMETRY          com.onedal.app                       D  📦 [전송 페이로드] { "deviceId": "앱폰-sdk_gpho-160", "screenContext": "LIST", "data": [ 1개의 오더 객체... ] }
2026-04-16 22:20:12.740 16277-16277 1DAL_TELEMETRY          com.onedal.app                       D     └─ [data][0] 상세 정보:
                                                                                                    {
                                                                                                      "dropoff": "해운대구",
                                                                                                      "fare": 465000,
                                                                                                      "id": "50283290-38b2-49bb-a3d4-8efb01e1f531",
                                                                                                      "pickup": "실촌읍",
                                                                                                      "pickupDistance": 5.0,
                                                                                                      "rawText": "5.0, 301.2, @, 실촌읍, 해운대구, 다, 46.5",
                                                                                                      "timestamp": "2026-04-16T22:20:12Z",
                                                                                                      "type": "NEW_ORDER",
                                                                                                      "vehicleType": "다"
                                                                                                    }
2026-04-16 22:20:12.755 16277-16315 1DAL_API                com.onedal.app                       D  📡 [텔레메트리] 스크랩 1건 전송 완료 (모드: AUTO)
2026-04-16 22:20:12.756 16277-16315 1DAL_MVP                com.onedal.app                       D  🚦 [ROADMAP 22:20:12.756] [📱앱] [HTTP 폴링] 응답 (첫콜필터정보/제어명령)
2026-04-16 22:20:12.757 16277-16315 1DAL_API                com.onedal.app                       D  📋 [필터 동기화 (서버→앱) 적용됨] 맵핑된 필터 전체 스키마:
                                                                                                    {"allowedVehicleTypes":["다마스","라보","오토바이"],"isActive":true,"isSharedMode":true,"pickupRadiusKm":30.0,"minFare":35000.0,"maxFare":1000000.0,"excludedKeywords":"착불,수거,까대기,전화금지,타일","destinationCity":"파주시","destinationRadiusKm":10.0,"destinationKeywords":"가능동, 가좌동, 갈매동, 강일동, 걸포동, 검산동, 경안동, 고덕동, 고촌읍, 광암동, 교산동, 교하동, 구산동, 금릉동, 금촌동, 남한산성면, 내곡동, 다산동, 다율동, 당하동, 대자동, 대장동, 대화동, 덕이동, 덕풍동, 도농동, 도봉동, 동패동, 망월동, 맥금동, 목동동, 문발동, 문산읍, 백석동, 법곳동, 별내동, 사노동, 산남동, 산황동, 상계동, 상산곡동, 상일동, 상지석동, 서패동, 선동, 선유동, 설문동, 성사동, 성석동, 송정동, 송촌동, 수석동, 수택동, 식사동, 신원동, 신장동, 신촌동, 신평동, 쌍령동, 아동동, 야당동, 야동동, 양벌동, 양촌읍, 역동, 연다산동, 오금동, 오도동, 와동동, 운양동, 원당동, 월곶면, 월롱면, 인창동, 장단면, 장암동, 장지동, 장항동, 장흥면, 조리읍, 주교동, 지금동, 지축동, 창우동, 천현동, 초월읍, 초이동, 초일동, 춘궁동, 탄벌동, 탄현동, 탄현면, 토당동, 토평동, 통진읍, 퇴계원읍, 퇴촌면, 파주읍, 풍동, 풍산동, 하사창동, 하산곡동, 하성면, 하지석동, 행주외동, 호원동, 회덕동","corridorRadiusKm":1.0,"userOverrides":false,"customFilters":[],"destinationGroups":{"도봉구":["도봉동"],"노원구":["상계동"],"강동구":["강일동","고덕동","상일동"],"의정부시":["가능동","장암동","호원동"],"고양시 덕양구":["내곡동","대자동","대장동","선유동","성사동","신원동","신평동","오금동","원당동","주교동","지축동","토당동","행주외동"],"고양시 일산동구":["백석동","산황동","설문동","성석동","식사동","장항동","풍동"],"고양시 일산서구":["가좌동","구산동","대화동","덕이동","법곳동","탄현동"],"구리시":["갈매동","사노동","수택동","인창동","토평동"],"남양주시":["다산동","도농동","별내동","수석동","지금동","퇴계원읍"],"하남시":["광암동","교산동","덕풍동","망월동","상산곡동","선동","신장동","창우동","천현동","초이동","초일동","춘궁동","풍산동","하사창동","하산곡동"],"파주시":["검산동","교하동","금릉동","금촌동","다율동","당하동","동패동","맥금동","목동동","문발동","문산읍","산남동","상지석동","서패동","송촌동","신촌동","아동동","야당동","야동동","연다산동","오도동","와동동","월롱면","장단면","조리읍","탄현면","파주읍","하지석동"],"김포시":["걸포동","고촌읍","양촌읍","운양동","월곶면","통진읍","하성면"],"광주시":["경안동","남한산성면","송정동","쌍령동","양벌동","역동","장지동","초월읍","탄벌동","퇴촌면","회덕동"],"양주시":["장흥면"]}}
2026-04-16 22:20:12.758 16277-16315 1DAL_TELEMETRY          com.onedal.app                       D  📥 [서버 수신] 👀 화면 변경 감지 완료 (수신된 모드: AUTO)
2026-04-16 22:20:16.348 16277-16277 1DAL_MVP                com.onedal.app                       D  🚦 [ROADMAP 22:20:16.347] [📱앱] [LIST] 새로운 화면 진입 판별: LIST
2026-04-16 22:20:16.348 16277-16277 1DAL_MVP                com.onedal.app                       D  -------------------------------
2026-04-16 22:20:16.348 16277-16277 1DAL_MVP                com.onedal.app                       D  📡 화면 변경 감지 | 화면: LIST | 모드: AUTO
2026-04-16 22:20:16.348 16277-16277 1DAL_MVP                com.onedal.app                       D  🔍 [디버그] rep_map 신규 완료(2) 메시지함 GPS 원터치 그룹공지 장터게시판 잠금 빠른설정 거리 출발지 도착지 차종 요금 12.3 31.9 급송/곤지암읍 광진구 라 6.0 5.0 301.2 @ 실촌읍 해운대구 다 46.5 13.6 14.4 급송/포곡읍 초월읍 라 3.1 0.2 60.2 오전10시2/경안동 문발동 1t 10.1 5.1 29.0 급송/초월읍 강남구
2026-04-16 22:20:16.352 16277-16277 1DAL_PARSER             com.onedal.app                       D  📋 [현재 셋팅된 필터값] 차종=[다마스, 라보, 오토바이], 지역=[가능동, 가좌동, 갈매동, 강일동, 걸포동, 검산동, 경안동, 고덕동, 고촌읍, 광암동, 교산동, 교하동, 구산동, 금릉동, 금촌동, 남한산성면, 내곡동, 다산동, 다율동, 당하동, 대자동, 대장동, 대화동, 덕이동, 덕풍동, 도농동, 도봉동, 동패동, 망월동, 맥금동, 목동동, 문발동, 문산읍, 백석동, 법곳동, 별내동, 사노동, 산남동, 산황동, 상계동, 상산곡동, 상일동, 상지석동, 서패동, 선동, 선유동, 설문동, 성사동, 성석동, 송정동, 송촌동, 수석동, 수택동, 식사동, 신원동, 신장동, 신촌동, 신평동, 쌍령동, 아동동, 야당동, 야동동, 양벌동, 양촌읍, 역동, 연다산동, 오금동, 오도동, 와동동, 운양동, 원당동, 월곶면, 월롱면, 인창동, 장단면, 장암동, 장지동, 장항동, 장흥면, 조리읍, 주교동, 지금동, 지축동, 창우동, 천현동, 초월읍, 초이동, 초일동, 춘궁동, 탄벌동, 탄현동, 탄현면, 토당동, 토평동, 통진읍, 퇴계원읍, 퇴촌면, 파주읍, 풍동, 풍산동, 하사창동, 하산곡동, 하성면, 하지석동, 행주외동, 호원동, 회덕동], 하한요금=35000, 반경=30km, 블랙=[착불, 수거, 까대기, 전화금지, 타일]
2026-04-16 22:20:16.352 16277-16277 1DAL_PARSER             com.onedal.app                       D  🔍 [타겟 콜 파싱 결과] [수식어:급송] 차종=라, 도착지=광진구, 요금=60000, 거리=12.3km
2026-04-16 22:20:16.352 16277-16277 1DAL_PARSER             com.onedal.app                       D     차종(라)=✅ 도착지(광진구)=❌ 요금(60000)=✅ 상차지/거리(12.3km)=✅ 블랙()=✅
2026-04-16 22:20:16.352 16277-16277 1DAL_PARSER             com.onedal.app                       D  ⛔ [조건 불충족] → 스킵
2026-04-16 22:20:16.655 16277-16277 1DAL_TELEMETRY          com.onedal.app                       D  🚀 [서버 송신] 👀 화면 변경 감지 발송 시작 (건수: 1, 화면: LIST)
2026-04-16 22:20:16.655 16277-16277 1DAL_TELEMETRY          com.onedal.app                       D  📦 [전송 페이로드] { "deviceId": "앱폰-sdk_gpho-160", "screenContext": "LIST", "data": [ 1개의 오더 객체... ] }
2026-04-16 22:20:16.655 16277-16277 1DAL_TELEMETRY          com.onedal.app                       D     └─ [data][0] 상세 정보:
                                                                                                    {
                                                                                                      "dropoff": "광진구",
                                                                                                      "fare": 60000,
                                                                                                      "id": "eaeaf6bf-e1df-411b-a13c-858488854ee8",
                                                                                                      "pickup": "곤지암읍",
                                                                                                      "pickupDistance": 12.3,
                                                                                                      "rawText": "12.3, 31.9, 급송/곤지암읍, 광진구, 라, 6.0",
                                                                                                      "timestamp": "2026-04-16T22:20:16Z",
                                                                                                      "type": "NEW_ORDER",
                                                                                                      "vehicleType": "라"
                                                                                                    }
2026-04-16 22:20:16.673 16277-16315 1DAL_API                com.onedal.app                       D  📡 [텔레메트리] 스크랩 1건 전송 완료 (모드: AUTO)
2026-04-16 22:20:16.674 16277-16315 1DAL_MVP                com.onedal.app                       D  🚦 [ROADMAP 22:20:16.674] [📱앱] [HTTP 폴링] 응답 (첫콜필터정보/제어명령)
2026-04-16 22:20:16.676 16277-16315 1DAL_API                com.onedal.app                       D  📋 [필터 동기화 (서버→앱) 적용됨] 맵핑된 필터 전체 스키마:
                                                                                                    {"allowedVehicleTypes":["다마스","라보","오토바이"],"isActive":true,"isSharedMode":true,"pickupRadiusKm":30.0,"minFare":35000.0,"maxFare":1000000.0,"excludedKeywords":"착불,수거,까대기,전화금지,타일","destinationCity":"파주시","destinationRadiusKm":10.0,"destinationKeywords":"가능동, 가좌동, 갈매동, 강일동, 걸포동, 검산동, 경안동, 고덕동, 고촌읍, 광암동, 교산동, 교하동, 구산동, 금릉동, 금촌동, 남한산성면, 내곡동, 다산동, 다율동, 당하동, 대자동, 대장동, 대화동, 덕이동, 덕풍동, 도농동, 도봉동, 동패동, 망월동, 맥금동, 목동동, 문발동, 문산읍, 백석동, 법곳동, 별내동, 사노동, 산남동, 산황동, 상계동, 상산곡동, 상일동, 상지석동, 서패동, 선동, 선유동, 설문동, 성사동, 성석동, 송정동, 송촌동, 수석동, 수택동, 식사동, 신원동, 신장동, 신촌동, 신평동, 쌍령동, 아동동, 야당동, 야동동, 양벌동, 양촌읍, 역동, 연다산동, 오금동, 오도동, 와동동, 운양동, 원당동, 월곶면, 월롱면, 인창동, 장단면, 장암동, 장지동, 장항동, 장흥면, 조리읍, 주교동, 지금동, 지축동, 창우동, 천현동, 초월읍, 초이동, 초일동, 춘궁동, 탄벌동, 탄현동, 탄현면, 토당동, 토평동, 통진읍, 퇴계원읍, 퇴촌면, 파주읍, 풍동, 풍산동, 하사창동, 하산곡동, 하성면, 하지석동, 행주외동, 호원동, 회덕동","corridorRadiusKm":1.0,"userOverrides":false,"customFilters":[],"destinationGroups":{"도봉구":["도봉동"],"노원구":["상계동"],"강동구":["강일동","고덕동","상일동"],"의정부시":["가능동","장암동","호원동"],"고양시 덕양구":["내곡동","대자동","대장동","선유동","성사동","신원동","신평동","오금동","원당동","주교동","지축동","토당동","행주외동"],"고양시 일산동구":["백석동","산황동","설문동","성석동","식사동","장항동","풍동"],"고양시 일산서구":["가좌동","구산동","대화동","덕이동","법곳동","탄현동"],"구리시":["갈매동","사노동","수택동","인창동","토평동"],"남양주시":["다산동","도농동","별내동","수석동","지금동","퇴계원읍"],"하남시":["광암동","교산동","덕풍동","망월동","상산곡동","선동","신장동","창우동","천현동","초이동","초일동","춘궁동","풍산동","하사창동","하산곡동"],"파주시":["검산동","교하동","금릉동","금촌동","다율동","당하동","동패동","맥금동","목동동","문발동","문산읍","산남동","상지석동","서패동","송촌동","신촌동","아동동","야당동","야동동","연다산동","오도동","와동동","월롱면","장단면","조리읍","탄현면","파주읍","하지석동"],"김포시":["걸포동","고촌읍","양촌읍","운양동","월곶면","통진읍","하성면"],"광주시":["경안동","남한산성면","송정동","쌍령동","양벌동","역동","장지동","초월읍","탄벌동","퇴촌면","회덕동"],"양주시":["장흥면"]}}
2026-04-16 22:20:16.676 16277-16315 1DAL_TELEMETRY          com.onedal.app                       D  📥 [서버 수신] 👀 화면 변경 감지 완료 (수신된 모드: AUTO)
2026-04-16 22:20:21.364 16277-16277 1DAL_MVP                com.onedal.app                       D  🚦 [ROADMAP 22:20:21.364] [📱앱] [LIST] 새로운 화면 진입 판별: LIST
2026-04-16 22:20:21.365 16277-16277 1DAL_MVP                com.onedal.app                       D  -------------------------------
2026-04-16 22:20:21.365 16277-16277 1DAL_MVP                com.onedal.app                       D  📡 화면 변경 감지 | 화면: LIST | 모드: AUTO
2026-04-16 22:20:21.365 16277-16277 1DAL_MVP                com.onedal.app                       D  🔍 [디버그] rep_map 신규 완료(2) 메시지함 GPS 원터치 그룹공지 장터게시판 잠금 빠른설정 거리 출발지 도착지 차종 요금 5.0 45.2 @ 오포읍 부평구 다 7.9 12.3 31.9 급송/곤지암읍 광진구 라 6.0 5.0 301.2 @ 실촌읍 해운대구 다 46.5 13.6 14.4 급송/포곡읍 초월읍 라 3.1 0.2 60.2 오전10시2/경안동 문발동 1t
2026-04-16 22:20:21.384 16277-16277 1DAL_PARSER             com.onedal.app                       D  📋 [현재 셋팅된 필터값] 차종=[다마스, 라보, 오토바이], 지역=[가능동, 가좌동, 갈매동, 강일동, 걸포동, 검산동, 경안동, 고덕동, 고촌읍, 광암동, 교산동, 교하동, 구산동, 금릉동, 금촌동, 남한산성면, 내곡동, 다산동, 다율동, 당하동, 대자동, 대장동, 대화동, 덕이동, 덕풍동, 도농동, 도봉동, 동패동, 망월동, 맥금동, 목동동, 문발동, 문산읍, 백석동, 법곳동, 별내동, 사노동, 산남동, 산황동, 상계동, 상산곡동, 상일동, 상지석동, 서패동, 선동, 선유동, 설문동, 성사동, 성석동, 송정동, 송촌동, 수석동, 수택동, 식사동, 신원동, 신장동, 신촌동, 신평동, 쌍령동, 아동동, 야당동, 야동동, 양벌동, 양촌읍, 역동, 연다산동, 오금동, 오도동, 와동동, 운양동, 원당동, 월곶면, 월롱면, 인창동, 장단면, 장암동, 장지동, 장항동, 장흥면, 조리읍, 주교동, 지금동, 지축동, 창우동, 천현동, 초월읍, 초이동, 초일동, 춘궁동, 탄벌동, 탄현동, 탄현면, 토당동, 토평동, 통진읍, 퇴계원읍, 퇴촌면, 파주읍, 풍동, 풍산동, 하사창동, 하산곡동, 하성면, 하지석동, 행주외동, 호원동, 회덕동], 하한요금=35000, 반경=30km, 블랙=[착불, 수거, 까대기, 전화금지, 타일]
2026-04-16 22:20:21.384 16277-16277 1DAL_PARSER             com.onedal.app                       D  🔍 [타겟 콜 파싱 결과] 차종=다, 도착지=부평구, 요금=79000, 거리=5.0km
2026-04-16 22:20:21.384 16277-16277 1DAL_PARSER             com.onedal.app                       D     차종(다)=✅ 도착지(부평구)=❌ 요금(79000)=✅ 상차지/거리(5.0km)=✅ 블랙()=✅
2026-04-16 22:20:21.384 16277-16277 1DAL_PARSER             com.onedal.app                       D  ⛔ [조건 불충족] → 스킵
2026-04-16 22:20:21.690 16277-16277 1DAL_TELEMETRY          com.onedal.app                       D  🚀 [서버 송신] 👀 화면 변경 감지 발송 시작 (건수: 1, 화면: LIST)
2026-04-16 22:20:21.690 16277-16277 1DAL_TELEMETRY          com.onedal.app                       D  📦 [전송 페이로드] { "deviceId": "앱폰-sdk_gpho-160", "screenContext": "LIST", "data": [ 1개의 오더 객체... ] }
2026-04-16 22:20:21.690 16277-16277 1DAL_TELEMETRY          com.onedal.app                       D     └─ [data][0] 상세 정보:
                                                                                                    {
                                                                                                      "dropoff": "부평구",
                                                                                                      "fare": 79000,
                                                                                                      "id": "807b8ba5-9b72-4cd2-9ea6-82ccaacba0ef",
                                                                                                      "pickup": "오포읍",
                                                                                                      "pickupDistance": 5.0,
                                                                                                      "rawText": "5.0, 45.2, @, 오포읍, 부평구, 다, 7.9",
                                                                                                      "timestamp": "2026-04-16T22:20:21Z",
                                                                                                      "type": "NEW_ORDER",
                                                                                                      "vehicleType": "다"
