                                                                                                    FilterConfig(allowedVehicleTypes=[다마스, 라보, 오토바이], isActive=false, isSharedMode=true, pickupRadiusKm=999, minFare=0, maxFare=1000000, destinationCity=, destinationRadiusKm=10, excludedKeywords=[], destinationKeywords=[], customCityFilters=[], destinationGroups={}, customFilters=[])
2026-04-20 13:32:22.484 15134-15176 1DAL_TELEMETRY          com.onedal.app                       D  📥 [서버 수신] ⏱️ 타이머 생존신고 완료 (수신된 모드: AUTO)
2026-04-20 13:32:23.470 15134-15134 1DAL_MVP                com.onedal.app                       D  🚦 [ROADMAP 13:32:23.470] [📱앱] [DETAIL_CONFIRMED] [post /api/scrap request] ⏱️ 타이머 생존신고 발송  deviceId: 앱폰-sdk_gpho-160, (건수: 0)
2026-04-20 13:32:23.478 15134-15176 1DAL_MVP                com.onedal.app                       D  🚦 [ROADMAP 13:32:23.478] [📱앱] [DETAIL_CONFIRMED] [post /api/scrap response] deviceId: 앱폰-sdk_gpho-160, (건수: 0)
2026-04-20 13:32:23.479 15134-15176 1DAL_API                com.onedal.app                       D  📋 [필터 동기화 (서버→앱) 적용됨] 맵핑된 필터 전체 스키마:
                                                                                                    FilterConfig(allowedVehicleTypes=[다마스, 라보, 오토바이], isActive=true, isSharedMode=true, pickupRadiusKm=999, minFare=0, maxFare=1000000, destinationCity=, destinationRadiusKm=10, excludedKeywords=[], destinationKeywords=[], customCityFilters=[], destinationGroups={}, customFilters=[])
2026-04-20 13:32:23.479 15134-15176 1DAL_API                com.onedal.app                       W  ⚡ [Piggyback Decision 수신] orderId: e182e187-55ec-46de-a779-c8fb2417236c, action: CANCEL
2026-04-20 13:32:23.479 15134-15176 1DAL_MVP                com.onedal.app                       W  🛡️ [정상 결재 수신] ID 일치(e182e187-55ec-46de-a779-c8fb2417236c). 즉각 폐기/유지 액션을 집행합니다. (Action: CANCEL)
2026-04-20 13:32:23.479 15134-15176 1DAL_MVP                com.onedal.app                       D  ⚡ 판결 집행: 행동=CANCEL, 누를버튼=취소 (버튼클릭을 시작합니다), 500ms 지연
2026-04-20 13:32:23.479 15134-15176 1DAL_TELEMETRY          com.onedal.app                       D  📥 [서버 수신] ⏱️ 타이머 생존신고 완료 (수신된 모드: AUTO)
2026-04-20 13:32:23.684 15134-15134 1DAL_MVP                com.onedal.app                       D  🚦 [ROADMAP 13:32:23.683] [📱앱] [DETAIL_CONFIRMED] [post /api/scrap request] 👀 화면 변경 감지 발송  deviceId: 앱폰-sdk_gpho-160, (건수: 0)
2026-04-20 13:32:23.691 15134-15176 1DAL_MVP                com.onedal.app                       D  🚦 [ROADMAP 13:32:23.691] [📱앱] [DETAIL_CONFIRMED] [post /api/scrap response] deviceId: 앱폰-sdk_gpho-160, (건수: 0)
2026-04-20 13:32:23.692 15134-15176 1DAL_API                com.onedal.app                       D  📋 [필터 동기화 (서버→앱) 적용됨] 맵핑된 필터 전체 스키마:
                                                                                                    FilterConfig(allowedVehicleTypes=[다마스, 라보, 오토바이], isActive=true, isSharedMode=true, pickupRadiusKm=999, minFare=0, maxFare=1000000, destinationCity=, destinationRadiusKm=10, excludedKeywords=[], destinationKeywords=[], customCityFilters=[], destinationGroups={}, customFilters=[])
2026-04-20 13:32:23.692 15134-15176 1DAL_TELEMETRY          com.onedal.app                       D  📥 [서버 수신] 👀 화면 변경 감지 완료 (수신된 모드: AUTO)
2026-04-20 13:32:23.993 15134-15134 1DAL_MVP                com.onedal.app                       D  🚦 [ROADMAP 13:32:23.993] [📱앱] '취소' 버튼 인식 ➡️ 클릭 시도
2026-04-20 13:32:23.994 15134-15134 1DAL_MVP                com.onedal.app                       D  🚦 [ROADMAP 13:32:23.994] [📱앱] [DETAIL_CONFIRMED] [Current Page: DETAIL_CONFIRMED] 체류 상태 확인
2026-04-20 13:32:23.995 15134-15134 1DAL_MVP                com.onedal.app                       D  🚦 [ROADMAP 13:32:23.994] [📱앱] [DETAIL_CONFIRMED] [Current Page: LIST] 로 복귀 렌더링 완료
2026-04-20 13:32:23.995 15134-15134 1DAL_MVP                com.onedal.app                       D  🚦 [ROADMAP 13:32:23.995] [📱앱] [DETAIL_CONFIRMED] 🔓 isHolding = false 락 해제 완료
2026-04-20 13:32:23.995 15134-15134 1DAL_MVP                com.onedal.app                       D  🚦 [ROADMAP 13:32:23.995] [📱앱] [DETAIL_CONFIRMED] 🔄 [원래 하던 모드(유지된 필터)로 PHASE 2 무한 루프 회귀] 🔄
2026-04-20 13:32:23.995 15134-15134 1DAL_MVP                com.onedal.app                       D  🎉 행동 완료! 타겟($targetBtnStr) 명중.
2026-04-20 13:32:24.047 15134-15134 1DAL_TOUCH              com.onedal.app                       D  ✅ [가로채기 성공!] 화면 좌표 (X:950.0, Y:478.0) 터치 완료!
2026-04-20 13:32:24.048 15134-15134 1DAL_MVP                com.onedal.app                       D  🚦 [ROADMAP 13:32:24.048] [📱앱] 버튼 터치 완료 (가로채기 성공) X:950.0, Y:478.0
2026-04-20 13:32:24.207 15134-15134 1DAL_MVP                com.onedal.app                       D  -------------------------------
2026-04-20 13:32:24.207 15134-15134 1DAL_MVP                com.onedal.app                       D  🚦 [ROADMAP 13:32:24.207] [📱앱] [LIST] 📡 화면 변경 감지 | 모드: AUTO
2026-04-20 13:32:24.210 15134-15134 1DAL_PARSER             com.onedal.app                       D  🔍 [1차 리스트 필터] 도착지=송내동, 결과=true
2026-04-20 13:32:24.210 15134-15134 1DAL_MVP                com.onedal.app                       D  🚦 [ROADMAP 13:32:24.210] [📱앱] [LIST] 🔍 [타겟 콜 필터 결과] 차종(오)=✅ 도착지(0중 송내동)=✅ 요금(0 <= 67000)=✅ 상차지/거리(999 >= 8.5km)=✅ 블랙()=✅
2026-04-20 13:32:24.210 15134-15134 1DAL_MVP                com.onedal.app                       D  🚦 [ROADMAP 13:32:24.210] [📱앱] [LIST] 인성앱 콜 리스트 렌더링 ➡️ [Current Page: LIST] 진입
2026-04-20 13:32:24.210 15134-15134 1DAL_MVP                com.onedal.app                       D  🚦 [ROADMAP 13:32:24.210] [📱앱] [LIST] 안드로이드 자체 메모리에 필터 캐싱 완료 및 대기
2026-04-20 13:32:24.211 15134-15134 1DAL_MVP                com.onedal.app                       D  🚦 [ROADMAP 13:32:24.210] [📱앱] [LIST] [Current Page: LIST] 상태 유지 및 1차(단독/합짐) 리스트 필터 통과 확인
2026-04-20 13:32:24.211 15134-15134 1DAL_MVP                com.onedal.app                       D  💥 [AUTO] 꿀콜 조건 통과! 대상 콜 강제 터치 진행!
2026-04-20 13:32:24.211 15134-15134 1DAL_MVP                com.onedal.app                       D  📝 [AUTO] 2차 검증 반송(취소)에 대비해 해당 콜 지문 선(先)기록 완료 (해시: -1866273888)
2026-04-20 13:32:24.211 15134-15134 1DAL_MVP                com.onedal.app                       D  🚦 [ROADMAP 13:32:24.211] [📱앱] [LIST] 리스트에서 바뀐 text 감지 후 text 추출
2026-04-20 13:32:24.212 15134-15134 1DAL_MVP                com.onedal.app                       D  🚦 [ROADMAP 13:32:24.212] [📱앱] [LIST] [인성 Socket] 인성콜에 선택된 콜 정보 전달 (꿀콜 클릭!)
2026-04-20 13:32:24.265 15134-15134 1DAL_TOUCH              com.onedal.app                       D  ✅ [가로채기 성공!] 화면 좌표 (X:917.0, Y:568.0) 터치 완료!
2026-04-20 13:32:24.267 15134-15134 1DAL_MVP                com.onedal.app                       D  🚦 [ROADMAP 13:32:24.266] [📱앱] 버튼 터치 완료 (가로채기 성공) X:917.0, Y:568.0
2026-04-20 13:32:24.396 15134-15134 1DAL_MVP                com.onedal.app                       D  -------------------------------
2026-04-20 13:32:24.397 15134-15134 1DAL_MVP                com.onedal.app                       D  🚦 [ROADMAP 13:32:24.396] [📱앱] [DETAIL_PRE_CONFIRM] 📡 화면 변경 감지 | 모드: AUTO
2026-04-20 13:32:24.397 15134-15134 1DAL_MVP                com.onedal.app                       D  🚦 [ROADMAP 13:32:24.397] [📱앱] [DETAIL_PRE_CONFIRM] [Current Page: DETAIL_PRE_CONFIRM] 진입 완료
2026-04-20 13:32:24.402 15134-15134 1DAL_MVP                com.onedal.app                       D  🚦 [ROADMAP 13:32:24.402] [📱앱] [DETAIL_PRE_CONFIRM] 상세페이지 텍스트 추출 및 2차 필터(적요 등) 통과 확인
2026-04-20 13:32:24.402 15134-15134 1DAL_MVP                com.onedal.app                       D  🚦 [ROADMAP 13:32:24.402] [📱앱] [LIST] 🔍 [타겟 콜 필터 결과] 차종(오)=✅ 도착지(0중 송내동)=✅ 요금(0 <= 67000)=✅ 상차지/거리(999 >= 8.5km)=✅ 블랙()=✅
2026-04-20 13:32:24.402 15134-15134 1DAL_MVP                com.onedal.app                       D  📤 [post /confirm request] 서버 전송 내용 -> 모드: AUTO | 텍스트: rep_map 고양퀵서비스-031-932-7722 전표 상태 : 신규 물품 : 박스 1개 차량 : 오 탁송료 : 수수료 : 23% 요금 : 67,000(착불) 구분 : 편도 형태 : 급송 적요상세 *카고 입니다. 세금계산서필 08:51 상차. 마스크 카톤 박스 1개 명...
2026-04-20 13:32:24.402 15134-15134 1DAL_MVP                com.onedal.app                       D  🚀 [AUTO] 확정 버튼 광클 (배차 시도)
2026-04-20 13:32:24.402 15134-15134 1DAL_MVP                com.onedal.app                       D  🚦 [ROADMAP 13:32:24.402] [📱앱] [DETAIL_PRE_CONFIRM] 상세페이지에서 '확정' 추출 후 클릭
2026-04-20 13:32:24.402 15134-15134 1DAL_MVP                com.onedal.app                       D  🚦 [ROADMAP 13:32:24.402] [📱앱] [DETAIL_PRE_CONFIRM] [인성 Socket] 콜 확정 완료
2026-04-20 13:32:24.403 15134-15134 1DAL_MVP                com.onedal.app                       D  🚦 [ROADMAP 13:32:24.403] [📱앱] '확정' 버튼 인식 ➡️ 클릭 시도
2026-04-20 13:32:24.411 15134-15204 1DAL_API                com.onedal.app                       D  🌐 [post /confirm response / 200] {"success":true,"message":"1차 수신 완료. 상세 페이지 내용을 긁어서 POST /api/orders/detail 로 보내주세요."}
2026-04-20 13:32:24.411 15134-15204 1DAL_MVP                com.onedal.app                       D  🚦 [ROADMAP 13:32:24.411] [📱앱] [HTTP 폴링] 응답 /orders/confirm
2026-04-20 13:32:24.455 15134-15134 1DAL_TOUCH              com.onedal.app                       D  ✅ [가로채기 성공!] 화면 좌표 (X:161.0, Y:2251.0) 터치 완료!
2026-04-20 13:32:24.456 15134-15134 1DAL_MVP                com.onedal.app                       D  🚦 [ROADMAP 13:32:24.456] [📱앱] 버튼 터치 완료 (가로채기 성공) X:161.0, Y:2251.0
2026-04-20 13:32:24.601 15134-15134 1DAL_MVP                com.onedal.app                       D  -------------------------------
2026-04-20 13:32:24.602 15134-15134 1DAL_MVP                com.onedal.app                       D  🚦 [ROADMAP 13:32:24.601] [📱앱] [DETAIL_CONFIRMED] 📡 화면 변경 감지 | 모드: AUTO
2026-04-20 13:32:24.602 15134-15134 1DAL_MVP                com.onedal.app                       D  🚦 [ROADMAP 13:32:24.602] [📱앱] [DETAIL_CONFIRMED] [Current Page: DETAIL_CONFIRMED] 진입 완료
2026-04-20 13:32:24.602 15134-15134 1DAL_MVP                com.onedal.app                       D  🚦 [ROADMAP 13:32:24.602] [📱앱] [DETAIL_CONFIRMED] 🔒 isHolding = true 설정 (이후 화면 요동쳐도 락 유지)
2026-04-20 13:32:24.602 15134-15134 1DAL_MVP                com.onedal.app                       D  🚦 [ROADMAP 13:32:24.602] [📱앱] [DETAIL_CONFIRMED] 🏄‍♂️ 무인 서핑 가동 (State Machine: IDLE)
2026-04-20 13:32:24.602 15134-15134 1DAL_MVP                com.onedal.app                       D  🚦 [ROADMAP 13:32:24.602] [📱앱] [DETAIL_CONFIRMED] [Current Page: DETAIL_CONFIRMED] 확정페이지 체류 및 팝업버튼 트리거 대기
2026-04-20 13:32:24.602 15134-15134 1DAL_MVP                com.onedal.app                       D  🏄‍♂️ [자동 팝업 서핑] 확정 화면 진입 확인! 적요상세 팝업 호출 시도
2026-04-20 13:32:24.603 15134-15134 1DAL_MVP                com.onedal.app                       D  🚦 [ROADMAP 13:32:24.602] [📱앱] '적요상세' 버튼 인식 ➡️ 클릭 시도
2026-04-20 13:32:24.603 15134-15134 1DAL_MVP                com.onedal.app                       D  🚦 [ROADMAP 13:32:24.603] [📱앱] [DETAIL_CONFIRMED] 확정페이지에서 '적요상세' 추출 후 클릭
2026-04-20 13:32:24.603 15134-15134 1DAL_MVP                com.onedal.app                       I  📋 [SEQ 81] 적요상세 버튼 클릭 → 적요 정보 요청
2026-04-20 13:32:24.655 15134-15134 1DAL_TOUCH              com.onedal.app                       D  ✅ [가로채기 성공!] 화면 좌표 (X:149.0, Y:1153.0) 터치 완료!
2026-04-20 13:32:24.657 15134-15134 1DAL_MVP                com.onedal.app                       D  🚦 [ROADMAP 13:32:24.656] [📱앱] 버튼 터치 완료 (가로채기 성공) X:149.0, Y:1153.0
2026-04-20 13:32:24.798 15134-15134 1DAL_MVP                com.onedal.app                       D  -------------------------------
2026-04-20 13:32:24.800 15134-15134 1DAL_MVP                com.onedal.app                       D  🚦 [ROADMAP 13:32:24.798] [📱앱] [POPUP_MEMO] 📡 화면 변경 감지 | 모드: AUTO
2026-04-20 13:32:24.800 15134-15134 1DAL_MVP                com.onedal.app                       D  📝 적요 스크래핑 성공! 닫기 버튼 누름
2026-04-20 13:32:24.800 15134-15134 1DAL_MVP                com.onedal.app                       I  📋 [SEQ 81-82] 적요상세 추출 완료 → 닫기
2026-04-20 13:32:24.800 15134-15134 1DAL_MVP                com.onedal.app                       D  🚦 [ROADMAP 13:32:24.800] [📱앱] [POPUP_MEMO] [Current Page: POPUP_MEMO] 진입 완료 ("적요 내용" 텍스트 매칭 확인)
2026-04-20 13:32:24.800 15134-15134 1DAL_MVP                com.onedal.app                       D  🚦 [ROADMAP 13:32:24.800] [📱앱] [POPUP_MEMO] 적요상세 데이터 추출 및 메모리에 누적 저장
2026-04-20 13:32:24.801 15134-15134 1DAL_MVP                com.onedal.app                       D  🚦 [ROADMAP 13:32:24.801] [📱앱] '닫기' 버튼 인식 ➡️ 클릭 시도
2026-04-20 13:32:24.853 15134-15134 1DAL_TOUCH              com.onedal.app                       D  ✅ [가로채기 성공!] 화면 좌표 (X:540.0, Y:2264.0) 터치 완료!
2026-04-20 13:32:24.854 15134-15134 1DAL_MVP                com.onedal.app                       D  🚦 [ROADMAP 13:32:24.853] [📱앱] 버튼 터치 완료 (가로채기 성공) X:540.0, Y:2264.0
2026-04-20 13:32:24.902 15134-15134 1DAL_MVP                com.onedal.app                       D  -------------------------------
2026-04-20 13:32:24.902 15134-15134 1DAL_MVP                com.onedal.app                       D  🚦 [ROADMAP 13:32:24.902] [📱앱] [DETAIL_CONFIRMED] 📡 화면 변경 감지 | 모드: AUTO
2026-04-20 13:32:24.902 15134-15134 1DAL_MVP                com.onedal.app                       D  🚦 [ROADMAP 13:32:24.902] [📱앱] [DETAIL_CONFIRMED] [Current Page: DETAIL_CONFIRMED] 확정페이지 복귀 확인 (잔상 회피 완료)
2026-04-20 13:32:24.902 15134-15134 1DAL_MVP                com.onedal.app                       D  🏄‍♂️ [자동 팝업 서핑] 적요 정보 확인 완료. 출발지 정보 확인을 위해 자동 클릭 시도
2026-04-20 13:32:24.902 15134-15134 1DAL_MVP                com.onedal.app                       D  🚦 [ROADMAP 13:32:24.902] [📱앱] [DETAIL_CONFIRMED] 확정페이지에서 '출발지' 추출 후 클릭
2026-04-20 13:32:24.903 15134-15134 1DAL_MVP                com.onedal.app                       D  🚦 [ROADMAP 13:32:24.903] [📱앱] '출발지' 버튼 인식 ➡️ 클릭 시도
2026-04-20 13:32:24.958 15134-15134 1DAL_TOUCH              com.onedal.app                       D  ✅ [가로채기 성공!] 화면 좌표 (X:539.0, Y:1592.0) 터치 완료!
2026-04-20 13:32:24.958 15134-15134 1DAL_MVP                com.onedal.app                       D  🚦 [ROADMAP 13:32:24.958] [📱앱] 버튼 터치 완료 (가로채기 성공) X:539.0, Y:1592.0
2026-04-20 13:32:25.021 15134-15134 1DAL_MVP                com.onedal.app                       D  -------------------------------
2026-04-20 13:32:25.021 15134-15134 1DAL_MVP                com.onedal.app                       D  🚦 [ROADMAP 13:32:25.021] [📱앱] [POPUP_PICKUP] 📡 화면 변경 감지 | 모드: AUTO
2026-04-20 13:32:25.021 15134-15134 1DAL_MVP                com.onedal.app                       D  📝 출발지 스크래핑 성공! 닫기 버튼 누름
2026-04-20 13:32:25.021 15134-15134 1DAL_MVP                com.onedal.app                       D  🚦 [ROADMAP 13:32:25.021] [📱앱] [POPUP_PICKUP] [Current Page: POPUP_PICKUP] 진입 완료 ("전화1" 텍스트 매칭 확인)
2026-04-20 13:32:25.022 15134-15134 1DAL_MVP                com.onedal.app                       D  🚦 [ROADMAP 13:32:25.022] [📱앱] [POPUP_PICKUP] 출발지 데이터 추출 및 메모리에 누적 저장
2026-04-20 13:32:25.022 15134-15134 1DAL_MVP                com.onedal.app                       D  🚦 [ROADMAP 13:32:25.022] [📱앱] '닫기' 버튼 인식 ➡️ 클릭 시도
2026-04-20 13:32:25.075 15134-15134 1DAL_TOUCH              com.onedal.app                       D  ✅ [가로채기 성공!] 화면 좌표 (X:136.0, Y:2264.0) 터치 완료!
2026-04-20 13:32:25.076 15134-15134 1DAL_MVP                com.onedal.app                       D  🚦 [ROADMAP 13:32:25.075] [📱앱] 버튼 터치 완료 (가로채기 성공) X:136.0, Y:2264.0
2026-04-20 13:32:25.100 15134-15134 1DAL_MVP                com.onedal.app                       D  -------------------------------
2026-04-20 13:32:25.100 15134-15134 1DAL_MVP                com.onedal.app                       D  🚦 [ROADMAP 13:32:25.100] [📱앱] [DETAIL_CONFIRMED] 📡 화면 변경 감지 | 모드: AUTO
2026-04-20 13:32:25.101 15134-15134 1DAL_MVP                com.onedal.app                       D  🚦 [ROADMAP 13:32:25.100] [📱앱] [DETAIL_CONFIRMED] [Current Page: DETAIL_CONFIRMED] 확정페이지 복귀 확인 (잔상 회피 완료)
2026-04-20 13:32:25.101 15134-15134 1DAL_MVP                com.onedal.app                       D  🏄‍♂️ [자동 팝업 서핑] 출발지 확인 완료. 도착지 정보 확인을 위해 자동 클릭 시도
2026-04-20 13:32:25.101 15134-15134 1DAL_MVP                com.onedal.app                       D  🚦 [ROADMAP 13:32:25.101] [📱앱] [DETAIL_CONFIRMED] 확정페이지에서 '도착지' 추출 후 클릭
2026-04-20 13:32:25.101 15134-15134 1DAL_MVP                com.onedal.app                       D  🚦 [ROADMAP 13:32:25.101] [📱앱] '도착지' 버튼 인식 ➡️ 클릭 시도
2026-04-20 13:32:25.158 15134-15134 1DAL_TOUCH              com.onedal.app                       D  ✅ [가로채기 성공!] 화면 좌표 (X:539.0, Y:1742.0) 터치 완료!
2026-04-20 13:32:25.158 15134-15134 1DAL_MVP                com.onedal.app                       D  🚦 [ROADMAP 13:32:25.158] [📱앱] 버튼 터치 완료 (가로채기 성공) X:539.0, Y:1742.0
2026-04-20 13:32:25.223 15134-15134 1DAL_MVP                com.onedal.app                       D  -------------------------------
2026-04-20 13:32:25.223 15134-15134 1DAL_MVP                com.onedal.app                       D  🚦 [ROADMAP 13:32:25.223] [📱앱] [POPUP_DROPOFF] 📡 화면 변경 감지 | 모드: AUTO
2026-04-20 13:32:25.223 15134-15134 1DAL_MVP                com.onedal.app                       D  📝 도착지 스크래핑 성공! 닫기 누름 및 전체 내용 /detail 로 발송
2026-04-20 13:32:25.224 15134-15134 1DAL_MVP                com.onedal.app                       D  🚦 [ROADMAP 13:32:25.223] [📱앱] [POPUP_DROPOFF] [Current Page: POPUP_DROPOFF] 진입 완료 ("전화1" 텍스트 매칭 확인)
2026-04-20 13:32:25.224 15134-15134 1DAL_MVP                com.onedal.app                       D  🚦 [ROADMAP 13:32:25.224] [📱앱] [POPUP_DROPOFF] 도착지 데이터 추출 및 메모리에 누적 저장
2026-04-20 13:32:25.227 15134-15134 1DAL_MVP                com.onedal.app                       D  🚦 [ROADMAP 13:32:25.227] [📱앱] '닫기' 버튼 인식 ➡️ 클릭 시도
2026-04-20 13:32:25.231 15134-15134 1DAL_MVP                com.onedal.app                       D  🚦 [ROADMAP 13:32:25.230] [📱앱] [POPUP_DROPOFF] [Current Page: DETAIL_CONFIRMED] 무인 서핑 종료 (State Machine: DONE)
2026-04-20 13:32:25.232 15134-15134 1DAL_MVP                com.onedal.app                       W  ⏳ 데스밸리 타이머 시작: 30초 대기...
2026-04-20 13:32:25.233 15134-15134 1DAL_MVP                com.onedal.app                       D  🌐 [post /detail request] AUTO 모드 판결 요청 텍스트: rep_map 고양퀵서비스-031-932-7722 전표 상태 : 신규 물품 : 박스 1개 취소 차량 : 오 탁송료 : 0 수수료 : 23% 요금 : 67,000(착불) 구분 : 편도 형태 : 급송 적요상세 인수증 전송 *카고 입니다. 세금계산서필 08:51 상차. 마스...
2026-04-20 13:32:25.281 15134-15134 1DAL_TOUCH              com.onedal.app                       D  ✅ [가로채기 성공!] 화면 좌표 (X:136.0, Y:2264.0) 터치 완료!
2026-04-20 13:32:25.282 15134-15134 1DAL_MVP                com.onedal.app                       D  🚦 [ROADMAP 13:32:25.282] [📱앱] 버튼 터치 완료 (가로채기 성공) X:136.0, Y:2264.0
2026-04-20 13:32:25.509 15134-15134 1DAL_MVP                com.onedal.app                       D  🚦 [ROADMAP 13:32:25.508] [📱앱] [DETAIL_CONFIRMED] [post /api/scrap request] 👀 화면 변경 감지 발송  deviceId: 앱폰-sdk_gpho-160, (건수: 0)
2026-04-20 13:32:25.520 15134-15176 1DAL_MVP                com.onedal.app                       D  🚦 [ROADMAP 13:32:25.520] [📱앱] [DETAIL_CONFIRMED] [post /api/scrap response] deviceId: 앱폰-sdk_gpho-160, (건수: 0)
2026-04-20 13:32:25.520 15134-15176 1DAL_API                com.onedal.app                       D  📋 [필터 동기화 (서버→앱) 적용됨] 맵핑된 필터 전체 스키마:
                                                                                                    FilterConfig(allowedVehicleTypes=[다마스, 라보, 오토바이], isActive=false, isSharedMode=true, pickupRadiusKm=999, minFare=0, maxFare=1000000, destinationCity=, destinationRadiusKm=10, excludedKeywords=[], destinationKeywords=[], customCityFilters=[], destinationGroups={}, customFilters=[])
2026-04-20 13:32:25.522 15134-15176 1DAL_TELEMETRY          com.onedal.app                       D  📥 [서버 수신] 👀 화면 변경 감지 완료 (수신된 모드: AUTO)
2026-04-20 13:32:26.517 15134-15134 1DAL_MVP                com.onedal.app                       D  🚦 [ROADMAP 13:32:26.516] [📱앱] [DETAIL_CONFIRMED] [post /api/scrap request] ⏱️ 타이머 생존신고 발송  deviceId: 앱폰-sdk_gpho-160, (건수: 0)
2026-04-20 13:32:26.530 15134-15176 1DAL_MVP                com.onedal.app                       D  🚦 [ROADMAP 13:32:26.529] [📱앱] [DETAIL_CONFIRMED] [post /api/scrap response] deviceId: 앱폰-sdk_gpho-160, (건수: 0)
2026-04-20 13:32:26.531 15134-15176 1DAL_API                com.onedal.app                       D  📋 [필터 동기화 (서버→앱) 적용됨] 맵핑된 필터 전체 스키마:
                                                                                                    FilterConfig(allowedVehicleTypes=[다마스, 라보, 오토바이], isActive=false, isSharedMode=true, pickupRadiusKm=999, minFare=0, maxFare=1000000, destinationCity=, destinationRadiusKm=10, excludedKeywords=[], destinationKeywords=[], customCityFilters=[], destinationGroups={}, customFilters=[])
2026-04-20 13:32:26.531 15134-15176 1DAL_TELEMETRY          com.onedal.app                       D  📥 [서버 수신] ⏱️ 타이머 생존신고 완료 (수신된 모드: AUTO)
2026-04-20 13:32:27.521 15134-15134 1DAL_MVP                com.onedal.app                       D  🚦 [ROADMAP 13:32:27.521] [📱앱] [DETAIL_CONFIRMED] [post /api/scrap request] ⏱️ 타이머 생존신고 발송  deviceId: 앱폰-sdk_gpho-160, (건수: 0)
2026-04-20 13:32:27.532 15134-15176 1DAL_MVP                com.onedal.app                       D  🚦 [ROADMAP 13:32:27.531] [📱앱] [DETAIL_CONFIRMED] [post /api/scrap response] deviceId: 앱폰-sdk_gpho-160, (건수: 0)
2026-04-20 13:32:27.537 15134-15176 1DAL_API                com.onedal.app                       D  📋 [필터 동기화 (서버→앱) 적용됨] 맵핑된 필터 전체 스키마:
                                                                                                    FilterConfig(allowedVehicleTypes=[다마스, 라보, 오토바이], isActive=false, isSharedMode=true, pickupRadiusKm=999, minFare=0, maxFare=1000000, destinationCity=, destinationRadiusKm=10, excludedKeywords=[], destinationKeywords=[], customCityFilters=[], destinationGroups={}, customFilters=[])
2026-04-20 13:32:27.544 15134-15176 1DAL_TELEMETRY          com.onedal.app                       D  📥 [서버 수신] ⏱️ 타이머 생존신고 완료 (수신된 모드: AUTO)
2026-04-20 13:32:27.970 15134-15204 1DAL_API                com.onedal.app                       D  🌐 [post /detail response / 202] 즉결 접수 완료. Piggyback 대기 시작.
2026-04-20 13:32:28.525 15134-15134 1DAL_MVP                com.onedal.app                       D  🚦 [ROADMAP 13:32:28.524] [📱앱] [DETAIL_CONFIRMED] [post /api/scrap request] ⏱️ 타이머 생존신고 발송  deviceId: 앱폰-sdk_gpho-160, (건수: 0)
2026-04-20 13:32:28.536 15134-15176 1DAL_MVP                com.onedal.app                       D  🚦 [ROADMAP 13:32:28.536] [📱앱] [DETAIL_CONFIRMED] [post /api/scrap response] deviceId: 앱폰-sdk_gpho-160, (건수: 0)
2026-04-20 13:32:28.541 15134-15176 1DAL_API                com.onedal.app                       D  📋 [필터 동기화 (서버→앱) 적용됨] 맵핑된 필터 전체 스키마:
                                                                                                    FilterConfig(allowedVehicleTypes=[다마스, 라보, 오토바이], isActive=false, isSharedMode=true, pickupRadiusKm=999, minFare=0, maxFare=1000000, destinationCity=, destinationRadiusKm=10, excludedKeywords=[], destinationKeywords=[], customCityFilters=[], destinationGroups={}, customFilters=[])
2026-04-20 13:32:28.542 15134-15176 1DAL_TELEMETRY          com.onedal.app                       D  📥 [서버 수신] ⏱️ 타이머 생존신고 완료 (수신된 모드: AUTO)
2026-04-20 13:32:29.529 15134-15134 1DAL_MVP                com.onedal.app                       D  🚦 [ROADMAP 13:32:29.529] [📱앱] [DETAIL_CONFIRMED] [post /api/scrap request] ⏱️ 타이머 생존신고 발송  deviceId: 앱폰-sdk_gpho-160, (건수: 0)
2026-04-20 13:32:29.541 15134-15176 1DAL_MVP                com.onedal.app                       D  🚦 [ROADMAP 13:32:29.541] [📱앱] [DETAIL_CONFIRMED] [post /api/scrap response] deviceId: 앱폰-sdk_gpho-160, (건수: 0)
2026-04-20 13:32:29.543 15134-15176 1DAL_API                com.onedal.app                       D  📋 [필터 동기화 (서버→앱) 적용됨] 맵핑된 필터 전체 스키마:
                                                                                                    FilterConfig(allowedVehicleTypes=[다마스, 라보, 오토바이], isActive=false, isSharedMode=true, pickupRadiusKm=999, minFare=0, maxFare=1000000, destinationCity=, destinationRadiusKm=10, excludedKeywords=[], destinationKeywords=[], customCityFilters=[], destinationGroups={}, customFilters=[])
2026-04-20 13:32:29.544 15134-15176 1DAL_TELEMETRY          com.onedal.app                       D  📥 [서버 수신] ⏱️ 타이머 생존신고 완료 (수신된 모드: AUTO)
2026-04-20 13:32:30.537 15134-15134 1DAL_MVP                com.onedal.app                       D  🚦 [ROADMAP 13:32:30.536] [📱앱] [DETAIL_CONFIRMED] [post /api/scrap request] ⏱️ 타이머 생존신고 발송  deviceId: 앱폰-sdk_gpho-160, (건수: 0)
2026-04-20 13:32:30.547 15134-15176 1DAL_MVP                com.onedal.app                       D  🚦 [ROADMAP 13:32:30.547] [📱앱] [DETAIL_CONFIRMED] [post /api/scrap response] deviceId: 앱폰-sdk_gpho-160, (건수: 0)
2026-04-20 13:32:30.548 15134-15176 1DAL_API                com.onedal.app                       D  📋 [필터 동기화 (서버→앱) 적용됨] 맵핑된 필터 전체 스키마:
                                                                                                    FilterConfig(allowedVehicleTypes=[다마스, 라보, 오토바이], isActive=false, isSharedMode=true, pickupRadiusKm=999, minFare=0, maxFare=1000000, destinationCity=, destinationRadiusKm=10, excludedKeywords=[], destinationKeywords=[], customCityFilters=[], destinationGroups={}, customFilters=[])
2026-04-20 13:32:30.548 15134-15176 1DAL_TELEMETRY          com.onedal.app                       D  📥 [서버 수신] ⏱️ 타이머 생존신고 완료 (수신된 모드: AUTO)
2026-04-20 13:32:31.546 15134-15134 1DAL_MVP                com.onedal.app                       D  🚦 [ROADMAP 13:32:31.543] [📱앱] [DETAIL_CONFIRMED] [post /api/scrap request] ⏱️ 타이머 생존신고 발송  deviceId: 앱폰-sdk_gpho-160, (건수: 0)
2026-04-20 13:32:31.558 15134-15176 1DAL_MVP                com.onedal.app                       D  🚦 [ROADMAP 13:32:31.558] [📱앱] [DETAIL_CONFIRMED] [post /api/scrap response] deviceId: 앱폰-sdk_gpho-160, (건수: 0)
2026-04-20 13:32:31.559 15134-15176 1DAL_API                com.onedal.app                       D  📋 [필터 동기화 (서버→앱) 적용됨] 맵핑된 필터 전체 스키마:
                                                                                                    FilterConfig(allowedVehicleTypes=[다마스, 라보, 오토바이], isActive=true, isSharedMode=true, pickupRadiusKm=999, minFare=0, maxFare=1000000, destinationCity=, destinationRadiusKm=10, excludedKeywords=[], destinationKeywords=[], customCityFilters=[], destinationGroups={}, customFilters=[])
2026-04-20 13:32:31.559 15134-15176 1DAL_API                com.onedal.app                       W  ⚡ [Piggyback Decision 수신] orderId: 5515b641-166b-4c73-8554-8ca12f2e6ad0, action: CANCEL
2026-04-20 13:32:31.559 15134-15176 1DAL_MVP                com.onedal.app                       W  🛡️ [정상 결재 수신] ID 일치(5515b641-166b-4c73-8554-8ca12f2e6ad0). 즉각 폐기/유지 액션을 집행합니다. (Action: CANCEL)
2026-04-20 13:32:31.559 15134-15176 1DAL_MVP                com.onedal.app                       D  ⚡ 판결 집행: 행동=CANCEL, 누를버튼=취소 (버튼클릭을 시작합니다), 500ms 지연
2026-04-20 13:32:31.559 15134-15176 1DAL_TELEMETRY          com.onedal.app                       D  📥 [서버 수신] ⏱️ 타이머 생존신고 완료 (수신된 모드: AUTO)
2026-04-20 13:32:31.762 15134-15134 1DAL_MVP                com.onedal.app                       D  🚦 [ROADMAP 13:32:31.762] [📱앱] [DETAIL_CONFIRMED] [post /api/scrap request] 👀 화면 변경 감지 발송  deviceId: 앱폰-sdk_gpho-160, (건수: 0)
2026-04-20 13:32:31.767 15134-15176 1DAL_MVP                com.onedal.app                       D  🚦 [ROADMAP 13:32:31.767] [📱앱] [DETAIL_CONFIRMED] [post /api/scrap response] deviceId: 앱폰-sdk_gpho-160, (건수: 0)
2026-04-20 13:32:31.768 15134-15176 1DAL_API                com.onedal.app                       D  📋 [필터 동기화 (서버→앱) 적용됨] 맵핑된 필터 전체 스키마:
                                                                                                    FilterConfig(allowedVehicleTypes=[다마스, 라보, 오토바이], isActive=true, isSharedMode=true, pickupRadiusKm=999, minFare=0, maxFare=1000000, destinationCity=, destinationRadiusKm=10, excludedKeywords=[], destinationKeywords=[], customCityFilters=[], destinationGroups={}, customFilters=[])
2026-04-20 13:32:31.768 15134-15176 1DAL_TELEMETRY          com.onedal.app                       D  📥 [서버 수신] 👀 화면 변경 감지 완료 (수신된 모드: AUTO)
2026-04-20 13:32:32.062 15134-15134 1DAL_MVP                com.onedal.app                       D  🚦 [ROADMAP 13:32:32.062] [📱앱] '취소' 버튼 인식 ➡️ 클릭 시도
2026-04-20 13:32:32.063 15134-15134 1DAL_MVP                com.onedal.app                       D  🚦 [ROADMAP 13:32:32.063] [📱앱] [DETAIL_CONFIRMED] [Current Page: DETAIL_CONFIRMED] 체류 상태 확인
2026-04-20 13:32:32.063 15134-15134 1DAL_MVP                com.onedal.app                       D  🚦 [ROADMAP 13:32:32.063] [📱앱] [DETAIL_CONFIRMED] [Current Page: LIST] 로 복귀 렌더링 완료
2026-04-20 13:32:32.063 15134-15134 1DAL_MVP                com.onedal.app                       D  🚦 [ROADMAP 13:32:32.063] [📱앱] [DETAIL_CONFIRMED] 🔓 isHolding = false 락 해제 완료
2026-04-20 13:32:32.064 15134-15134 1DAL_MVP                com.onedal.app                       D  🚦 [ROADMAP 13:32:32.063] [📱앱] [DETAIL_CONFIRMED] 🔄 [원래 하던 모드(유지된 필터)로 PHASE 2 무한 루프 회귀] 🔄
2026-04-20 13:32:32.064 15134-15134 1DAL_MVP                com.onedal.app                       D  🎉 행동 완료! 타겟($targetBtnStr) 명중.
2026-04-20 13:32:32.119 15134-15134 1DAL_TOUCH              com.onedal.app                       D  ✅ [가로채기 성공!] 화면 좌표 (X:950.0, Y:478.0) 터치 완료!
2026-04-20 13:32:32.120 15134-15134 1DAL_MVP                com.onedal.app                       D  🚦 [ROADMAP 13:32:32.120] [📱앱] 버튼 터치 완료 (가로채기 성공) X:950.0, Y:478.0
2026-04-20 13:32:32.255 15134-15134 1DAL_MVP                com.onedal.app                       D  -------------------------------
2026-04-20 13:32:32.256 15134-15134 1DAL_MVP                com.onedal.app                       D  🚦 [ROADMAP 13:32:32.255] [📱앱] [LIST] 📡 화면 변경 감지 | 모드: AUTO
2026-04-20 13:32:32.258 15134-15134 1DAL_PARSER             com.onedal.app                       D  🔍 [1차 리스트 필터] 도착지=도봉구, 결과=true
2026-04-20 13:32:32.258 15134-15134 1DAL_MVP                com.onedal.app                       D  🚦 [ROADMAP 13:32:32.258] [📱앱] [LIST] 🔍 [타겟 콜 필터 결과] 차종(1t)=❌ 도착지(0중 도봉구)=✅ 요금(0 <= 60000)=✅ 상차지/거리(999 >= 1.9km)=✅ 블랙()=✅
2026-04-20 13:32:32.259 15134-15134 1DAL_PARSER             com.onedal.app                       D  🔍 [1차 리스트 필터] 도착지=송파구, 결과=true
2026-04-20 13:32:32.259 15134-15134 1DAL_MVP                com.onedal.app                       D  🚦 [ROADMAP 13:32:32.259] [📱앱] [LIST] 🔍 [타겟 콜 필터 결과] 차종(오)=✅ 도착지(0중 송파구)=✅ 요금(0 <= 33000)=✅ 상차지/거리(999 >= 3.8km)=✅ 블랙()=✅
2026-04-20 13:32:32.259 15134-15134 1DAL_MVP                com.onedal.app                       D  🚦 [ROADMAP 13:32:32.259] [📱앱] [LIST] 인성앱 콜 리스트 렌더링 ➡️ [Current Page: LIST] 진입
2026-04-20 13:32:32.260 15134-15134 1DAL_MVP                com.onedal.app                       D  🚦 [ROADMAP 13:32:32.259] [📱앱] [LIST] 안드로이드 자체 메모리에 필터 캐싱 완료 및 대기
2026-04-20 13:32:32.260 15134-15134 1DAL_MVP                com.onedal.app                       D  🚦 [ROADMAP 13:32:32.260] [📱앱] [LIST] [Current Page: LIST] 상태 유지 및 1차(단독/합짐) 리스트 필터 통과 확인
2026-04-20 13:32:32.260 15134-15134 1DAL_MVP                com.onedal.app                       D  💥 [AUTO] 꿀콜 조건 통과! 대상 콜 강제 터치 진행!
2026-04-20 13:32:32.260 15134-15134 1DAL_MVP                com.onedal.app                       D  📝 [AUTO] 2차 검증 반송(취소)에 대비해 해당 콜 지문 선(先)기록 완료 (해시: -980134816)
2026-04-20 13:32:32.260 15134-15134 1DAL_MVP                com.onedal.app                       D  🚦 [ROADMAP 13:32:32.260] [📱앱] [LIST] 리스트에서 바뀐 text 감지 후 text 추출
2026-04-20 13:32:32.260 15134-15134 1DAL_MVP                com.onedal.app                       D  🚦 [ROADMAP 13:32:32.260] [📱앱] [LIST] [인성 Socket] 인성콜에 선택된 콜 정보 전달 (꿀콜 클릭!)
2026-04-20 13:32:32.312 15134-15134 1DAL_TOUCH              com.onedal.app                       D  ✅ [가로채기 성공!] 화면 좌표 (X:917.0, Y:664.0) 터치 완료!
2026-04-20 13:32:32.313 15134-15134 1DAL_MVP                com.onedal.app                       D  🚦 [ROADMAP 13:32:32.312] [📱앱] 버튼 터치 완료 (가로채기 성공) X:917.0, Y:664.0
2026-04-20 13:32:32.440 15134-15134 1DAL_MVP                com.onedal.app                       D  -------------------------------
2026-04-20 13:32:32.440 15134-15134 1DAL_MVP                com.onedal.app                       D  🚦 [ROADMAP 13:32:32.440] [📱앱] [DETAIL_PRE_CONFIRM] 📡 화면 변경 감지 | 모드: AUTO
2026-04-20 13:32:32.440 15134-15134 1DAL_MVP                com.onedal.app                       D  🚦 [ROADMAP 13:32:32.440] [📱앱] [DETAIL_PRE_CONFIRM] [Current Page: DETAIL_PRE_CONFIRM] 진입 완료
2026-04-20 13:32:32.444 15134-15134 1DAL_MVP                com.onedal.app                       D  🚦 [ROADMAP 13:32:32.444] [📱앱] [DETAIL_PRE_CONFIRM] 상세페이지 텍스트 추출 및 2차 필터(적요 등) 통과 확인
2026-04-20 13:32:32.444 15134-15134 1DAL_MVP                com.onedal.app                       D  🚦 [ROADMAP 13:32:32.444] [📱앱] [LIST] 🔍 [타겟 콜 필터 결과] 차종(오)=✅ 도착지(0중 송파구)=✅ 요금(0 <= 33000)=✅ 상차지/거리(999 >= 3.8km)=✅ 블랙()=✅
2026-04-20 13:32:32.444 15134-15134 1DAL_MVP                com.onedal.app                       D  📤 [post /confirm request] 서버 전송 내용 -> 모드: AUTO | 텍스트: rep_map 고양퀵서비스-031-932-7722 전표 상태 : 신규 물품 : 마대 1개 차량 : 오 탁송료 : 수수료 : 23% 요금 : 33,000(착불) 구분 : 편도 형태 : 보통 적요상세 *카고 입니다. 세금계산서필 09:45 상차. 마스크 카톤 마대 1개 명...
2026-04-20 13:32:32.444 15134-15134 1DAL_MVP                com.onedal.app                       D  🚀 [AUTO] 확정 버튼 광클 (배차 시도)
2026-04-20 13:32:32.445 15134-15134 1DAL_MVP                com.onedal.app                       D  🚦 [ROADMAP 13:32:32.444] [📱앱] [DETAIL_PRE_CONFIRM] 상세페이지에서 '확정' 추출 후 클릭
2026-04-20 13:32:32.445 15134-15134 1DAL_MVP                com.onedal.app                       D  🚦 [ROADMAP 13:32:32.445] [📱앱] [DETAIL_PRE_CONFIRM] [인성 Socket] 콜 확정 완료
2026-04-20 13:32:32.446 15134-15134 1DAL_MVP                com.onedal.app                       D  🚦 [ROADMAP 13:32:32.446] [📱앱] '확정' 버튼 인식 ➡️ 클릭 시도
2026-04-20 13:32:32.449 15134-15204 1DAL_API                com.onedal.app                       D  🌐 [post /confirm response / 200] {"success":true,"message":"1차 수신 완료. 상세 페이지 내용을 긁어서 POST /api/orders/detail 로 보내주세요."}
2026-04-20 13:32:32.449 15134-15204 1DAL_MVP                com.onedal.app                       D  🚦 [ROADMAP 13:32:32.449] [📱앱] [HTTP 폴링] 응답 /orders/confirm
2026-04-20 13:32:32.498 15134-15134 1DAL_TOUCH              com.onedal.app                       D  ✅ [가로채기 성공!] 화면 좌표 (X:161.0, Y:2251.0) 터치 완료!
2026-04-20 13:32:32.499 15134-15134 1DAL_MVP                com.onedal.app                       D  🚦 [ROADMAP 13:32:32.498] [📱앱] 버튼 터치 완료 (가로채기 성공) X:161.0, Y:2251.0
2026-04-20 13:32:32.631 15134-15134 1DAL_MVP                com.onedal.app                       D  -------------------------------
2026-04-20 13:32:32.632 15134-15134 1DAL_MVP                com.onedal.app                       D  🚦 [ROADMAP 13:32:32.631] [📱앱] [DETAIL_CONFIRMED] 📡 화면 변경 감지 | 모드: AUTO
2026-04-20 13:32:32.632 15134-15134 1DAL_MVP                com.onedal.app                       D  🚦 [ROADMAP 13:32:32.632] [📱앱] [DETAIL_CONFIRMED] [Current Page: DETAIL_CONFIRMED] 진입 완료
2026-04-20 13:32:32.632 15134-15134 1DAL_MVP                com.onedal.app                       D  🚦 [ROADMAP 13:32:32.632] [📱앱] [DETAIL_CONFIRMED] 🔒 isHolding = true 설정 (이후 화면 요동쳐도 락 유지)
2026-04-20 13:32:32.632 15134-15134 1DAL_MVP                com.onedal.app                       D  🚦 [ROADMAP 13:32:32.632] [📱앱] [DETAIL_CONFIRMED] 🏄‍♂️ 무인 서핑 가동 (State Machine: IDLE)
2026-04-20 13:32:32.632 15134-15134 1DAL_MVP                com.onedal.app                       D  🚦 [ROADMAP 13:32:32.632] [📱앱] [DETAIL_CONFIRMED] [Current Page: DETAIL_CONFIRMED] 확정페이지 체류 및 팝업버튼 트리거 대기
2026-04-20 13:32:32.633 15134-15134 1DAL_MVP                com.onedal.app                       D  🏄‍♂️ [자동 팝업 서핑] 확정 화면 진입 확인! 적요상세 팝업 호출 시도
2026-04-20 13:32:32.633 15134-15134 1DAL_MVP                com.onedal.app                       D  🚦 [ROADMAP 13:32:32.633] [📱앱] '적요상세' 버튼 인식 ➡️ 클릭 시도
2026-04-20 13:32:32.634 15134-15134 1DAL_MVP                com.onedal.app                       D  🚦 [ROADMAP 13:32:32.634] [📱앱] [DETAIL_CONFIRMED] 확정페이지에서 '적요상세' 추출 후 클릭
2026-04-20 13:32:32.634 15134-15134 1DAL_MVP                com.onedal.app                       I  📋 [SEQ 81] 적요상세 버튼 클릭 → 적요 정보 요청
2026-04-20 13:32:32.685 15134-15134 1DAL_TOUCH              com.onedal.app                       D  ✅ [가로채기 성공!] 화면 좌표 (X:149.0, Y:1153.0) 터치 완료!
2026-04-20 13:32:32.685 15134-15134 1DAL_MVP                com.onedal.app                       D  🚦 [ROADMAP 13:32:32.685] [📱앱] 버튼 터치 완료 (가로채기 성공) X:149.0, Y:1153.0
2026-04-20 13:32:32.797 15134-15134 1DAL_MVP                com.onedal.app                       D  -------------------------------
2026-04-20 13:32:32.797 15134-15134 1DAL_MVP                com.onedal.app                       D  🚦 [ROADMAP 13:32:32.797] [📱앱] [POPUP_MEMO] 📡 화면 변경 감지 | 모드: AUTO
2026-04-20 13:32:32.797 15134-15134 1DAL_MVP                com.onedal.app                       D  📝 적요 스크래핑 성공! 닫기 버튼 누름
2026-04-20 13:32:32.797 15134-15134 1DAL_MVP                com.onedal.app                       I  📋 [SEQ 81-82] 적요상세 추출 완료 → 닫기
2026-04-20 13:32:32.798 15134-15134 1DAL_MVP                com.onedal.app                       D  🚦 [ROADMAP 13:32:32.797] [📱앱] [POPUP_MEMO] [Current Page: POPUP_MEMO] 진입 완료 ("적요 내용" 텍스트 매칭 확인)
2026-04-20 13:32:32.798 15134-15134 1DAL_MVP                com.onedal.app                       D  🚦 [ROADMAP 13:32:32.798] [📱앱] [POPUP_MEMO] 적요상세 데이터 추출 및 메모리에 누적 저장
2026-04-20 13:32:32.798 15134-15134 1DAL_MVP                com.onedal.app                       D  🚦 [ROADMAP 13:32:32.798] [📱앱] '닫기' 버튼 인식 ➡️ 클릭 시도
2026-04-20 13:32:32.851 15134-15134 1DAL_TOUCH              com.onedal.app                       D  ✅ [가로채기 성공!] 화면 좌표 (X:540.0, Y:2264.0) 터치 완료!
2026-04-20 13:32:32.852 15134-15134 1DAL_MVP                com.onedal.app                       D  🚦 [ROADMAP 13:32:32.852] [📱앱] 버튼 터치 완료 (가로채기 성공) X:540.0, Y:2264.0
2026-04-20 13:32:32.910 15134-15134 1DAL_MVP                com.onedal.app                       D  -------------------------------
2026-04-20 13:32:32.911 15134-15134 1DAL_MVP                com.onedal.app                       D  🚦 [ROADMAP 13:32:32.910] [📱앱] [DETAIL_CONFIRMED] 📡 화면 변경 감지 | 모드: AUTO
2026-04-20 13:32:32.911 15134-15134 1DAL_MVP                com.onedal.app                       D  🚦 [ROADMAP 13:32:32.911] [📱앱] [DETAIL_CONFIRMED] [Current Page: DETAIL_CONFIRMED] 확정페이지 복귀 확인 (잔상 회피 완료)
2026-04-20 13:32:32.911 15134-15134 1DAL_MVP                com.onedal.app                       D  🏄‍♂️ [자동 팝업 서핑] 적요 정보 확인 완료. 출발지 정보 확인을 위해 자동 클릭 시도
2026-04-20 13:32:32.911 15134-15134 1DAL_MVP                com.onedal.app                       D  🚦 [ROADMAP 13:32:32.911] [📱앱] [DETAIL_CONFIRMED] 확정페이지에서 '출발지' 추출 후 클릭
2026-04-20 13:32:32.911 15134-15134 1DAL_MVP                com.onedal.app                       D  🚦 [ROADMAP 13:32:32.911] [📱앱] '출발지' 버튼 인식 ➡️ 클릭 시도
2026-04-20 13:32:32.966 15134-15134 1DAL_TOUCH              com.onedal.app                       D  ✅ [가로채기 성공!] 화면 좌표 (X:539.0, Y:1592.0) 터치 완료!
2026-04-20 13:32:32.966 15134-15134 1DAL_MVP                com.onedal.app                       D  🚦 [ROADMAP 13:32:32.966] [📱앱] 버튼 터치 완료 (가로채기 성공) X:539.0, Y:1592.0
2026-04-20 13:32:33.073 15134-15134 1DAL_MVP                com.onedal.app                       D  -------------------------------
2026-04-20 13:32:33.074 15134-15134 1DAL_MVP                com.onedal.app                       D  🚦 [ROADMAP 13:32:33.073] [📱앱] [POPUP_PICKUP] 📡 화면 변경 감지 | 모드: AUTO
2026-04-20 13:32:33.074 15134-15134 1DAL_MVP                com.onedal.app                       D  📝 출발지 스크래핑 성공! 닫기 버튼 누름
2026-04-20 13:32:33.074 15134-15134 1DAL_MVP                com.onedal.app                       D  🚦 [ROADMAP 13:32:33.074] [📱앱] [POPUP_PICKUP] [Current Page: POPUP_PICKUP] 진입 완료 ("전화1" 텍스트 매칭 확인)
2026-04-20 13:32:33.075 15134-15134 1DAL_MVP                com.onedal.app                       D  🚦 [ROADMAP 13:32:33.074] [📱앱] [POPUP_PICKUP] 출발지 데이터 추출 및 메모리에 누적 저장
2026-04-20 13:32:33.075 15134-15134 1DAL_MVP                com.onedal.app                       D  🚦 [ROADMAP 13:32:33.075] [📱앱] '닫기' 버튼 인식 ➡️ 클릭 시도
2026-04-20 13:32:33.146 15134-15134 1DAL_MVP                com.onedal.app                       D  -------------------------------
2026-04-20 13:32:33.146 15134-15134 1DAL_MVP                com.onedal.app                       D  🚦 [ROADMAP 13:32:33.146] [📱앱] [DETAIL_CONFIRMED] 📡 화면 변경 감지 | 모드: AUTO
2026-04-20 13:32:33.146 15134-15134 1DAL_MVP                com.onedal.app                       D  🚦 [ROADMAP 13:32:33.146] [📱앱] [DETAIL_CONFIRMED] [Current Page: DETAIL_CONFIRMED] 확정페이지 복귀 확인 (잔상 회피 완료)
2026-04-20 13:32:33.146 15134-15134 1DAL_MVP                com.onedal.app                       D  🏄‍♂️ [자동 팝업 서핑] 출발지 확인 완료. 도착지 정보 확인을 위해 자동 클릭 시도
2026-04-20 13:32:33.146 15134-15134 1DAL_MVP                com.onedal.app                       D  🚦 [ROADMAP 13:32:33.146] [📱앱] [DETAIL_CONFIRMED] 확정페이지에서 '도착지' 추출 후 클릭
2026-04-20 13:32:33.146 15134-15134 1DAL_MVP                com.onedal.app                       D  🚦 [ROADMAP 13:32:33.146] [📱앱] '도착지' 버튼 인식 ➡️ 클릭 시도
2026-04-20 13:32:33.150 15134-15134 1DAL_TOUCH              com.onedal.app                       D  ✅ [가로채기 성공!] 화면 좌표 (X:136.0, Y:2264.0) 터치 완료!
2026-04-20 13:32:33.150 15134-15134 1DAL_MVP                com.onedal.app                       D  🚦 [ROADMAP 13:32:33.150] [📱앱] 버튼 터치 완료 (가로채기 성공) X:136.0, Y:2264.0
2026-04-20 13:32:33.201 15134-15134 1DAL_TOUCH              com.onedal.app                       D  ✅ [가로채기 성공!] 화면 좌표 (X:539.0, Y:1742.0) 터치 완료!
2026-04-20 13:32:33.201 15134-15134 1DAL_MVP                com.onedal.app                       D  🚦 [ROADMAP 13:32:33.201] [📱앱] 버튼 터치 완료 (가로채기 성공) X:539.0, Y:1742.0
2026-04-20 13:32:33.268 15134-15134 1DAL_MVP                com.onedal.app                       D  -------------------------------
2026-04-20 13:32:33.269 15134-15134 1DAL_MVP                com.onedal.app                       D  🚦 [ROADMAP 13:32:33.268] [📱앱] [POPUP_DROPOFF] 📡 화면 변경 감지 | 모드: AUTO
2026-04-20 13:32:33.269 15134-15134 1DAL_MVP                com.onedal.app                       D  📝 도착지 스크래핑 성공! 닫기 누름 및 전체 내용 /detail 로 발송
2026-04-20 13:32:33.269 15134-15134 1DAL_MVP                com.onedal.app                       D  🚦 [ROADMAP 13:32:33.269] [📱앱] [POPUP_DROPOFF] [Current Page: POPUP_DROPOFF] 진입 완료 ("전화1" 텍스트 매칭 확인)
2026-04-20 13:32:33.269 15134-15134 1DAL_MVP                com.onedal.app                       D  🚦 [ROADMAP 13:32:33.269] [📱앱] [POPUP_DROPOFF] 도착지 데이터 추출 및 메모리에 누적 저장
2026-04-20 13:32:33.269 15134-15134 1DAL_MVP                com.onedal.app                       D  🚦 [ROADMAP 13:32:33.269] [📱앱] '닫기' 버튼 인식 ➡️ 클릭 시도
2026-04-20 13:32:33.270 15134-15134 1DAL_MVP                com.onedal.app                       D  🚦 [ROADMAP 13:32:33.270] [📱앱] [POPUP_DROPOFF] [Current Page: DETAIL_CONFIRMED] 무인 서핑 종료 (State Machine: DONE)
2026-04-20 13:32:33.270 15134-15134 1DAL_MVP                com.onedal.app                       W  ⏳ 데스밸리 타이머 시작: 30초 대기...
2026-04-20 13:32:33.271 15134-15134 1DAL_MVP                com.onedal.app                       D  🌐 [post /detail request] AUTO 모드 판결 요청 텍스트: rep_map 고양퀵서비스-031-932-7722 전표 상태 : 신규 물품 : 마대 1개 취소 차량 : 오 탁송료 : 0 수수료 : 23% 요금 : 33,000(착불) 구분 : 편도 형태 : 보통 적요상세 인수증 전송 *카고 입니다. 세금계산서필 09:45 상차. 마스...
2026-04-20 13:32:33.322 15134-15134 1DAL_TOUCH              com.onedal.app                       D  ✅ [가로채기 성공!] 화면 좌표 (X:136.0, Y:2264.0) 터치 완료!
2026-04-20 13:32:33.322 15134-15134 1DAL_MVP                com.onedal.app                       D  🚦 [ROADMAP 13:32:33.322] [📱앱] 버튼 터치 완료 (가로채기 성공) X:136.0, Y:2264.0
2026-04-20 13:32:33.548 15134-15134 1DAL_MVP                com.onedal.app                       D  🚦 [ROADMAP 13:32:33.548] [📱앱] [DETAIL_CONFIRMED] [post /api/scrap request] 👀 화면 변경 감지 발송  deviceId: 앱폰-sdk_gpho-160, (건수: 1)
2026-04-20 13:32:33.557 15134-15176 1DAL_MVP                com.onedal.app                       D  🚦 [ROADMAP 13:32:33.556] [📱앱] [DETAIL_CONFIRMED] [post /api/scrap response] deviceId: 앱폰-sdk_gpho-160, (건수: 1)
2026-04-20 13:32:33.557 15134-15176 1DAL_API                com.onedal.app                       D  📋 [필터 동기화 (서버→앱) 적용됨] 맵핑된 필터 전체 스키마:
                                                                                                    FilterConfig(allowedVehicleTypes=[다마스, 라보, 오토바이], isActive=false, isSharedMode=true, pickupRadiusKm=999, minFare=0, maxFare=1000000, destinationCity=, destinationRadiusKm=10, excludedKeywords=[], destinationKeywords=[], customCityFilters=[], destinationGroups={}, customFilters=[])
2026-04-20 13:32:33.558 15134-15176 1DAL_TELEMETRY          com.onedal.app                       D  📥 [서버 수신] 👀 화면 변경 감지 완료 (수신된 모드: AUTO)
2026-04-20 13:32:34.550 15134-15134 1DAL_MVP                com.onedal.app                       D  🚦 [ROADMAP 13:32:34.550] [📱앱] [DETAIL_CONFIRMED] [post /api/scrap request] ⏱️ 타이머 생존신고 발송  deviceId: 앱폰-sdk_gpho-160, (건수: 0)
2026-04-20 13:32:34.559 15134-15176 1DAL_MVP                com.onedal.app                       D  🚦 [ROADMAP 13:32:34.559] [📱앱] [DETAIL_CONFIRMED] [post /api/scrap response] deviceId: 앱폰-sdk_gpho-160, (건수: 0)
2026-04-20 13:32:34.561 15134-15176 1DAL_API                com.onedal.app                       D  📋 [필터 동기화 (서버→앱) 적용됨] 맵핑된 필터 전체 스키마:
                                                                                                    FilterConfig(allowedVehicleTypes=[다마스, 라보, 오토바이], isActive=false, isSharedMode=true, pickupRadiusKm=999, minFare=0, maxFare=1000000, destinationCity=, destinationRadiusKm=10, excludedKeywords=[], destinationKeywords=[], customCityFilters=[], destinationGroups={}, customFilters=[])
2026-04-20 13:32:34.561 15134-15176 1DAL_TELEMETRY          com.onedal.app                       D  📥 [서버 수신] ⏱️ 타이머 생존신고 완료 (수신된 모드: AUTO)
2026-04-20 13:32:34.675 15134-15204 1DAL_API                com.onedal.app                       D  🌐 [post /detail response / 202] 즉결 접수 완료. Piggyback 대기 시작.
2026-04-20 13:32:35.557 15134-15134 1DAL_MVP                com.onedal.app                       D  🚦 [ROADMAP 13:32:35.556] [📱앱] [DETAIL_CONFIRMED] [post /api/scrap request] ⏱️ 타이머 생존신고 발송  deviceId: 앱폰-sdk_gpho-160, (건수: 0)
2026-04-20 13:32:35.566 15134-15176 1DAL_MVP                com.onedal.app                       D  🚦 [ROADMAP 13:32:35.565] [📱앱] [DETAIL_CONFIRMED] [post /api/scrap response] deviceId: 앱폰-sdk_gpho-160, (건수: 0)
2026-04-20 13:32:35.567 15134-15176 1DAL_API                com.onedal.app                       D  📋 [필터 동기화 (서버→앱) 적용됨] 맵핑된 필터 전체 스키마:
                                                                                                    FilterConfig(allowedVehicleTypes=[다마스, 라보, 오토바이], isActive=false, isSharedMode=true, pickupRadiusKm=999, minFare=0, maxFare=1000000, destinationCity=, destinationRadiusKm=10, excludedKeywords=[], destinationKeywords=[], customCityFilters=[], destinationGroups={}, customFilters=[])
2026-04-20 13:32:35.567 15134-15176 1DAL_TELEMETRY          com.onedal.app                       D  📥 [서버 수신] ⏱️ 타이머 생존신고 완료 (수신된 모드: AUTO)
2026-04-20 13:32:36.563 15134-15134 1DAL_MVP                com.onedal.app                       D  🚦 [ROADMAP 13:32:36.562] [📱앱] [DETAIL_CONFIRMED] [post /api/scrap request] ⏱️ 타이머 생존신고 발송  deviceId: 앱폰-sdk_gpho-160, (건수: 0)
2026-04-20 13:32:36.576 15134-15176 1DAL_MVP                com.onedal.app                       D  🚦 [ROADMAP 13:32:36.575] [📱앱] [DETAIL_CONFIRMED] [post /api/scrap response] deviceId: 앱폰-sdk_gpho-160, (건수: 0)
2026-04-20 13:32:36.579 15134-15176 1DAL_API                com.onedal.app                       D  📋 [필터 동기화 (서버→앱) 적용됨] 맵핑된 필터 전체 스키마:
                                                                                                    FilterConfig(allowedVehicleTypes=[다마스, 라보, 오토바이], isActive=false, isSharedMode=true, pickupRadiusKm=999, minFare=0, maxFare=1000000, destinationCity=, destinationRadiusKm=10, excludedKeywords=[], destinationKeywords=[], customCityFilters=[], destinationGroups={}, customFilters=[])
2026-04-20 13:32:36.580 15134-15176 1DAL_TELEMETRY          com.onedal.app                       D  📥 [서버 수신] ⏱️ 타이머 생존신고 완료 (수신된 모드: AUTO)
2026-04-20 13:32:37.567 15134-15134 1DAL_MVP                com.onedal.app                       D  🚦 [ROADMAP 13:32:37.566] [📱앱] [DETAIL_CONFIRMED] [post /api/scrap request] ⏱️ 타이머 생존신고 발송  deviceId: 앱폰-sdk_gpho-160, (건수: 0)
2026-04-20 13:32:37.583 15134-15176 1DAL_MVP                com.onedal.app                       D  🚦 [ROADMAP 13:32:37.582] [📱앱] [DETAIL_CONFIRMED] [post /api/scrap response] deviceId: 앱폰-sdk_gpho-160, (건수: 0)
2026-04-20 13:32:37.591 15134-15176 1DAL_API                com.onedal.app                       D  📋 [필터 동기화 (서버→앱) 적용됨] 맵핑된 필터 전체 스키마:
