2026-04-20 02:48:10.959 21975-21975 1DAL_MVP                com.onedal.app                       D  🚦 [ROADMAP 02:48:10.956] [📱앱] [DETAIL_CONFIRMED] [post /api/scrap request] ⏱️ 타이머 생존신고 발송  deviceId: 앱폰-sdk_gpho-160, (건수: 0)
2026-04-20 02:48:11.027 21975-22020 1DAL_MVP                com.onedal.app                       D  🚦 [ROADMAP 02:48:11.025] [📱앱] [DETAIL_CONFIRMED] [post /api/scrap response] deviceId: 앱폰-sdk_gpho-160, (건수: 0)
2026-04-20 02:48:11.029 21975-22020 1DAL_API                com.onedal.app                       D  📋 [필터 동기화 (서버→앱) 적용됨] 맵핑된 필터 전체 스키마:
                                                                                                    FilterConfig(allowedVehicleTypes=[1t], isActive=false, isSharedMode=false, pickupRadiusKm=999, minFare=0, maxFare=1000000, destinationCity=, destinationRadiusKm=10, excludedKeywords=[], destinationKeywords=[], customCityFilters=[], destinationGroups={}, customFilters=[])
2026-04-20 02:48:11.030 21975-22020 1DAL_TELEMETRY          com.onedal.app                       D  📥 [서버 수신] ⏱️ 타이머 생존신고 완료 (수신된 모드: AUTO)
---------------------------- PROCESS ENDED (21975) for package com.onedal.app ----------------------------
---------------------------- PROCESS STARTED (3313) for package com.onedal.app ----------------------------
2026-04-20 02:48:20.951  3313-3313  1DAL_TELEMETRY          com.onedal.app                       I  Telemetry Loop Started (Event-driven + 20s Keep-alive)
2026-04-20 02:48:20.987  3313-3313  1DAL_MVP                com.onedal.app                       D  🚦 [ROADMAP 02:48:20.962] [📱앱] [LIST] [0초] 인성앱 실행 후 1DAL앱 접근성 권한 on
2026-04-20 02:48:20.987  3313-3313  1DAL_MVP                com.onedal.app                       I  ✅ 1DAL Service Connected!
2026-04-20 02:48:20.988  3313-3313  1DAL_MVP                com.onedal.app                       I    📡 ApiClient  (기기ID: 앱폰-sdk_gpho-160)
2026-04-20 02:48:20.988  3313-3313  1DAL_MVP                com.onedal.app                       I    📤 Telemetry  (생존신고 시작)
2026-04-20 02:48:20.993  3313-3313  1DAL_MVP                com.onedal.app                       I    🔍 Parser     (NativeScrapParser)
2026-04-20 02:48:20.996  3313-3313  1DAL_MVP                com.onedal.app                       I    👆 Touch      (준비 완료)
2026-04-20 02:48:20.996  3313-3313  1DAL_MVP                com.onedal.app                       I    🎯 Keywords   (인성콜)
2026-04-20 02:48:21.052  3313-3354  1DAL_API                com.onedal.app                       D  🎯 [인성콜] 키워드 사전 다운로드 성공: {"appName":"인성콜","uiNoiseWords":["출발지","도착지","차종","요금","설정","닫기","콜상세"],"confirmButtonText":"확정","cancelButtonText":"취소","pickupButtonText":"출발지","dropoffButtonText":"도착지"}
2026-04-20 02:48:21.162  3313-3313  1DAL_MVP                com.onedal.app                       D  🚦 [ROADMAP 02:48:21.161] [📱앱] [LIST] [post /api/scrap request] 👀 화면 변경 감지 발송  deviceId: 앱폰-sdk_gpho-160, (건수: 0)
2026-04-20 02:48:21.196  3313-3354  1DAL_MVP                com.onedal.app                       D  🚦 [ROADMAP 02:48:21.196] [📱앱] [LIST] [post /api/scrap response] deviceId: 앱폰-sdk_gpho-160, (건수: 0)
2026-04-20 02:48:21.199  3313-3354  1DAL_API                com.onedal.app                       D  📋 [필터 동기화 (서버→앱) 적용됨] 맵핑된 필터 전체 스키마:
                                                                                                    FilterConfig(allowedVehicleTypes=[1t], isActive=false, isSharedMode=false, pickupRadiusKm=999, minFare=0, maxFare=1000000, destinationCity=, destinationRadiusKm=10, excludedKeywords=[], destinationKeywords=[], customCityFilters=[], destinationGroups={}, customFilters=[])
2026-04-20 02:48:21.199  3313-3354  1DAL_TELEMETRY          com.onedal.app                       D  📥 [서버 수신] 👀 화면 변경 감지 완료 (수신된 모드: AUTO)
2026-04-20 02:48:22.126  3313-3313  1DAL_MVP                com.onedal.app                       D  -------------------------------
2026-04-20 02:48:22.127  3313-3313  1DAL_MVP                com.onedal.app                       D  🚦 [ROADMAP 02:48:22.126] [📱앱] [UNKNOWN] 📡 화면 변경 감지 | 모드: AUTO
2026-04-20 02:48:22.334  3313-3313  1DAL_MVP                com.onedal.app                       D  🚦 [ROADMAP 02:48:22.333] [📱앱] [UNKNOWN] [post /api/scrap request] 👀 화면 변경 감지 발송  deviceId: 앱폰-sdk_gpho-160, (건수: 0)
2026-04-20 02:48:22.340  3313-3354  1DAL_MVP                com.onedal.app                       D  🚦 [ROADMAP 02:48:22.339] [📱앱] [UNKNOWN] [post /api/scrap response] deviceId: 앱폰-sdk_gpho-160, (건수: 0)
2026-04-20 02:48:22.340  3313-3354  1DAL_API                com.onedal.app                       D  📋 [필터 동기화 (서버→앱) 적용됨] 맵핑된 필터 전체 스키마:
                                                                                                    FilterConfig(allowedVehicleTypes=[1t], isActive=false, isSharedMode=false, pickupRadiusKm=999, minFare=0, maxFare=1000000, destinationCity=, destinationRadiusKm=10, excludedKeywords=[], destinationKeywords=[], customCityFilters=[], destinationGroups={}, customFilters=[])
2026-04-20 02:48:22.340  3313-3354  1DAL_TELEMETRY          com.onedal.app                       D  📥 [서버 수신] 👀 화면 변경 감지 완료 (수신된 모드: AUTO)
2026-04-20 02:48:24.337  3313-3313  1DAL_MVP                com.onedal.app                       D  -------------------------------
2026-04-20 02:48:24.337  3313-3313  1DAL_MVP                com.onedal.app                       D  🚦 [ROADMAP 02:48:24.337] [📱앱] [UNKNOWN] 📡 화면 변경 감지 | 모드: AUTO
2026-04-20 02:48:24.446  3313-3313  1DAL_MVP                com.onedal.app                       D  -------------------------------
2026-04-20 02:48:24.446  3313-3313  1DAL_MVP                com.onedal.app                       D  🚦 [ROADMAP 02:48:24.446] [📱앱] [UNKNOWN] 📡 화면 변경 감지 | 모드: AUTO
2026-04-20 02:48:24.544  3313-3313  1DAL_MVP                com.onedal.app                       D  -------------------------------
2026-04-20 02:48:24.544  3313-3313  1DAL_MVP                com.onedal.app                       D  🚦 [ROADMAP 02:48:24.544] [📱앱] [UNKNOWN] 📡 화면 변경 감지 | 모드: AUTO
2026-04-20 02:48:24.644  3313-3313  1DAL_MVP                com.onedal.app                       D  -------------------------------
2026-04-20 02:48:24.645  3313-3313  1DAL_MVP                com.onedal.app                       D  🚦 [ROADMAP 02:48:24.644] [📱앱] [UNKNOWN] 📡 화면 변경 감지 | 모드: AUTO
2026-04-20 02:48:26.242  3313-3313  1DAL_MVP                com.onedal.app                       D  -------------------------------
2026-04-20 02:48:26.248  3313-3313  1DAL_MVP                com.onedal.app                       D  🚦 [ROADMAP 02:48:26.244] [📱앱] [UNKNOWN] 📡 화면 변경 감지 | 모드: AUTO
2026-04-20 02:48:27.296  3313-3313  1DAL_MVP                com.onedal.app                       D  -------------------------------
2026-04-20 02:48:27.297  3313-3313  1DAL_MVP                com.onedal.app                       D  🚦 [ROADMAP 02:48:27.296] [📱앱] [UNKNOWN] 📡 화면 변경 감지 | 모드: AUTO
2026-04-20 02:48:27.380  3313-3313  1DAL_MVP                com.onedal.app                       D  -------------------------------
2026-04-20 02:48:27.381  3313-3313  1DAL_MVP                com.onedal.app                       D  🚦 [ROADMAP 02:48:27.381] [📱앱] [UNKNOWN] 📡 화면 변경 감지 | 모드: AUTO
2026-04-20 02:48:29.561  3313-3313  1DAL_MVP                com.onedal.app                       D  -------------------------------
2026-04-20 02:48:29.563  3313-3313  1DAL_MVP                com.onedal.app                       D  🚦 [ROADMAP 02:48:29.562] [📱앱] [UNKNOWN] 📡 화면 변경 감지 | 모드: AUTO
2026-04-20 02:48:29.813  3313-3313  1DAL_MVP                com.onedal.app                       D  -------------------------------
2026-04-20 02:48:29.816  3313-3313  1DAL_MVP                com.onedal.app                       D  🚦 [ROADMAP 02:48:29.814] [📱앱] [LIST] 📡 화면 변경 감지 | 모드: AUTO
2026-04-20 02:48:29.842  3313-3313  1DAL_PARSER             com.onedal.app                       D  🔍 [1차 리스트 필터] 도착지=부산진구, 결과=true
2026-04-20 02:48:29.843  3313-3313  1DAL_MVP                com.onedal.app                       D  🚦 [ROADMAP 02:48:29.843] [📱앱] [LIST] 🔍 [타겟 콜 필터 결과] 차종(라)=❌ 도착지(0중 부산진구)=✅ 요금(0 <= 450000)=✅ 상차지/거리(999 >= 5.1km)=✅ 블랙()=✅
2026-04-20 02:48:29.845  3313-3313  1DAL_PARSER             com.onedal.app                       D  🔍 [1차 리스트 필터] 도착지=중랑구, 결과=true
2026-04-20 02:48:29.845  3313-3313  1DAL_MVP                com.onedal.app                       D  🚦 [ROADMAP 02:48:29.845] [📱앱] [LIST] 🔍 [타겟 콜 필터 결과] 차종(오)=❌ 도착지(0중 중랑구)=✅ 요금(0 <= 53000)=✅ 상차지/거리(999 >= 0.2km)=✅ 블랙()=✅
2026-04-20 02:48:29.846  3313-3313  1DAL_PARSER             com.onedal.app                       D  🔍 [1차 리스트 필터] 도착지=광명동, 결과=true
2026-04-20 02:48:29.847  3313-3313  1DAL_MVP                com.onedal.app                       D  🚦 [ROADMAP 02:48:29.846] [📱앱] [LIST] 🔍 [타겟 콜 필터 결과] 차종(다)=❌ 도착지(0중 광명동)=✅ 요금(0 <= 77000)=✅ 상차지/거리(999 >= 9.0km)=✅ 블랙()=✅
2026-04-20 02:48:29.849  3313-3313  1DAL_PARSER             com.onedal.app                       D  🔍 [1차 리스트 필터] 도착지=동안구, 결과=true
2026-04-20 02:48:29.849  3313-3313  1DAL_MVP                com.onedal.app                       D  🚦 [ROADMAP 02:48:29.849] [📱앱] [LIST] 🔍 [타겟 콜 필터 결과] 차종(오)=❌ 도착지(0중 동안구)=✅ 요금(0 <= 52000)=✅ 상차지/거리(999 >= 13.6km)=✅ 블랙()=✅
2026-04-20 02:48:29.854  3313-3313  1DAL_PARSER             com.onedal.app                       D  🔍 [1차 리스트 필터] 도착지=금촌동, 결과=true
2026-04-20 02:48:29.855  3313-3313  1DAL_MVP                com.onedal.app                       D  🚦 [ROADMAP 02:48:29.854] [📱앱] [LIST] 🔍 [타겟 콜 필터 결과] 차종(다)=❌ 도착지(0중 금촌동)=✅ 요금(0 <= 99000)=✅ 상차지/거리(999 >= 0.2km)=✅ 블랙()=✅
2026-04-20 02:48:30.160  3313-3313  1DAL_MVP                com.onedal.app                       D  🚦 [ROADMAP 02:48:30.160] [📱앱] [LIST] [post /api/scrap request] 👀 화면 변경 감지 발송  deviceId: 앱폰-sdk_gpho-160, (건수: 5)
2026-04-20 02:48:30.188  3313-3354  1DAL_MVP                com.onedal.app                       D  🚦 [ROADMAP 02:48:30.187] [📱앱] [LIST] [post /api/scrap response] deviceId: 앱폰-sdk_gpho-160, (건수: 5)
2026-04-20 02:48:30.189  3313-3354  1DAL_API                com.onedal.app                       D  📋 [필터 동기화 (서버→앱) 적용됨] 맵핑된 필터 전체 스키마:
                                                                                                    FilterConfig(allowedVehicleTypes=[1t], isActive=false, isSharedMode=false, pickupRadiusKm=999, minFare=0, maxFare=1000000, destinationCity=, destinationRadiusKm=10, excludedKeywords=[], destinationKeywords=[], customCityFilters=[], destinationGroups={}, customFilters=[])
2026-04-20 02:48:30.189  3313-3354  1DAL_TELEMETRY          com.onedal.app                       D  📥 [서버 수신] 👀 화면 변경 감지 완료 (수신된 모드: AUTO)
2026-04-20 02:48:35.240  3313-3313  1DAL_MVP                com.onedal.app                       D  -------------------------------
2026-04-20 02:48:35.242  3313-3313  1DAL_MVP                com.onedal.app                       D  🚦 [ROADMAP 02:48:35.241] [📱앱] [LIST] 📡 화면 변경 감지 | 모드: AUTO
2026-04-20 02:48:35.247  3313-3313  1DAL_PARSER             com.onedal.app                       D  🔍 [1차 리스트 필터] 도착지=초월읍, 결과=true
2026-04-20 02:48:35.248  3313-3313  1DAL_MVP                com.onedal.app                       D  🚦 [ROADMAP 02:48:35.247] [📱앱] [LIST] 🔍 [타겟 콜 필터 결과] 차종(1t)=✅ 도착지(0중 초월읍)=✅ 요금(0 <= 30000)=✅ 상차지/거리(999 >= 0.2km)=✅ 블랙()=✅
2026-04-20 02:48:35.248  3313-3313  1DAL_MVP                com.onedal.app                       D  🚦 [ROADMAP 02:48:35.248] [📱앱] [LIST] AccessibilityService로 바뀐 리스트 감지 후 text 추출
2026-04-20 02:48:35.248  3313-3313  1DAL_MVP                com.onedal.app                       D  💥 [AUTO] 꿀콜 조건 통과! 대상 콜 강제 터치 진행!
2026-04-20 02:48:35.248  3313-3313  1DAL_MVP                com.onedal.app                       D  📝 [AUTO] 2차 검증 반송(취소)에 대비해 해당 콜 지문 선(先)기록 완료 (해시: -529962912)
2026-04-20 02:48:35.248  3313-3313  1DAL_MVP                com.onedal.app                       D  🚦 [ROADMAP 02:48:35.248] [📱앱] [LIST] 리스트에서 바뀐 text 감지 후 text 추출
2026-04-20 02:48:35.253  3313-3313  1DAL_MVP                com.onedal.app                       D  🚦 [ROADMAP 02:48:35.253] [📱앱] [LIST] [인성 Socket] 인성콜에 선택된 콜 정보 전달 (꿀콜 클릭!)
2026-04-20 02:48:35.306  3313-3313  1DAL_TOUCH              com.onedal.app                       D  ✅ [가로채기 성공!] 화면 좌표 (X:917.0, Y:568.0) 터치 완료!
2026-04-20 02:48:35.312  3313-3313  1DAL_MVP                com.onedal.app                       D  🚦 [ROADMAP 02:48:35.309] [📱앱] 버튼 터치 완료 (가로채기 성공) X:917.0, Y:568.0
2026-04-20 02:48:35.445  3313-3313  1DAL_MVP                com.onedal.app                       D  🚦 [ROADMAP 02:48:35.445] [📱앱] [LIST] [post /api/scrap request] 👀 화면 변경 감지 발송  deviceId: 앱폰-sdk_gpho-160, (건수: 0)
2026-04-20 02:48:35.458  3313-3354  1DAL_MVP                com.onedal.app                       D  🚦 [ROADMAP 02:48:35.457] [📱앱] [LIST] [post /api/scrap response] deviceId: 앱폰-sdk_gpho-160, (건수: 0)
2026-04-20 02:48:35.458  3313-3354  1DAL_API                com.onedal.app                       D  📋 [필터 동기화 (서버→앱) 적용됨] 맵핑된 필터 전체 스키마:
                                                                                                    FilterConfig(allowedVehicleTypes=[1t], isActive=false, isSharedMode=false, pickupRadiusKm=999, minFare=0, maxFare=1000000, destinationCity=, destinationRadiusKm=10, excludedKeywords=[], destinationKeywords=[], customCityFilters=[], destinationGroups={}, customFilters=[])
2026-04-20 02:48:35.458  3313-3354  1DAL_TELEMETRY          com.onedal.app                       D  📥 [서버 수신] 👀 화면 변경 감지 완료 (수신된 모드: AUTO)
2026-04-20 02:48:35.508  3313-3313  1DAL_MVP                com.onedal.app                       D  -------------------------------
2026-04-20 02:48:35.509  3313-3313  1DAL_MVP                com.onedal.app                       D  🚦 [ROADMAP 02:48:35.509] [📱앱] [DETAIL_PRE_CONFIRM] 📡 화면 변경 감지 | 모드: AUTO
2026-04-20 02:48:35.511  3313-3313  1DAL_MVP                com.onedal.app                       D  🚦 [ROADMAP 02:48:35.510] [📱앱] [DETAIL_PRE_CONFIRM] 상세페이지 진입
2026-04-20 02:48:35.538  3313-3313  1DAL_MVP                com.onedal.app                       D  🚦 [ROADMAP 02:48:35.538] [📱앱] [DETAIL_PRE_CONFIRM] 상세페이지 데이터(확정,적요상세,출발지,도착지) 추출
2026-04-20 02:48:35.540  3313-3313  1DAL_MVP                com.onedal.app                       D  🚦 [ROADMAP 02:48:35.539] [📱앱] [DETAIL_PRE_CONFIRM] 추출된 데이터로 한번더 필터링
2026-04-20 02:48:35.541  3313-3313  1DAL_MVP                com.onedal.app                       D  🚦 [ROADMAP 02:48:35.541] [📱앱] [LIST] 🔍 [타겟 콜 필터 결과] 차종(1t)=✅ 도착지(0중 초월읍)=✅ 요금(0 <= 30000)=✅ 상차지/거리(999 >= 0.2km)=✅ 블랙()=✅
2026-04-20 02:48:35.546  3313-3313  1DAL_MVP                com.onedal.app                       D  📤 [post /confirm request] 서버 전송 내용 -> 모드: AUTO | 텍스트: rep_map 고양퀵서비스-031-932-7722 전표 상태 : 신규 물품 : 박스 1개 차량 : 1t 탁송료 : 수수료 : 23% 요금 : 30,000(카드) 구분 : 편도 형태 : 보통 적요상세 *카고 입니다. 세금계산서필 15:21 상차. 마스크 카톤 박스 1개 ...
2026-04-20 02:48:35.547  3313-3313  1DAL_MVP                com.onedal.app                       D  🚀 [AUTO] 확정 버튼 광클 (배차 시도)
2026-04-20 02:48:35.550  3313-3313  1DAL_MVP                com.onedal.app                       D  🚦 [ROADMAP 02:48:35.547] [📱앱] [DETAIL_PRE_CONFIRM] 상세페이지에서 '확정' 추출 후 클릭
2026-04-20 02:48:35.550  3313-3313  1DAL_MVP                com.onedal.app                       D  🚦 [ROADMAP 02:48:35.550] [📱앱] [DETAIL_PRE_CONFIRM] [인성 Socket] 콜 확정 완료
2026-04-20 02:48:35.558  3313-3313  1DAL_MVP                com.onedal.app                       D  🚦 [ROADMAP 02:48:35.556] [📱앱] '확정' 버튼 인식 ➡️ 클릭 시도
2026-04-20 02:48:35.793  3313-3407  1DAL_API                com.onedal.app                       D  🌐 [post /confirm response / 200] {"success":true,"message":"1차 수신 완료. 상세 페이지 내용을 긁어서 POST /api/orders/detail 로 보내주세요."}
2026-04-20 02:48:35.796  3313-3407  1DAL_MVP                com.onedal.app                       D  🚦 [ROADMAP 02:48:35.794] [📱앱] [HTTP 폴링] 응답 /orders/confirm
2026-04-20 02:48:35.851  3313-3313  1DAL_MVP                com.onedal.app                       D  🚦 [ROADMAP 02:48:35.850] [📱앱] [DETAIL_PRE_CONFIRM] [post /api/scrap request] 👀 화면 변경 감지 발송  deviceId: 앱폰-sdk_gpho-160, (건수: 0)
2026-04-20 02:48:35.851  3313-3313  1DAL_TOUCH              com.onedal.app                       D  ✅ [가로채기 성공!] 화면 좌표 (X:161.0, Y:2251.0) 터치 완료!
2026-04-20 02:48:35.852  3313-3313  1DAL_MVP                com.onedal.app                       D  🚦 [ROADMAP 02:48:35.851] [📱앱] 버튼 터치 완료 (가로채기 성공) X:161.0, Y:2251.0
2026-04-20 02:48:35.860  3313-3354  1DAL_MVP                com.onedal.app                       D  🚦 [ROADMAP 02:48:35.860] [📱앱] [DETAIL_PRE_CONFIRM] [post /api/scrap response] deviceId: 앱폰-sdk_gpho-160, (건수: 0)
2026-04-20 02:48:35.861  3313-3354  1DAL_API                com.onedal.app                       D  📋 [필터 동기화 (서버→앱) 적용됨] 맵핑된 필터 전체 스키마:
                                                                                                    FilterConfig(allowedVehicleTypes=[1t], isActive=false, isSharedMode=false, pickupRadiusKm=999, minFare=0, maxFare=1000000, destinationCity=, destinationRadiusKm=10, excludedKeywords=[], destinationKeywords=[], customCityFilters=[], destinationGroups={}, customFilters=[])
2026-04-20 02:48:35.861  3313-3354  1DAL_TELEMETRY          com.onedal.app                       D  📥 [서버 수신] 👀 화면 변경 감지 완료 (수신된 모드: AUTO)
2026-04-20 02:48:36.016  3313-3313  1DAL_MVP                com.onedal.app                       D  -------------------------------
2026-04-20 02:48:36.016  3313-3313  1DAL_MVP                com.onedal.app                       D  🚦 [ROADMAP 02:48:36.016] [📱앱] [DETAIL_CONFIRMED] 📡 화면 변경 감지 | 모드: AUTO
2026-04-20 02:48:36.017  3313-3313  1DAL_MVP                com.onedal.app                       D  🚦 [ROADMAP 02:48:36.017] [📱앱] [DETAIL_CONFIRMED] 확정페이지 진입
2026-04-20 02:48:36.017  3313-3313  1DAL_MVP                com.onedal.app                       D  🏄‍♂️ [자동 팝업 서핑] 확정 화면 진입 확인! 적요상세 팝업 호출 시도
2026-04-20 02:48:36.018  3313-3313  1DAL_MVP                com.onedal.app                       D  🚦 [ROADMAP 02:48:36.018] [📱앱] '적요상세' 버튼 인식 ➡️ 클릭 시도
2026-04-20 02:48:36.019  3313-3313  1DAL_MVP                com.onedal.app                       D  🚦 [ROADMAP 02:48:36.019] [📱앱] [DETAIL_CONFIRMED] 확정페이지에서 '적요상세' 추출 후 클릭
2026-04-20 02:48:36.019  3313-3313  1DAL_MVP                com.onedal.app                       I  📋 [SEQ 81] 적요상세 버튼 클릭 → 적요 정보 요청
2026-04-20 02:48:36.070  3313-3313  1DAL_TOUCH              com.onedal.app                       D  ✅ [가로채기 성공!] 화면 좌표 (X:149.0, Y:1153.0) 터치 완료!
2026-04-20 02:48:36.070  3313-3313  1DAL_MVP                com.onedal.app                       D  🚦 [ROADMAP 02:48:36.070] [📱앱] 버튼 터치 완료 (가로채기 성공) X:149.0, Y:1153.0
2026-04-20 02:48:36.186  3313-3313  1DAL_MVP                com.onedal.app                       D  -------------------------------
2026-04-20 02:48:36.187  3313-3313  1DAL_MVP                com.onedal.app                       D  🚦 [ROADMAP 02:48:36.186] [📱앱] [POPUP_MEMO] 📡 화면 변경 감지 | 모드: AUTO
2026-04-20 02:48:36.187  3313-3313  1DAL_MVP                com.onedal.app                       D  📝 적요 스크래핑 성공! 닫기 버튼 누름
2026-04-20 02:48:36.187  3313-3313  1DAL_MVP                com.onedal.app                       I  📋 [SEQ 81-82] 적요상세 추출 완료 → 닫기
2026-04-20 02:48:36.187  3313-3313  1DAL_MVP                com.onedal.app                       D  🚦 [ROADMAP 02:48:36.187] [📱앱] [POPUP_MEMO] 적요상세페이지에서 '젹요 내용' 추출 및 저장 후 닫기 클릭
2026-04-20 02:48:36.189  3313-3313  1DAL_MVP                com.onedal.app                       D  🚦 [ROADMAP 02:48:36.189] [📱앱] '닫기' 버튼 인식 ➡️ 클릭 시도
2026-04-20 02:48:36.242  3313-3313  1DAL_TOUCH              com.onedal.app                       D  ✅ [가로채기 성공!] 화면 좌표 (X:540.0, Y:2264.0) 터치 완료!
2026-04-20 02:48:36.254  3313-3313  1DAL_MVP                com.onedal.app                       D  🚦 [ROADMAP 02:48:36.254] [📱앱] 버튼 터치 완료 (가로채기 성공) X:540.0, Y:2264.0
2026-04-20 02:48:36.301  3313-3313  1DAL_MVP                com.onedal.app                       D  -------------------------------
2026-04-20 02:48:36.302  3313-3313  1DAL_MVP                com.onedal.app                       D  🚦 [ROADMAP 02:48:36.301] [📱앱] [DETAIL_CONFIRMED] 📡 화면 변경 감지 | 모드: AUTO
2026-04-20 02:48:36.302  3313-3313  1DAL_MVP                com.onedal.app                       D  🚦 [ROADMAP 02:48:36.302] [📱앱] [DETAIL_CONFIRMED] 확정페이지 진입
2026-04-20 02:48:36.303  3313-3313  1DAL_MVP                com.onedal.app                       D  🏄‍♂️ [자동 팝업 서핑] 적요 정보 확인 완료. 출발지 정보 확인을 위해 자동 클릭 시도
2026-04-20 02:48:36.303  3313-3313  1DAL_MVP                com.onedal.app                       D  🚦 [ROADMAP 02:48:36.303] [📱앱] [DETAIL_CONFIRMED] 확정페이지에서 '출발지' 추출 후 클릭
2026-04-20 02:48:36.304  3313-3313  1DAL_MVP                com.onedal.app                       D  🚦 [ROADMAP 02:48:36.303] [📱앱] '출발지' 버튼 인식 ➡️ 클릭 시도
2026-04-20 02:48:36.358  3313-3313  1DAL_TOUCH              com.onedal.app                       D  ✅ [가로채기 성공!] 화면 좌표 (X:539.0, Y:1592.0) 터치 완료!
2026-04-20 02:48:36.360  3313-3313  1DAL_MVP                com.onedal.app                       D  🚦 [ROADMAP 02:48:36.359] [📱앱] 버튼 터치 완료 (가로채기 성공) X:539.0, Y:1592.0
2026-04-20 02:48:36.518  3313-3313  1DAL_MVP                com.onedal.app                       D  -------------------------------
2026-04-20 02:48:36.518  3313-3313  1DAL_MVP                com.onedal.app                       D  🚦 [ROADMAP 02:48:36.518] [📱앱] [POPUP_PICKUP] 📡 화면 변경 감지 | 모드: AUTO
2026-04-20 02:48:36.519  3313-3313  1DAL_MVP                com.onedal.app                       D  📝 출발지 스크래핑 성공! 닫기 버튼 누름
2026-04-20 02:48:36.519  3313-3313  1DAL_MVP                com.onedal.app                       D  🚦 [ROADMAP 02:48:36.519] [📱앱] [POPUP_PICKUP] 출발지페이지 text중 '전화, 위치' 추출 및 저장 후 닫기 클릭
2026-04-20 02:48:36.520  3313-3313  1DAL_MVP                com.onedal.app                       D  🚦 [ROADMAP 02:48:36.520] [📱앱] '닫기' 버튼 인식 ➡️ 클릭 시도
2026-04-20 02:48:36.572  3313-3313  1DAL_TOUCH              com.onedal.app                       D  ✅ [가로채기 성공!] 화면 좌표 (X:136.0, Y:2264.0) 터치 완료!
2026-04-20 02:48:36.573  3313-3313  1DAL_MVP                com.onedal.app                       D  🚦 [ROADMAP 02:48:36.572] [📱앱] 버튼 터치 완료 (가로채기 성공) X:136.0, Y:2264.0
2026-04-20 02:48:36.704  3313-3313  1DAL_MVP                com.onedal.app                       D  -------------------------------
2026-04-20 02:48:36.705  3313-3313  1DAL_MVP                com.onedal.app                       D  🚦 [ROADMAP 02:48:36.704] [📱앱] [DETAIL_CONFIRMED] 📡 화면 변경 감지 | 모드: AUTO
2026-04-20 02:48:36.705  3313-3313  1DAL_MVP                com.onedal.app                       D  🚦 [ROADMAP 02:48:36.705] [📱앱] [DETAIL_CONFIRMED] 확정페이지 진입
2026-04-20 02:48:36.705  3313-3313  1DAL_MVP                com.onedal.app                       D  🏄‍♂️ [자동 팝업 서핑] 출발지 확인 완료. 도착지 정보 확인을 위해 자동 클릭 시도
2026-04-20 02:48:36.705  3313-3313  1DAL_MVP                com.onedal.app                       D  🚦 [ROADMAP 02:48:36.705] [📱앱] [DETAIL_CONFIRMED] 확정페이지에서 '도착지' 추출 후 클릭
2026-04-20 02:48:36.709  3313-3313  1DAL_MVP                com.onedal.app                       D  🚦 [ROADMAP 02:48:36.706] [📱앱] '도착지' 버튼 인식 ➡️ 클릭 시도
2026-04-20 02:48:36.761  3313-3313  1DAL_TOUCH              com.onedal.app                       D  ✅ [가로채기 성공!] 화면 좌표 (X:539.0, Y:1742.0) 터치 완료!
2026-04-20 02:48:36.762  3313-3313  1DAL_MVP                com.onedal.app                       D  🚦 [ROADMAP 02:48:36.762] [📱앱] 버튼 터치 완료 (가로채기 성공) X:539.0, Y:1742.0
2026-04-20 02:48:36.915  3313-3313  1DAL_MVP                com.onedal.app                       D  -------------------------------
2026-04-20 02:48:36.916  3313-3313  1DAL_MVP                com.onedal.app                       D  🚦 [ROADMAP 02:48:36.916] [📱앱] [POPUP_DROPOFF] 📡 화면 변경 감지 | 모드: AUTO
2026-04-20 02:48:36.917  3313-3313  1DAL_MVP                com.onedal.app                       D  📝 도착지 스크래핑 성공! 닫기 누름 및 전체 내용 /detail 로 발송
2026-04-20 02:48:36.918  3313-3313  1DAL_MVP                com.onedal.app                       D  🚦 [ROADMAP 02:48:36.917] [📱앱] [POPUP_DROPOFF] 도착지페이지 text중 '전화, 위치' 추출 및 저장 후 닫기 클릭
2026-04-20 02:48:36.919  3313-3313  1DAL_MVP                com.onedal.app                       D  🚦 [ROADMAP 02:48:36.918] [📱앱] '닫기' 버튼 인식 ➡️ 클릭 시도
2026-04-20 02:48:36.922  3313-3313  1DAL_MVP                com.onedal.app                       D  🚦 [ROADMAP 02:48:36.921] [📱앱] [POPUP_DROPOFF] 확정페이지 진입
2026-04-20 02:48:36.949  3313-3313  1DAL_MVP                com.onedal.app                       W  ⏳ 데스밸리 타이머 시작: 30초 대기...
2026-04-20 02:48:36.953  3313-3313  1DAL_MVP                com.onedal.app                       D  🌐 [post /detail request] AUTO 모드 판결 요청 텍스트: rep_map 고양퀵서비스-031-932-7722 전표 상태 : 신규 물품 : 박스 1개 취소 차량 : 1t 탁송료 : 0 수수료 : 23% 요금 : 30,000(카드) 구분 : 편도 형태 : 보통 적요상세 인수증 전송 *카고 입니다. 세금계산서필 15:21 상차. 마...
2026-04-20 02:48:36.980  3313-3313  1DAL_TOUCH              com.onedal.app                       D  ✅ [가로채기 성공!] 화면 좌표 (X:136.0, Y:2264.0) 터치 완료!
2026-04-20 02:48:36.996  3313-3313  1DAL_MVP                com.onedal.app                       D  🚦 [ROADMAP 02:48:36.981] [📱앱] 버튼 터치 완료 (가로채기 성공) X:136.0, Y:2264.0
2026-04-20 02:48:37.139  3313-3313  1DAL_MVP                com.onedal.app                       D  🚦 [ROADMAP 02:48:37.138] [📱앱] [POPUP_DROPOFF] [post /api/scrap request] 👀 화면 변경 감지 발송  deviceId: 앱폰-sdk_gpho-160, (건수: 0)
2026-04-20 02:48:37.178  3313-3354  1DAL_MVP                com.onedal.app                       D  🚦 [ROADMAP 02:48:37.177] [📱앱] [POPUP_DROPOFF] [post /api/scrap response] deviceId: 앱폰-sdk_gpho-160, (건수: 0)
2026-04-20 02:48:37.180  3313-3354  1DAL_API                com.onedal.app                       D  📋 [필터 동기화 (서버→앱) 적용됨] 맵핑된 필터 전체 스키마:
                                                                                                    FilterConfig(allowedVehicleTypes=[1t], isActive=false, isSharedMode=false, pickupRadiusKm=999, minFare=0, maxFare=1000000, destinationCity=, destinationRadiusKm=10, excludedKeywords=[], destinationKeywords=[], customCityFilters=[], destinationGroups={}, customFilters=[])
2026-04-20 02:48:37.180  3313-3354  1DAL_TELEMETRY          com.onedal.app                       D  📥 [서버 수신] 👀 화면 변경 감지 완료 (수신된 모드: AUTO)
2026-04-20 02:48:37.397  3313-3313  1DAL_MVP                com.onedal.app                       D  🚦 [ROADMAP 02:48:37.396] [📱앱] [DETAIL_CONFIRMED] [post /api/scrap request] 👀 화면 변경 감지 발송  deviceId: 앱폰-sdk_gpho-160, (건수: 0)
2026-04-20 02:48:37.402  3313-3354  1DAL_MVP                com.onedal.app                       D  🚦 [ROADMAP 02:48:37.402] [📱앱] [DETAIL_CONFIRMED] [post /api/scrap response] deviceId: 앱폰-sdk_gpho-160, (건수: 0)
2026-04-20 02:48:37.402  3313-3354  1DAL_API                com.onedal.app                       D  📋 [필터 동기화 (서버→앱) 적용됨] 맵핑된 필터 전체 스키마:
                                                                                                    FilterConfig(allowedVehicleTypes=[1t], isActive=false, isSharedMode=false, pickupRadiusKm=999, minFare=0, maxFare=1000000, destinationCity=, destinationRadiusKm=10, excludedKeywords=[], destinationKeywords=[], customCityFilters=[], destinationGroups={}, customFilters=[])
2026-04-20 02:48:37.402  3313-3354  1DAL_TELEMETRY          com.onedal.app                       D  📥 [서버 수신] 👀 화면 변경 감지 완료 (수신된 모드: AUTO)
2026-04-20 02:48:47.411  3313-3407  1DAL_API                com.onedal.app                       D  🌐 [post /detail response / 200] {"deviceId":"server","action":"CANCEL"}
2026-04-20 02:48:47.470  3313-3407  1DAL_MVP                com.onedal.app                       D  🚦 [ROADMAP 02:48:47.461] [📱앱] [HTTP 폴링] 응답 /orders/detail 취소 정보 전송
2026-04-20 02:48:47.471  3313-3407  1DAL_MVP                com.onedal.app                       D  🔄 서버 판결 도착: ID=721c7da7-e8fb-45a0-9b60-57b0d8242b41, ACTION=CANCEL
2026-04-20 02:48:47.471  3313-3407  1DAL_MVP                com.onedal.app                       D  ⚡ 판결 집행: 행동=CANCEL, 누를버튼=취소 (버튼클릭을 시작합니다), 500ms 지연
2026-04-20 02:48:47.678  3313-3313  1DAL_MVP                com.onedal.app                       D  🚦 [ROADMAP 02:48:47.677] [📱앱] [DETAIL_CONFIRMED] [post /api/scrap request] 👀 화면 변경 감지 발송  deviceId: 앱폰-sdk_gpho-160, (건수: 0)
2026-04-20 02:48:47.695  3313-3354  1DAL_MVP                com.onedal.app                       D  🚦 [ROADMAP 02:48:47.695] [📱앱] [DETAIL_CONFIRMED] [post /api/scrap response] deviceId: 앱폰-sdk_gpho-160, (건수: 0)
2026-04-20 02:48:47.696  3313-3354  1DAL_API                com.onedal.app                       D  📋 [필터 동기화 (서버→앱) 적용됨] 맵핑된 필터 전체 스키마:
                                                                                                    FilterConfig(allowedVehicleTypes=[], isActive=true, isSharedMode=false, pickupRadiusKm=999, minFare=0, maxFare=1000000, destinationCity=, destinationRadiusKm=10, excludedKeywords=[], destinationKeywords=[], customCityFilters=[], destinationGroups={}, customFilters=[])
2026-04-20 02:48:47.696  3313-3354  1DAL_TELEMETRY          com.onedal.app                       D  📥 [서버 수신] 👀 화면 변경 감지 완료 (수신된 모드: AUTO)
2026-04-20 02:48:47.980  3313-3313  1DAL_MVP                com.onedal.app                       D  🚦 [ROADMAP 02:48:47.979] [📱앱] '취소' 버튼 인식 ➡️ 클릭 시도
2026-04-20 02:48:47.995  3313-3313  1DAL_MVP                com.onedal.app                       D  🚦 [ROADMAP 02:48:47.994] [📱앱] [DETAIL_CONFIRMED] '취소' 클릭 후 인성 Socket 취소 지시
2026-04-20 02:48:47.995  3313-3313  1DAL_MVP                com.onedal.app                       D  🎉 행동 완료! 타겟($targetBtnStr) 명중.
2026-04-20 02:48:48.068  3313-3313  1DAL_TOUCH              com.onedal.app                       D  ✅ [가로채기 성공!] 화면 좌표 (X:950.0, Y:478.0) 터치 완료!
2026-04-20 02:48:48.069  3313-3313  1DAL_MVP                com.onedal.app                       D  🚦 [ROADMAP 02:48:48.068] [📱앱] 버튼 터치 완료 (가로채기 성공) X:950.0, Y:478.0
2026-04-20 02:48:48.233  3313-3313  1DAL_MVP                com.onedal.app                       D  -------------------------------
2026-04-20 02:48:48.234  3313-3313  1DAL_MVP                com.onedal.app                       D  🚦 [ROADMAP 02:48:48.234] [📱앱] [LIST] 📡 화면 변경 감지 | 모드: AUTO
2026-04-20 02:48:48.244  3313-3313  1DAL_PARSER             com.onedal.app                       D  🔍 [1차 리스트 필터] 도착지=남동구, 결과=true
2026-04-20 02:48:48.245  3313-3313  1DAL_MVP                com.onedal.app                       D  🚦 [ROADMAP 02:48:48.244] [📱앱] [LIST] 🔍 [타겟 콜 필터 결과] 차종(오)=✅ 도착지(0중 남동구)=✅ 요금(0 <= 80000)=✅ 상차지/거리(999 >= 0.2km)=✅ 블랙()=✅
2026-04-20 02:48:48.245  3313-3313  1DAL_MVP                com.onedal.app                       D  🚦 [ROADMAP 02:48:48.245] [📱앱] [LIST] AccessibilityService로 바뀐 리스트 감지 후 text 추출
2026-04-20 02:48:48.245  3313-3313  1DAL_MVP                com.onedal.app                       D  💥 [AUTO] 꿀콜 조건 통과! 대상 콜 강제 터치 진행!
2026-04-20 02:48:48.245  3313-3313  1DAL_MVP                com.onedal.app                       D  📝 [AUTO] 2차 검증 반송(취소)에 대비해 해당 콜 지문 선(先)기록 완료 (해시: 341184715)
2026-04-20 02:48:48.245  3313-3313  1DAL_MVP                com.onedal.app                       D  🚦 [ROADMAP 02:48:48.245] [📱앱] [LIST] 리스트에서 바뀐 text 감지 후 text 추출
2026-04-20 02:48:48.247  3313-3313  1DAL_MVP                com.onedal.app                       D  🚦 [ROADMAP 02:48:48.246] [📱앱] [LIST] [인성 Socket] 인성콜에 선택된 콜 정보 전달 (꿀콜 클릭!)
2026-04-20 02:48:48.298  3313-3313  1DAL_TOUCH              com.onedal.app                       D  ✅ [가로채기 성공!] 화면 좌표 (X:917.0, Y:568.0) 터치 완료!
2026-04-20 02:48:48.299  3313-3313  1DAL_MVP                com.onedal.app                       D  🚦 [ROADMAP 02:48:48.298] [📱앱] 버튼 터치 완료 (가로채기 성공) X:917.0, Y:568.0
2026-04-20 02:48:48.498  3313-3313  1DAL_MVP                com.onedal.app                       D  -------------------------------
2026-04-20 02:48:48.500  3313-3313  1DAL_MVP                com.onedal.app                       D  🚦 [ROADMAP 02:48:48.499] [📱앱] [DETAIL_PRE_CONFIRM] 📡 화면 변경 감지 | 모드: AUTO
2026-04-20 02:48:48.500  3313-3313  1DAL_MVP                com.onedal.app                       D  🚦 [ROADMAP 02:48:48.500] [📱앱] [DETAIL_PRE_CONFIRM] 상세페이지 진입
2026-04-20 02:48:48.520  3313-3313  1DAL_MVP                com.onedal.app                       D  🚦 [ROADMAP 02:48:48.520] [📱앱] [DETAIL_PRE_CONFIRM] 상세페이지 데이터(확정,적요상세,출발지,도착지) 추출
2026-04-20 02:48:48.520  3313-3313  1DAL_MVP                com.onedal.app                       D  🚦 [ROADMAP 02:48:48.520] [📱앱] [DETAIL_PRE_CONFIRM] 추출된 데이터로 한번더 필터링
2026-04-20 02:48:48.521  3313-3313  1DAL_MVP                com.onedal.app                       D  🚦 [ROADMAP 02:48:48.521] [📱앱] [LIST] 🔍 [타겟 콜 필터 결과] 차종(오)=✅ 도착지(0중 남동구)=✅ 요금(0 <= 80000)=✅ 상차지/거리(999 >= 0.2km)=✅ 블랙()=✅
2026-04-20 02:48:48.521  3313-3313  1DAL_MVP                com.onedal.app                       D  📤 [post /confirm request] 서버 전송 내용 -> 모드: AUTO | 텍스트: rep_map 고양퀵서비스-031-932-7722 전표 상태 : 신규 물품 : 소형 가전 차량 : 오 탁송료 : 수수료 : 23% 요금 : 80,000(착불) 구분 : 편도 형태 : 보통 적요상세 *카고 입니다. 세금계산서필 15:26 상차. 마스크 카톤 소형 가전 명...
2026-04-20 02:48:48.521  3313-3313  1DAL_MVP                com.onedal.app                       D  🚀 [AUTO] 확정 버튼 광클 (배차 시도)
2026-04-20 02:48:48.522  3313-3313  1DAL_MVP                com.onedal.app                       D  🚦 [ROADMAP 02:48:48.521] [📱앱] [DETAIL_PRE_CONFIRM] 상세페이지에서 '확정' 추출 후 클릭
2026-04-20 02:48:48.522  3313-3313  1DAL_MVP                com.onedal.app                       D  🚦 [ROADMAP 02:48:48.522] [📱앱] [DETAIL_PRE_CONFIRM] [인성 Socket] 콜 확정 완료
2026-04-20 02:48:48.522  3313-3313  1DAL_MVP                com.onedal.app                       D  🚦 [ROADMAP 02:48:48.522] [📱앱] '확정' 버튼 인식 ➡️ 클릭 시도
2026-04-20 02:48:48.531  3313-3407  1DAL_API                com.onedal.app                       D  🌐 [post /confirm response / 200] {"success":true,"message":"1차 수신 완료. 상세 페이지 내용을 긁어서 POST /api/orders/detail 로 보내주세요."}
2026-04-20 02:48:48.541  3313-3407  1DAL_MVP                com.onedal.app                       D  🚦 [ROADMAP 02:48:48.538] [📱앱] [HTTP 폴링] 응답 /orders/confirm
2026-04-20 02:48:48.576  3313-3313  1DAL_TOUCH              com.onedal.app                       D  ✅ [가로채기 성공!] 화면 좌표 (X:161.0, Y:2251.0) 터치 완료!
2026-04-20 02:48:48.577  3313-3313  1DAL_MVP                com.onedal.app                       D  🚦 [ROADMAP 02:48:48.576] [📱앱] 버튼 터치 완료 (가로채기 성공) X:161.0, Y:2251.0
2026-04-20 02:48:48.744  3313-3313  1DAL_MVP                com.onedal.app                       D  🚦 [ROADMAP 02:48:48.744] [📱앱] [DETAIL_PRE_CONFIRM] [post /api/scrap request] 👀 화면 변경 감지 발송  deviceId: 앱폰-sdk_gpho-160, (건수: 0)
2026-04-20 02:48:48.767  3313-3354  1DAL_MVP                com.onedal.app                       D  🚦 [ROADMAP 02:48:48.766] [📱앱] [DETAIL_PRE_CONFIRM] [post /api/scrap response] deviceId: 앱폰-sdk_gpho-160, (건수: 0)
2026-04-20 02:48:48.768  3313-3354  1DAL_API                com.onedal.app                       D  📋 [필터 동기화 (서버→앱) 적용됨] 맵핑된 필터 전체 스키마:
                                                                                                    FilterConfig(allowedVehicleTypes=[], isActive=false, isSharedMode=false, pickupRadiusKm=999, minFare=0, maxFare=1000000, destinationCity=, destinationRadiusKm=10, excludedKeywords=[], destinationKeywords=[], customCityFilters=[], destinationGroups={}, customFilters=[])
2026-04-20 02:48:48.769  3313-3354  1DAL_TELEMETRY          com.onedal.app                       D  📥 [서버 수신] 👀 화면 변경 감지 완료 (수신된 모드: AUTO)
2026-04-20 02:48:48.831  3313-3313  1DAL_MVP                com.onedal.app                       D  -------------------------------
2026-04-20 02:48:48.831  3313-3313  1DAL_MVP                com.onedal.app                       D  🚦 [ROADMAP 02:48:48.831] [📱앱] [DETAIL_CONFIRMED] 📡 화면 변경 감지 | 모드: AUTO
2026-04-20 02:48:48.833  3313-3313  1DAL_MVP                com.onedal.app                       D  🚦 [ROADMAP 02:48:48.831] [📱앱] [DETAIL_CONFIRMED] 확정페이지 진입
2026-04-20 02:48:48.833  3313-3313  1DAL_MVP                com.onedal.app                       D  🏄‍♂️ [자동 팝업 서핑] 확정 화면 진입 확인! 적요상세 팝업 호출 시도
2026-04-20 02:48:48.833  3313-3313  1DAL_MVP                com.onedal.app                       D  🚦 [ROADMAP 02:48:48.833] [📱앱] '적요상세' 버튼 인식 ➡️ 클릭 시도
2026-04-20 02:48:48.835  3313-3313  1DAL_MVP                com.onedal.app                       D  🚦 [ROADMAP 02:48:48.834] [📱앱] [DETAIL_CONFIRMED] 확정페이지에서 '적요상세' 추출 후 클릭
2026-04-20 02:48:48.835  3313-3313  1DAL_MVP                com.onedal.app                       I  📋 [SEQ 81] 적요상세 버튼 클릭 → 적요 정보 요청
2026-04-20 02:48:48.886  3313-3313  1DAL_TOUCH              com.onedal.app                       D  ✅ [가로채기 성공!] 화면 좌표 (X:149.0, Y:1153.0) 터치 완료!
2026-04-20 02:48:48.887  3313-3313  1DAL_MVP                com.onedal.app                       D  🚦 [ROADMAP 02:48:48.887] [📱앱] 버튼 터치 완료 (가로채기 성공) X:149.0, Y:1153.0
2026-04-20 02:48:49.138  3313-3313  1DAL_MVP                com.onedal.app                       D  -------------------------------
2026-04-20 02:48:49.138  3313-3313  1DAL_MVP                com.onedal.app                       D  🚦 [ROADMAP 02:48:49.138] [📱앱] [POPUP_MEMO] 📡 화면 변경 감지 | 모드: AUTO
2026-04-20 02:48:49.139  3313-3313  1DAL_MVP                com.onedal.app                       D  📝 적요 스크래핑 성공! 닫기 버튼 누름
2026-04-20 02:48:49.139  3313-3313  1DAL_MVP                com.onedal.app                       I  📋 [SEQ 81-82] 적요상세 추출 완료 → 닫기
2026-04-20 02:48:49.139  3313-3313  1DAL_MVP                com.onedal.app                       D  🚦 [ROADMAP 02:48:49.139] [📱앱] [POPUP_MEMO] 적요상세페이지에서 '젹요 내용' 추출 및 저장 후 닫기 클릭
2026-04-20 02:48:49.141  3313-3313  1DAL_MVP                com.onedal.app                       D  🚦 [ROADMAP 02:48:49.140] [📱앱] '닫기' 버튼 인식 ➡️ 클릭 시도
2026-04-20 02:48:49.308  3313-3313  1DAL_MVP                com.onedal.app                       D  -------------------------------
2026-04-20 02:48:49.309  3313-3313  1DAL_MVP                com.onedal.app                       D  🚦 [ROADMAP 02:48:49.308] [📱앱] [DETAIL_CONFIRMED] 📡 화면 변경 감지 | 모드: AUTO
2026-04-20 02:48:49.309  3313-3313  1DAL_MVP                com.onedal.app                       D  🚦 [ROADMAP 02:48:49.309] [📱앱] [DETAIL_CONFIRMED] 확정페이지 진입
2026-04-20 02:48:49.309  3313-3313  1DAL_MVP                com.onedal.app                       D  🏄‍♂️ [자동 팝업 서핑] 적요 정보 확인 완료. 출발지 정보 확인을 위해 자동 클릭 시도
2026-04-20 02:48:49.309  3313-3313  1DAL_MVP                com.onedal.app                       D  🚦 [ROADMAP 02:48:49.309] [📱앱] [DETAIL_CONFIRMED] 확정페이지에서 '출발지' 추출 후 클릭
2026-04-20 02:48:49.309  3313-3313  1DAL_MVP                com.onedal.app                       D  🚦 [ROADMAP 02:48:49.309] [📱앱] '출발지' 버튼 인식 ➡️ 클릭 시도
2026-04-20 02:48:49.314  3313-3313  1DAL_TOUCH              com.onedal.app                       D  ✅ [가로채기 성공!] 화면 좌표 (X:540.0, Y:2264.0) 터치 완료!
2026-04-20 02:48:49.314  3313-3313  1DAL_MVP                com.onedal.app                       D  🚦 [ROADMAP 02:48:49.314] [📱앱] 버튼 터치 완료 (가로채기 성공) X:540.0, Y:2264.0
2026-04-20 02:48:49.362  3313-3313  1DAL_TOUCH              com.onedal.app                       D  ✅ [가로채기 성공!] 화면 좌표 (X:539.0, Y:1592.0) 터치 완료!
2026-04-20 02:48:49.364  3313-3313  1DAL_MVP                com.onedal.app                       D  🚦 [ROADMAP 02:48:49.362] [📱앱] 버튼 터치 완료 (가로채기 성공) X:539.0, Y:1592.0
2026-04-20 02:48:49.511  3313-3313  1DAL_MVP                com.onedal.app                       D  -------------------------------
2026-04-20 02:48:49.512  3313-3313  1DAL_MVP                com.onedal.app                       D  🚦 [ROADMAP 02:48:49.512] [📱앱] [POPUP_PICKUP] 📡 화면 변경 감지 | 모드: AUTO
2026-04-20 02:48:49.513  3313-3313  1DAL_MVP                com.onedal.app                       D  📝 출발지 스크래핑 성공! 닫기 버튼 누름
2026-04-20 02:48:49.513  3313-3313  1DAL_MVP                com.onedal.app                       D  🚦 [ROADMAP 02:48:49.513] [📱앱] [POPUP_PICKUP] 출발지페이지 text중 '전화, 위치' 추출 및 저장 후 닫기 클릭
2026-04-20 02:48:49.513  3313-3313  1DAL_MVP                com.onedal.app                       D  🚦 [ROADMAP 02:48:49.513] [📱앱] '닫기' 버튼 인식 ➡️ 클릭 시도
2026-04-20 02:48:49.565  3313-3313  1DAL_TOUCH              com.onedal.app                       D  ✅ [가로채기 성공!] 화면 좌표 (X:136.0, Y:2264.0) 터치 완료!
2026-04-20 02:48:49.566  3313-3313  1DAL_MVP                com.onedal.app                       D  🚦 [ROADMAP 02:48:49.565] [📱앱] 버튼 터치 완료 (가로채기 성공) X:136.0, Y:2264.0
2026-04-20 02:48:49.695  3313-3313  1DAL_MVP                com.onedal.app                       D  -------------------------------
2026-04-20 02:48:49.695  3313-3313  1DAL_MVP                com.onedal.app                       D  🚦 [ROADMAP 02:48:49.695] [📱앱] [DETAIL_CONFIRMED] 📡 화면 변경 감지 | 모드: AUTO
2026-04-20 02:48:49.696  3313-3313  1DAL_MVP                com.onedal.app                       D  🚦 [ROADMAP 02:48:49.695] [📱앱] [DETAIL_CONFIRMED] 확정페이지 진입
2026-04-20 02:48:49.696  3313-3313  1DAL_MVP                com.onedal.app                       D  🏄‍♂️ [자동 팝업 서핑] 출발지 확인 완료. 도착지 정보 확인을 위해 자동 클릭 시도
2026-04-20 02:48:49.696  3313-3313  1DAL_MVP                com.onedal.app                       D  🚦 [ROADMAP 02:48:49.696] [📱앱] [DETAIL_CONFIRMED] 확정페이지에서 '도착지' 추출 후 클릭
2026-04-20 02:48:49.696  3313-3313  1DAL_MVP                com.onedal.app                       D  🚦 [ROADMAP 02:48:49.696] [📱앱] '도착지' 버튼 인식 ➡️ 클릭 시도
2026-04-20 02:48:49.747  3313-3313  1DAL_TOUCH              com.onedal.app                       D  ✅ [가로채기 성공!] 화면 좌표 (X:539.0, Y:1742.0) 터치 완료!
2026-04-20 02:48:49.748  3313-3313  1DAL_MVP                com.onedal.app                       D  🚦 [ROADMAP 02:48:49.747] [📱앱] 버튼 터치 완료 (가로채기 성공) X:539.0, Y:1742.0
2026-04-20 02:48:49.877  3313-3313  1DAL_MVP                com.onedal.app                       D  -------------------------------
2026-04-20 02:48:49.878  3313-3313  1DAL_MVP                com.onedal.app                       D  🚦 [ROADMAP 02:48:49.877] [📱앱] [POPUP_DROPOFF] 📡 화면 변경 감지 | 모드: AUTO
2026-04-20 02:48:49.878  3313-3313  1DAL_MVP                com.onedal.app                       D  📝 도착지 스크래핑 성공! 닫기 누름 및 전체 내용 /detail 로 발송
2026-04-20 02:48:49.878  3313-3313  1DAL_MVP                com.onedal.app                       D  🚦 [ROADMAP 02:48:49.878] [📱앱] [POPUP_DROPOFF] 도착지페이지 text중 '전화, 위치' 추출 및 저장 후 닫기 클릭
2026-04-20 02:48:49.879  3313-3313  1DAL_MVP                com.onedal.app                       D  🚦 [ROADMAP 02:48:49.879] [📱앱] '닫기' 버튼 인식 ➡️ 클릭 시도
2026-04-20 02:48:49.879  3313-3313  1DAL_MVP                com.onedal.app                       D  🚦 [ROADMAP 02:48:49.879] [📱앱] [POPUP_DROPOFF] 확정페이지 진입
2026-04-20 02:48:49.880  3313-3313  1DAL_MVP                com.onedal.app                       W  ⏳ 데스밸리 타이머 시작: 30초 대기...
2026-04-20 02:48:49.880  3313-3313  1DAL_MVP                com.onedal.app                       D  🌐 [post /detail request] AUTO 모드 판결 요청 텍스트: rep_map 고양퀵서비스-031-932-7722 전표 상태 : 신규 물품 : 소형 가전 취소 차량 : 오 탁송료 : 0 수수료 : 23% 요금 : 80,000(착불) 구분 : 편도 형태 : 보통 적요상세 인수증 전송 *카고 입니다. 세금계산서필 15:26 상차. 마스...
2026-04-20 02:48:49.953  3313-3313  1DAL_TOUCH              com.onedal.app                       D  ✅ [가로채기 성공!] 화면 좌표 (X:136.0, Y:2264.0) 터치 완료!
2026-04-20 02:48:49.954  3313-3313  1DAL_MVP                com.onedal.app                       D  🚦 [ROADMAP 02:48:49.954] [📱앱] 버튼 터치 완료 (가로채기 성공) X:136.0, Y:2264.0
2026-04-20 02:48:50.083  3313-3313  1DAL_MVP                com.onedal.app                       D  🚦 [ROADMAP 02:48:50.082] [📱앱] [POPUP_DROPOFF] [post /api/scrap request] 👀 화면 변경 감지 발송  deviceId: 앱폰-sdk_gpho-160, (건수: 0)
2026-04-20 02:48:50.092  3313-3354  1DAL_MVP                com.onedal.app                       D  🚦 [ROADMAP 02:48:50.091] [📱앱] [POPUP_DROPOFF] [post /api/scrap response] deviceId: 앱폰-sdk_gpho-160, (건수: 0)
2026-04-20 02:48:50.092  3313-3354  1DAL_API                com.onedal.app                       D  📋 [필터 동기화 (서버→앱) 적용됨] 맵핑된 필터 전체 스키마:
                                                                                                    FilterConfig(allowedVehicleTypes=[], isActive=false, isSharedMode=false, pickupRadiusKm=999, minFare=0, maxFare=1000000, destinationCity=, destinationRadiusKm=10, excludedKeywords=[], destinationKeywords=[], customCityFilters=[], destinationGroups={}, customFilters=[])
2026-04-20 02:48:50.092  3313-3354  1DAL_TELEMETRY          com.onedal.app                       D  📥 [서버 수신] 👀 화면 변경 감지 완료 (수신된 모드: AUTO)
2026-04-20 02:48:50.316  3313-3313  1DAL_MVP                com.onedal.app                       D  🚦 [ROADMAP 02:48:50.315] [📱앱] [DETAIL_CONFIRMED] [post /api/scrap request] 👀 화면 변경 감지 발송  deviceId: 앱폰-sdk_gpho-160, (건수: 0)
2026-04-20 02:48:50.322  3313-3354  1DAL_MVP                com.onedal.app                       D  🚦 [ROADMAP 02:48:50.321] [📱앱] [DETAIL_CONFIRMED] [post /api/scrap response] deviceId: 앱폰-sdk_gpho-160, (건수: 0)
2026-04-20 02:48:50.322  3313-3354  1DAL_API                com.onedal.app                       D  📋 [필터 동기화 (서버→앱) 적용됨] 맵핑된 필터 전체 스키마:
                                                                                                    FilterConfig(allowedVehicleTypes=[], isActive=false, isSharedMode=false, pickupRadiusKm=999, minFare=0, maxFare=1000000, destinationCity=, destinationRadiusKm=10, excludedKeywords=[], destinationKeywords=[], customCityFilters=[], destinationGroups={}, customFilters=[])
2026-04-20 02:48:50.322  3313-3354  1DAL_TELEMETRY          com.onedal.app                       D  📥 [서버 수신] 👀 화면 변경 감지 완료 (수신된 모드: AUTO)
2026-04-20 02:48:56.889  3313-3407  1DAL_API                com.onedal.app                       D  🌐 [post /detail response / 200] {"deviceId":"server","action":"KEEP"}
2026-04-20 02:48:56.891  3313-3407  1DAL_MVP                com.onedal.app                       D  🚦 [ROADMAP 02:48:56.890] [📱앱] [HTTP 폴링] 응답 /orders/detail 유지 정보 전송
2026-04-20 02:48:56.892  3313-3407  1DAL_MVP                com.onedal.app                       D  🔄 서버 판결 도착: ID=a491b43e-b219-4f48-84e5-239ee42c8555, ACTION=KEEP
2026-04-20 02:48:56.892  3313-3407  1DAL_MVP                com.onedal.app                       D  ⚡ 판결 집행: 행동=KEEP, 누를버튼=닫기 (버튼클릭을 시작합니다), 500ms 지연
2026-04-20 02:48:57.097  3313-3313  1DAL_MVP                com.onedal.app                       D  🚦 [ROADMAP 02:48:57.096] [📱앱] [DETAIL_CONFIRMED] [post /api/scrap request] 👀 화면 변경 감지 발송  deviceId: 앱폰-sdk_gpho-160, (건수: 0)
2026-04-20 02:48:57.107  3313-3354  1DAL_MVP                com.onedal.app                       D  🚦 [ROADMAP 02:48:57.107] [📱앱] [DETAIL_CONFIRMED] [post /api/scrap response] deviceId: 앱폰-sdk_gpho-160, (건수: 0)
2026-04-20 02:48:57.108  3313-3354  1DAL_API                com.onedal.app                       D  📋 [필터 동기화 (서버→앱) 적용됨] 맵핑된 필터 전체 스키마:
                                                                                                    FilterConfig(allowedVehicleTypes=[다마스, 라보, 오토바이], isActive=true, isSharedMode=true, pickupRadiusKm=999, minFare=0, maxFare=1000000, destinationCity=, destinationRadiusKm=10, excludedKeywords=[], destinationKeywords=[], customCityFilters=[], destinationGroups={}, customFilters=[])
2026-04-20 02:48:57.108  3313-3354  1DAL_TELEMETRY          com.onedal.app                       D  📥 [서버 수신] 👀 화면 변경 감지 완료 (수신된 모드: AUTO)
2026-04-20 02:48:57.402  3313-3313  1DAL_MVP                com.onedal.app                       D  🚦 [ROADMAP 02:48:57.401] [📱앱] '닫기' 버튼 인식 ➡️ 클릭 시도
2026-04-20 02:48:57.404  3313-3313  1DAL_MVP                com.onedal.app                       D  🚦 [ROADMAP 02:48:57.403] [📱앱] [DETAIL_CONFIRMED] '닫기' 클릭 후 리스트 페이지 복귀 (유지)
2026-04-20 02:48:57.404  3313-3313  1DAL_MVP                com.onedal.app                       D  🎉 행동 완료! 타겟($targetBtnStr) 명중.
2026-04-20 02:48:57.455  3313-3313  1DAL_TOUCH              com.onedal.app                       D  ✅ [가로채기 성공!] 화면 좌표 (X:122.0, Y:2251.0) 터치 완료!
2026-04-20 02:48:57.456  3313-3313  1DAL_MVP                com.onedal.app                       D  🚦 [ROADMAP 02:48:57.455] [📱앱] 버튼 터치 완료 (가로채기 성공) X:122.0, Y:2251.0
2026-04-20 02:48:57.605  3313-3313  1DAL_MVP                com.onedal.app                       D  -------------------------------
2026-04-20 02:48:57.605  3313-3313  1DAL_MVP                com.onedal.app                       D  🚦 [ROADMAP 02:48:57.605] [📱앱] [LIST] 📡 화면 변경 감지 | 모드: AUTO
2026-04-20 02:48:57.620  3313-3313  1DAL_PARSER             com.onedal.app                       D  🔍 [1차 리스트 필터] 도착지=경안동, 결과=true
2026-04-20 02:48:57.620  3313-3313  1DAL_MVP                com.onedal.app                       D  🚦 [ROADMAP 02:48:57.620] [📱앱] [LIST] 🔍 [타겟 콜 필터 결과] 차종(다)=✅ 도착지(0중 경안동)=✅ 요금(0 <= 30000)=✅ 상차지/거리(999 >= 0.2km)=✅ 블랙()=✅
2026-04-20 02:48:57.621  3313-3313  1DAL_MVP                com.onedal.app                       D  🚦 [ROADMAP 02:48:57.621] [📱앱] [LIST] AccessibilityService로 바뀐 리스트 감지 후 text 추출
2026-04-20 02:48:57.621  3313-3313  1DAL_MVP                com.onedal.app                       D  💥 [AUTO] 꿀콜 조건 통과! 대상 콜 강제 터치 진행!
2026-04-20 02:48:57.621  3313-3313  1DAL_MVP                com.onedal.app                       D  📝 [AUTO] 2차 검증 반송(취소)에 대비해 해당 콜 지문 선(先)기록 완료 (해시: 1168885107)
2026-04-20 02:48:57.621  3313-3313  1DAL_MVP                com.onedal.app                       D  🚦 [ROADMAP 02:48:57.621] [📱앱] [LIST] 리스트에서 바뀐 text 감지 후 text 추출
2026-04-20 02:48:57.622  3313-3313  1DAL_MVP                com.onedal.app                       D  🚦 [ROADMAP 02:48:57.622] [📱앱] [LIST] [인성 Socket] 인성콜에 선택된 콜 정보 전달 (꿀콜 클릭!)
2026-04-20 02:48:57.678  3313-3313  1DAL_TOUCH              com.onedal.app                       D  ✅ [가로채기 성공!] 화면 좌표 (X:917.0, Y:568.0) 터치 완료!
2026-04-20 02:48:57.679  3313-3313  1DAL_MVP                com.onedal.app                       D  🚦 [ROADMAP 02:48:57.678] [📱앱] 버튼 터치 완료 (가로채기 성공) X:917.0, Y:568.0
2026-04-20 02:48:57.828  3313-3313  1DAL_MVP                com.onedal.app                       D  -------------------------------
2026-04-20 02:48:57.828  3313-3313  1DAL_MVP                com.onedal.app                       D  🚦 [ROADMAP 02:48:57.828] [📱앱] [DETAIL_PRE_CONFIRM] 📡 화면 변경 감지 | 모드: AUTO
2026-04-20 02:48:57.828  3313-3313  1DAL_MVP                com.onedal.app                       D  🚦 [ROADMAP 02:48:57.828] [📱앱] [DETAIL_PRE_CONFIRM] 상세페이지 진입
2026-04-20 02:48:57.833  3313-3313  1DAL_MVP                com.onedal.app                       D  🚦 [ROADMAP 02:48:57.833] [📱앱] [DETAIL_PRE_CONFIRM] 상세페이지 데이터(확정,적요상세,출발지,도착지) 추출
