--------- beginning of main
--------- beginning of system
2026-04-20 13:32:06.011 15134-15134 1DAL_TELEMETRY          com.onedal.app                       I  Telemetry Loop Started (Event-driven + 20s Keep-alive)
2026-04-20 13:32:06.034 15134-15134 1DAL_MVP                com.onedal.app                       D  🚦 [ROADMAP 13:32:06.017] [📱앱] [LIST] [Current Page: MainActivity] 1DAL 앱 실행 및 초기 설정
2026-04-20 13:32:06.037 15134-15134 1DAL_MVP                com.onedal.app                       D  🚦 [ROADMAP 13:32:06.036] [📱앱] [UNKNOWN] 앱 기동 전 또는 백그라운드 ➡️ [Current Page: UNKNOWN]
2026-04-20 13:32:06.041 15134-15134 1DAL_MVP                com.onedal.app                       D  🚦 [ROADMAP 13:32:06.039] [📱앱] [UNKNOWN] 📍 백그라운드 Telemetry (lat, lng) 획득 엔진 가동!
2026-04-20 13:32:06.041 15134-15134 1DAL_MVP                com.onedal.app                       I  ✅ 1DAL Service Connected!
2026-04-20 13:32:06.042 15134-15134 1DAL_MVP                com.onedal.app                       I    📡 ApiClient  (기기ID: 앱폰-sdk_gpho-160)
2026-04-20 13:32:06.042 15134-15134 1DAL_MVP                com.onedal.app                       I    📤 Telemetry  (생존신고 시작)
2026-04-20 13:32:06.044 15134-15134 1DAL_MVP                com.onedal.app                       I    🔍 Parser     (NativeScrapParser)
2026-04-20 13:32:06.044 15134-15134 1DAL_MVP                com.onedal.app                       I    👆 Touch      (준비 완료)
2026-04-20 13:32:06.045 15134-15134 1DAL_MVP                com.onedal.app                       I    🎯 Keywords   (인성콜)
2026-04-20 13:32:06.071 15134-15176 1DAL_API                com.onedal.app                       D  🎯 [인성콜] 키워드 사전 다운로드 성공: {"appName":"인성콜","uiNoiseWords":["출발지","도착지","차종","요금","설정","닫기","콜상세"],"confirmButtonText":"확정","cancelButtonText":"취소","pickupButtonText":"출발지","dropoffButtonText":"도착지"}
2026-04-20 13:32:06.226 15134-15134 1DAL_MVP                com.onedal.app                       D  🚦 [ROADMAP 13:32:06.226] [📱앱] [LIST] [post /api/scrap request] 👀 화면 변경 감지 발송  deviceId: 앱폰-sdk_gpho-160, (건수: 0)
2026-04-20 13:32:06.260 15134-15176 1DAL_MVP                com.onedal.app                       D  🚦 [ROADMAP 13:32:06.259] [📱앱] [LIST] [post /api/scrap response] deviceId: 앱폰-sdk_gpho-160, (건수: 0)
2026-04-20 13:32:06.261 15134-15176 1DAL_API                com.onedal.app                       D  📋 [필터 동기화 (서버→앱) 적용됨] 맵핑된 필터 전체 스키마:
                                                                                                    FilterConfig(allowedVehicleTypes=[1t], isActive=false, isSharedMode=false, pickupRadiusKm=999, minFare=0, maxFare=1000000, destinationCity=, destinationRadiusKm=10, excludedKeywords=[], destinationKeywords=[], customCityFilters=[], destinationGroups={}, customFilters=[])
2026-04-20 13:32:06.261 15134-15176 1DAL_TELEMETRY          com.onedal.app                       D  📥 [서버 수신] 👀 화면 변경 감지 완료 (수신된 모드: AUTO)
2026-04-20 13:32:06.410 15134-15134 1DAL_MVP                com.onedal.app                       D  -------------------------------
2026-04-20 13:32:06.411 15134-15134 1DAL_MVP                com.onedal.app                       D  🚦 [ROADMAP 13:32:06.411] [📱앱] [UNKNOWN] 📡 화면 변경 감지 | 모드: AUTO
2026-04-20 13:32:06.612 15134-15134 1DAL_MVP                com.onedal.app                       D  🚦 [ROADMAP 13:32:06.611] [📱앱] [UNKNOWN] [post /api/scrap request] 👀 화면 변경 감지 발송  deviceId: 앱폰-sdk_gpho-160, (건수: 0)
2026-04-20 13:32:06.620 15134-15176 1DAL_MVP                com.onedal.app                       D  🚦 [ROADMAP 13:32:06.620] [📱앱] [UNKNOWN] [post /api/scrap response] deviceId: 앱폰-sdk_gpho-160, (건수: 0)
2026-04-20 13:32:06.621 15134-15176 1DAL_API                com.onedal.app                       D  📋 [필터 동기화 (서버→앱) 적용됨] 맵핑된 필터 전체 스키마:
                                                                                                    FilterConfig(allowedVehicleTypes=[1t], isActive=false, isSharedMode=false, pickupRadiusKm=999, minFare=0, maxFare=1000000, destinationCity=, destinationRadiusKm=10, excludedKeywords=[], destinationKeywords=[], customCityFilters=[], destinationGroups={}, customFilters=[])
2026-04-20 13:32:06.621 15134-15176 1DAL_TELEMETRY          com.onedal.app                       D  📥 [서버 수신] 👀 화면 변경 감지 완료 (수신된 모드: AUTO)
2026-04-20 13:32:07.665 15134-15134 1DAL_MVP                com.onedal.app                       D  -------------------------------
2026-04-20 13:32:07.667 15134-15134 1DAL_MVP                com.onedal.app                       D  🚦 [ROADMAP 13:32:07.666] [📱앱] [UNKNOWN] 📡 화면 변경 감지 | 모드: AUTO
2026-04-20 13:32:07.932 15134-15134 1DAL_MVP                com.onedal.app                       D  -------------------------------
2026-04-20 13:32:07.937 15134-15134 1DAL_MVP                com.onedal.app                       D  🚦 [ROADMAP 13:32:07.933] [📱앱] [UNKNOWN] 📡 화면 변경 감지 | 모드: AUTO
2026-04-20 13:32:08.606 15134-15134 1DAL_MVP                com.onedal.app                       D  -------------------------------
2026-04-20 13:32:08.607 15134-15134 1DAL_MVP                com.onedal.app                       D  🚦 [ROADMAP 13:32:08.606] [📱앱] [UNKNOWN] 📡 화면 변경 감지 | 모드: AUTO
2026-04-20 13:32:10.540 15134-15134 1DAL_MVP                com.onedal.app                       D  -------------------------------
2026-04-20 13:32:10.542 15134-15134 1DAL_MVP                com.onedal.app                       D  🚦 [ROADMAP 13:32:10.540] [📱앱] [UNKNOWN] 📡 화면 변경 감지 | 모드: AUTO
2026-04-20 13:32:10.614 15134-15134 1DAL_MVP                com.onedal.app                       D  -------------------------------
2026-04-20 13:32:10.615 15134-15134 1DAL_MVP                com.onedal.app                       D  🚦 [ROADMAP 13:32:10.614] [📱앱] [UNKNOWN] 📡 화면 변경 감지 | 모드: AUTO
2026-04-20 13:32:10.711 15134-15134 1DAL_MVP                com.onedal.app                       D  -------------------------------
2026-04-20 13:32:10.711 15134-15134 1DAL_MVP                com.onedal.app                       D  🚦 [ROADMAP 13:32:10.711] [📱앱] [LIST] 📡 화면 변경 감지 | 모드: AUTO
2026-04-20 13:32:10.737 15134-15134 1DAL_PARSER             com.onedal.app                       D  🔍 [1차 리스트 필터] 도착지=동대문구, 결과=true
2026-04-20 13:32:10.738 15134-15134 1DAL_MVP                com.onedal.app                       D  🚦 [ROADMAP 13:32:10.738] [📱앱] [LIST] 🔍 [타겟 콜 필터 결과] 차종(다)=❌ 도착지(0중 동대문구)=✅ 요금(0 <= 49000)=✅ 상차지/거리(999 >= 0.2km)=✅ 블랙()=✅
2026-04-20 13:32:10.741 15134-15134 1DAL_PARSER             com.onedal.app                       D  🔍 [1차 리스트 필터] 도착지=초월읍, 결과=true
2026-04-20 13:32:10.741 15134-15134 1DAL_MVP                com.onedal.app                       D  🚦 [ROADMAP 13:32:10.741] [📱앱] [LIST] 🔍 [타겟 콜 필터 결과] 차종(라)=❌ 도착지(0중 초월읍)=✅ 요금(0 <= 30000)=✅ 상차지/거리(999 >= 3.8km)=✅ 블랙()=✅
2026-04-20 13:32:10.742 15134-15134 1DAL_PARSER             com.onedal.app                       D  🔍 [1차 리스트 필터] 도착지=덕양구, 결과=true
2026-04-20 13:32:10.743 15134-15134 1DAL_MVP                com.onedal.app                       D  🚦 [ROADMAP 13:32:10.742] [📱앱] [LIST] 🔍 [타겟 콜 필터 결과] 차종(1t)=✅ 도착지(0중 덕양구)=✅ 요금(0 <= 84000)=✅ 상차지/거리(999 >= 0.2km)=✅ 블랙()=✅
2026-04-20 13:32:10.743 15134-15134 1DAL_MVP                com.onedal.app                       D  🚦 [ROADMAP 13:32:10.743] [📱앱] [LIST] 인성앱 콜 리스트 렌더링 ➡️ [Current Page: LIST] 진입
2026-04-20 13:32:10.743 15134-15134 1DAL_MVP                com.onedal.app                       D  🚦 [ROADMAP 13:32:10.743] [📱앱] [LIST] 안드로이드 자체 메모리에 필터 캐싱 완료 및 대기
2026-04-20 13:32:10.743 15134-15134 1DAL_MVP                com.onedal.app                       D  🚦 [ROADMAP 13:32:10.743] [📱앱] [LIST] [Current Page: LIST] 상태 유지 및 1차(단독/합짐) 리스트 필터 통과 확인
2026-04-20 13:32:10.743 15134-15134 1DAL_MVP                com.onedal.app                       D  💥 [AUTO] 꿀콜 조건 통과! 대상 콜 강제 터치 진행!
2026-04-20 13:32:10.743 15134-15134 1DAL_MVP                com.onedal.app                       D  📝 [AUTO] 2차 검증 반송(취소)에 대비해 해당 콜 지문 선(先)기록 완료 (해시: 1497815730)
2026-04-20 13:32:10.743 15134-15134 1DAL_MVP                com.onedal.app                       D  🚦 [ROADMAP 13:32:10.743] [📱앱] [LIST] 리스트에서 바뀐 text 감지 후 text 추출
2026-04-20 13:32:10.745 15134-15134 1DAL_MVP                com.onedal.app                       D  🚦 [ROADMAP 13:32:10.745] [📱앱] [LIST] [인성 Socket] 인성콜에 선택된 콜 정보 전달 (꿀콜 클릭!)
2026-04-20 13:32:10.797 15134-15134 1DAL_TOUCH              com.onedal.app                       D  ✅ [가로채기 성공!] 화면 좌표 (X:917.0, Y:759.0) 터치 완료!
2026-04-20 13:32:10.798 15134-15134 1DAL_MVP                com.onedal.app                       D  🚦 [ROADMAP 13:32:10.798] [📱앱] 버튼 터치 완료 (가로채기 성공) X:917.0, Y:759.0
2026-04-20 13:32:10.942 15134-15134 1DAL_MVP                com.onedal.app                       D  -------------------------------
2026-04-20 13:32:10.943 15134-15134 1DAL_MVP                com.onedal.app                       D  🚦 [ROADMAP 13:32:10.942] [📱앱] [DETAIL_PRE_CONFIRM] 📡 화면 변경 감지 | 모드: AUTO
2026-04-20 13:32:10.943 15134-15134 1DAL_MVP                com.onedal.app                       D  🚦 [ROADMAP 13:32:10.943] [📱앱] [DETAIL_PRE_CONFIRM] [Current Page: DETAIL_PRE_CONFIRM] 진입 완료
2026-04-20 13:32:10.946 15134-15134 1DAL_MVP                com.onedal.app                       D  🚦 [ROADMAP 13:32:10.946] [📱앱] [DETAIL_PRE_CONFIRM] 상세페이지 텍스트 추출 및 2차 필터(적요 등) 통과 확인
2026-04-20 13:32:10.947 15134-15134 1DAL_MVP                com.onedal.app                       D  🚦 [ROADMAP 13:32:10.946] [📱앱] [LIST] 🔍 [타겟 콜 필터 결과] 차종(1t)=✅ 도착지(0중 덕양구)=✅ 요금(0 <= 84000)=✅ 상차지/거리(999 >= 0.2km)=✅ 블랙()=✅
2026-04-20 13:32:10.948 15134-15134 1DAL_MVP                com.onedal.app                       D  📤 [post /confirm request] 서버 전송 내용 -> 모드: AUTO | 텍스트: rep_map 고양퀵서비스-031-932-7722 전표 상태 : 신규 물품 : 마대 1개 차량 : 1t 탁송료 : 수수료 : 23% 요금 : 84,000(착불) 구분 : 편도 형태 : 예약 적요상세 *카고 입니다. 세금계산서필 15:20 상차. 마스크 카톤 마대 1개 ...
2026-04-20 13:32:10.948 15134-15134 1DAL_MVP                com.onedal.app                       D  🚀 [AUTO] 확정 버튼 광클 (배차 시도)
2026-04-20 13:32:10.948 15134-15134 1DAL_MVP                com.onedal.app                       D  🚦 [ROADMAP 13:32:10.948] [📱앱] [DETAIL_PRE_CONFIRM] 상세페이지에서 '확정' 추출 후 클릭
2026-04-20 13:32:10.948 15134-15134 1DAL_MVP                com.onedal.app                       D  🚦 [ROADMAP 13:32:10.948] [📱앱] [DETAIL_PRE_CONFIRM] [인성 Socket] 콜 확정 완료
2026-04-20 13:32:10.949 15134-15134 1DAL_MVP                com.onedal.app                       D  🚦 [ROADMAP 13:32:10.949] [📱앱] '확정' 버튼 인식 ➡️ 클릭 시도
2026-04-20 13:32:10.968 15134-15204 1DAL_API                com.onedal.app                       D  🌐 [post /confirm response / 200] {"success":true,"message":"1차 수신 완료. 상세 페이지 내용을 긁어서 POST /api/orders/detail 로 보내주세요."}
2026-04-20 13:32:10.968 15134-15204 1DAL_MVP                com.onedal.app                       D  🚦 [ROADMAP 13:32:10.968] [📱앱] [HTTP 폴링] 응답 /orders/confirm
2026-04-20 13:32:11.005 15134-15134 1DAL_TOUCH              com.onedal.app                       D  ✅ [가로채기 성공!] 화면 좌표 (X:161.0, Y:2251.0) 터치 완료!
2026-04-20 13:32:11.012 15134-15134 1DAL_MVP                com.onedal.app                       D  🚦 [ROADMAP 13:32:11.011] [📱앱] 버튼 터치 완료 (가로채기 성공) X:161.0, Y:2251.0
2026-04-20 13:32:11.174 15134-15134 1DAL_MVP                com.onedal.app                       D  🚦 [ROADMAP 13:32:11.174] [📱앱] [DETAIL_PRE_CONFIRM] [post /api/scrap request] 👀 화면 변경 감지 발송  deviceId: 앱폰-sdk_gpho-160, (건수: 2)
2026-04-20 13:32:11.183 15134-15176 1DAL_MVP                com.onedal.app                       D  🚦 [ROADMAP 13:32:11.182] [📱앱] [DETAIL_PRE_CONFIRM] [post /api/scrap response] deviceId: 앱폰-sdk_gpho-160, (건수: 2)
2026-04-20 13:32:11.183 15134-15176 1DAL_API                com.onedal.app                       D  📋 [필터 동기화 (서버→앱) 적용됨] 맵핑된 필터 전체 스키마:
                                                                                                    FilterConfig(allowedVehicleTypes=[1t], isActive=false, isSharedMode=false, pickupRadiusKm=999, minFare=0, maxFare=1000000, destinationCity=, destinationRadiusKm=10, excludedKeywords=[], destinationKeywords=[], customCityFilters=[], destinationGroups={}, customFilters=[])
2026-04-20 13:32:11.184 15134-15176 1DAL_TELEMETRY          com.onedal.app                       D  📥 [서버 수신] 👀 화면 변경 감지 완료 (수신된 모드: AUTO)
2026-04-20 13:32:11.251 15134-15134 1DAL_MVP                com.onedal.app                       D  -------------------------------
2026-04-20 13:32:11.252 15134-15134 1DAL_MVP                com.onedal.app                       D  🚦 [ROADMAP 13:32:11.251] [📱앱] [DETAIL_CONFIRMED] 📡 화면 변경 감지 | 모드: AUTO
2026-04-20 13:32:11.252 15134-15134 1DAL_MVP                com.onedal.app                       D  🚦 [ROADMAP 13:32:11.252] [📱앱] [DETAIL_CONFIRMED] [Current Page: DETAIL_CONFIRMED] 진입 완료
2026-04-20 13:32:11.252 15134-15134 1DAL_MVP                com.onedal.app                       D  🚦 [ROADMAP 13:32:11.252] [📱앱] [DETAIL_CONFIRMED] 🔒 isHolding = true 설정 (이후 화면 요동쳐도 락 유지)
2026-04-20 13:32:11.252 15134-15134 1DAL_MVP                com.onedal.app                       D  🚦 [ROADMAP 13:32:11.252] [📱앱] [DETAIL_CONFIRMED] 🏄‍♂️ 무인 서핑 가동 (State Machine: IDLE)
2026-04-20 13:32:11.253 15134-15134 1DAL_MVP                com.onedal.app                       D  🚦 [ROADMAP 13:32:11.252] [📱앱] [DETAIL_CONFIRMED] [Current Page: DETAIL_CONFIRMED] 확정페이지 체류 및 팝업버튼 트리거 대기
2026-04-20 13:32:11.253 15134-15134 1DAL_MVP                com.onedal.app                       D  🏄‍♂️ [자동 팝업 서핑] 확정 화면 진입 확인! 적요상세 팝업 호출 시도
2026-04-20 13:32:11.253 15134-15134 1DAL_MVP                com.onedal.app                       D  🚦 [ROADMAP 13:32:11.253] [📱앱] '적요상세' 버튼 인식 ➡️ 클릭 시도
2026-04-20 13:32:11.253 15134-15134 1DAL_MVP                com.onedal.app                       D  🚦 [ROADMAP 13:32:11.253] [📱앱] [DETAIL_CONFIRMED] 확정페이지에서 '적요상세' 추출 후 클릭
2026-04-20 13:32:11.253 15134-15134 1DAL_MVP                com.onedal.app                       I  📋 [SEQ 81] 적요상세 버튼 클릭 → 적요 정보 요청
2026-04-20 13:32:11.305 15134-15134 1DAL_TOUCH              com.onedal.app                       D  ✅ [가로채기 성공!] 화면 좌표 (X:149.0, Y:1153.0) 터치 완료!
2026-04-20 13:32:11.305 15134-15134 1DAL_MVP                com.onedal.app                       D  🚦 [ROADMAP 13:32:11.305] [📱앱] 버튼 터치 완료 (가로채기 성공) X:149.0, Y:1153.0
2026-04-20 13:32:11.437 15134-15134 1DAL_MVP                com.onedal.app                       D  -------------------------------
2026-04-20 13:32:11.437 15134-15134 1DAL_MVP                com.onedal.app                       D  🚦 [ROADMAP 13:32:11.437] [📱앱] [POPUP_MEMO] 📡 화면 변경 감지 | 모드: AUTO
2026-04-20 13:32:11.438 15134-15134 1DAL_MVP                com.onedal.app                       D  📝 적요 스크래핑 성공! 닫기 버튼 누름
2026-04-20 13:32:11.438 15134-15134 1DAL_MVP                com.onedal.app                       I  📋 [SEQ 81-82] 적요상세 추출 완료 → 닫기
2026-04-20 13:32:11.438 15134-15134 1DAL_MVP                com.onedal.app                       D  🚦 [ROADMAP 13:32:11.438] [📱앱] [POPUP_MEMO] [Current Page: POPUP_MEMO] 진입 완료 ("적요 내용" 텍스트 매칭 확인)
2026-04-20 13:32:11.438 15134-15134 1DAL_MVP                com.onedal.app                       D  🚦 [ROADMAP 13:32:11.438] [📱앱] [POPUP_MEMO] 적요상세 데이터 추출 및 메모리에 누적 저장
2026-04-20 13:32:11.438 15134-15134 1DAL_MVP                com.onedal.app                       D  🚦 [ROADMAP 13:32:11.438] [📱앱] '닫기' 버튼 인식 ➡️ 클릭 시도
2026-04-20 13:32:11.491 15134-15134 1DAL_TOUCH              com.onedal.app                       D  ✅ [가로채기 성공!] 화면 좌표 (X:540.0, Y:2264.0) 터치 완료!
2026-04-20 13:32:11.492 15134-15134 1DAL_MVP                com.onedal.app                       D  🚦 [ROADMAP 13:32:11.491] [📱앱] 버튼 터치 완료 (가로채기 성공) X:540.0, Y:2264.0
2026-04-20 13:32:11.523 15134-15134 1DAL_MVP                com.onedal.app                       D  -------------------------------
2026-04-20 13:32:11.523 15134-15134 1DAL_MVP                com.onedal.app                       D  🚦 [ROADMAP 13:32:11.523] [📱앱] [DETAIL_CONFIRMED] 📡 화면 변경 감지 | 모드: AUTO
2026-04-20 13:32:11.524 15134-15134 1DAL_MVP                com.onedal.app                       D  🚦 [ROADMAP 13:32:11.524] [📱앱] [DETAIL_CONFIRMED] [Current Page: DETAIL_CONFIRMED] 확정페이지 복귀 확인 (잔상 회피 완료)
2026-04-20 13:32:11.524 15134-15134 1DAL_MVP                com.onedal.app                       D  🏄‍♂️ [자동 팝업 서핑] 적요 정보 확인 완료. 출발지 정보 확인을 위해 자동 클릭 시도
2026-04-20 13:32:11.524 15134-15134 1DAL_MVP                com.onedal.app                       D  🚦 [ROADMAP 13:32:11.524] [📱앱] [DETAIL_CONFIRMED] 확정페이지에서 '출발지' 추출 후 클릭
2026-04-20 13:32:11.524 15134-15134 1DAL_MVP                com.onedal.app                       D  🚦 [ROADMAP 13:32:11.524] [📱앱] '출발지' 버튼 인식 ➡️ 클릭 시도
2026-04-20 13:32:11.579 15134-15134 1DAL_TOUCH              com.onedal.app                       D  ✅ [가로채기 성공!] 화면 좌표 (X:539.0, Y:1592.0) 터치 완료!
2026-04-20 13:32:11.579 15134-15134 1DAL_MVP                com.onedal.app                       D  🚦 [ROADMAP 13:32:11.579] [📱앱] 버튼 터치 완료 (가로채기 성공) X:539.0, Y:1592.0
2026-04-20 13:32:11.652 15134-15134 1DAL_MVP                com.onedal.app                       D  -------------------------------
2026-04-20 13:32:11.653 15134-15134 1DAL_MVP                com.onedal.app                       D  🚦 [ROADMAP 13:32:11.652] [📱앱] [POPUP_PICKUP] 📡 화면 변경 감지 | 모드: AUTO
2026-04-20 13:32:11.653 15134-15134 1DAL_MVP                com.onedal.app                       D  📝 출발지 스크래핑 성공! 닫기 버튼 누름
2026-04-20 13:32:11.653 15134-15134 1DAL_MVP                com.onedal.app                       D  🚦 [ROADMAP 13:32:11.653] [📱앱] [POPUP_PICKUP] [Current Page: POPUP_PICKUP] 진입 완료 ("전화1" 텍스트 매칭 확인)
2026-04-20 13:32:11.653 15134-15134 1DAL_MVP                com.onedal.app                       D  🚦 [ROADMAP 13:32:11.653] [📱앱] [POPUP_PICKUP] 출발지 데이터 추출 및 메모리에 누적 저장
2026-04-20 13:32:11.654 15134-15134 1DAL_MVP                com.onedal.app                       D  🚦 [ROADMAP 13:32:11.653] [📱앱] '닫기' 버튼 인식 ➡️ 클릭 시도
2026-04-20 13:32:11.706 15134-15134 1DAL_TOUCH              com.onedal.app                       D  ✅ [가로채기 성공!] 화면 좌표 (X:136.0, Y:2264.0) 터치 완료!
2026-04-20 13:32:11.707 15134-15134 1DAL_MVP                com.onedal.app                       D  🚦 [ROADMAP 13:32:11.706] [📱앱] 버튼 터치 완료 (가로채기 성공) X:136.0, Y:2264.0
2026-04-20 13:32:11.731 15134-15134 1DAL_MVP                com.onedal.app                       D  -------------------------------
2026-04-20 13:32:11.731 15134-15134 1DAL_MVP                com.onedal.app                       D  🚦 [ROADMAP 13:32:11.731] [📱앱] [DETAIL_CONFIRMED] 📡 화면 변경 감지 | 모드: AUTO
2026-04-20 13:32:11.732 15134-15134 1DAL_MVP                com.onedal.app                       D  🚦 [ROADMAP 13:32:11.731] [📱앱] [DETAIL_CONFIRMED] [Current Page: DETAIL_CONFIRMED] 확정페이지 복귀 확인 (잔상 회피 완료)
2026-04-20 13:32:11.732 15134-15134 1DAL_MVP                com.onedal.app                       D  🏄‍♂️ [자동 팝업 서핑] 출발지 확인 완료. 도착지 정보 확인을 위해 자동 클릭 시도
2026-04-20 13:32:11.738 15134-15134 1DAL_MVP                com.onedal.app                       D  🚦 [ROADMAP 13:32:11.732] [📱앱] [DETAIL_CONFIRMED] 확정페이지에서 '도착지' 추출 후 클릭
2026-04-20 13:32:11.739 15134-15134 1DAL_MVP                com.onedal.app                       D  🚦 [ROADMAP 13:32:11.739] [📱앱] '도착지' 버튼 인식 ➡️ 클릭 시도
2026-04-20 13:32:11.799 15134-15134 1DAL_TOUCH              com.onedal.app                       D  ✅ [가로채기 성공!] 화면 좌표 (X:539.0, Y:1742.0) 터치 완료!
2026-04-20 13:32:11.799 15134-15134 1DAL_MVP                com.onedal.app                       D  🚦 [ROADMAP 13:32:11.799] [📱앱] 버튼 터치 완료 (가로채기 성공) X:539.0, Y:1742.0
2026-04-20 13:32:11.856 15134-15134 1DAL_MVP                com.onedal.app                       D  -------------------------------
2026-04-20 13:32:11.856 15134-15134 1DAL_MVP                com.onedal.app                       D  🚦 [ROADMAP 13:32:11.856] [📱앱] [POPUP_DROPOFF] 📡 화면 변경 감지 | 모드: AUTO
2026-04-20 13:32:11.856 15134-15134 1DAL_MVP                com.onedal.app                       D  📝 도착지 스크래핑 성공! 닫기 누름 및 전체 내용 /detail 로 발송
2026-04-20 13:32:11.857 15134-15134 1DAL_MVP                com.onedal.app                       D  🚦 [ROADMAP 13:32:11.856] [📱앱] [POPUP_DROPOFF] [Current Page: POPUP_DROPOFF] 진입 완료 ("전화1" 텍스트 매칭 확인)
2026-04-20 13:32:11.857 15134-15134 1DAL_MVP                com.onedal.app                       D  🚦 [ROADMAP 13:32:11.857] [📱앱] [POPUP_DROPOFF] 도착지 데이터 추출 및 메모리에 누적 저장
2026-04-20 13:32:11.857 15134-15134 1DAL_MVP                com.onedal.app                       D  🚦 [ROADMAP 13:32:11.857] [📱앱] '닫기' 버튼 인식 ➡️ 클릭 시도
2026-04-20 13:32:11.859 15134-15134 1DAL_MVP                com.onedal.app                       D  🚦 [ROADMAP 13:32:11.859] [📱앱] [POPUP_DROPOFF] [Current Page: DETAIL_CONFIRMED] 무인 서핑 종료 (State Machine: DONE)
2026-04-20 13:32:11.859 15134-15134 1DAL_MVP                com.onedal.app                       W  ⏳ 데스밸리 타이머 시작: 30초 대기...
2026-04-20 13:32:11.860 15134-15134 1DAL_MVP                com.onedal.app                       D  🌐 [post /detail request] AUTO 모드 판결 요청 텍스트: rep_map 고양퀵서비스-031-932-7722 전표 상태 : 신규 물품 : 마대 1개 취소 차량 : 1t 탁송료 : 0 수수료 : 23% 요금 : 84,000(착불) 구분 : 편도 형태 : 예약 적요상세 인수증 전송 *카고 입니다. 세금계산서필 15:20 상차. 마...
2026-04-20 13:32:11.914 15134-15134 1DAL_TOUCH              com.onedal.app                       D  ✅ [가로채기 성공!] 화면 좌표 (X:136.0, Y:2264.0) 터치 완료!
2026-04-20 13:32:11.915 15134-15134 1DAL_MVP                com.onedal.app                       D  🚦 [ROADMAP 13:32:11.914] [📱앱] 버튼 터치 완료 (가로채기 성공) X:136.0, Y:2264.0
2026-04-20 13:32:12.185 15134-15134 1DAL_MVP                com.onedal.app                       D  🚦 [ROADMAP 13:32:12.185] [📱앱] [DETAIL_CONFIRMED] [post /api/scrap request] 👀 화면 변경 감지 발송  deviceId: 앱폰-sdk_gpho-160, (건수: 0)
2026-04-20 13:32:12.191 15134-15176 1DAL_MVP                com.onedal.app                       D  🚦 [ROADMAP 13:32:12.191] [📱앱] [DETAIL_CONFIRMED] [post /api/scrap response] deviceId: 앱폰-sdk_gpho-160, (건수: 0)
2026-04-20 13:32:12.191 15134-15176 1DAL_API                com.onedal.app                       D  📋 [필터 동기화 (서버→앱) 적용됨] 맵핑된 필터 전체 스키마:
                                                                                                    FilterConfig(allowedVehicleTypes=[1t], isActive=false, isSharedMode=false, pickupRadiusKm=999, minFare=0, maxFare=1000000, destinationCity=, destinationRadiusKm=10, excludedKeywords=[], destinationKeywords=[], customCityFilters=[], destinationGroups={}, customFilters=[])
2026-04-20 13:32:12.191 15134-15176 1DAL_TELEMETRY          com.onedal.app                       D  📥 [서버 수신] 👀 화면 변경 감지 완료 (수신된 모드: AUTO)
2026-04-20 13:32:12.458 15134-15204 1DAL_API                com.onedal.app                       D  🌐 [post /detail response / 202] 즉결 접수 완료. Piggyback 대기 시작.
2026-04-20 13:32:13.193 15134-15134 1DAL_MVP                com.onedal.app                       D  🚦 [ROADMAP 13:32:13.192] [📱앱] [DETAIL_CONFIRMED] [post /api/scrap request] ⏱️ 타이머 생존신고 발송  deviceId: 앱폰-sdk_gpho-160, (건수: 0)
2026-04-20 13:32:13.200 15134-15176 1DAL_MVP                com.onedal.app                       D  🚦 [ROADMAP 13:32:13.200] [📱앱] [DETAIL_CONFIRMED] [post /api/scrap response] deviceId: 앱폰-sdk_gpho-160, (건수: 0)
2026-04-20 13:32:13.201 15134-15176 1DAL_API                com.onedal.app                       D  📋 [필터 동기화 (서버→앱) 적용됨] 맵핑된 필터 전체 스키마:
                                                                                                    FilterConfig(allowedVehicleTypes=[1t], isActive=false, isSharedMode=false, pickupRadiusKm=999, minFare=0, maxFare=1000000, destinationCity=, destinationRadiusKm=10, excludedKeywords=[], destinationKeywords=[], customCityFilters=[], destinationGroups={}, customFilters=[])
2026-04-20 13:32:13.201 15134-15176 1DAL_TELEMETRY          com.onedal.app                       D  📥 [서버 수신] ⏱️ 타이머 생존신고 완료 (수신된 모드: AUTO)
2026-04-20 13:32:14.196 15134-15134 1DAL_MVP                com.onedal.app                       D  🚦 [ROADMAP 13:32:14.196] [📱앱] [DETAIL_CONFIRMED] [post /api/scrap request] ⏱️ 타이머 생존신고 발송  deviceId: 앱폰-sdk_gpho-160, (건수: 0)
2026-04-20 13:32:14.204 15134-15176 1DAL_MVP                com.onedal.app                       D  🚦 [ROADMAP 13:32:14.204] [📱앱] [DETAIL_CONFIRMED] [post /api/scrap response] deviceId: 앱폰-sdk_gpho-160, (건수: 0)
2026-04-20 13:32:14.205 15134-15176 1DAL_API                com.onedal.app                       D  📋 [필터 동기화 (서버→앱) 적용됨] 맵핑된 필터 전체 스키마:
                                                                                                    FilterConfig(allowedVehicleTypes=[1t], isActive=false, isSharedMode=false, pickupRadiusKm=999, minFare=0, maxFare=1000000, destinationCity=, destinationRadiusKm=10, excludedKeywords=[], destinationKeywords=[], customCityFilters=[], destinationGroups={}, customFilters=[])
2026-04-20 13:32:14.206 15134-15176 1DAL_TELEMETRY          com.onedal.app                       D  📥 [서버 수신] ⏱️ 타이머 생존신고 완료 (수신된 모드: AUTO)
2026-04-20 13:32:15.198 15134-15134 1DAL_MVP                com.onedal.app                       D  🚦 [ROADMAP 13:32:15.197] [📱앱] [DETAIL_CONFIRMED] [post /api/scrap request] ⏱️ 타이머 생존신고 발송  deviceId: 앱폰-sdk_gpho-160, (건수: 0)
2026-04-20 13:32:15.204 15134-15176 1DAL_MVP                com.onedal.app                       D  🚦 [ROADMAP 13:32:15.204] [📱앱] [DETAIL_CONFIRMED] [post /api/scrap response] deviceId: 앱폰-sdk_gpho-160, (건수: 0)
2026-04-20 13:32:15.205 15134-15176 1DAL_API                com.onedal.app                       D  📋 [필터 동기화 (서버→앱) 적용됨] 맵핑된 필터 전체 스키마:
                                                                                                    FilterConfig(allowedVehicleTypes=[1t], isActive=false, isSharedMode=false, pickupRadiusKm=999, minFare=0, maxFare=1000000, destinationCity=, destinationRadiusKm=10, excludedKeywords=[], destinationKeywords=[], customCityFilters=[], destinationGroups={}, customFilters=[])
2026-04-20 13:32:15.205 15134-15176 1DAL_TELEMETRY          com.onedal.app                       D  📥 [서버 수신] ⏱️ 타이머 생존신고 완료 (수신된 모드: AUTO)
2026-04-20 13:32:16.202 15134-15134 1DAL_MVP                com.onedal.app                       D  🚦 [ROADMAP 13:32:16.201] [📱앱] [DETAIL_CONFIRMED] [post /api/scrap request] ⏱️ 타이머 생존신고 발송  deviceId: 앱폰-sdk_gpho-160, (건수: 0)
2026-04-20 13:32:16.218 15134-15176 1DAL_MVP                com.onedal.app                       D  🚦 [ROADMAP 13:32:16.218] [📱앱] [DETAIL_CONFIRMED] [post /api/scrap response] deviceId: 앱폰-sdk_gpho-160, (건수: 0)
2026-04-20 13:32:16.221 15134-15176 1DAL_API                com.onedal.app                       D  📋 [필터 동기화 (서버→앱) 적용됨] 맵핑된 필터 전체 스키마:
                                                                                                    FilterConfig(allowedVehicleTypes=[다마스, 라보, 오토바이], isActive=true, isSharedMode=true, pickupRadiusKm=999, minFare=0, maxFare=1000000, destinationCity=, destinationRadiusKm=10, excludedKeywords=[], destinationKeywords=[], customCityFilters=[], destinationGroups={}, customFilters=[])
2026-04-20 13:32:16.222 15134-15176 1DAL_API                com.onedal.app                       W  ⚡ [Piggyback Decision 수신] orderId: 5ff82528-b1f2-4026-b1a0-76a6e0927774, action: KEEP
2026-04-20 13:32:16.222 15134-15176 1DAL_MVP                com.onedal.app                       W  🛡️ [정상 결재 수신] ID 일치(5ff82528-b1f2-4026-b1a0-76a6e0927774). 즉각 폐기/유지 액션을 집행합니다. (Action: KEEP)
2026-04-20 13:32:16.222 15134-15176 1DAL_MVP                com.onedal.app                       D  ⚡ 판결 집행: 행동=KEEP, 누를버튼=닫기 (버튼클릭을 시작합니다), 500ms 지연
2026-04-20 13:32:16.223 15134-15176 1DAL_TELEMETRY          com.onedal.app                       D  📥 [서버 수신] ⏱️ 타이머 생존신고 완료 (수신된 모드: AUTO)
2026-04-20 13:32:16.429 15134-15134 1DAL_MVP                com.onedal.app                       D  🚦 [ROADMAP 13:32:16.429] [📱앱] [DETAIL_CONFIRMED] [post /api/scrap request] 👀 화면 변경 감지 발송  deviceId: 앱폰-sdk_gpho-160, (건수: 0)
2026-04-20 13:32:16.435 15134-15176 1DAL_MVP                com.onedal.app                       D  🚦 [ROADMAP 13:32:16.435] [📱앱] [DETAIL_CONFIRMED] [post /api/scrap response] deviceId: 앱폰-sdk_gpho-160, (건수: 0)
2026-04-20 13:32:16.436 15134-15176 1DAL_API                com.onedal.app                       D  📋 [필터 동기화 (서버→앱) 적용됨] 맵핑된 필터 전체 스키마:
                                                                                                    FilterConfig(allowedVehicleTypes=[다마스, 라보, 오토바이], isActive=true, isSharedMode=true, pickupRadiusKm=999, minFare=0, maxFare=1000000, destinationCity=, destinationRadiusKm=10, excludedKeywords=[], destinationKeywords=[], customCityFilters=[], destinationGroups={}, customFilters=[])
2026-04-20 13:32:16.436 15134-15176 1DAL_TELEMETRY          com.onedal.app                       D  📥 [서버 수신] 👀 화면 변경 감지 완료 (수신된 모드: AUTO)
2026-04-20 13:32:16.738 15134-15134 1DAL_MVP                com.onedal.app                       D  🚦 [ROADMAP 13:32:16.737] [📱앱] '닫기' 버튼 인식 ➡️ 클릭 시도
2026-04-20 13:32:16.743 15134-15134 1DAL_MVP                com.onedal.app                       D  🚦 [ROADMAP 13:32:16.742] [📱앱] [DETAIL_CONFIRMED] [Current Page: DETAIL_CONFIRMED] 체류 상태 확인
2026-04-20 13:32:16.743 15134-15134 1DAL_MVP                com.onedal.app                       D  🚦 [ROADMAP 13:32:16.743] [📱앱] [DETAIL_CONFIRMED] [Current Page: LIST] 로 복귀 렌더링 완료
2026-04-20 13:32:16.744 15134-15134 1DAL_MVP                com.onedal.app                       D  🚦 [ROADMAP 13:32:16.743] [📱앱] [DETAIL_CONFIRMED] 🔓 isHolding = false 락 해제. 다음 타겟을 향한 새로운 "합짐 사냥" 감시 돌입
2026-04-20 13:32:16.744 15134-15134 1DAL_MVP                com.onedal.app                       D  🚦 [ROADMAP 13:32:16.744] [📱앱] [DETAIL_CONFIRMED] 🔄 [새로운 타겟(합짐) 사냥을 위해 PHASE 2 로 무한 루프 회귀] 🔄
2026-04-20 13:32:16.744 15134-15134 1DAL_MVP                com.onedal.app                       D  🎉 행동 완료! 타겟($targetBtnStr) 명중.
2026-04-20 13:32:16.795 15134-15134 1DAL_TOUCH              com.onedal.app                       D  ✅ [가로채기 성공!] 화면 좌표 (X:122.0, Y:2251.0) 터치 완료!
2026-04-20 13:32:16.796 15134-15134 1DAL_MVP                com.onedal.app                       D  🚦 [ROADMAP 13:32:16.795] [📱앱] 버튼 터치 완료 (가로채기 성공) X:122.0, Y:2251.0
2026-04-20 13:32:16.955 15134-15134 1DAL_MVP                com.onedal.app                       D  -------------------------------
2026-04-20 13:32:16.955 15134-15134 1DAL_MVP                com.onedal.app                       D  🚦 [ROADMAP 13:32:16.955] [📱앱] [LIST] 📡 화면 변경 감지 | 모드: AUTO
2026-04-20 13:32:16.959 15134-15134 1DAL_PARSER             com.onedal.app                       D  🔍 [1차 리스트 필터] 도착지=구로구, 결과=true
2026-04-20 13:32:16.959 15134-15134 1DAL_MVP                com.onedal.app                       D  🚦 [ROADMAP 13:32:16.959] [📱앱] [LIST] 🔍 [타겟 콜 필터 결과] 차종(오)=✅ 도착지(0중 구로구)=✅ 요금(0 <= 54000)=✅ 상차지/거리(999 >= 8.5km)=✅ 블랙()=✅
2026-04-20 13:32:16.959 15134-15134 1DAL_MVP                com.onedal.app                       D  🚦 [ROADMAP 13:32:16.959] [📱앱] [LIST] 인성앱 콜 리스트 렌더링 ➡️ [Current Page: LIST] 진입
2026-04-20 13:32:16.959 15134-15134 1DAL_MVP                com.onedal.app                       D  🚦 [ROADMAP 13:32:16.959] [📱앱] [LIST] 안드로이드 자체 메모리에 필터 캐싱 완료 및 대기
2026-04-20 13:32:16.960 15134-15134 1DAL_MVP                com.onedal.app                       D  🚦 [ROADMAP 13:32:16.960] [📱앱] [LIST] [Current Page: LIST] 상태 유지 및 1차(단독/합짐) 리스트 필터 통과 확인
2026-04-20 13:32:16.960 15134-15134 1DAL_MVP                com.onedal.app                       D  💥 [AUTO] 꿀콜 조건 통과! 대상 콜 강제 터치 진행!
2026-04-20 13:32:16.960 15134-15134 1DAL_MVP                com.onedal.app                       D  📝 [AUTO] 2차 검증 반송(취소)에 대비해 해당 콜 지문 선(先)기록 완료 (해시: -2093648692)
2026-04-20 13:32:16.960 15134-15134 1DAL_MVP                com.onedal.app                       D  🚦 [ROADMAP 13:32:16.960] [📱앱] [LIST] 리스트에서 바뀐 text 감지 후 text 추출
2026-04-20 13:32:16.961 15134-15134 1DAL_MVP                com.onedal.app                       D  🚦 [ROADMAP 13:32:16.961] [📱앱] [LIST] [인성 Socket] 인성콜에 선택된 콜 정보 전달 (꿀콜 클릭!)
2026-04-20 13:32:17.014 15134-15134 1DAL_TOUCH              com.onedal.app                       D  ✅ [가로채기 성공!] 화면 좌표 (X:917.0, Y:568.0) 터치 완료!
2026-04-20 13:32:17.014 15134-15134 1DAL_MVP                com.onedal.app                       D  🚦 [ROADMAP 13:32:17.014] [📱앱] 버튼 터치 완료 (가로채기 성공) X:917.0, Y:568.0
2026-04-20 13:32:17.138 15134-15134 1DAL_MVP                com.onedal.app                       D  -------------------------------
2026-04-20 13:32:17.138 15134-15134 1DAL_MVP                com.onedal.app                       D  🚦 [ROADMAP 13:32:17.138] [📱앱] [DETAIL_PRE_CONFIRM] 📡 화면 변경 감지 | 모드: AUTO
2026-04-20 13:32:17.138 15134-15134 1DAL_MVP                com.onedal.app                       D  🚦 [ROADMAP 13:32:17.138] [📱앱] [DETAIL_PRE_CONFIRM] [Current Page: DETAIL_PRE_CONFIRM] 진입 완료
2026-04-20 13:32:17.142 15134-15134 1DAL_MVP                com.onedal.app                       D  🚦 [ROADMAP 13:32:17.142] [📱앱] [DETAIL_PRE_CONFIRM] 상세페이지 텍스트 추출 및 2차 필터(적요 등) 통과 확인
2026-04-20 13:32:17.143 15134-15134 1DAL_MVP                com.onedal.app                       D  🚦 [ROADMAP 13:32:17.143] [📱앱] [LIST] 🔍 [타겟 콜 필터 결과] 차종(오)=✅ 도착지(0중 구로구)=✅ 요금(0 <= 54000)=✅ 상차지/거리(999 >= 8.5km)=✅ 블랙()=✅
2026-04-20 13:32:17.143 15134-15134 1DAL_MVP                com.onedal.app                       D  📤 [post /confirm request] 서버 전송 내용 -> 모드: AUTO | 텍스트: rep_map 고양퀵서비스-031-932-7722 전표 상태 : 신규 물품 : 박스 1개 차량 : 오 탁송료 : 수수료 : 23% 요금 : 54,000(신용) 구분 : 편도 형태 : 보통 적요상세 *카고 입니다. 세금계산서필 10:38 상차. 마스크 카톤 박스 1개 명...
2026-04-20 13:32:17.143 15134-15134 1DAL_MVP                com.onedal.app                       D  🚀 [AUTO] 확정 버튼 광클 (배차 시도)
2026-04-20 13:32:17.143 15134-15134 1DAL_MVP                com.onedal.app                       D  🚦 [ROADMAP 13:32:17.143] [📱앱] [DETAIL_PRE_CONFIRM] 상세페이지에서 '확정' 추출 후 클릭
2026-04-20 13:32:17.143 15134-15134 1DAL_MVP                com.onedal.app                       D  🚦 [ROADMAP 13:32:17.143] [📱앱] [DETAIL_PRE_CONFIRM] [인성 Socket] 콜 확정 완료
2026-04-20 13:32:17.144 15134-15134 1DAL_MVP                com.onedal.app                       D  🚦 [ROADMAP 13:32:17.144] [📱앱] '확정' 버튼 인식 ➡️ 클릭 시도
2026-04-20 13:32:17.148 15134-15204 1DAL_API                com.onedal.app                       D  🌐 [post /confirm response / 200] {"success":true,"message":"1차 수신 완료. 상세 페이지 내용을 긁어서 POST /api/orders/detail 로 보내주세요."}
2026-04-20 13:32:17.148 15134-15204 1DAL_MVP                com.onedal.app                       D  🚦 [ROADMAP 13:32:17.148] [📱앱] [HTTP 폴링] 응답 /orders/confirm
2026-04-20 13:32:17.274 15134-15134 1DAL_TOUCH              com.onedal.app                       D  ✅ [가로채기 성공!] 화면 좌표 (X:161.0, Y:2251.0) 터치 완료!
2026-04-20 13:32:17.275 15134-15134 1DAL_MVP                com.onedal.app                       D  🚦 [ROADMAP 13:32:17.274] [📱앱] 버튼 터치 완료 (가로채기 성공) X:161.0, Y:2251.0
2026-04-20 13:32:17.348 15134-15134 1DAL_MVP                com.onedal.app                       D  🚦 [ROADMAP 13:32:17.347] [📱앱] [DETAIL_PRE_CONFIRM] [post /api/scrap request] 👀 화면 변경 감지 발송  deviceId: 앱폰-sdk_gpho-160, (건수: 0)
2026-04-20 13:32:17.354 15134-15176 1DAL_MVP                com.onedal.app                       D  🚦 [ROADMAP 13:32:17.354] [📱앱] [DETAIL_PRE_CONFIRM] [post /api/scrap response] deviceId: 앱폰-sdk_gpho-160, (건수: 0)
2026-04-20 13:32:17.354 15134-15176 1DAL_API                com.onedal.app                       D  📋 [필터 동기화 (서버→앱) 적용됨] 맵핑된 필터 전체 스키마:
                                                                                                    FilterConfig(allowedVehicleTypes=[다마스, 라보, 오토바이], isActive=false, isSharedMode=true, pickupRadiusKm=999, minFare=0, maxFare=1000000, destinationCity=, destinationRadiusKm=10, excludedKeywords=[], destinationKeywords=[], customCityFilters=[], destinationGroups={}, customFilters=[])
2026-04-20 13:32:17.354 15134-15176 1DAL_TELEMETRY          com.onedal.app                       D  📥 [서버 수신] 👀 화면 변경 감지 완료 (수신된 모드: AUTO)
2026-04-20 13:32:17.368 15134-15134 1DAL_MVP                com.onedal.app                       D  -------------------------------
2026-04-20 13:32:17.369 15134-15134 1DAL_MVP                com.onedal.app                       D  🚦 [ROADMAP 13:32:17.369] [📱앱] [DETAIL_CONFIRMED] 📡 화면 변경 감지 | 모드: AUTO
2026-04-20 13:32:17.369 15134-15134 1DAL_MVP                com.onedal.app                       D  🚦 [ROADMAP 13:32:17.369] [📱앱] [DETAIL_CONFIRMED] [Current Page: DETAIL_CONFIRMED] 진입 완료
2026-04-20 13:32:17.369 15134-15134 1DAL_MVP                com.onedal.app                       D  🚦 [ROADMAP 13:32:17.369] [📱앱] [DETAIL_CONFIRMED] 🔒 isHolding = true 설정 (이후 화면 요동쳐도 락 유지)
2026-04-20 13:32:17.370 15134-15134 1DAL_MVP                com.onedal.app                       D  🚦 [ROADMAP 13:32:17.369] [📱앱] [DETAIL_CONFIRMED] 🏄‍♂️ 무인 서핑 가동 (State Machine: IDLE)
2026-04-20 13:32:17.370 15134-15134 1DAL_MVP                com.onedal.app                       D  🚦 [ROADMAP 13:32:17.370] [📱앱] [DETAIL_CONFIRMED] [Current Page: DETAIL_CONFIRMED] 확정페이지 체류 및 팝업버튼 트리거 대기
2026-04-20 13:32:17.370 15134-15134 1DAL_MVP                com.onedal.app                       D  🏄‍♂️ [자동 팝업 서핑] 확정 화면 진입 확인! 적요상세 팝업 호출 시도
2026-04-20 13:32:17.370 15134-15134 1DAL_MVP                com.onedal.app                       D  🚦 [ROADMAP 13:32:17.370] [📱앱] '적요상세' 버튼 인식 ➡️ 클릭 시도
2026-04-20 13:32:17.372 15134-15134 1DAL_MVP                com.onedal.app                       D  🚦 [ROADMAP 13:32:17.372] [📱앱] [DETAIL_CONFIRMED] 확정페이지에서 '적요상세' 추출 후 클릭
2026-04-20 13:32:17.372 15134-15134 1DAL_MVP                com.onedal.app                       I  📋 [SEQ 81] 적요상세 버튼 클릭 → 적요 정보 요청
2026-04-20 13:32:17.424 15134-15134 1DAL_TOUCH              com.onedal.app                       D  ✅ [가로채기 성공!] 화면 좌표 (X:149.0, Y:1153.0) 터치 완료!
2026-04-20 13:32:17.425 15134-15134 1DAL_MVP                com.onedal.app                       D  🚦 [ROADMAP 13:32:17.424] [📱앱] 버튼 터치 완료 (가로채기 성공) X:149.0, Y:1153.0
2026-04-20 13:32:17.554 15134-15134 1DAL_MVP                com.onedal.app                       D  -------------------------------
2026-04-20 13:32:17.554 15134-15134 1DAL_MVP                com.onedal.app                       D  🚦 [ROADMAP 13:32:17.554] [📱앱] [POPUP_MEMO] 📡 화면 변경 감지 | 모드: AUTO
2026-04-20 13:32:17.554 15134-15134 1DAL_MVP                com.onedal.app                       D  📝 적요 스크래핑 성공! 닫기 버튼 누름
2026-04-20 13:32:17.555 15134-15134 1DAL_MVP                com.onedal.app                       I  📋 [SEQ 81-82] 적요상세 추출 완료 → 닫기
2026-04-20 13:32:17.555 15134-15134 1DAL_MVP                com.onedal.app                       D  🚦 [ROADMAP 13:32:17.555] [📱앱] [POPUP_MEMO] [Current Page: POPUP_MEMO] 진입 완료 ("적요 내용" 텍스트 매칭 확인)
2026-04-20 13:32:17.555 15134-15134 1DAL_MVP                com.onedal.app                       D  🚦 [ROADMAP 13:32:17.555] [📱앱] [POPUP_MEMO] 적요상세 데이터 추출 및 메모리에 누적 저장
2026-04-20 13:32:17.555 15134-15134 1DAL_MVP                com.onedal.app                       D  🚦 [ROADMAP 13:32:17.555] [📱앱] '닫기' 버튼 인식 ➡️ 클릭 시도
2026-04-20 13:32:17.607 15134-15134 1DAL_TOUCH              com.onedal.app                       D  ✅ [가로채기 성공!] 화면 좌표 (X:540.0, Y:2264.0) 터치 완료!
2026-04-20 13:32:17.607 15134-15134 1DAL_MVP                com.onedal.app                       D  🚦 [ROADMAP 13:32:17.607] [📱앱] 버튼 터치 완료 (가로채기 성공) X:540.0, Y:2264.0
2026-04-20 13:32:17.651 15134-15134 1DAL_MVP                com.onedal.app                       D  -------------------------------
2026-04-20 13:32:17.652 15134-15134 1DAL_MVP                com.onedal.app                       D  🚦 [ROADMAP 13:32:17.651] [📱앱] [DETAIL_CONFIRMED] 📡 화면 변경 감지 | 모드: AUTO
2026-04-20 13:32:17.652 15134-15134 1DAL_MVP                com.onedal.app                       D  🚦 [ROADMAP 13:32:17.652] [📱앱] [DETAIL_CONFIRMED] [Current Page: DETAIL_CONFIRMED] 확정페이지 복귀 확인 (잔상 회피 완료)
2026-04-20 13:32:17.652 15134-15134 1DAL_MVP                com.onedal.app                       D  🏄‍♂️ [자동 팝업 서핑] 적요 정보 확인 완료. 출발지 정보 확인을 위해 자동 클릭 시도
2026-04-20 13:32:17.652 15134-15134 1DAL_MVP                com.onedal.app                       D  🚦 [ROADMAP 13:32:17.652] [📱앱] [DETAIL_CONFIRMED] 확정페이지에서 '출발지' 추출 후 클릭
2026-04-20 13:32:17.652 15134-15134 1DAL_MVP                com.onedal.app                       D  🚦 [ROADMAP 13:32:17.652] [📱앱] '출발지' 버튼 인식 ➡️ 클릭 시도
2026-04-20 13:32:17.705 15134-15134 1DAL_TOUCH              com.onedal.app                       D  ✅ [가로채기 성공!] 화면 좌표 (X:539.0, Y:1592.0) 터치 완료!
2026-04-20 13:32:17.705 15134-15134 1DAL_MVP                com.onedal.app                       D  🚦 [ROADMAP 13:32:17.705] [📱앱] 버튼 터치 완료 (가로채기 성공) X:539.0, Y:1592.0
2026-04-20 13:32:17.780 15134-15134 1DAL_MVP                com.onedal.app                       D  -------------------------------
2026-04-20 13:32:17.781 15134-15134 1DAL_MVP                com.onedal.app                       D  🚦 [ROADMAP 13:32:17.780] [📱앱] [POPUP_PICKUP] 📡 화면 변경 감지 | 모드: AUTO
2026-04-20 13:32:17.781 15134-15134 1DAL_MVP                com.onedal.app                       D  📝 출발지 스크래핑 성공! 닫기 버튼 누름
2026-04-20 13:32:17.781 15134-15134 1DAL_MVP                com.onedal.app                       D  🚦 [ROADMAP 13:32:17.781] [📱앱] [POPUP_PICKUP] [Current Page: POPUP_PICKUP] 진입 완료 ("전화1" 텍스트 매칭 확인)
2026-04-20 13:32:17.781 15134-15134 1DAL_MVP                com.onedal.app                       D  🚦 [ROADMAP 13:32:17.781] [📱앱] [POPUP_PICKUP] 출발지 데이터 추출 및 메모리에 누적 저장
2026-04-20 13:32:17.782 15134-15134 1DAL_MVP                com.onedal.app                       D  🚦 [ROADMAP 13:32:17.782] [📱앱] '닫기' 버튼 인식 ➡️ 클릭 시도
2026-04-20 13:32:17.834 15134-15134 1DAL_TOUCH              com.onedal.app                       D  ✅ [가로채기 성공!] 화면 좌표 (X:136.0, Y:2264.0) 터치 완료!
2026-04-20 13:32:17.834 15134-15134 1DAL_MVP                com.onedal.app                       D  🚦 [ROADMAP 13:32:17.834] [📱앱] 버튼 터치 완료 (가로채기 성공) X:136.0, Y:2264.0
2026-04-20 13:32:17.878 15134-15134 1DAL_MVP                com.onedal.app                       D  -------------------------------
2026-04-20 13:32:17.878 15134-15134 1DAL_MVP                com.onedal.app                       D  🚦 [ROADMAP 13:32:17.878] [📱앱] [DETAIL_CONFIRMED] 📡 화면 변경 감지 | 모드: AUTO
2026-04-20 13:32:17.878 15134-15134 1DAL_MVP                com.onedal.app                       D  🚦 [ROADMAP 13:32:17.878] [📱앱] [DETAIL_CONFIRMED] [Current Page: DETAIL_CONFIRMED] 확정페이지 복귀 확인 (잔상 회피 완료)
2026-04-20 13:32:17.878 15134-15134 1DAL_MVP                com.onedal.app                       D  🏄‍♂️ [자동 팝업 서핑] 출발지 확인 완료. 도착지 정보 확인을 위해 자동 클릭 시도
2026-04-20 13:32:17.878 15134-15134 1DAL_MVP                com.onedal.app                       D  🚦 [ROADMAP 13:32:17.878] [📱앱] [DETAIL_CONFIRMED] 확정페이지에서 '도착지' 추출 후 클릭
2026-04-20 13:32:17.878 15134-15134 1DAL_MVP                com.onedal.app                       D  🚦 [ROADMAP 13:32:17.878] [📱앱] '도착지' 버튼 인식 ➡️ 클릭 시도
2026-04-20 13:32:17.930 15134-15134 1DAL_TOUCH              com.onedal.app                       D  ✅ [가로채기 성공!] 화면 좌표 (X:539.0, Y:1742.0) 터치 완료!
2026-04-20 13:32:17.930 15134-15134 1DAL_MVP                com.onedal.app                       D  🚦 [ROADMAP 13:32:17.930] [📱앱] 버튼 터치 완료 (가로채기 성공) X:539.0, Y:1742.0
2026-04-20 13:32:18.046 15134-15134 1DAL_MVP                com.onedal.app                       D  -------------------------------
2026-04-20 13:32:18.046 15134-15134 1DAL_MVP                com.onedal.app                       D  🚦 [ROADMAP 13:32:18.046] [📱앱] [POPUP_DROPOFF] 📡 화면 변경 감지 | 모드: AUTO
2026-04-20 13:32:18.046 15134-15134 1DAL_MVP                com.onedal.app                       D  📝 도착지 스크래핑 성공! 닫기 누름 및 전체 내용 /detail 로 발송
2026-04-20 13:32:18.047 15134-15134 1DAL_MVP                com.onedal.app                       D  🚦 [ROADMAP 13:32:18.046] [📱앱] [POPUP_DROPOFF] [Current Page: POPUP_DROPOFF] 진입 완료 ("전화1" 텍스트 매칭 확인)
2026-04-20 13:32:18.047 15134-15134 1DAL_MVP                com.onedal.app                       D  🚦 [ROADMAP 13:32:18.047] [📱앱] [POPUP_DROPOFF] 도착지 데이터 추출 및 메모리에 누적 저장
2026-04-20 13:32:18.047 15134-15134 1DAL_MVP                com.onedal.app                       D  🚦 [ROADMAP 13:32:18.047] [📱앱] '닫기' 버튼 인식 ➡️ 클릭 시도
2026-04-20 13:32:18.048 15134-15134 1DAL_MVP                com.onedal.app                       D  🚦 [ROADMAP 13:32:18.048] [📱앱] [POPUP_DROPOFF] [Current Page: DETAIL_CONFIRMED] 무인 서핑 종료 (State Machine: DONE)
2026-04-20 13:32:18.048 15134-15134 1DAL_MVP                com.onedal.app                       W  ⏳ 데스밸리 타이머 시작: 30초 대기...
2026-04-20 13:32:18.048 15134-15134 1DAL_MVP                com.onedal.app                       D  🌐 [post /detail request] AUTO 모드 판결 요청 텍스트: rep_map 고양퀵서비스-031-932-7722 전표 상태 : 신규 물품 : 박스 1개 취소 차량 : 오 탁송료 : 0 수수료 : 23% 요금 : 54,000(신용) 구분 : 편도 형태 : 보통 적요상세 인수증 전송 *카고 입니다. 세금계산서필 10:38 상차. 마스...
2026-04-20 13:32:18.100 15134-15134 1DAL_TOUCH              com.onedal.app                       D  ✅ [가로채기 성공!] 화면 좌표 (X:136.0, Y:2264.0) 터치 완료!
2026-04-20 13:32:18.100 15134-15134 1DAL_MVP                com.onedal.app                       D  🚦 [ROADMAP 13:32:18.100] [📱앱] 버튼 터치 완료 (가로채기 성공) X:136.0, Y:2264.0
2026-04-20 13:32:18.432 15134-15134 1DAL_MVP                com.onedal.app                       D  🚦 [ROADMAP 13:32:18.431] [📱앱] [DETAIL_CONFIRMED] [post /api/scrap request] 👀 화면 변경 감지 발송  deviceId: 앱폰-sdk_gpho-160, (건수: 0)
2026-04-20 13:32:18.451 15134-15176 1DAL_MVP                com.onedal.app                       D  🚦 [ROADMAP 13:32:18.450] [📱앱] [DETAIL_CONFIRMED] [post /api/scrap response] deviceId: 앱폰-sdk_gpho-160, (건수: 0)
2026-04-20 13:32:18.452 15134-15176 1DAL_API                com.onedal.app                       D  📋 [필터 동기화 (서버→앱) 적용됨] 맵핑된 필터 전체 스키마:
                                                                                                    FilterConfig(allowedVehicleTypes=[다마스, 라보, 오토바이], isActive=false, isSharedMode=true, pickupRadiusKm=999, minFare=0, maxFare=1000000, destinationCity=, destinationRadiusKm=10, excludedKeywords=[], destinationKeywords=[], customCityFilters=[], destinationGroups={}, customFilters=[])
2026-04-20 13:32:18.452 15134-15176 1DAL_TELEMETRY          com.onedal.app                       D  📥 [서버 수신] 👀 화면 변경 감지 완료 (수신된 모드: AUTO)
2026-04-20 13:32:19.440 15134-15134 1DAL_MVP                com.onedal.app                       D  🚦 [ROADMAP 13:32:19.439] [📱앱] [DETAIL_CONFIRMED] [post /api/scrap request] ⏱️ 타이머 생존신고 발송  deviceId: 앱폰-sdk_gpho-160, (건수: 0)
2026-04-20 13:32:19.456 15134-15176 1DAL_MVP                com.onedal.app                       D  🚦 [ROADMAP 13:32:19.455] [📱앱] [DETAIL_CONFIRMED] [post /api/scrap response] deviceId: 앱폰-sdk_gpho-160, (건수: 0)
2026-04-20 13:32:19.459 15134-15176 1DAL_API                com.onedal.app                       D  📋 [필터 동기화 (서버→앱) 적용됨] 맵핑된 필터 전체 스키마:
                                                                                                    FilterConfig(allowedVehicleTypes=[다마스, 라보, 오토바이], isActive=false, isSharedMode=true, pickupRadiusKm=999, minFare=0, maxFare=1000000, destinationCity=, destinationRadiusKm=10, excludedKeywords=[], destinationKeywords=[], customCityFilters=[], destinationGroups={}, customFilters=[])
2026-04-20 13:32:19.460 15134-15176 1DAL_TELEMETRY          com.onedal.app                       D  📥 [서버 수신] ⏱️ 타이머 생존신고 완료 (수신된 모드: AUTO)
2026-04-20 13:32:19.624 15134-15204 1DAL_API                com.onedal.app                       D  🌐 [post /detail response / 202] 즉결 접수 완료. Piggyback 대기 시작.
2026-04-20 13:32:20.447 15134-15134 1DAL_MVP                com.onedal.app                       D  🚦 [ROADMAP 13:32:20.447] [📱앱] [DETAIL_CONFIRMED] [post /api/scrap request] ⏱️ 타이머 생존신고 발송  deviceId: 앱폰-sdk_gpho-160, (건수: 0)
2026-04-20 13:32:20.462 15134-15176 1DAL_MVP                com.onedal.app                       D  🚦 [ROADMAP 13:32:20.459] [📱앱] [DETAIL_CONFIRMED] [post /api/scrap response] deviceId: 앱폰-sdk_gpho-160, (건수: 0)
2026-04-20 13:32:20.464 15134-15176 1DAL_API                com.onedal.app                       D  📋 [필터 동기화 (서버→앱) 적용됨] 맵핑된 필터 전체 스키마:
                                                                                                    FilterConfig(allowedVehicleTypes=[다마스, 라보, 오토바이], isActive=false, isSharedMode=true, pickupRadiusKm=999, minFare=0, maxFare=1000000, destinationCity=, destinationRadiusKm=10, excludedKeywords=[], destinationKeywords=[], customCityFilters=[], destinationGroups={}, customFilters=[])
2026-04-20 13:32:20.464 15134-15176 1DAL_TELEMETRY          com.onedal.app                       D  📥 [서버 수신] ⏱️ 타이머 생존신고 완료 (수신된 모드: AUTO)
2026-04-20 13:32:21.458 15134-15134 1DAL_MVP                com.onedal.app                       D  🚦 [ROADMAP 13:32:21.457] [📱앱] [DETAIL_CONFIRMED] [post /api/scrap request] ⏱️ 타이머 생존신고 발송  deviceId: 앱폰-sdk_gpho-160, (건수: 0)
2026-04-20 13:32:21.467 15134-15176 1DAL_MVP                com.onedal.app                       D  🚦 [ROADMAP 13:32:21.466] [📱앱] [DETAIL_CONFIRMED] [post /api/scrap response] deviceId: 앱폰-sdk_gpho-160, (건수: 0)
2026-04-20 13:32:21.468 15134-15176 1DAL_API                com.onedal.app                       D  📋 [필터 동기화 (서버→앱) 적용됨] 맵핑된 필터 전체 스키마:
                                                                                                    FilterConfig(allowedVehicleTypes=[다마스, 라보, 오토바이], isActive=false, isSharedMode=true, pickupRadiusKm=999, minFare=0, maxFare=1000000, destinationCity=, destinationRadiusKm=10, excludedKeywords=[], destinationKeywords=[], customCityFilters=[], destinationGroups={}, customFilters=[])
2026-04-20 13:32:21.468 15134-15176 1DAL_TELEMETRY          com.onedal.app                       D  📥 [서버 수신] ⏱️ 타이머 생존신고 완료 (수신된 모드: AUTO)
2026-04-20 13:32:22.467 15134-15134 1DAL_MVP                com.onedal.app                       D  🚦 [ROADMAP 13:32:22.466] [📱앱] [DETAIL_CONFIRMED] [post /api/scrap request] ⏱️ 타이머 생존신고 발송  deviceId: 앱폰-sdk_gpho-160, (건수: 0)
2026-04-20 13:32:22.482 15134-15176 1DAL_MVP                com.onedal.app                       D  🚦 [ROADMAP 13:32:22.481] [📱앱] [DETAIL_CONFIRMED] [post /api/scrap response] deviceId: 앱폰-sdk_gpho-160, (건수: 0)
2026-04-20 13:32:22.484 15134-15176 1DAL_API                com.onedal.app                       D  📋 [필터 동기화 (서버→앱) 적용됨] 맵핑된 필터 전체 스키마:
