2026-04-24 04:26:10.531  8782-8961  1DAL_API                com.onedal.app                       D  📋 [필터 동기화 (서버→앱) 적용됨] 맵핑된 필터 전체 스키마:
                                                                                                    FilterConfig(allowedVehicleTypes=[오토바이, 다마스, 라보, 승용차, 1t], isActive=false, isSharedMode=false, pickupRadiusKm=10, minFare=20000, maxFare=100000, destinationCity=파주시, destinationRadiusKm=0, excludedKeywords=[], destinationKeywords=[], customCityFilters=[], destinationGroups={}, customFilters=[])
2026-04-24 04:26:10.531  8782-8961  1DAL_TELEMETRY          com.onedal.app                       D  📥 [서버 수신] 👀 화면 변경 감지 완료 (수신된 모드: AUTO)
2026-04-24 04:26:11.527  8782-8782  1DAL_TELEMETRY          com.onedal.app                       I  🛡️ 파싱된 콜 객체의 (출발지+도착지+요금) 해시값 검사 및 디바운스(300ms) 완료. /api/scrap 전송 직전!
2026-04-24 04:26:11.530  8782-8782  1DAL_MVP                com.onedal.app                       D  🚦 [ROADMAP 04:26:11.527] [📱앱] [DETAIL_CONFIRMED] [post /api/scrap request] ⏱️ 타이머 생존신고 발송  deviceId: 앱폰-sdk_gpho-160, (건수: 0)
2026-04-24 04:26:11.548  8782-8961  1DAL_MVP                com.onedal.app                       D  🚦 [ROADMAP 04:26:11.548] [📱앱] [DETAIL_CONFIRMED] [post /api/scrap response] deviceId: 앱폰-sdk_gpho-160, (건수: 0)
2026-04-24 04:26:11.551  8782-8961  1DAL_API                com.onedal.app                       D  📋 [필터 동기화 (서버→앱) 적용됨] 맵핑된 필터 전체 스키마:
                                                                                                    FilterConfig(allowedVehicleTypes=[오토바이, 다마스, 라보, 승용차, 1t], isActive=false, isSharedMode=false, pickupRadiusKm=10, minFare=20000, maxFare=100000, destinationCity=파주시, destinationRadiusKm=0, excludedKeywords=[], destinationKeywords=[], customCityFilters=[], destinationGroups={}, customFilters=[])
2026-04-24 04:26:11.552  8782-8961  1DAL_TELEMETRY          com.onedal.app                       D  📥 [서버 수신] ⏱️ 타이머 생존신고 완료 (수신된 모드: AUTO)
2026-04-24 04:26:12.537  8782-8782  1DAL_TELEMETRY          com.onedal.app                       I  🛡️ 파싱된 콜 객체의 (출발지+도착지+요금) 해시값 검사 및 디바운스(300ms) 완료. /api/scrap 전송 직전!
2026-04-24 04:26:12.539  8782-8782  1DAL_MVP                com.onedal.app                       D  🚦 [ROADMAP 04:26:12.538] [📱앱] [DETAIL_CONFIRMED] [post /api/scrap request] ⏱️ 타이머 생존신고 발송  deviceId: 앱폰-sdk_gpho-160, (건수: 0)
2026-04-24 04:26:12.565  8782-8961  1DAL_MVP                com.onedal.app                       D  🚦 [ROADMAP 04:26:12.564] [📱앱] [DETAIL_CONFIRMED] [post /api/scrap response] deviceId: 앱폰-sdk_gpho-160, (건수: 0)
2026-04-24 04:26:12.568  8782-8961  1DAL_API                com.onedal.app                       D  📋 [필터 동기화 (서버→앱) 적용됨] 맵핑된 필터 전체 스키마:
                                                                                                    FilterConfig(allowedVehicleTypes=[오토바이, 다마스, 라보, 승용차, 1t], isActive=false, isSharedMode=false, pickupRadiusKm=10, minFare=20000, maxFare=100000, destinationCity=파주시, destinationRadiusKm=0, excludedKeywords=[], destinationKeywords=[], customCityFilters=[], destinationGroups={}, customFilters=[])
2026-04-24 04:26:12.569  8782-8961  1DAL_TELEMETRY          com.onedal.app                       D  📥 [서버 수신] ⏱️ 타이머 생존신고 완료 (수신된 모드: AUTO)
2026-04-24 04:26:13.543  8782-8782  1DAL_TELEMETRY          com.onedal.app                       I  🛡️ 파싱된 콜 객체의 (출발지+도착지+요금) 해시값 검사 및 디바운스(300ms) 완료. /api/scrap 전송 직전!
2026-04-24 04:26:13.547  8782-8782  1DAL_MVP                com.onedal.app                       D  🚦 [ROADMAP 04:26:13.545] [📱앱] [DETAIL_CONFIRMED] [post /api/scrap request] ⏱️ 타이머 생존신고 발송  deviceId: 앱폰-sdk_gpho-160, (건수: 0)
2026-04-24 04:26:13.560  8782-8961  1DAL_MVP                com.onedal.app                       D  🚦 [ROADMAP 04:26:13.560] [📱앱] [DETAIL_CONFIRMED] [post /api/scrap response] deviceId: 앱폰-sdk_gpho-160, (건수: 0)
2026-04-24 04:26:13.561  8782-8961  1DAL_API                com.onedal.app                       D  📋 [필터 동기화 (서버→앱) 적용됨] 맵핑된 필터 전체 스키마:
                                                                                                    FilterConfig(allowedVehicleTypes=[오토바이, 다마스, 라보, 승용차, 1t], isActive=false, isSharedMode=false, pickupRadiusKm=10, minFare=20000, maxFare=100000, destinationCity=파주시, destinationRadiusKm=0, excludedKeywords=[], destinationKeywords=[], customCityFilters=[], destinationGroups={}, customFilters=[])
2026-04-24 04:26:13.561  8782-8961  1DAL_TELEMETRY          com.onedal.app                       D  📥 [서버 수신] ⏱️ 타이머 생존신고 완료 (수신된 모드: AUTO)
2026-04-24 04:26:14.552  8782-8782  1DAL_TELEMETRY          com.onedal.app                       I  🛡️ 파싱된 콜 객체의 (출발지+도착지+요금) 해시값 검사 및 디바운스(300ms) 완료. /api/scrap 전송 직전!
2026-04-24 04:26:14.555  8782-8782  1DAL_MVP                com.onedal.app                       D  🚦 [ROADMAP 04:26:14.553] [📱앱] [DETAIL_CONFIRMED] [post /api/scrap request] ⏱️ 타이머 생존신고 발송  deviceId: 앱폰-sdk_gpho-160, (건수: 0)
2026-04-24 04:26:14.578  8782-8961  1DAL_MVP                com.onedal.app                       D  🚦 [ROADMAP 04:26:14.577] [📱앱] [DETAIL_CONFIRMED] [post /api/scrap response] deviceId: 앱폰-sdk_gpho-160, (건수: 0)
2026-04-24 04:26:14.581  8782-8961  1DAL_API                com.onedal.app                       D  📋 [필터 동기화 (서버→앱) 적용됨] 맵핑된 필터 전체 스키마:
                                                                                                    FilterConfig(allowedVehicleTypes=[오토바이, 다마스, 라보, 승용차, 1t], isActive=false, isSharedMode=false, pickupRadiusKm=10, minFare=20000, maxFare=100000, destinationCity=파주시, destinationRadiusKm=0, excludedKeywords=[], destinationKeywords=[], customCityFilters=[], destinationGroups={}, customFilters=[])
2026-04-24 04:26:14.581  8782-8961  1DAL_TELEMETRY          com.onedal.app                       D  📥 [서버 수신] ⏱️ 타이머 생존신고 완료 (수신된 모드: AUTO)
2026-04-24 04:26:15.558  8782-8782  1DAL_TELEMETRY          com.onedal.app                       I  🛡️ 파싱된 콜 객체의 (출발지+도착지+요금) 해시값 검사 및 디바운스(300ms) 완료. /api/scrap 전송 직전!
2026-04-24 04:26:15.560  8782-8782  1DAL_MVP                com.onedal.app                       D  🚦 [ROADMAP 04:26:15.558] [📱앱] [DETAIL_CONFIRMED] [post /api/scrap request] ⏱️ 타이머 생존신고 발송  deviceId: 앱폰-sdk_gpho-160, (건수: 0)
2026-04-24 04:26:15.569  8782-8961  1DAL_MVP                com.onedal.app                       D  🚦 [ROADMAP 04:26:15.569] [📱앱] [DETAIL_CONFIRMED] [post /api/scrap response] deviceId: 앱폰-sdk_gpho-160, (건수: 0)
2026-04-24 04:26:15.571  8782-8961  1DAL_API                com.onedal.app                       D  📋 [필터 동기화 (서버→앱) 적용됨] 맵핑된 필터 전체 스키마:
                                                                                                    FilterConfig(allowedVehicleTypes=[오토바이, 다마스, 라보, 승용차, 1t], isActive=false, isSharedMode=false, pickupRadiusKm=10, minFare=20000, maxFare=100000, destinationCity=파주시, destinationRadiusKm=0, excludedKeywords=[], destinationKeywords=[], customCityFilters=[], destinationGroups={}, customFilters=[])
2026-04-24 04:26:15.571  8782-8961  1DAL_TELEMETRY          com.onedal.app                       D  📥 [서버 수신] ⏱️ 타이머 생존신고 완료 (수신된 모드: AUTO)
2026-04-24 04:26:16.561  8782-8782  1DAL_TELEMETRY          com.onedal.app                       I  🛡️ 파싱된 콜 객체의 (출발지+도착지+요금) 해시값 검사 및 디바운스(300ms) 완료. /api/scrap 전송 직전!
2026-04-24 04:26:16.562  8782-8782  1DAL_MVP                com.onedal.app                       D  🚦 [ROADMAP 04:26:16.562] [📱앱] [DETAIL_CONFIRMED] [post /api/scrap request] ⏱️ 타이머 생존신고 발송  deviceId: 앱폰-sdk_gpho-160, (건수: 0)
2026-04-24 04:26:16.570  8782-8961  1DAL_MVP                com.onedal.app                       D  🚦 [ROADMAP 04:26:16.569] [📱앱] [DETAIL_CONFIRMED] [post /api/scrap response] deviceId: 앱폰-sdk_gpho-160, (건수: 0)
2026-04-24 04:26:16.570  8782-8961  1DAL_API                com.onedal.app                       D  📋 [필터 동기화 (서버→앱) 적용됨] 맵핑된 필터 전체 스키마:
                                                                                                    FilterConfig(allowedVehicleTypes=[오토바이, 다마스, 라보, 승용차, 1t], isActive=false, isSharedMode=false, pickupRadiusKm=10, minFare=20000, maxFare=100000, destinationCity=파주시, destinationRadiusKm=0, excludedKeywords=[], destinationKeywords=[], customCityFilters=[], destinationGroups={}, customFilters=[])
2026-04-24 04:26:16.571  8782-8961  1DAL_API                com.onedal.app                       W  ⚡ [Piggyback Decision 수신] orderId: 8df06067-8447-4be0-b4da-6df7e6c7ceec, action: CANCEL
2026-04-24 04:26:16.571  8782-8961  1DAL_MVP                com.onedal.app                       W  🛡️ [정상 결재 수신] ID 일치(8df06067-8447-4be0-b4da-6df7e6c7ceec). 즉각 폐기/유지 액션을 집행합니다. (Action: CANCEL)
2026-04-24 04:26:16.571  8782-8961  1DAL_MVP                com.onedal.app                       D  ⚡ 판결 집행: 행동=CANCEL, 누를버튼=취소 (버튼클릭을 시작합니다), 500ms 지연
2026-04-24 04:26:16.571  8782-8961  1DAL_MVP                com.onedal.app                       I  🛡️ [앱폰] 사냥 복귀 직후: 앱 메모리 상의 scrapBuffer 배열을 비우고 강제 플러시(Flush)하여 잔상 데이터를 제거함
2026-04-24 04:26:16.571  8782-8961  1DAL_TELEMETRY          com.onedal.app                       D  📥 [서버 수신] ⏱️ 타이머 생존신고 완료 (수신된 모드: AUTO)
2026-04-24 04:26:16.774  8782-8782  1DAL_TELEMETRY          com.onedal.app                       I  🛡️ 파싱된 콜 객체의 (출발지+도착지+요금) 해시값 검사 및 디바운스(300ms) 완료. /api/scrap 전송 직전!
2026-04-24 04:26:16.775  8782-8782  1DAL_MVP                com.onedal.app                       D  🚦 [ROADMAP 04:26:16.774] [📱앱] [DETAIL_CONFIRMED] [post /api/scrap request] 👀 화면 변경 감지 발송  deviceId: 앱폰-sdk_gpho-160, (건수: 0)
2026-04-24 04:26:16.785  8782-8961  1DAL_MVP                com.onedal.app                       D  🚦 [ROADMAP 04:26:16.784] [📱앱] [DETAIL_CONFIRMED] [post /api/scrap response] deviceId: 앱폰-sdk_gpho-160, (건수: 0)
2026-04-24 04:26:16.786  8782-8961  1DAL_API                com.onedal.app                       D  📋 [필터 동기화 (서버→앱) 적용됨] 맵핑된 필터 전체 스키마:
                                                                                                    FilterConfig(allowedVehicleTypes=[오토바이, 다마스, 라보, 승용차, 1t], isActive=false, isSharedMode=false, pickupRadiusKm=10, minFare=20000, maxFare=100000, destinationCity=파주시, destinationRadiusKm=0, excludedKeywords=[], destinationKeywords=[], customCityFilters=[], destinationGroups={}, customFilters=[])
2026-04-24 04:26:16.786  8782-8961  1DAL_TELEMETRY          com.onedal.app                       D  📥 [서버 수신] 👀 화면 변경 감지 완료 (수신된 모드: AUTO)
2026-04-24 04:26:17.101  8782-8782  1DAL_MVP                com.onedal.app                       D  🚦 [ROADMAP 04:26:17.100] [📱앱] '취소' 버튼 인식 ➡️ 클릭 시도
2026-04-24 04:26:17.114  8782-8782  1DAL_MVP                com.onedal.app                       D  🚦 [ROADMAP 04:26:17.113] [📱앱] [DETAIL_CONFIRMED] [Current Page: DETAIL_CONFIRMED] 체류 상태 확인
2026-04-24 04:26:17.114  8782-8782  1DAL_MVP                com.onedal.app                       D  🚦 [ROADMAP 04:26:17.114] [📱앱] [DETAIL_CONFIRMED] [Current Page: LIST] 로 복귀 렌더링 완료
2026-04-24 04:26:17.114  8782-8782  1DAL_MVP                com.onedal.app                       D  🚦 [ROADMAP 04:26:17.114] [📱앱] [DETAIL_CONFIRMED] 🔓 isHolding = false 락 해제 완료
2026-04-24 04:26:17.115  8782-8782  1DAL_MVP                com.onedal.app                       D  🚦 [ROADMAP 04:26:17.114] [📱앱] [DETAIL_CONFIRMED] 🔄 [원래 하던 모드(유지된 필터)로 PHASE 2 무한 루프 회귀] 🔄
2026-04-24 04:26:17.115  8782-8782  1DAL_MVP                com.onedal.app                       D  🎉 행동 완료! 타겟($targetBtnStr) 명중.
2026-04-24 04:26:17.167  8782-8782  1DAL_TOUCH              com.onedal.app                       D  ✅ [가로채기 성공!] 화면 좌표 (X:950.0, Y:478.0) 터치 완료!
2026-04-24 04:26:17.167  8782-8782  1DAL_MVP                com.onedal.app                       D  🚦 [ROADMAP 04:26:17.167] [📱앱] 버튼 터치 완료 (가로채기 성공) X:950.0, Y:478.0
2026-04-24 04:26:17.356  8782-8782  1DAL_MVP                com.onedal.app                       D  -------------------------------
2026-04-24 04:26:17.356  8782-8782  1DAL_MVP                com.onedal.app                       D  🚦 [ROADMAP 04:26:17.356] [📱앱] [LIST] 📡 화면 변경 감지 | 모드: AUTO
2026-04-24 04:26:17.357  8782-8782  1DAL_MVP                com.onedal.app                       I  🛡️ [앱폰] 사냥 복귀 직후: 앱 메모리 상의 scrapBuffer 배열을 비우고 강제 플러시(Flush)하여 잔상 데이터를 제거함
2026-04-24 04:26:17.361  8782-8782  1DAL_PARSER             com.onedal.app                       D  🔍 [1차 리스트 필터] 도착지=마포구, 결과=true
2026-04-24 04:26:17.361  8782-8782  1DAL_MVP                com.onedal.app                       D  🚦 [ROADMAP 04:26:17.361] [📱앱] [LIST] 🔍 [타겟 콜 필터 결과] 차종(1t)=✅ 도착지(0중 마포구)=✅ 요금(20000 <= 82000)=✅ 상차지/거리(10km >= 12.3km)=❌ 블랙()=✅
2026-04-24 04:26:17.362  8782-8782  1DAL_PARSER             com.onedal.app                       D  🔍 [1차 리스트 필터] 도착지=송정동, 결과=true
2026-04-24 04:26:17.362  8782-8782  1DAL_MVP                com.onedal.app                       D  🚦 [ROADMAP 04:26:17.362] [📱앱] [LIST] 🔍 [타겟 콜 필터 결과] 차종(1t)=✅ 도착지(0중 송정동)=✅ 요금(20000 <= 30000)=✅ 상차지/거리(10km >= 4.4km)=✅ 블랙()=✅
2026-04-24 04:26:17.362  8782-8782  1DAL_MVP                com.onedal.app                       D  🚦 [ROADMAP 04:26:17.362] [📱앱] [LIST] 인성앱 콜 리스트 렌더링 ➡️ [Current Page: LIST] 진입
2026-04-24 04:26:17.363  8782-8782  1DAL_MVP                com.onedal.app                       D  🚦 [ROADMAP 04:26:17.362] [📱앱] [LIST] 안드로이드 자체 메모리에 필터 캐싱 완료 및 대기
2026-04-24 04:26:17.363  8782-8782  1DAL_MVP                com.onedal.app                       D  🚦 [ROADMAP 04:26:17.363] [📱앱] [LIST] [Current Page: LIST] 상태 유지 및 1차(단독/합짐) 리스트 필터 통과 확인
2026-04-24 04:26:17.363  8782-8782  1DAL_MVP                com.onedal.app                       D  💥 [AUTO] 꿀콜 조건 통과! 대상 콜 강제 터치 진행!
2026-04-24 04:26:17.363  8782-8782  1DAL_MVP                com.onedal.app                       D  📝 [AUTO] 2차 검증 반송(취소)에 대비해 해당 콜 지문 선(先)기록 완료 (해시: 1735833292)
2026-04-24 04:26:17.363  8782-8782  1DAL_MVP                com.onedal.app                       D  🚦 [ROADMAP 04:26:17.363] [📱앱] [LIST] 리스트에서 바뀐 text 감지 후 text 추출
2026-04-24 04:26:17.364  8782-8782  1DAL_MVP                com.onedal.app                       D  🚦 [ROADMAP 04:26:17.364] [📱앱] [LIST] [인성 Socket] 인성콜에 선택된 콜 정보 전달 (꿀콜 클릭!)
2026-04-24 04:26:17.415  8782-8782  1DAL_TOUCH              com.onedal.app                       D  ✅ [가로채기 성공!] 화면 좌표 (X:917.0, Y:664.0) 터치 완료!
2026-04-24 04:26:17.417  8782-8782  1DAL_MVP                com.onedal.app                       D  🚦 [ROADMAP 04:26:17.416] [📱앱] 버튼 터치 완료 (가로채기 성공) X:917.0, Y:664.0
2026-04-24 04:26:17.565  8782-8782  1DAL_MVP                com.onedal.app                       D  -------------------------------
2026-04-24 04:26:17.565  8782-8782  1DAL_MVP                com.onedal.app                       D  🚦 [ROADMAP 04:26:17.565] [📱앱] [DETAIL_PRE_CONFIRM] 📡 화면 변경 감지 | 모드: AUTO
2026-04-24 04:26:17.565  8782-8782  1DAL_MVP                com.onedal.app                       D  🚦 [ROADMAP 04:26:17.565] [📱앱] [DETAIL_PRE_CONFIRM] [Current Page: DETAIL_PRE_CONFIRM] 진입 완료
2026-04-24 04:26:17.570  8782-8782  1DAL_MVP                com.onedal.app                       D  🚦 [ROADMAP 04:26:17.570] [📱앱] [DETAIL_PRE_CONFIRM] 상세페이지 텍스트 추출 및 2차 필터(적요 등) 통과 확인
2026-04-24 04:26:17.571  8782-8782  1DAL_MVP                com.onedal.app                       D  🚦 [ROADMAP 04:26:17.570] [📱앱] [LIST] 🔍 [타겟 콜 필터 결과] 차종(1t)=✅ 도착지(0중 송정동)=✅ 요금(20000 <= 30000)=✅ 상차지/거리(10km >= 4.4km)=✅ 블랙()=✅
2026-04-24 04:26:17.578  8782-8782  1DAL_MVP                com.onedal.app                       D  📤 [post /confirm request] 서버 전송 내용 -> 모드: AUTO (스위치: AUTO, 매크로클릭: true) | 텍스트: rep_map 고양퀵서비스-031-932-7722 전표 상태 : 신규 물품 : 마대 1개 차량 : 1t 탁송료 : 수수료 : 23% 요금 : 30,000(카드) 구분 : 편도 형태 : 예약 적요상세 *카고 입니다. 세금계산서필 10:25 상차. 마스크 카톤 마대 1개 ...
2026-04-24 04:26:17.579  8782-8782  1DAL_MVP                com.onedal.app                       D  🚀 [AUTO] 확정 버튼 광클 (배차 시도)
2026-04-24 04:26:17.579  8782-8782  1DAL_MVP                com.onedal.app                       D  🚦 [ROADMAP 04:26:17.579] [📱앱] [DETAIL_PRE_CONFIRM] 상세페이지에서 '확정' 추출 후 클릭
2026-04-24 04:26:17.580  8782-8782  1DAL_MVP                com.onedal.app                       D  🚦 [ROADMAP 04:26:17.579] [📱앱] [DETAIL_PRE_CONFIRM] [인성 Socket] 콜 확정 완료
2026-04-24 04:26:17.581  8782-8782  1DAL_MVP                com.onedal.app                       D  🚦 [ROADMAP 04:26:17.581] [📱앱] '확정' 버튼 인식 ➡️ 클릭 시도
2026-04-24 04:26:17.591  8782-8987  1DAL_API                com.onedal.app                       D  🌐 [post /confirm response / 200] {"success":true,"message":"1차 수신 완료. 상세 페이지 내용을 긁어서 POST /api/orders/detail 로 보내주세요."}
2026-04-24 04:26:17.591  8782-8987  1DAL_MVP                com.onedal.app                       D  🚦 [ROADMAP 04:26:17.591] [📱앱] [HTTP 폴링] 응답 /orders/confirm
2026-04-24 04:26:17.634  8782-8782  1DAL_TOUCH              com.onedal.app                       D  ✅ [가로채기 성공!] 화면 좌표 (X:161.0, Y:2251.0) 터치 완료!
2026-04-24 04:26:17.635  8782-8782  1DAL_MVP                com.onedal.app                       D  🚦 [ROADMAP 04:26:17.634] [📱앱] 버튼 터치 완료 (가로채기 성공) X:161.0, Y:2251.0
2026-04-24 04:26:17.785  8782-8782  1DAL_MVP                com.onedal.app                       D  -------------------------------
2026-04-24 04:26:17.786  8782-8782  1DAL_MVP                com.onedal.app                       D  🚦 [ROADMAP 04:26:17.786] [📱앱] [DETAIL_CONFIRMED] 📡 화면 변경 감지 | 모드: AUTO
2026-04-24 04:26:17.786  8782-8782  1DAL_MVP                com.onedal.app                       D  🚦 [ROADMAP 04:26:17.786] [📱앱] [DETAIL_CONFIRMED] [Current Page: DETAIL_CONFIRMED] 진입 완료
2026-04-24 04:26:17.786  8782-8782  1DAL_MVP                com.onedal.app                       D  🚦 [ROADMAP 04:26:17.786] [📱앱] [DETAIL_CONFIRMED] 🔒 isHolding = true 설정 (이후 화면 요동쳐도 락 유지)
2026-04-24 04:26:17.786  8782-8782  1DAL_MVP                com.onedal.app                       D  🚦 [ROADMAP 04:26:17.786] [📱앱] [DETAIL_CONFIRMED] 🏄‍♂️ 무인 서핑 가동 (State Machine: IDLE)
2026-04-24 04:26:17.787  8782-8782  1DAL_MVP                com.onedal.app                       D  🚦 [ROADMAP 04:26:17.786] [📱앱] [DETAIL_CONFIRMED] [Current Page: DETAIL_CONFIRMED] 확정페이지 체류 및 팝업버튼 트리거 대기
2026-04-24 04:26:17.787  8782-8782  1DAL_MVP                com.onedal.app                       D  🏄‍♂️ [자동 팝업 서핑] 확정 화면 진입 확인! 적요상세 팝업 호출 시도
2026-04-24 04:26:17.787  8782-8782  1DAL_MVP                com.onedal.app                       D  🚦 [ROADMAP 04:26:17.787] [📱앱] '적요상세' 버튼 인식 ➡️ 클릭 시도
2026-04-24 04:26:17.790  8782-8782  1DAL_MVP                com.onedal.app                       D  🚦 [ROADMAP 04:26:17.789] [📱앱] [DETAIL_CONFIRMED] 확정페이지에서 '적요상세' 추출 후 클릭
2026-04-24 04:26:17.790  8782-8782  1DAL_MVP                com.onedal.app                       I  📋 [SEQ 81] 적요상세 버튼 클릭 → 적요 정보 요청
2026-04-24 04:26:17.842  8782-8782  1DAL_TOUCH              com.onedal.app                       D  ✅ [가로채기 성공!] 화면 좌표 (X:149.0, Y:1153.0) 터치 완료!
2026-04-24 04:26:17.845  8782-8782  1DAL_MVP                com.onedal.app                       D  🚦 [ROADMAP 04:26:17.842] [📱앱] 버튼 터치 완료 (가로채기 성공) X:149.0, Y:1153.0
2026-04-24 04:26:17.973  8782-8782  1DAL_MVP                com.onedal.app                       D  -------------------------------
2026-04-24 04:26:17.974  8782-8782  1DAL_MVP                com.onedal.app                       D  🚦 [ROADMAP 04:26:17.974] [📱앱] [POPUP_MEMO] 📡 화면 변경 감지 | 모드: AUTO
2026-04-24 04:26:17.974  8782-8782  1DAL_MVP                com.onedal.app                       D  📝 적요 스크래핑 성공! 닫기 버튼 누름
2026-04-24 04:26:17.974  8782-8782  1DAL_MVP                com.onedal.app                       I  📋 [SEQ 81-82] 적요상세 추출 완료 → 닫기
2026-04-24 04:26:17.974  8782-8782  1DAL_MVP                com.onedal.app                       D  🚦 [ROADMAP 04:26:17.974] [📱앱] [POPUP_MEMO] [Current Page: POPUP_MEMO] 진입 완료 ("적요 내용" 텍스트 매칭 확인)
2026-04-24 04:26:17.975  8782-8782  1DAL_MVP                com.onedal.app                       D  🚦 [ROADMAP 04:26:17.975] [📱앱] [POPUP_MEMO] 적요상세 데이터 추출 및 메모리에 누적 저장
2026-04-24 04:26:17.975  8782-8782  1DAL_MVP                com.onedal.app                       D  🚦 [ROADMAP 04:26:17.975] [📱앱] '닫기' 버튼 인식 ➡️ 클릭 시도
2026-04-24 04:26:18.026  8782-8782  1DAL_TOUCH              com.onedal.app                       D  ✅ [가로채기 성공!] 화면 좌표 (X:540.0, Y:2264.0) 터치 완료!
2026-04-24 04:26:18.027  8782-8782  1DAL_MVP                com.onedal.app                       D  🚦 [ROADMAP 04:26:18.026] [📱앱] 버튼 터치 완료 (가로채기 성공) X:540.0, Y:2264.0
2026-04-24 04:26:18.093  8782-8782  1DAL_MVP                com.onedal.app                       D  -------------------------------
2026-04-24 04:26:18.094  8782-8782  1DAL_MVP                com.onedal.app                       D  🚦 [ROADMAP 04:26:18.093] [📱앱] [DETAIL_CONFIRMED] 📡 화면 변경 감지 | 모드: AUTO
2026-04-24 04:26:18.094  8782-8782  1DAL_MVP                com.onedal.app                       D  🚦 [ROADMAP 04:26:18.094] [📱앱] [DETAIL_CONFIRMED] [Current Page: DETAIL_CONFIRMED] 확정페이지 복귀 확인 (잔상 회피 완료)
2026-04-24 04:26:18.094  8782-8782  1DAL_MVP                com.onedal.app                       D  🏄‍♂️ [자동 팝업 서핑] 적요 정보 확인 완료. 출발지 정보 확인을 위해 자동 클릭 시도
2026-04-24 04:26:18.094  8782-8782  1DAL_MVP                com.onedal.app                       D  🚦 [ROADMAP 04:26:18.094] [📱앱] [DETAIL_CONFIRMED] 확정페이지에서 '출발지' 추출 후 클릭
2026-04-24 04:26:18.094  8782-8782  1DAL_MVP                com.onedal.app                       D  🚦 [ROADMAP 04:26:18.094] [📱앱] '출발지' 버튼 인식 ➡️ 클릭 시도
2026-04-24 04:26:18.146  8782-8782  1DAL_TOUCH              com.onedal.app                       D  ✅ [가로채기 성공!] 화면 좌표 (X:539.0, Y:1592.0) 터치 완료!
2026-04-24 04:26:18.146  8782-8782  1DAL_MVP                com.onedal.app                       D  🚦 [ROADMAP 04:26:18.146] [📱앱] 버튼 터치 완료 (가로채기 성공) X:539.0, Y:1592.0
2026-04-24 04:26:18.221  8782-8782  1DAL_MVP                com.onedal.app                       D  -------------------------------
2026-04-24 04:26:18.222  8782-8782  1DAL_MVP                com.onedal.app                       D  🚦 [ROADMAP 04:26:18.221] [📱앱] [POPUP_PICKUP] 📡 화면 변경 감지 | 모드: AUTO
2026-04-24 04:26:18.222  8782-8782  1DAL_MVP                com.onedal.app                       D  📝 출발지 스크래핑 성공! 닫기 버튼 누름
2026-04-24 04:26:18.223  8782-8782  1DAL_MVP                com.onedal.app                       D  🚦 [ROADMAP 04:26:18.223] [📱앱] [POPUP_PICKUP] [Current Page: POPUP_PICKUP] 진입 완료 ("전화1" 텍스트 매칭 확인)
2026-04-24 04:26:18.223  8782-8782  1DAL_MVP                com.onedal.app                       D  🚦 [ROADMAP 04:26:18.223] [📱앱] [POPUP_PICKUP] 출발지 데이터 추출 및 메모리에 누적 저장
2026-04-24 04:26:18.228  8782-8782  1DAL_MVP                com.onedal.app                       D  🚦 [ROADMAP 04:26:18.228] [📱앱] '닫기' 버튼 인식 ➡️ 클릭 시도
2026-04-24 04:26:18.290  8782-8782  1DAL_TOUCH              com.onedal.app                       D  ✅ [가로채기 성공!] 화면 좌표 (X:136.0, Y:2264.0) 터치 완료!
2026-04-24 04:26:18.290  8782-8782  1DAL_MVP                com.onedal.app                       D  🚦 [ROADMAP 04:26:18.290] [📱앱] 버튼 터치 완료 (가로채기 성공) X:136.0, Y:2264.0
2026-04-24 04:26:18.397  8782-8782  1DAL_MVP                com.onedal.app                       D  -------------------------------
2026-04-24 04:26:18.397  8782-8782  1DAL_MVP                com.onedal.app                       D  🚦 [ROADMAP 04:26:18.397] [📱앱] [DETAIL_CONFIRMED] 📡 화면 변경 감지 | 모드: AUTO
2026-04-24 04:26:18.397  8782-8782  1DAL_MVP                com.onedal.app                       D  🚦 [ROADMAP 04:26:18.397] [📱앱] [DETAIL_CONFIRMED] [Current Page: DETAIL_CONFIRMED] 확정페이지 복귀 확인 (잔상 회피 완료)
2026-04-24 04:26:18.397  8782-8782  1DAL_MVP                com.onedal.app                       D  🏄‍♂️ [자동 팝업 서핑] 출발지 확인 완료. 도착지 정보 확인을 위해 자동 클릭 시도
2026-04-24 04:26:18.397  8782-8782  1DAL_MVP                com.onedal.app                       D  🚦 [ROADMAP 04:26:18.397] [📱앱] [DETAIL_CONFIRMED] 확정페이지에서 '도착지' 추출 후 클릭
2026-04-24 04:26:18.398  8782-8782  1DAL_MVP                com.onedal.app                       D  🚦 [ROADMAP 04:26:18.398] [📱앱] '도착지' 버튼 인식 ➡️ 클릭 시도
2026-04-24 04:26:18.450  8782-8782  1DAL_TOUCH              com.onedal.app                       D  ✅ [가로채기 성공!] 화면 좌표 (X:539.0, Y:1742.0) 터치 완료!
2026-04-24 04:26:18.451  8782-8782  1DAL_MVP                com.onedal.app                       D  🚦 [ROADMAP 04:26:18.450] [📱앱] 버튼 터치 완료 (가로채기 성공) X:539.0, Y:1742.0
2026-04-24 04:26:18.582  8782-8782  1DAL_MVP                com.onedal.app                       D  -------------------------------
2026-04-24 04:26:18.582  8782-8782  1DAL_MVP                com.onedal.app                       D  🚦 [ROADMAP 04:26:18.582] [📱앱] [POPUP_DROPOFF] 📡 화면 변경 감지 | 모드: AUTO
2026-04-24 04:26:18.582  8782-8782  1DAL_MVP                com.onedal.app                       D  📝 도착지 스크래핑 성공! 닫기 누름 및 전체 내용 /detail 로 발송
2026-04-24 04:26:18.582  8782-8782  1DAL_MVP                com.onedal.app                       D  🚦 [ROADMAP 04:26:18.582] [📱앱] [POPUP_DROPOFF] [Current Page: POPUP_DROPOFF] 진입 완료 ("전화1" 텍스트 매칭 확인)
2026-04-24 04:26:18.583  8782-8782  1DAL_MVP                com.onedal.app                       D  🚦 [ROADMAP 04:26:18.582] [📱앱] [POPUP_DROPOFF] 도착지 데이터 추출 및 메모리에 누적 저장
2026-04-24 04:26:18.583  8782-8782  1DAL_MVP                com.onedal.app                       D  🚦 [ROADMAP 04:26:18.583] [📱앱] '닫기' 버튼 인식 ➡️ 클릭 시도
2026-04-24 04:26:18.583  8782-8782  1DAL_MVP                com.onedal.app                       D  🚦 [ROADMAP 04:26:18.583] [📱앱] [POPUP_DROPOFF] [Current Page: DETAIL_CONFIRMED] 무인 서핑 종료 (State Machine: DONE)
2026-04-24 04:26:18.583  8782-8782  1DAL_MVP                com.onedal.app                       W  ⏳ 데스밸리 타이머 시작: 30초 대기...
2026-04-24 04:26:18.584  8782-8782  1DAL_MVP                com.onedal.app                       D  🌐 [post /detail request] AUTO 모드 판결 요청 텍스트: rep_map 고양퀵서비스-031-932-7722 전표 상태 : 신규 물품 : 마대 1개 취소 차량 : 1t 탁송료 : 0 수수료 : 23% 요금 : 30,000(카드) 구분 : 편도 형태 : 예약 적요상세 인수증 전송 *카고 입니다. 세금계산서필 10:25 상차. 마...
2026-04-24 04:26:18.636  8782-8782  1DAL_TOUCH              com.onedal.app                       D  ✅ [가로채기 성공!] 화면 좌표 (X:136.0, Y:2264.0) 터치 완료!
2026-04-24 04:26:18.639  8782-8782  1DAL_MVP                com.onedal.app                       D  🚦 [ROADMAP 04:26:18.636] [📱앱] 버튼 터치 완료 (가로채기 성공) X:136.0, Y:2264.0
2026-04-24 04:26:18.811  8782-8987  1DAL_API                com.onedal.app                       D  🌐 [post /detail response / 202] 즉결 접수 완료. Piggyback 대기 시작.
2026-04-24 04:26:18.957  8782-8782  1DAL_TELEMETRY          com.onedal.app                       I  🛡️ 파싱된 콜 객체의 (출발지+도착지+요금) 해시값 검사 및 디바운스(300ms) 완료. /api/scrap 전송 직전!
2026-04-24 04:26:18.957  8782-8782  1DAL_MVP                com.onedal.app                       D  🚦 [ROADMAP 04:26:18.957] [📱앱] [DETAIL_CONFIRMED] [post /api/scrap request] 👀 화면 변경 감지 발송  deviceId: 앱폰-sdk_gpho-160, (건수: 1)
2026-04-24 04:26:18.964  8782-8961  1DAL_MVP                com.onedal.app                       D  🚦 [ROADMAP 04:26:18.963] [📱앱] [DETAIL_CONFIRMED] [post /api/scrap response] deviceId: 앱폰-sdk_gpho-160, (건수: 1)
2026-04-24 04:26:18.964  8782-8961  1DAL_API                com.onedal.app                       D  📋 [필터 동기화 (서버→앱) 적용됨] 맵핑된 필터 전체 스키마:
                                                                                                    FilterConfig(allowedVehicleTypes=[오토바이, 다마스, 라보, 승용차, 1t], isActive=false, isSharedMode=false, pickupRadiusKm=10, minFare=20000, maxFare=100000, destinationCity=파주시, destinationRadiusKm=0, excludedKeywords=[], destinationKeywords=[], customCityFilters=[], destinationGroups={}, customFilters=[])
2026-04-24 04:26:18.964  8782-8961  1DAL_TELEMETRY          com.onedal.app                       D  📥 [서버 수신] 👀 화면 변경 감지 완료 (수신된 모드: AUTO)
2026-04-24 04:26:19.960  8782-8782  1DAL_TELEMETRY          com.onedal.app                       I  🛡️ 파싱된 콜 객체의 (출발지+도착지+요금) 해시값 검사 및 디바운스(300ms) 완료. /api/scrap 전송 직전!
2026-04-24 04:26:19.962  8782-8782  1DAL_MVP                com.onedal.app                       D  🚦 [ROADMAP 04:26:19.961] [📱앱] [DETAIL_CONFIRMED] [post /api/scrap request] ⏱️ 타이머 생존신고 발송  deviceId: 앱폰-sdk_gpho-160, (건수: 0)
2026-04-24 04:26:19.974  8782-8961  1DAL_MVP                com.onedal.app                       D  🚦 [ROADMAP 04:26:19.974] [📱앱] [DETAIL_CONFIRMED] [post /api/scrap response] deviceId: 앱폰-sdk_gpho-160, (건수: 0)
2026-04-24 04:26:19.975  8782-8961  1DAL_API                com.onedal.app                       D  📋 [필터 동기화 (서버→앱) 적용됨] 맵핑된 필터 전체 스키마:
                                                                                                    FilterConfig(allowedVehicleTypes=[오토바이, 다마스, 라보, 승용차, 1t], isActive=false, isSharedMode=false, pickupRadiusKm=10, minFare=20000, maxFare=100000, destinationCity=파주시, destinationRadiusKm=0, excludedKeywords=[], destinationKeywords=[], customCityFilters=[], destinationGroups={}, customFilters=[])
2026-04-24 04:26:19.975  8782-8961  1DAL_TELEMETRY          com.onedal.app                       D  📥 [서버 수신] ⏱️ 타이머 생존신고 완료 (수신된 모드: AUTO)
2026-04-24 04:26:20.966  8782-8782  1DAL_TELEMETRY          com.onedal.app                       I  🛡️ 파싱된 콜 객체의 (출발지+도착지+요금) 해시값 검사 및 디바운스(300ms) 완료. /api/scrap 전송 직전!
2026-04-24 04:26:20.967  8782-8782  1DAL_MVP                com.onedal.app                       D  🚦 [ROADMAP 04:26:20.966] [📱앱] [DETAIL_CONFIRMED] [post /api/scrap request] ⏱️ 타이머 생존신고 발송  deviceId: 앱폰-sdk_gpho-160, (건수: 0)
2026-04-24 04:26:20.975  8782-8961  1DAL_MVP                com.onedal.app                       D  🚦 [ROADMAP 04:26:20.975] [📱앱] [DETAIL_CONFIRMED] [post /api/scrap response] deviceId: 앱폰-sdk_gpho-160, (건수: 0)
2026-04-24 04:26:20.976  8782-8961  1DAL_API                com.onedal.app                       D  📋 [필터 동기화 (서버→앱) 적용됨] 맵핑된 필터 전체 스키마:
                                                                                                    FilterConfig(allowedVehicleTypes=[오토바이, 다마스, 라보, 승용차, 1t], isActive=false, isSharedMode=false, pickupRadiusKm=10, minFare=20000, maxFare=100000, destinationCity=파주시, destinationRadiusKm=0, excludedKeywords=[], destinationKeywords=[], customCityFilters=[], destinationGroups={}, customFilters=[])
2026-04-24 04:26:20.977  8782-8961  1DAL_TELEMETRY          com.onedal.app                       D  📥 [서버 수신] ⏱️ 타이머 생존신고 완료 (수신된 모드: AUTO)
2026-04-24 04:26:21.972  8782-8782  1DAL_TELEMETRY          com.onedal.app                       I  🛡️ 파싱된 콜 객체의 (출발지+도착지+요금) 해시값 검사 및 디바운스(300ms) 완료. /api/scrap 전송 직전!
2026-04-24 04:26:21.973  8782-8782  1DAL_MVP                com.onedal.app                       D  🚦 [ROADMAP 04:26:21.972] [📱앱] [DETAIL_CONFIRMED] [post /api/scrap request] ⏱️ 타이머 생존신고 발송  deviceId: 앱폰-sdk_gpho-160, (건수: 0)
2026-04-24 04:26:21.982  8782-8961  1DAL_MVP                com.onedal.app                       D  🚦 [ROADMAP 04:26:21.982] [📱앱] [DETAIL_CONFIRMED] [post /api/scrap response] deviceId: 앱폰-sdk_gpho-160, (건수: 0)
2026-04-24 04:26:21.986  8782-8961  1DAL_API                com.onedal.app                       D  📋 [필터 동기화 (서버→앱) 적용됨] 맵핑된 필터 전체 스키마:
                                                                                                    FilterConfig(allowedVehicleTypes=[오토바이, 다마스, 라보, 승용차, 1t], isActive=false, isSharedMode=false, pickupRadiusKm=10, minFare=20000, maxFare=100000, destinationCity=파주시, destinationRadiusKm=0, excludedKeywords=[], destinationKeywords=[], customCityFilters=[], destinationGroups={}, customFilters=[])
2026-04-24 04:26:21.986  8782-8961  1DAL_TELEMETRY          com.onedal.app                       D  📥 [서버 수신] ⏱️ 타이머 생존신고 완료 (수신된 모드: AUTO)
2026-04-24 04:26:22.975  8782-8782  1DAL_TELEMETRY          com.onedal.app                       I  🛡️ 파싱된 콜 객체의 (출발지+도착지+요금) 해시값 검사 및 디바운스(300ms) 완료. /api/scrap 전송 직전!
2026-04-24 04:26:22.979  8782-8782  1DAL_MVP                com.onedal.app                       D  🚦 [ROADMAP 04:26:22.977] [📱앱] [DETAIL_CONFIRMED] [post /api/scrap request] ⏱️ 타이머 생존신고 발송  deviceId: 앱폰-sdk_gpho-160, (건수: 0)
2026-04-24 04:26:23.011  8782-8961  1DAL_MVP                com.onedal.app                       D  🚦 [ROADMAP 04:26:23.010] [📱앱] [DETAIL_CONFIRMED] [post /api/scrap response] deviceId: 앱폰-sdk_gpho-160, (건수: 0)
2026-04-24 04:26:23.012  8782-8961  1DAL_API                com.onedal.app                       D  📋 [필터 동기화 (서버→앱) 적용됨] 맵핑된 필터 전체 스키마:
                                                                                                    FilterConfig(allowedVehicleTypes=[오토바이, 다마스, 라보, 승용차, 1t], isActive=false, isSharedMode=false, pickupRadiusKm=10, minFare=20000, maxFare=100000, destinationCity=파주시, destinationRadiusKm=0, excludedKeywords=[], destinationKeywords=[], customCityFilters=[], destinationGroups={}, customFilters=[])
2026-04-24 04:26:23.012  8782-8961  1DAL_TELEMETRY          com.onedal.app                       D  📥 [서버 수신] ⏱️ 타이머 생존신고 완료 (수신된 모드: AUTO)
2026-04-24 04:26:23.982  8782-8782  1DAL_TELEMETRY          com.onedal.app                       I  🛡️ 파싱된 콜 객체의 (출발지+도착지+요금) 해시값 검사 및 디바운스(300ms) 완료. /api/scrap 전송 직전!
2026-04-24 04:26:23.982  8782-8782  1DAL_MVP                com.onedal.app                       D  🚦 [ROADMAP 04:26:23.982] [📱앱] [DETAIL_CONFIRMED] [post /api/scrap request] ⏱️ 타이머 생존신고 발송  deviceId: 앱폰-sdk_gpho-160, (건수: 0)
2026-04-24 04:26:23.990  8782-8961  1DAL_MVP                com.onedal.app                       D  🚦 [ROADMAP 04:26:23.990] [📱앱] [DETAIL_CONFIRMED] [post /api/scrap response] deviceId: 앱폰-sdk_gpho-160, (건수: 0)
2026-04-24 04:26:23.991  8782-8961  1DAL_API                com.onedal.app                       D  📋 [필터 동기화 (서버→앱) 적용됨] 맵핑된 필터 전체 스키마:
                                                                                                    FilterConfig(allowedVehicleTypes=[오토바이, 다마스, 라보, 승용차, 1t], isActive=false, isSharedMode=false, pickupRadiusKm=10, minFare=20000, maxFare=100000, destinationCity=파주시, destinationRadiusKm=0, excludedKeywords=[], destinationKeywords=[], customCityFilters=[], destinationGroups={}, customFilters=[])
2026-04-24 04:26:23.991  8782-8961  1DAL_TELEMETRY          com.onedal.app                       D  📥 [서버 수신] ⏱️ 타이머 생존신고 완료 (수신된 모드: AUTO)
2026-04-24 04:26:24.992  8782-8782  1DAL_TELEMETRY          com.onedal.app                       I  🛡️ 파싱된 콜 객체의 (출발지+도착지+요금) 해시값 검사 및 디바운스(300ms) 완료. /api/scrap 전송 직전!
2026-04-24 04:26:24.993  8782-8782  1DAL_MVP                com.onedal.app                       D  🚦 [ROADMAP 04:26:24.992] [📱앱] [DETAIL_CONFIRMED] [post /api/scrap request] ⏱️ 타이머 생존신고 발송  deviceId: 앱폰-sdk_gpho-160, (건수: 0)
2026-04-24 04:26:25.008  8782-8961  1DAL_MVP                com.onedal.app                       D  🚦 [ROADMAP 04:26:25.007] [📱앱] [DETAIL_CONFIRMED] [post /api/scrap response] deviceId: 앱폰-sdk_gpho-160, (건수: 0)
2026-04-24 04:26:25.010  8782-8961  1DAL_API                com.onedal.app                       D  📋 [필터 동기화 (서버→앱) 적용됨] 맵핑된 필터 전체 스키마:
                                                                                                    FilterConfig(allowedVehicleTypes=[오토바이, 다마스, 라보, 승용차, 1t], isActive=false, isSharedMode=false, pickupRadiusKm=10, minFare=20000, maxFare=100000, destinationCity=파주시, destinationRadiusKm=0, excludedKeywords=[], destinationKeywords=[], customCityFilters=[], destinationGroups={}, customFilters=[])
2026-04-24 04:26:25.011  8782-8961  1DAL_TELEMETRY          com.onedal.app                       D  📥 [서버 수신] ⏱️ 타이머 생존신고 완료 (수신된 모드: AUTO)
2026-04-24 04:26:26.000  8782-8782  1DAL_TELEMETRY          com.onedal.app                       I  🛡️ 파싱된 콜 객체의 (출발지+도착지+요금) 해시값 검사 및 디바운스(300ms) 완료. /api/scrap 전송 직전!
2026-04-24 04:26:26.001  8782-8782  1DAL_MVP                com.onedal.app                       D  🚦 [ROADMAP 04:26:26.000] [📱앱] [DETAIL_CONFIRMED] [post /api/scrap request] ⏱️ 타이머 생존신고 발송  deviceId: 앱폰-sdk_gpho-160, (건수: 0)
2026-04-24 04:26:26.053  8782-8961  1DAL_MVP                com.onedal.app                       D  🚦 [ROADMAP 04:26:26.052] [📱앱] [DETAIL_CONFIRMED] [post /api/scrap response] deviceId: 앱폰-sdk_gpho-160, (건수: 0)
2026-04-24 04:26:26.064  8782-8961  1DAL_API                com.onedal.app                       D  📋 [필터 동기화 (서버→앱) 적용됨] 맵핑된 필터 전체 스키마:
                                                                                                    FilterConfig(allowedVehicleTypes=[오토바이, 다마스, 라보, 승용차, 1t], isActive=false, isSharedMode=false, pickupRadiusKm=10, minFare=20000, maxFare=100000, destinationCity=파주시, destinationRadiusKm=0, excludedKeywords=[], destinationKeywords=[], customCityFilters=[], destinationGroups={}, customFilters=[])
2026-04-24 04:26:26.065  8782-8961  1DAL_TELEMETRY          com.onedal.app                       D  📥 [서버 수신] ⏱️ 타이머 생존신고 완료 (수신된 모드: AUTO)
2026-04-24 04:26:27.035  8782-8782  1DAL_TELEMETRY          com.onedal.app                       I  🛡️ 파싱된 콜 객체의 (출발지+도착지+요금) 해시값 검사 및 디바운스(300ms) 완료. /api/scrap 전송 직전!
2026-04-24 04:26:27.043  8782-8782  1DAL_MVP                com.onedal.app                       D  🚦 [ROADMAP 04:26:27.036] [📱앱] [DETAIL_CONFIRMED] [post /api/scrap request] ⏱️ 타이머 생존신고 발송  deviceId: 앱폰-sdk_gpho-160, (건수: 0)
2026-04-24 04:26:27.061  8782-8961  1DAL_MVP                com.onedal.app                       D  🚦 [ROADMAP 04:26:27.060] [📱앱] [DETAIL_CONFIRMED] [post /api/scrap response] deviceId: 앱폰-sdk_gpho-160, (건수: 0)
2026-04-24 04:26:27.062  8782-8961  1DAL_API                com.onedal.app                       D  📋 [필터 동기화 (서버→앱) 적용됨] 맵핑된 필터 전체 스키마:
                                                                                                    FilterConfig(allowedVehicleTypes=[오토바이, 다마스, 라보, 승용차, 1t], isActive=false, isSharedMode=false, pickupRadiusKm=10, minFare=20000, maxFare=100000, destinationCity=파주시, destinationRadiusKm=0, excludedKeywords=[], destinationKeywords=[], customCityFilters=[], destinationGroups={}, customFilters=[])
2026-04-24 04:26:27.062  8782-8961  1DAL_TELEMETRY          com.onedal.app                       D  📥 [서버 수신] ⏱️ 타이머 생존신고 완료 (수신된 모드: AUTO)
2026-04-24 04:26:28.047  8782-8782  1DAL_TELEMETRY          com.onedal.app                       I  🛡️ 파싱된 콜 객체의 (출발지+도착지+요금) 해시값 검사 및 디바운스(300ms) 완료. /api/scrap 전송 직전!
2026-04-24 04:26:28.048  8782-8782  1DAL_MVP                com.onedal.app                       D  🚦 [ROADMAP 04:26:28.048] [📱앱] [DETAIL_CONFIRMED] [post /api/scrap request] ⏱️ 타이머 생존신고 발송  deviceId: 앱폰-sdk_gpho-160, (건수: 0)
2026-04-24 04:26:28.065  8782-8961  1DAL_MVP                com.onedal.app                       D  🚦 [ROADMAP 04:26:28.063] [📱앱] [DETAIL_CONFIRMED] [post /api/scrap response] deviceId: 앱폰-sdk_gpho-160, (건수: 0)
2026-04-24 04:26:28.067  8782-8961  1DAL_API                com.onedal.app                       D  📋 [필터 동기화 (서버→앱) 적용됨] 맵핑된 필터 전체 스키마:
                                                                                                    FilterConfig(allowedVehicleTypes=[오토바이, 다마스, 라보, 승용차, 1t], isActive=false, isSharedMode=false, pickupRadiusKm=10, minFare=20000, maxFare=100000, destinationCity=파주시, destinationRadiusKm=0, excludedKeywords=[], destinationKeywords=[], customCityFilters=[], destinationGroups={}, customFilters=[])
2026-04-24 04:26:28.067  8782-8961  1DAL_TELEMETRY          com.onedal.app                       D  📥 [서버 수신] ⏱️ 타이머 생존신고 완료 (수신된 모드: AUTO)
2026-04-24 04:26:29.053  8782-8782  1DAL_TELEMETRY          com.onedal.app                       I  🛡️ 파싱된 콜 객체의 (출발지+도착지+요금) 해시값 검사 및 디바운스(300ms) 완료. /api/scrap 전송 직전!
2026-04-24 04:26:29.055  8782-8782  1DAL_MVP                com.onedal.app                       D  🚦 [ROADMAP 04:26:29.054] [📱앱] [DETAIL_CONFIRMED] [post /api/scrap request] ⏱️ 타이머 생존신고 발송  deviceId: 앱폰-sdk_gpho-160, (건수: 0)
2026-04-24 04:26:29.065  8782-8961  1DAL_MVP                com.onedal.app                       D  🚦 [ROADMAP 04:26:29.065] [📱앱] [DETAIL_CONFIRMED] [post /api/scrap response] deviceId: 앱폰-sdk_gpho-160, (건수: 0)
2026-04-24 04:26:29.066  8782-8961  1DAL_API                com.onedal.app                       D  📋 [필터 동기화 (서버→앱) 적용됨] 맵핑된 필터 전체 스키마:
                                                                                                    FilterConfig(allowedVehicleTypes=[오토바이, 다마스, 라보, 승용차, 1t], isActive=false, isSharedMode=false, pickupRadiusKm=10, minFare=20000, maxFare=100000, destinationCity=파주시, destinationRadiusKm=0, excludedKeywords=[], destinationKeywords=[], customCityFilters=[], destinationGroups={}, customFilters=[])
2026-04-24 04:26:29.066  8782-8961  1DAL_TELEMETRY          com.onedal.app                       D  📥 [서버 수신] ⏱️ 타이머 생존신고 완료 (수신된 모드: AUTO)
2026-04-24 04:26:30.060  8782-8782  1DAL_TELEMETRY          com.onedal.app                       I  🛡️ 파싱된 콜 객체의 (출발지+도착지+요금) 해시값 검사 및 디바운스(300ms) 완료. /api/scrap 전송 직전!
2026-04-24 04:26:30.061  8782-8782  1DAL_MVP                com.onedal.app                       D  🚦 [ROADMAP 04:26:30.060] [📱앱] [DETAIL_CONFIRMED] [post /api/scrap request] ⏱️ 타이머 생존신고 발송  deviceId: 앱폰-sdk_gpho-160, (건수: 0)
2026-04-24 04:26:30.075  8782-8961  1DAL_MVP                com.onedal.app                       D  🚦 [ROADMAP 04:26:30.075] [📱앱] [DETAIL_CONFIRMED] [post /api/scrap response] deviceId: 앱폰-sdk_gpho-160, (건수: 0)
2026-04-24 04:26:30.077  8782-8961  1DAL_API                com.onedal.app                       D  📋 [필터 동기화 (서버→앱) 적용됨] 맵핑된 필터 전체 스키마:
                                                                                                    FilterConfig(allowedVehicleTypes=[오토바이, 다마스, 라보, 승용차, 1t], isActive=false, isSharedMode=false, pickupRadiusKm=10, minFare=20000, maxFare=100000, destinationCity=파주시, destinationRadiusKm=0, excludedKeywords=[], destinationKeywords=[], customCityFilters=[], destinationGroups={}, customFilters=[])
2026-04-24 04:26:30.079  8782-8961  1DAL_API                com.onedal.app                       W  ⚡ [Piggyback Decision 수신] orderId: 46156450-9d80-453c-bbe2-bc98442081f0, action: CANCEL
2026-04-24 04:26:30.081  8782-8961  1DAL_MVP                com.onedal.app                       W  🛡️ [정상 결재 수신] ID 일치(46156450-9d80-453c-bbe2-bc98442081f0). 즉각 폐기/유지 액션을 집행합니다. (Action: CANCEL)
2026-04-24 04:26:30.083  8782-8961  1DAL_MVP                com.onedal.app                       D  ⚡ 판결 집행: 행동=CANCEL, 누를버튼=취소 (버튼클릭을 시작합니다), 500ms 지연
2026-04-24 04:26:30.083  8782-8961  1DAL_MVP                com.onedal.app                       I  🛡️ [앱폰] 사냥 복귀 직후: 앱 메모리 상의 scrapBuffer 배열을 비우고 강제 플러시(Flush)하여 잔상 데이터를 제거함
2026-04-24 04:26:30.083  8782-8961  1DAL_TELEMETRY          com.onedal.app                       D  📥 [서버 수신] ⏱️ 타이머 생존신고 완료 (수신된 모드: AUTO)
2026-04-24 04:26:30.287  8782-8782  1DAL_TELEMETRY          com.onedal.app                       I  🛡️ 파싱된 콜 객체의 (출발지+도착지+요금) 해시값 검사 및 디바운스(300ms) 완료. /api/scrap 전송 직전!
2026-04-24 04:26:30.290  8782-8782  1DAL_MVP                com.onedal.app                       D  🚦 [ROADMAP 04:26:30.288] [📱앱] [DETAIL_CONFIRMED] [post /api/scrap request] 👀 화면 변경 감지 발송  deviceId: 앱폰-sdk_gpho-160, (건수: 0)
2026-04-24 04:26:30.298  8782-8961  1DAL_MVP                com.onedal.app                       D  🚦 [ROADMAP 04:26:30.298] [📱앱] [DETAIL_CONFIRMED] [post /api/scrap response] deviceId: 앱폰-sdk_gpho-160, (건수: 0)
2026-04-24 04:26:30.299  8782-8961  1DAL_API                com.onedal.app                       D  📋 [필터 동기화 (서버→앱) 적용됨] 맵핑된 필터 전체 스키마:
                                                                                                    FilterConfig(allowedVehicleTypes=[오토바이, 다마스, 라보, 승용차, 1t], isActive=false, isSharedMode=false, pickupRadiusKm=10, minFare=20000, maxFare=100000, destinationCity=파주시, destinationRadiusKm=0, excludedKeywords=[], destinationKeywords=[], customCityFilters=[], destinationGroups={}, customFilters=[])
2026-04-24 04:26:30.300  8782-8961  1DAL_TELEMETRY          com.onedal.app                       D  📥 [서버 수신] 👀 화면 변경 감지 완료 (수신된 모드: AUTO)
2026-04-24 04:26:30.598  8782-8782  1DAL_MVP                com.onedal.app                       D  🚦 [ROADMAP 04:26:30.597] [📱앱] '취소' 버튼 인식 ➡️ 클릭 시도
2026-04-24 04:26:30.604  8782-8782  1DAL_MVP                com.onedal.app                       D  🚦 [ROADMAP 04:26:30.604] [📱앱] [DETAIL_CONFIRMED] [Current Page: DETAIL_CONFIRMED] 체류 상태 확인
2026-04-24 04:26:30.604  8782-8782  1DAL_MVP                com.onedal.app                       D  🚦 [ROADMAP 04:26:30.604] [📱앱] [DETAIL_CONFIRMED] [Current Page: LIST] 로 복귀 렌더링 완료
2026-04-24 04:26:30.605  8782-8782  1DAL_MVP                com.onedal.app                       D  🚦 [ROADMAP 04:26:30.605] [📱앱] [DETAIL_CONFIRMED] 🔓 isHolding = false 락 해제 완료
2026-04-24 04:26:30.605  8782-8782  1DAL_MVP                com.onedal.app                       D  🚦 [ROADMAP 04:26:30.605] [📱앱] [DETAIL_CONFIRMED] 🔄 [원래 하던 모드(유지된 필터)로 PHASE 2 무한 루프 회귀] 🔄
2026-04-24 04:26:30.605  8782-8782  1DAL_MVP                com.onedal.app                       D  🎉 행동 완료! 타겟($targetBtnStr) 명중.
2026-04-24 04:26:30.657  8782-8782  1DAL_TOUCH              com.onedal.app                       D  ✅ [가로채기 성공!] 화면 좌표 (X:950.0, Y:478.0) 터치 완료!
2026-04-24 04:26:30.659  8782-8782  1DAL_MVP                com.onedal.app                       D  🚦 [ROADMAP 04:26:30.657] [📱앱] 버튼 터치 완료 (가로채기 성공) X:950.0, Y:478.0
2026-04-24 04:26:30.836  8782-8782  1DAL_MVP                com.onedal.app                       D  -------------------------------
2026-04-24 04:26:30.837  8782-8782  1DAL_MVP                com.onedal.app                       D  🚦 [ROADMAP 04:26:30.836] [📱앱] [LIST] 📡 화면 변경 감지 | 모드: AUTO
2026-04-24 04:26:30.837  8782-8782  1DAL_MVP                com.onedal.app                       I  🛡️ [앱폰] 사냥 복귀 직후: 앱 메모리 상의 scrapBuffer 배열을 비우고 강제 플러시(Flush)하여 잔상 데이터를 제거함
2026-04-24 04:26:30.844  8782-8782  1DAL_PARSER             com.onedal.app                       D  🔍 [1차 리스트 필터] 도착지=분당구, 결과=true
2026-04-24 04:26:30.845  8782-8782  1DAL_MVP                com.onedal.app                       D  🚦 [ROADMAP 04:26:30.844] [📱앱] [LIST] 🔍 [타겟 콜 필터 결과] 차종(1t)=✅ 도착지(0중 분당구)=✅ 요금(20000 <= 30000)=✅ 상차지/거리(10km >= 0.2km)=✅ 블랙()=✅
2026-04-24 04:26:30.845  8782-8782  1DAL_MVP                com.onedal.app                       D  🚦 [ROADMAP 04:26:30.845] [📱앱] [LIST] 인성앱 콜 리스트 렌더링 ➡️ [Current Page: LIST] 진입
2026-04-24 04:26:30.845  8782-8782  1DAL_MVP                com.onedal.app                       D  🚦 [ROADMAP 04:26:30.845] [📱앱] [LIST] 안드로이드 자체 메모리에 필터 캐싱 완료 및 대기
2026-04-24 04:26:30.845  8782-8782  1DAL_MVP                com.onedal.app                       D  🚦 [ROADMAP 04:26:30.845] [📱앱] [LIST] [Current Page: LIST] 상태 유지 및 1차(단독/합짐) 리스트 필터 통과 확인
2026-04-24 04:26:30.845  8782-8782  1DAL_MVP                com.onedal.app                       D  💥 [AUTO] 꿀콜 조건 통과! 대상 콜 강제 터치 진행!
2026-04-24 04:26:30.845  8782-8782  1DAL_MVP                com.onedal.app                       D  📝 [AUTO] 2차 검증 반송(취소)에 대비해 해당 콜 지문 선(先)기록 완료 (해시: -1640446454)
2026-04-24 04:26:30.846  8782-8782  1DAL_MVP                com.onedal.app                       D  🚦 [ROADMAP 04:26:30.845] [📱앱] [LIST] 리스트에서 바뀐 text 감지 후 text 추출
2026-04-24 04:26:30.847  8782-8782  1DAL_MVP                com.onedal.app                       D  🚦 [ROADMAP 04:26:30.847] [📱앱] [LIST] [인성 Socket] 인성콜에 선택된 콜 정보 전달 (꿀콜 클릭!)
2026-04-24 04:26:30.897  8782-8782  1DAL_TOUCH              com.onedal.app                       D  ✅ [가로채기 성공!] 화면 좌표 (X:917.0, Y:568.0) 터치 완료!
2026-04-24 04:26:30.898  8782-8782  1DAL_MVP                com.onedal.app                       D  🚦 [ROADMAP 04:26:30.897] [📱앱] 버튼 터치 완료 (가로채기 성공) X:917.0, Y:568.0
2026-04-24 04:26:31.024  8782-8782  1DAL_MVP                com.onedal.app                       D  -------------------------------
2026-04-24 04:26:31.024  8782-8782  1DAL_MVP                com.onedal.app                       D  🚦 [ROADMAP 04:26:31.024] [📱앱] [DETAIL_PRE_CONFIRM] 📡 화면 변경 감지 | 모드: AUTO
2026-04-24 04:26:31.024  8782-8782  1DAL_MVP                com.onedal.app                       D  🚦 [ROADMAP 04:26:31.024] [📱앱] [DETAIL_PRE_CONFIRM] [Current Page: DETAIL_PRE_CONFIRM] 진입 완료
2026-04-24 04:26:31.028  8782-8782  1DAL_MVP                com.onedal.app                       D  🚦 [ROADMAP 04:26:31.028] [📱앱] [DETAIL_PRE_CONFIRM] 상세페이지 텍스트 추출 및 2차 필터(적요 등) 통과 확인
2026-04-24 04:26:31.028  8782-8782  1DAL_MVP                com.onedal.app                       D  🚦 [ROADMAP 04:26:31.028] [📱앱] [LIST] 🔍 [타겟 콜 필터 결과] 차종(1t)=✅ 도착지(0중 분당구)=✅ 요금(20000 <= 30000)=✅ 상차지/거리(10km >= 0.2km)=✅ 블랙()=✅
2026-04-24 04:26:31.028  8782-8782  1DAL_MVP                com.onedal.app                       D  📤 [post /confirm request] 서버 전송 내용 -> 모드: AUTO (스위치: AUTO, 매크로클릭: true) | 텍스트: rep_map 고양퀵서비스-031-932-7722 전표 상태 : 신규 물품 : 쇼핑백 2개 차량 : 1t 탁송료 : 수수료 : 23% 요금 : 30,000(카드) 구분 : 편도 형태 : 보통 적요상세 *카고 입니다. 세금계산서필 10:58 상차. 마스크 카톤 쇼핑백 2...
2026-04-24 04:26:31.028  8782-8782  1DAL_MVP                com.onedal.app                       D  🚀 [AUTO] 확정 버튼 광클 (배차 시도)
2026-04-24 04:26:31.028  8782-8782  1DAL_MVP                com.onedal.app                       D  🚦 [ROADMAP 04:26:31.028] [📱앱] [DETAIL_PRE_CONFIRM] 상세페이지에서 '확정' 추출 후 클릭
2026-04-24 04:26:31.029  8782-8782  1DAL_MVP                com.onedal.app                       D  🚦 [ROADMAP 04:26:31.028] [📱앱] [DETAIL_PRE_CONFIRM] [인성 Socket] 콜 확정 완료
2026-04-24 04:26:31.029  8782-8782  1DAL_MVP                com.onedal.app                       D  🚦 [ROADMAP 04:26:31.029] [📱앱] '확정' 버튼 인식 ➡️ 클릭 시도
2026-04-24 04:26:31.032  8782-8987  1DAL_API                com.onedal.app                       D  🌐 [post /confirm response / 200] {"success":true,"message":"1차 수신 완료. 상세 페이지 내용을 긁어서 POST /api/orders/detail 로 보내주세요."}
2026-04-24 04:26:31.032  8782-8987  1DAL_MVP                com.onedal.app                       D  🚦 [ROADMAP 04:26:31.032] [📱앱] [HTTP 폴링] 응답 /orders/confirm
2026-04-24 04:26:31.098  8782-8782  1DAL_TOUCH              com.onedal.app                       D  ✅ [가로채기 성공!] 화면 좌표 (X:161.0, Y:2251.0) 터치 완료!
2026-04-24 04:26:31.099  8782-8782  1DAL_MVP                com.onedal.app                       D  🚦 [ROADMAP 04:26:31.099] [📱앱] 버튼 터치 완료 (가로채기 성공) X:161.0, Y:2251.0
2026-04-24 04:26:31.229  8782-8782  1DAL_MVP                com.onedal.app                       D  -------------------------------
2026-04-24 04:26:31.230  8782-8782  1DAL_MVP                com.onedal.app                       D  🚦 [ROADMAP 04:26:31.229] [📱앱] [DETAIL_CONFIRMED] 📡 화면 변경 감지 | 모드: AUTO
