2026-04-24 04:25:54.837  8782-8782  1DAL_TELEMETRY          com.onedal.app                       I  Telemetry Loop Started (Event-driven + 20s Keep-alive)
2026-04-24 04:25:54.856  8782-8782  1DAL_MVP                com.onedal.app                       D  🚦 [ROADMAP 04:25:54.845] [📱앱] [LIST] [Current Page: MainActivity] 1DAL 앱 실행 및 초기 설정
2026-04-24 04:25:54.857  8782-8782  1DAL_MVP                com.onedal.app                       D  🚦 [ROADMAP 04:25:54.856] [📱앱] [UNKNOWN] 앱 기동 전 또는 백그라운드 ➡️ [Current Page: UNKNOWN]
2026-04-24 04:25:54.857  8782-8782  1DAL_MVP                com.onedal.app                       D  🚦 [ROADMAP 04:25:54.857] [📱앱] [UNKNOWN] 📍 백그라운드 Telemetry (lat, lng) 획득 엔진 가동!
2026-04-24 04:25:54.858  8782-8782  1DAL_MVP                com.onedal.app                       I  ✅ 1DAL Service Connected!
2026-04-24 04:25:54.858  8782-8782  1DAL_MVP                com.onedal.app                       I    📡 ApiClient  (기기ID: 앱폰-sdk_gpho-160)
2026-04-24 04:25:54.858  8782-8782  1DAL_MVP                com.onedal.app                       I    📤 Telemetry  (생존신고 시작)
2026-04-24 04:25:54.859  8782-8782  1DAL_MVP                com.onedal.app                       I    🔍 Parser     (NativeScrapParser)
2026-04-24 04:25:54.860  8782-8782  1DAL_MVP                com.onedal.app                       I    👆 Touch      (준비 완료)
2026-04-24 04:25:54.860  8782-8782  1DAL_MVP                com.onedal.app                       I    🎯 Keywords   (인성콜)
2026-04-24 04:25:54.898  8782-8961  1DAL_API                com.onedal.app                       D  🎯 [인성콜] 키워드 사전 다운로드 성공: {"appName":"인성콜","uiNoiseWords":["출발지","도착지","차종","요금","설정","닫기","콜상세"],"confirmButtonText":"확정","cancelButtonText":"취소","pickupButtonText":"출발지","dropoffButtonText":"도착지"}
2026-04-24 04:25:55.045  8782-8782  1DAL_TELEMETRY          com.onedal.app                       I  🛡️ 파싱된 콜 객체의 (출발지+도착지+요금) 해시값 검사 및 디바운스(300ms) 완료. /api/scrap 전송 직전!
2026-04-24 04:25:55.046  8782-8782  1DAL_MVP                com.onedal.app                       D  🚦 [ROADMAP 04:25:55.045] [📱앱] [LIST] [post /api/scrap request] 👀 화면 변경 감지 발송  deviceId: 앱폰-sdk_gpho-160, (건수: 0)
2026-04-24 04:25:55.069  8782-8961  1DAL_MVP                com.onedal.app                       D  🚦 [ROADMAP 04:25:55.069] [📱앱] [LIST] [post /api/scrap response] deviceId: 앱폰-sdk_gpho-160, (건수: 0)
2026-04-24 04:25:55.071  8782-8961  1DAL_API                com.onedal.app                       D  📋 [필터 동기화 (서버→앱) 적용됨] 맵핑된 필터 전체 스키마:
                                                                                                    FilterConfig(allowedVehicleTypes=[오토바이, 다마스, 라보, 승용차, 1t], isActive=true, isSharedMode=false, pickupRadiusKm=10, minFare=20000, maxFare=100000, destinationCity=파주시, destinationRadiusKm=0, excludedKeywords=[], destinationKeywords=[], customCityFilters=[], destinationGroups={}, customFilters=[])
2026-04-24 04:25:55.071  8782-8961  1DAL_TELEMETRY          com.onedal.app                       D  📥 [서버 수신] 👀 화면 변경 감지 완료 (수신된 모드: AUTO)
2026-04-24 04:25:57.000  8782-8782  1DAL_MVP                com.onedal.app                       D  -------------------------------
2026-04-24 04:25:57.001  8782-8782  1DAL_MVP                com.onedal.app                       D  🚦 [ROADMAP 04:25:57.000] [📱앱] [UNKNOWN] 📡 화면 변경 감지 | 모드: AUTO
2026-04-24 04:25:57.202  8782-8782  1DAL_TELEMETRY          com.onedal.app                       I  🛡️ 파싱된 콜 객체의 (출발지+도착지+요금) 해시값 검사 및 디바운스(300ms) 완료. /api/scrap 전송 직전!
2026-04-24 04:25:57.212  8782-8782  1DAL_MVP                com.onedal.app                       D  🚦 [ROADMAP 04:25:57.202] [📱앱] [UNKNOWN] [post /api/scrap request] 👀 화면 변경 감지 발송  deviceId: 앱폰-sdk_gpho-160, (건수: 0)
2026-04-24 04:25:57.221  8782-8961  1DAL_MVP                com.onedal.app                       D  🚦 [ROADMAP 04:25:57.220] [📱앱] [UNKNOWN] [post /api/scrap response] deviceId: 앱폰-sdk_gpho-160, (건수: 0)
2026-04-24 04:25:57.221  8782-8961  1DAL_API                com.onedal.app                       D  📋 [필터 동기화 (서버→앱) 적용됨] 맵핑된 필터 전체 스키마:
                                                                                                    FilterConfig(allowedVehicleTypes=[오토바이, 다마스, 라보, 승용차, 1t], isActive=true, isSharedMode=false, pickupRadiusKm=10, minFare=20000, maxFare=100000, destinationCity=파주시, destinationRadiusKm=0, excludedKeywords=[], destinationKeywords=[], customCityFilters=[], destinationGroups={}, customFilters=[])
2026-04-24 04:25:57.221  8782-8961  1DAL_TELEMETRY          com.onedal.app                       D  📥 [서버 수신] 👀 화면 변경 감지 완료 (수신된 모드: AUTO)
2026-04-24 04:25:57.644  8782-8782  1DAL_MVP                com.onedal.app                       D  -------------------------------
2026-04-24 04:25:57.646  8782-8782  1DAL_MVP                com.onedal.app                       D  🚦 [ROADMAP 04:25:57.645] [📱앱] [UNKNOWN] 📡 화면 변경 감지 | 모드: AUTO
2026-04-24 04:25:58.282  8782-8782  1DAL_MVP                com.onedal.app                       D  -------------------------------
2026-04-24 04:25:58.282  8782-8782  1DAL_MVP                com.onedal.app                       D  🚦 [ROADMAP 04:25:58.282] [📱앱] [UNKNOWN] 📡 화면 변경 감지 | 모드: AUTO
2026-04-24 04:26:00.142  8782-8782  1DAL_MVP                com.onedal.app                       D  -------------------------------
2026-04-24 04:26:00.144  8782-8782  1DAL_MVP                com.onedal.app                       D  🚦 [ROADMAP 04:26:00.142] [📱앱] [UNKNOWN] 📡 화면 변경 감지 | 모드: AUTO
2026-04-24 04:26:00.219  8782-8782  1DAL_MVP                com.onedal.app                       D  -------------------------------
2026-04-24 04:26:00.219  8782-8782  1DAL_MVP                com.onedal.app                       D  🚦 [ROADMAP 04:26:00.219] [📱앱] [UNKNOWN] 📡 화면 변경 감지 | 모드: AUTO
2026-04-24 04:26:00.320  8782-8782  1DAL_MVP                com.onedal.app                       D  -------------------------------
2026-04-24 04:26:00.321  8782-8782  1DAL_MVP                com.onedal.app                       D  🚦 [ROADMAP 04:26:00.321] [📱앱] [LIST] 📡 화면 변경 감지 | 모드: AUTO
2026-04-24 04:26:00.322  8782-8782  1DAL_MVP                com.onedal.app                       I  🛡️ [앱폰] 사냥 복귀 직후: 앱 메모리 상의 scrapBuffer 배열을 비우고 강제 플러시(Flush)하여 잔상 데이터를 제거함
2026-04-24 04:26:00.422  8782-8782  1DAL_MVP                com.onedal.app                       D  -------------------------------
2026-04-24 04:26:00.422  8782-8782  1DAL_MVP                com.onedal.app                       D  🚦 [ROADMAP 04:26:00.422] [📱앱] [LIST] 📡 화면 변경 감지 | 모드: AUTO
2026-04-24 04:26:00.423  8782-8782  1DAL_MVP                com.onedal.app                       I  🛡️ [앱폰] 사냥 복귀 직후: 앱 메모리 상의 scrapBuffer 배열을 비우고 강제 플러시(Flush)하여 잔상 데이터를 제거함
2026-04-24 04:26:00.431  8782-8782  1DAL_PARSER             com.onedal.app                       D  🔍 [1차 리스트 필터] 도착지=상록구, 결과=true
2026-04-24 04:26:00.431  8782-8782  1DAL_MVP                com.onedal.app                       D  🚦 [ROADMAP 04:26:00.431] [📱앱] [LIST] 🔍 [타겟 콜 필터 결과] 차종(오)=✅ 도착지(0중 상록구)=✅ 요금(20000 <= 64000)=✅ 상차지/거리(10km >= 5.0km)=✅ 블랙()=✅
2026-04-24 04:26:00.431  8782-8782  1DAL_MVP                com.onedal.app                       D  🚦 [ROADMAP 04:26:00.431] [📱앱] [LIST] 인성앱 콜 리스트 렌더링 ➡️ [Current Page: LIST] 진입
2026-04-24 04:26:00.431  8782-8782  1DAL_MVP                com.onedal.app                       D  🚦 [ROADMAP 04:26:00.431] [📱앱] [LIST] 안드로이드 자체 메모리에 필터 캐싱 완료 및 대기
2026-04-24 04:26:00.431  8782-8782  1DAL_MVP                com.onedal.app                       D  🚦 [ROADMAP 04:26:00.431] [📱앱] [LIST] [Current Page: LIST] 상태 유지 및 1차(단독/합짐) 리스트 필터 통과 확인
2026-04-24 04:26:00.431  8782-8782  1DAL_MVP                com.onedal.app                       D  💥 [AUTO] 꿀콜 조건 통과! 대상 콜 강제 터치 진행!
2026-04-24 04:26:00.431  8782-8782  1DAL_MVP                com.onedal.app                       D  📝 [AUTO] 2차 검증 반송(취소)에 대비해 해당 콜 지문 선(先)기록 완료 (해시: 798942343)
2026-04-24 04:26:00.432  8782-8782  1DAL_MVP                com.onedal.app                       D  🚦 [ROADMAP 04:26:00.432] [📱앱] [LIST] 리스트에서 바뀐 text 감지 후 text 추출
2026-04-24 04:26:00.438  8782-8782  1DAL_MVP                com.onedal.app                       D  🚦 [ROADMAP 04:26:00.437] [📱앱] [LIST] [인성 Socket] 인성콜에 선택된 콜 정보 전달 (꿀콜 클릭!)
2026-04-24 04:26:00.492  8782-8782  1DAL_TOUCH              com.onedal.app                       D  ✅ [가로채기 성공!] 화면 좌표 (X:917.0, Y:568.0) 터치 완료!
2026-04-24 04:26:00.493  8782-8782  1DAL_MVP                com.onedal.app                       D  🚦 [ROADMAP 04:26:00.493] [📱앱] 버튼 터치 완료 (가로채기 성공) X:917.0, Y:568.0
2026-04-24 04:26:00.626  8782-8782  1DAL_TELEMETRY          com.onedal.app                       I  🛡️ 파싱된 콜 객체의 (출발지+도착지+요금) 해시값 검사 및 디바운스(300ms) 완료. /api/scrap 전송 직전!
2026-04-24 04:26:00.627  8782-8782  1DAL_MVP                com.onedal.app                       D  🚦 [ROADMAP 04:26:00.627] [📱앱] [LIST] [post /api/scrap request] 👀 화면 변경 감지 발송  deviceId: 앱폰-sdk_gpho-160, (건수: 0)
2026-04-24 04:26:00.641  8782-8961  1DAL_MVP                com.onedal.app                       D  🚦 [ROADMAP 04:26:00.640] [📱앱] [LIST] [post /api/scrap response] deviceId: 앱폰-sdk_gpho-160, (건수: 0)
2026-04-24 04:26:00.641  8782-8961  1DAL_API                com.onedal.app                       D  📋 [필터 동기화 (서버→앱) 적용됨] 맵핑된 필터 전체 스키마:
                                                                                                    FilterConfig(allowedVehicleTypes=[오토바이, 다마스, 라보, 승용차, 1t], isActive=true, isSharedMode=false, pickupRadiusKm=10, minFare=20000, maxFare=100000, destinationCity=파주시, destinationRadiusKm=0, excludedKeywords=[], destinationKeywords=[], customCityFilters=[], destinationGroups={}, customFilters=[])
2026-04-24 04:26:00.641  8782-8961  1DAL_TELEMETRY          com.onedal.app                       D  📥 [서버 수신] 👀 화면 변경 감지 완료 (수신된 모드: AUTO)
2026-04-24 04:26:00.648  8782-8782  1DAL_MVP                com.onedal.app                       D  -------------------------------
2026-04-24 04:26:00.648  8782-8782  1DAL_MVP                com.onedal.app                       D  🚦 [ROADMAP 04:26:00.648] [📱앱] [DETAIL_PRE_CONFIRM] 📡 화면 변경 감지 | 모드: AUTO
2026-04-24 04:26:00.649  8782-8782  1DAL_MVP                com.onedal.app                       D  🚦 [ROADMAP 04:26:00.649] [📱앱] [DETAIL_PRE_CONFIRM] [Current Page: DETAIL_PRE_CONFIRM] 진입 완료
2026-04-24 04:26:00.658  8782-8782  1DAL_MVP                com.onedal.app                       D  🚦 [ROADMAP 04:26:00.658] [📱앱] [DETAIL_PRE_CONFIRM] 상세페이지 텍스트 추출 및 2차 필터(적요 등) 통과 확인
2026-04-24 04:26:00.659  8782-8782  1DAL_MVP                com.onedal.app                       D  🚦 [ROADMAP 04:26:00.658] [📱앱] [LIST] 🔍 [타겟 콜 필터 결과] 차종(오)=✅ 도착지(0중 상록구)=✅ 요금(20000 <= 64000)=✅ 상차지/거리(10km >= 5.0km)=✅ 블랙()=✅
2026-04-24 04:26:00.660  8782-8782  1DAL_MVP                com.onedal.app                       D  📤 [post /confirm request] 서버 전송 내용 -> 모드: AUTO (스위치: AUTO, 매크로클릭: true) | 텍스트: rep_map 고양퀵서비스-031-932-7722 전표 상태 : 신규 물품 : 마대 1개 차량 : 오 탁송료 : 수수료 : 23% 요금 : 64,000(신용) 구분 : 편도 형태 : 예약 적요상세 *카고 입니다. 세금계산서필 08:40 상차. 마스크 카톤 마대 1개 명...
2026-04-24 04:26:00.660  8782-8782  1DAL_MVP                com.onedal.app                       D  🚀 [AUTO] 확정 버튼 광클 (배차 시도)
2026-04-24 04:26:00.662  8782-8782  1DAL_MVP                com.onedal.app                       D  🚦 [ROADMAP 04:26:00.660] [📱앱] [DETAIL_PRE_CONFIRM] 상세페이지에서 '확정' 추출 후 클릭
2026-04-24 04:26:00.662  8782-8782  1DAL_MVP                com.onedal.app                       D  🚦 [ROADMAP 04:26:00.662] [📱앱] [DETAIL_PRE_CONFIRM] [인성 Socket] 콜 확정 완료
2026-04-24 04:26:00.663  8782-8782  1DAL_MVP                com.onedal.app                       D  🚦 [ROADMAP 04:26:00.663] [📱앱] '확정' 버튼 인식 ➡️ 클릭 시도
2026-04-24 04:26:00.675  8782-8987  1DAL_API                com.onedal.app                       D  🌐 [post /confirm response / 200] {"success":true,"message":"1차 수신 완료. 상세 페이지 내용을 긁어서 POST /api/orders/detail 로 보내주세요."}
2026-04-24 04:26:00.681  8782-8987  1DAL_MVP                com.onedal.app                       D  🚦 [ROADMAP 04:26:00.679] [📱앱] [HTTP 폴링] 응답 /orders/confirm
2026-04-24 04:26:00.723  8782-8782  1DAL_TOUCH              com.onedal.app                       D  ✅ [가로채기 성공!] 화면 좌표 (X:161.0, Y:2251.0) 터치 완료!
2026-04-24 04:26:00.751  8782-8782  1DAL_MVP                com.onedal.app                       D  🚦 [ROADMAP 04:26:00.743] [📱앱] 버튼 터치 완료 (가로채기 성공) X:161.0, Y:2251.0
2026-04-24 04:26:00.863  8782-8782  1DAL_TELEMETRY          com.onedal.app                       I  🛡️ 파싱된 콜 객체의 (출발지+도착지+요금) 해시값 검사 및 디바운스(300ms) 완료. /api/scrap 전송 직전!
2026-04-24 04:26:00.864  8782-8782  1DAL_MVP                com.onedal.app                       D  🚦 [ROADMAP 04:26:00.863] [📱앱] [DETAIL_PRE_CONFIRM] [post /api/scrap request] 👀 화면 변경 감지 발송  deviceId: 앱폰-sdk_gpho-160, (건수: 0)
2026-04-24 04:26:00.889  8782-8961  1DAL_MVP                com.onedal.app                       D  🚦 [ROADMAP 04:26:00.888] [📱앱] [DETAIL_PRE_CONFIRM] [post /api/scrap response] deviceId: 앱폰-sdk_gpho-160, (건수: 0)
2026-04-24 04:26:00.889  8782-8961  1DAL_API                com.onedal.app                       D  📋 [필터 동기화 (서버→앱) 적용됨] 맵핑된 필터 전체 스키마:
                                                                                                    FilterConfig(allowedVehicleTypes=[오토바이, 다마스, 라보, 승용차, 1t], isActive=false, isSharedMode=false, pickupRadiusKm=10, minFare=20000, maxFare=100000, destinationCity=파주시, destinationRadiusKm=0, excludedKeywords=[], destinationKeywords=[], customCityFilters=[], destinationGroups={}, customFilters=[])
2026-04-24 04:26:00.890  8782-8961  1DAL_TELEMETRY          com.onedal.app                       D  📥 [서버 수신] 👀 화면 변경 감지 완료 (수신된 모드: AUTO)
2026-04-24 04:26:00.965  8782-8782  1DAL_MVP                com.onedal.app                       D  -------------------------------
2026-04-24 04:26:00.967  8782-8782  1DAL_MVP                com.onedal.app                       D  🚦 [ROADMAP 04:26:00.966] [📱앱] [DETAIL_CONFIRMED] 📡 화면 변경 감지 | 모드: AUTO
2026-04-24 04:26:00.968  8782-8782  1DAL_MVP                com.onedal.app                       D  🚦 [ROADMAP 04:26:00.967] [📱앱] [DETAIL_CONFIRMED] [Current Page: DETAIL_CONFIRMED] 진입 완료
2026-04-24 04:26:00.971  8782-8782  1DAL_MVP                com.onedal.app                       D  🚦 [ROADMAP 04:26:00.969] [📱앱] [DETAIL_CONFIRMED] 🔒 isHolding = true 설정 (이후 화면 요동쳐도 락 유지)
2026-04-24 04:26:00.972  8782-8782  1DAL_MVP                com.onedal.app                       D  🚦 [ROADMAP 04:26:00.972] [📱앱] [DETAIL_CONFIRMED] 🏄‍♂️ 무인 서핑 가동 (State Machine: IDLE)
2026-04-24 04:26:00.972  8782-8782  1DAL_MVP                com.onedal.app                       D  🚦 [ROADMAP 04:26:00.972] [📱앱] [DETAIL_CONFIRMED] [Current Page: DETAIL_CONFIRMED] 확정페이지 체류 및 팝업버튼 트리거 대기
2026-04-24 04:26:00.972  8782-8782  1DAL_MVP                com.onedal.app                       D  🏄‍♂️ [자동 팝업 서핑] 확정 화면 진입 확인! 적요상세 팝업 호출 시도
2026-04-24 04:26:00.973  8782-8782  1DAL_MVP                com.onedal.app                       D  🚦 [ROADMAP 04:26:00.973] [📱앱] '적요상세' 버튼 인식 ➡️ 클릭 시도
2026-04-24 04:26:00.975  8782-8782  1DAL_MVP                com.onedal.app                       D  🚦 [ROADMAP 04:26:00.975] [📱앱] [DETAIL_CONFIRMED] 확정페이지에서 '적요상세' 추출 후 클릭
2026-04-24 04:26:00.975  8782-8782  1DAL_MVP                com.onedal.app                       I  📋 [SEQ 81] 적요상세 버튼 클릭 → 적요 정보 요청
2026-04-24 04:26:01.026  8782-8782  1DAL_TOUCH              com.onedal.app                       D  ✅ [가로채기 성공!] 화면 좌표 (X:149.0, Y:1153.0) 터치 완료!
2026-04-24 04:26:01.027  8782-8782  1DAL_MVP                com.onedal.app                       D  🚦 [ROADMAP 04:26:01.026] [📱앱] 버튼 터치 완료 (가로채기 성공) X:149.0, Y:1153.0
2026-04-24 04:26:01.232  8782-8782  1DAL_MVP                com.onedal.app                       D  -------------------------------
2026-04-24 04:26:01.232  8782-8782  1DAL_MVP                com.onedal.app                       D  🚦 [ROADMAP 04:26:01.232] [📱앱] [POPUP_MEMO] 📡 화면 변경 감지 | 모드: AUTO
2026-04-24 04:26:01.232  8782-8782  1DAL_MVP                com.onedal.app                       D  📝 적요 스크래핑 성공! 닫기 버튼 누름
2026-04-24 04:26:01.232  8782-8782  1DAL_MVP                com.onedal.app                       I  📋 [SEQ 81-82] 적요상세 추출 완료 → 닫기
2026-04-24 04:26:01.232  8782-8782  1DAL_MVP                com.onedal.app                       D  🚦 [ROADMAP 04:26:01.232] [📱앱] [POPUP_MEMO] [Current Page: POPUP_MEMO] 진입 완료 ("적요 내용" 텍스트 매칭 확인)
2026-04-24 04:26:01.233  8782-8782  1DAL_MVP                com.onedal.app                       D  🚦 [ROADMAP 04:26:01.233] [📱앱] [POPUP_MEMO] 적요상세 데이터 추출 및 메모리에 누적 저장
2026-04-24 04:26:01.233  8782-8782  1DAL_MVP                com.onedal.app                       D  🚦 [ROADMAP 04:26:01.233] [📱앱] '닫기' 버튼 인식 ➡️ 클릭 시도
2026-04-24 04:26:01.305  8782-8782  1DAL_TOUCH              com.onedal.app                       D  ✅ [가로채기 성공!] 화면 좌표 (X:540.0, Y:2264.0) 터치 완료!
2026-04-24 04:26:01.305  8782-8782  1DAL_MVP                com.onedal.app                       D  🚦 [ROADMAP 04:26:01.305] [📱앱] 버튼 터치 완료 (가로채기 성공) X:540.0, Y:2264.0
2026-04-24 04:26:01.438  8782-8782  1DAL_MVP                com.onedal.app                       D  -------------------------------
2026-04-24 04:26:01.439  8782-8782  1DAL_MVP                com.onedal.app                       D  🚦 [ROADMAP 04:26:01.439] [📱앱] [DETAIL_CONFIRMED] 📡 화면 변경 감지 | 모드: AUTO
2026-04-24 04:26:01.439  8782-8782  1DAL_MVP                com.onedal.app                       D  🚦 [ROADMAP 04:26:01.439] [📱앱] [DETAIL_CONFIRMED] [Current Page: DETAIL_CONFIRMED] 확정페이지 복귀 확인 (잔상 회피 완료)
2026-04-24 04:26:01.439  8782-8782  1DAL_MVP                com.onedal.app                       D  🏄‍♂️ [자동 팝업 서핑] 적요 정보 확인 완료. 출발지 정보 확인을 위해 자동 클릭 시도
2026-04-24 04:26:01.439  8782-8782  1DAL_MVP                com.onedal.app                       D  🚦 [ROADMAP 04:26:01.439] [📱앱] [DETAIL_CONFIRMED] 확정페이지에서 '출발지' 추출 후 클릭
2026-04-24 04:26:01.440  8782-8782  1DAL_MVP                com.onedal.app                       D  🚦 [ROADMAP 04:26:01.440] [📱앱] '출발지' 버튼 인식 ➡️ 클릭 시도
2026-04-24 04:26:01.499  8782-8782  1DAL_TOUCH              com.onedal.app                       D  ✅ [가로채기 성공!] 화면 좌표 (X:539.0, Y:1592.0) 터치 완료!
2026-04-24 04:26:01.500  8782-8782  1DAL_MVP                com.onedal.app                       D  🚦 [ROADMAP 04:26:01.500] [📱앱] 버튼 터치 완료 (가로채기 성공) X:539.0, Y:1592.0
2026-04-24 04:26:01.654  8782-8782  1DAL_MVP                com.onedal.app                       D  -------------------------------
2026-04-24 04:26:01.655  8782-8782  1DAL_MVP                com.onedal.app                       D  🚦 [ROADMAP 04:26:01.655] [📱앱] [POPUP_PICKUP] 📡 화면 변경 감지 | 모드: AUTO
2026-04-24 04:26:01.655  8782-8782  1DAL_MVP                com.onedal.app                       D  📝 출발지 스크래핑 성공! 닫기 버튼 누름
2026-04-24 04:26:01.656  8782-8782  1DAL_MVP                com.onedal.app                       D  🚦 [ROADMAP 04:26:01.655] [📱앱] [POPUP_PICKUP] [Current Page: POPUP_PICKUP] 진입 완료 ("전화1" 텍스트 매칭 확인)
2026-04-24 04:26:01.656  8782-8782  1DAL_MVP                com.onedal.app                       D  🚦 [ROADMAP 04:26:01.656] [📱앱] [POPUP_PICKUP] 출발지 데이터 추출 및 메모리에 누적 저장
2026-04-24 04:26:01.657  8782-8782  1DAL_MVP                com.onedal.app                       D  🚦 [ROADMAP 04:26:01.657] [📱앱] '닫기' 버튼 인식 ➡️ 클릭 시도
2026-04-24 04:26:01.709  8782-8782  1DAL_TOUCH              com.onedal.app                       D  ✅ [가로채기 성공!] 화면 좌표 (X:136.0, Y:2264.0) 터치 완료!
2026-04-24 04:26:01.709  8782-8782  1DAL_MVP                com.onedal.app                       D  🚦 [ROADMAP 04:26:01.709] [📱앱] 버튼 터치 완료 (가로채기 성공) X:136.0, Y:2264.0
2026-04-24 04:26:01.839  8782-8782  1DAL_MVP                com.onedal.app                       D  -------------------------------
2026-04-24 04:26:01.839  8782-8782  1DAL_MVP                com.onedal.app                       D  🚦 [ROADMAP 04:26:01.839] [📱앱] [DETAIL_CONFIRMED] 📡 화면 변경 감지 | 모드: AUTO
2026-04-24 04:26:01.839  8782-8782  1DAL_MVP                com.onedal.app                       D  🚦 [ROADMAP 04:26:01.839] [📱앱] [DETAIL_CONFIRMED] [Current Page: DETAIL_CONFIRMED] 확정페이지 복귀 확인 (잔상 회피 완료)
2026-04-24 04:26:01.839  8782-8782  1DAL_MVP                com.onedal.app                       D  🏄‍♂️ [자동 팝업 서핑] 출발지 확인 완료. 도착지 정보 확인을 위해 자동 클릭 시도
2026-04-24 04:26:01.839  8782-8782  1DAL_MVP                com.onedal.app                       D  🚦 [ROADMAP 04:26:01.839] [📱앱] [DETAIL_CONFIRMED] 확정페이지에서 '도착지' 추출 후 클릭
2026-04-24 04:26:01.840  8782-8782  1DAL_MVP                com.onedal.app                       D  🚦 [ROADMAP 04:26:01.840] [📱앱] '도착지' 버튼 인식 ➡️ 클릭 시도
2026-04-24 04:26:01.898  8782-8782  1DAL_TOUCH              com.onedal.app                       D  ✅ [가로채기 성공!] 화면 좌표 (X:539.0, Y:1742.0) 터치 완료!
2026-04-24 04:26:01.898  8782-8782  1DAL_MVP                com.onedal.app                       D  🚦 [ROADMAP 04:26:01.898] [📱앱] 버튼 터치 완료 (가로채기 성공) X:539.0, Y:1742.0
2026-04-24 04:26:02.052  8782-8782  1DAL_MVP                com.onedal.app                       D  -------------------------------
2026-04-24 04:26:02.053  8782-8782  1DAL_MVP                com.onedal.app                       D  🚦 [ROADMAP 04:26:02.052] [📱앱] [POPUP_DROPOFF] 📡 화면 변경 감지 | 모드: AUTO
2026-04-24 04:26:02.053  8782-8782  1DAL_MVP                com.onedal.app                       D  📝 도착지 스크래핑 성공! 닫기 누름 및 전체 내용 /detail 로 발송
2026-04-24 04:26:02.053  8782-8782  1DAL_MVP                com.onedal.app                       D  🚦 [ROADMAP 04:26:02.053] [📱앱] [POPUP_DROPOFF] [Current Page: POPUP_DROPOFF] 진입 완료 ("전화1" 텍스트 매칭 확인)
2026-04-24 04:26:02.053  8782-8782  1DAL_MVP                com.onedal.app                       D  🚦 [ROADMAP 04:26:02.053] [📱앱] [POPUP_DROPOFF] 도착지 데이터 추출 및 메모리에 누적 저장
2026-04-24 04:26:02.054  8782-8782  1DAL_MVP                com.onedal.app                       D  🚦 [ROADMAP 04:26:02.054] [📱앱] '닫기' 버튼 인식 ➡️ 클릭 시도
2026-04-24 04:26:02.055  8782-8782  1DAL_MVP                com.onedal.app                       D  🚦 [ROADMAP 04:26:02.055] [📱앱] [POPUP_DROPOFF] [Current Page: DETAIL_CONFIRMED] 무인 서핑 종료 (State Machine: DONE)
2026-04-24 04:26:02.055  8782-8782  1DAL_MVP                com.onedal.app                       W  ⏳ 데스밸리 타이머 시작: 30초 대기...
2026-04-24 04:26:02.056  8782-8782  1DAL_MVP                com.onedal.app                       D  🌐 [post /detail request] AUTO 모드 판결 요청 텍스트: rep_map 고양퀵서비스-031-932-7722 전표 상태 : 신규 물품 : 마대 1개 취소 차량 : 오 탁송료 : 0 수수료 : 23% 요금 : 64,000(신용) 구분 : 편도 형태 : 예약 적요상세 인수증 전송 *카고 입니다. 세금계산서필 08:40 상차. 마스...
2026-04-24 04:26:02.109  8782-8782  1DAL_TOUCH              com.onedal.app                       D  ✅ [가로채기 성공!] 화면 좌표 (X:136.0, Y:2264.0) 터치 완료!
2026-04-24 04:26:02.111  8782-8782  1DAL_MVP                com.onedal.app                       D  🚦 [ROADMAP 04:26:02.110] [📱앱] 버튼 터치 완료 (가로채기 성공) X:136.0, Y:2264.0
2026-04-24 04:26:02.242  8782-8987  1DAL_API                com.onedal.app                       D  🌐 [post /detail response / 202] 즉결 접수 완료. Piggyback 대기 시작.
2026-04-24 04:26:02.426  8782-8782  1DAL_TELEMETRY          com.onedal.app                       I  🛡️ 파싱된 콜 객체의 (출발지+도착지+요금) 해시값 검사 및 디바운스(300ms) 완료. /api/scrap 전송 직전!
2026-04-24 04:26:02.427  8782-8782  1DAL_MVP                com.onedal.app                       D  🚦 [ROADMAP 04:26:02.426] [📱앱] [DETAIL_CONFIRMED] [post /api/scrap request] 👀 화면 변경 감지 발송  deviceId: 앱폰-sdk_gpho-160, (건수: 0)
2026-04-24 04:26:02.433  8782-8961  1DAL_MVP                com.onedal.app                       D  🚦 [ROADMAP 04:26:02.433] [📱앱] [DETAIL_CONFIRMED] [post /api/scrap response] deviceId: 앱폰-sdk_gpho-160, (건수: 0)
2026-04-24 04:26:02.434  8782-8961  1DAL_API                com.onedal.app                       D  📋 [필터 동기화 (서버→앱) 적용됨] 맵핑된 필터 전체 스키마:
                                                                                                    FilterConfig(allowedVehicleTypes=[오토바이, 다마스, 라보, 승용차, 1t], isActive=false, isSharedMode=false, pickupRadiusKm=10, minFare=20000, maxFare=100000, destinationCity=파주시, destinationRadiusKm=0, excludedKeywords=[], destinationKeywords=[], customCityFilters=[], destinationGroups={}, customFilters=[])
2026-04-24 04:26:02.434  8782-8961  1DAL_TELEMETRY          com.onedal.app                       D  📥 [서버 수신] 👀 화면 변경 감지 완료 (수신된 모드: AUTO)
2026-04-24 04:26:03.434  8782-8782  1DAL_TELEMETRY          com.onedal.app                       I  🛡️ 파싱된 콜 객체의 (출발지+도착지+요금) 해시값 검사 및 디바운스(300ms) 완료. /api/scrap 전송 직전!
2026-04-24 04:26:03.435  8782-8782  1DAL_MVP                com.onedal.app                       D  🚦 [ROADMAP 04:26:03.434] [📱앱] [DETAIL_CONFIRMED] [post /api/scrap request] ⏱️ 타이머 생존신고 발송  deviceId: 앱폰-sdk_gpho-160, (건수: 0)
2026-04-24 04:26:03.445  8782-8961  1DAL_MVP                com.onedal.app                       D  🚦 [ROADMAP 04:26:03.445] [📱앱] [DETAIL_CONFIRMED] [post /api/scrap response] deviceId: 앱폰-sdk_gpho-160, (건수: 0)
2026-04-24 04:26:03.446  8782-8961  1DAL_API                com.onedal.app                       D  📋 [필터 동기화 (서버→앱) 적용됨] 맵핑된 필터 전체 스키마:
                                                                                                    FilterConfig(allowedVehicleTypes=[오토바이, 다마스, 라보, 승용차, 1t], isActive=false, isSharedMode=false, pickupRadiusKm=10, minFare=20000, maxFare=100000, destinationCity=파주시, destinationRadiusKm=0, excludedKeywords=[], destinationKeywords=[], customCityFilters=[], destinationGroups={}, customFilters=[])
2026-04-24 04:26:03.446  8782-8961  1DAL_TELEMETRY          com.onedal.app                       D  📥 [서버 수신] ⏱️ 타이머 생존신고 완료 (수신된 모드: AUTO)
2026-04-24 04:26:04.438  8782-8782  1DAL_TELEMETRY          com.onedal.app                       I  🛡️ 파싱된 콜 객체의 (출발지+도착지+요금) 해시값 검사 및 디바운스(300ms) 완료. /api/scrap 전송 직전!
2026-04-24 04:26:04.440  8782-8782  1DAL_MVP                com.onedal.app                       D  🚦 [ROADMAP 04:26:04.439] [📱앱] [DETAIL_CONFIRMED] [post /api/scrap request] ⏱️ 타이머 생존신고 발송  deviceId: 앱폰-sdk_gpho-160, (건수: 0)
2026-04-24 04:26:04.451  8782-8961  1DAL_MVP                com.onedal.app                       D  🚦 [ROADMAP 04:26:04.450] [📱앱] [DETAIL_CONFIRMED] [post /api/scrap response] deviceId: 앱폰-sdk_gpho-160, (건수: 0)
2026-04-24 04:26:04.452  8782-8961  1DAL_API                com.onedal.app                       D  📋 [필터 동기화 (서버→앱) 적용됨] 맵핑된 필터 전체 스키마:
                                                                                                    FilterConfig(allowedVehicleTypes=[오토바이, 다마스, 라보, 승용차, 1t], isActive=false, isSharedMode=false, pickupRadiusKm=10, minFare=20000, maxFare=100000, destinationCity=파주시, destinationRadiusKm=0, excludedKeywords=[], destinationKeywords=[], customCityFilters=[], destinationGroups={}, customFilters=[])
2026-04-24 04:26:04.452  8782-8961  1DAL_TELEMETRY          com.onedal.app                       D  📥 [서버 수신] ⏱️ 타이머 생존신고 완료 (수신된 모드: AUTO)
2026-04-24 04:26:05.450  8782-8782  1DAL_TELEMETRY          com.onedal.app                       I  🛡️ 파싱된 콜 객체의 (출발지+도착지+요금) 해시값 검사 및 디바운스(300ms) 완료. /api/scrap 전송 직전!
2026-04-24 04:26:05.452  8782-8782  1DAL_MVP                com.onedal.app                       D  🚦 [ROADMAP 04:26:05.451] [📱앱] [DETAIL_CONFIRMED] [post /api/scrap request] ⏱️ 타이머 생존신고 발송  deviceId: 앱폰-sdk_gpho-160, (건수: 0)
2026-04-24 04:26:05.462  8782-8961  1DAL_MVP                com.onedal.app                       D  🚦 [ROADMAP 04:26:05.461] [📱앱] [DETAIL_CONFIRMED] [post /api/scrap response] deviceId: 앱폰-sdk_gpho-160, (건수: 0)
2026-04-24 04:26:05.463  8782-8961  1DAL_API                com.onedal.app                       D  📋 [필터 동기화 (서버→앱) 적용됨] 맵핑된 필터 전체 스키마:
                                                                                                    FilterConfig(allowedVehicleTypes=[오토바이, 다마스, 라보, 승용차, 1t], isActive=false, isSharedMode=false, pickupRadiusKm=10, minFare=20000, maxFare=100000, destinationCity=파주시, destinationRadiusKm=0, excludedKeywords=[], destinationKeywords=[], customCityFilters=[], destinationGroups={}, customFilters=[])
2026-04-24 04:26:05.463  8782-8961  1DAL_TELEMETRY          com.onedal.app                       D  📥 [서버 수신] ⏱️ 타이머 생존신고 완료 (수신된 모드: AUTO)
2026-04-24 04:26:06.455  8782-8782  1DAL_TELEMETRY          com.onedal.app                       I  🛡️ 파싱된 콜 객체의 (출발지+도착지+요금) 해시값 검사 및 디바운스(300ms) 완료. /api/scrap 전송 직전!
2026-04-24 04:26:06.457  8782-8782  1DAL_MVP                com.onedal.app                       D  🚦 [ROADMAP 04:26:06.456] [📱앱] [DETAIL_CONFIRMED] [post /api/scrap request] ⏱️ 타이머 생존신고 발송  deviceId: 앱폰-sdk_gpho-160, (건수: 0)
2026-04-24 04:26:06.466  8782-8961  1DAL_MVP                com.onedal.app                       D  🚦 [ROADMAP 04:26:06.465] [📱앱] [DETAIL_CONFIRMED] [post /api/scrap response] deviceId: 앱폰-sdk_gpho-160, (건수: 0)
2026-04-24 04:26:06.466  8782-8961  1DAL_API                com.onedal.app                       D  📋 [필터 동기화 (서버→앱) 적용됨] 맵핑된 필터 전체 스키마:
                                                                                                    FilterConfig(allowedVehicleTypes=[오토바이, 다마스, 라보, 승용차, 1t], isActive=false, isSharedMode=false, pickupRadiusKm=10, minFare=20000, maxFare=100000, destinationCity=파주시, destinationRadiusKm=0, excludedKeywords=[], destinationKeywords=[], customCityFilters=[], destinationGroups={}, customFilters=[])
2026-04-24 04:26:06.467  8782-8961  1DAL_TELEMETRY          com.onedal.app                       D  📥 [서버 수신] ⏱️ 타이머 생존신고 완료 (수신된 모드: AUTO)
2026-04-24 04:26:07.463  8782-8782  1DAL_TELEMETRY          com.onedal.app                       I  🛡️ 파싱된 콜 객체의 (출발지+도착지+요금) 해시값 검사 및 디바운스(300ms) 완료. /api/scrap 전송 직전!
2026-04-24 04:26:07.464  8782-8782  1DAL_MVP                com.onedal.app                       D  🚦 [ROADMAP 04:26:07.463] [📱앱] [DETAIL_CONFIRMED] [post /api/scrap request] ⏱️ 타이머 생존신고 발송  deviceId: 앱폰-sdk_gpho-160, (건수: 0)
2026-04-24 04:26:07.473  8782-8961  1DAL_MVP                com.onedal.app                       D  🚦 [ROADMAP 04:26:07.472] [📱앱] [DETAIL_CONFIRMED] [post /api/scrap response] deviceId: 앱폰-sdk_gpho-160, (건수: 0)
2026-04-24 04:26:07.473  8782-8961  1DAL_API                com.onedal.app                       D  📋 [필터 동기화 (서버→앱) 적용됨] 맵핑된 필터 전체 스키마:
                                                                                                    FilterConfig(allowedVehicleTypes=[오토바이, 다마스, 라보, 승용차, 1t], isActive=false, isSharedMode=false, pickupRadiusKm=10, minFare=20000, maxFare=100000, destinationCity=파주시, destinationRadiusKm=0, excludedKeywords=[], destinationKeywords=[], customCityFilters=[], destinationGroups={}, customFilters=[])
2026-04-24 04:26:07.474  8782-8961  1DAL_TELEMETRY          com.onedal.app                       D  📥 [서버 수신] ⏱️ 타이머 생존신고 완료 (수신된 모드: AUTO)
2026-04-24 04:26:08.471  8782-8782  1DAL_TELEMETRY          com.onedal.app                       I  🛡️ 파싱된 콜 객체의 (출발지+도착지+요금) 해시값 검사 및 디바운스(300ms) 완료. /api/scrap 전송 직전!
2026-04-24 04:26:08.474  8782-8782  1DAL_MVP                com.onedal.app                       D  🚦 [ROADMAP 04:26:08.472] [📱앱] [DETAIL_CONFIRMED] [post /api/scrap request] ⏱️ 타이머 생존신고 발송  deviceId: 앱폰-sdk_gpho-160, (건수: 0)
2026-04-24 04:26:08.490  8782-8961  1DAL_MVP                com.onedal.app                       D  🚦 [ROADMAP 04:26:08.489] [📱앱] [DETAIL_CONFIRMED] [post /api/scrap response] deviceId: 앱폰-sdk_gpho-160, (건수: 0)
2026-04-24 04:26:08.491  8782-8961  1DAL_API                com.onedal.app                       D  📋 [필터 동기화 (서버→앱) 적용됨] 맵핑된 필터 전체 스키마:
                                                                                                    FilterConfig(allowedVehicleTypes=[오토바이, 다마스, 라보, 승용차, 1t], isActive=false, isSharedMode=false, pickupRadiusKm=10, minFare=20000, maxFare=100000, destinationCity=파주시, destinationRadiusKm=0, excludedKeywords=[], destinationKeywords=[], customCityFilters=[], destinationGroups={}, customFilters=[])
2026-04-24 04:26:08.491  8782-8961  1DAL_API                com.onedal.app                       W  ⚡ [Piggyback Decision 수신] orderId: 9fe0bea0-a856-4a06-86ab-bacd33769c2e, action: CANCEL
2026-04-24 04:26:08.492  8782-8961  1DAL_MVP                com.onedal.app                       W  🛡️ [정상 결재 수신] ID 일치(9fe0bea0-a856-4a06-86ab-bacd33769c2e). 즉각 폐기/유지 액션을 집행합니다. (Action: CANCEL)
2026-04-24 04:26:08.492  8782-8961  1DAL_MVP                com.onedal.app                       D  ⚡ 판결 집행: 행동=CANCEL, 누를버튼=취소 (버튼클릭을 시작합니다), 500ms 지연
2026-04-24 04:26:08.492  8782-8961  1DAL_MVP                com.onedal.app                       I  🛡️ [앱폰] 사냥 복귀 직후: 앱 메모리 상의 scrapBuffer 배열을 비우고 강제 플러시(Flush)하여 잔상 데이터를 제거함
2026-04-24 04:26:08.492  8782-8961  1DAL_TELEMETRY          com.onedal.app                       D  📥 [서버 수신] ⏱️ 타이머 생존신고 완료 (수신된 모드: AUTO)
2026-04-24 04:26:08.695  8782-8782  1DAL_TELEMETRY          com.onedal.app                       I  🛡️ 파싱된 콜 객체의 (출발지+도착지+요금) 해시값 검사 및 디바운스(300ms) 완료. /api/scrap 전송 직전!
2026-04-24 04:26:08.695  8782-8782  1DAL_MVP                com.onedal.app                       D  🚦 [ROADMAP 04:26:08.695] [📱앱] [DETAIL_CONFIRMED] [post /api/scrap request] 👀 화면 변경 감지 발송  deviceId: 앱폰-sdk_gpho-160, (건수: 0)
2026-04-24 04:26:08.701  8782-8961  1DAL_MVP                com.onedal.app                       D  🚦 [ROADMAP 04:26:08.701] [📱앱] [DETAIL_CONFIRMED] [post /api/scrap response] deviceId: 앱폰-sdk_gpho-160, (건수: 0)
2026-04-24 04:26:08.702  8782-8961  1DAL_API                com.onedal.app                       D  📋 [필터 동기화 (서버→앱) 적용됨] 맵핑된 필터 전체 스키마:
                                                                                                    FilterConfig(allowedVehicleTypes=[오토바이, 다마스, 라보, 승용차, 1t], isActive=false, isSharedMode=false, pickupRadiusKm=10, minFare=20000, maxFare=100000, destinationCity=파주시, destinationRadiusKm=0, excludedKeywords=[], destinationKeywords=[], customCityFilters=[], destinationGroups={}, customFilters=[])
2026-04-24 04:26:08.702  8782-8961  1DAL_TELEMETRY          com.onedal.app                       D  📥 [서버 수신] 👀 화면 변경 감지 완료 (수신된 모드: AUTO)
2026-04-24 04:26:09.001  8782-8782  1DAL_MVP                com.onedal.app                       D  🚦 [ROADMAP 04:26:09.001] [📱앱] '취소' 버튼 인식 ➡️ 클릭 시도
2026-04-24 04:26:09.003  8782-8782  1DAL_MVP                com.onedal.app                       D  🚦 [ROADMAP 04:26:09.003] [📱앱] [DETAIL_CONFIRMED] [Current Page: DETAIL_CONFIRMED] 체류 상태 확인
2026-04-24 04:26:09.004  8782-8782  1DAL_MVP                com.onedal.app                       D  🚦 [ROADMAP 04:26:09.004] [📱앱] [DETAIL_CONFIRMED] [Current Page: LIST] 로 복귀 렌더링 완료
2026-04-24 04:26:09.004  8782-8782  1DAL_MVP                com.onedal.app                       D  🚦 [ROADMAP 04:26:09.004] [📱앱] [DETAIL_CONFIRMED] 🔓 isHolding = false 락 해제 완료
2026-04-24 04:26:09.004  8782-8782  1DAL_MVP                com.onedal.app                       D  🚦 [ROADMAP 04:26:09.004] [📱앱] [DETAIL_CONFIRMED] 🔄 [원래 하던 모드(유지된 필터)로 PHASE 2 무한 루프 회귀] 🔄
2026-04-24 04:26:09.004  8782-8782  1DAL_MVP                com.onedal.app                       D  🎉 행동 완료! 타겟($targetBtnStr) 명중.
2026-04-24 04:26:09.055  8782-8782  1DAL_TOUCH              com.onedal.app                       D  ✅ [가로채기 성공!] 화면 좌표 (X:950.0, Y:478.0) 터치 완료!
2026-04-24 04:26:09.056  8782-8782  1DAL_MVP                com.onedal.app                       D  🚦 [ROADMAP 04:26:09.056] [📱앱] 버튼 터치 완료 (가로채기 성공) X:950.0, Y:478.0
2026-04-24 04:26:09.217  8782-8782  1DAL_MVP                com.onedal.app                       D  -------------------------------
2026-04-24 04:26:09.218  8782-8782  1DAL_MVP                com.onedal.app                       D  🚦 [ROADMAP 04:26:09.217] [📱앱] [LIST] 📡 화면 변경 감지 | 모드: AUTO
2026-04-24 04:26:09.218  8782-8782  1DAL_MVP                com.onedal.app                       I  🛡️ [앱폰] 사냥 복귀 직후: 앱 메모리 상의 scrapBuffer 배열을 비우고 강제 플러시(Flush)하여 잔상 데이터를 제거함
2026-04-24 04:26:09.231  8782-8782  1DAL_PARSER             com.onedal.app                       D  🔍 [1차 리스트 필터] 도착지=남한산성면, 결과=true
2026-04-24 04:26:09.232  8782-8782  1DAL_MVP                com.onedal.app                       D  🚦 [ROADMAP 04:26:09.232] [📱앱] [LIST] 🔍 [타겟 콜 필터 결과] 차종(다)=✅ 도착지(0중 남한산성면)=✅ 요금(20000 <= 30000)=✅ 상차지/거리(10km >= 5.0km)=✅ 블랙()=✅
2026-04-24 04:26:09.232  8782-8782  1DAL_MVP                com.onedal.app                       D  🚦 [ROADMAP 04:26:09.232] [📱앱] [LIST] 인성앱 콜 리스트 렌더링 ➡️ [Current Page: LIST] 진입
2026-04-24 04:26:09.232  8782-8782  1DAL_MVP                com.onedal.app                       D  🚦 [ROADMAP 04:26:09.232] [📱앱] [LIST] 안드로이드 자체 메모리에 필터 캐싱 완료 및 대기
2026-04-24 04:26:09.232  8782-8782  1DAL_MVP                com.onedal.app                       D  🚦 [ROADMAP 04:26:09.232] [📱앱] [LIST] [Current Page: LIST] 상태 유지 및 1차(단독/합짐) 리스트 필터 통과 확인
2026-04-24 04:26:09.232  8782-8782  1DAL_MVP                com.onedal.app                       D  💥 [AUTO] 꿀콜 조건 통과! 대상 콜 강제 터치 진행!
2026-04-24 04:26:09.232  8782-8782  1DAL_MVP                com.onedal.app                       D  📝 [AUTO] 2차 검증 반송(취소)에 대비해 해당 콜 지문 선(先)기록 완료 (해시: 681434105)
2026-04-24 04:26:09.232  8782-8782  1DAL_MVP                com.onedal.app                       D  🚦 [ROADMAP 04:26:09.232] [📱앱] [LIST] 리스트에서 바뀐 text 감지 후 text 추출
2026-04-24 04:26:09.233  8782-8782  1DAL_MVP                com.onedal.app                       D  🚦 [ROADMAP 04:26:09.233] [📱앱] [LIST] [인성 Socket] 인성콜에 선택된 콜 정보 전달 (꿀콜 클릭!)
2026-04-24 04:26:09.283  8782-8782  1DAL_TOUCH              com.onedal.app                       D  ✅ [가로채기 성공!] 화면 좌표 (X:917.0, Y:568.0) 터치 완료!
2026-04-24 04:26:09.283  8782-8782  1DAL_MVP                com.onedal.app                       D  🚦 [ROADMAP 04:26:09.283] [📱앱] 버튼 터치 완료 (가로채기 성공) X:917.0, Y:568.0
2026-04-24 04:26:09.406  8782-8782  1DAL_MVP                com.onedal.app                       D  -------------------------------
2026-04-24 04:26:09.407  8782-8782  1DAL_MVP                com.onedal.app                       D  🚦 [ROADMAP 04:26:09.406] [📱앱] [DETAIL_PRE_CONFIRM] 📡 화면 변경 감지 | 모드: AUTO
2026-04-24 04:26:09.407  8782-8782  1DAL_MVP                com.onedal.app                       D  🚦 [ROADMAP 04:26:09.407] [📱앱] [DETAIL_PRE_CONFIRM] [Current Page: DETAIL_PRE_CONFIRM] 진입 완료
2026-04-24 04:26:09.417  8782-8782  1DAL_MVP                com.onedal.app                       D  🚦 [ROADMAP 04:26:09.417] [📱앱] [DETAIL_PRE_CONFIRM] 상세페이지 텍스트 추출 및 2차 필터(적요 등) 통과 확인
2026-04-24 04:26:09.417  8782-8782  1DAL_MVP                com.onedal.app                       D  🚦 [ROADMAP 04:26:09.417] [📱앱] [LIST] 🔍 [타겟 콜 필터 결과] 차종(다)=✅ 도착지(0중 남한산성면)=✅ 요금(20000 <= 30000)=✅ 상차지/거리(10km >= 5.0km)=✅ 블랙()=✅
2026-04-24 04:26:09.417  8782-8782  1DAL_MVP                com.onedal.app                       D  📤 [post /confirm request] 서버 전송 내용 -> 모드: AUTO (스위치: AUTO, 매크로클릭: true) | 텍스트: rep_map 고양퀵서비스-031-932-7722 전표 상태 : 신규 물품 : 서류봉투 차량 : 다 탁송료 : 수수료 : 23% 요금 : 30,000(카드) 구분 : 편도 형태 : 예약 적요상세 *카고 입니다. 세금계산서필 13:24 상차. 마스크 카톤 서류봉투 명세서...
2026-04-24 04:26:09.417  8782-8782  1DAL_MVP                com.onedal.app                       D  🚀 [AUTO] 확정 버튼 광클 (배차 시도)
2026-04-24 04:26:09.418  8782-8782  1DAL_MVP                com.onedal.app                       D  🚦 [ROADMAP 04:26:09.417] [📱앱] [DETAIL_PRE_CONFIRM] 상세페이지에서 '확정' 추출 후 클릭
2026-04-24 04:26:09.418  8782-8782  1DAL_MVP                com.onedal.app                       D  🚦 [ROADMAP 04:26:09.418] [📱앱] [DETAIL_PRE_CONFIRM] [인성 Socket] 콜 확정 완료
2026-04-24 04:26:09.420  8782-8782  1DAL_MVP                com.onedal.app                       D  🚦 [ROADMAP 04:26:09.420] [📱앱] '확정' 버튼 인식 ➡️ 클릭 시도
2026-04-24 04:26:09.424  8782-8987  1DAL_API                com.onedal.app                       D  🌐 [post /confirm response / 200] {"success":true,"message":"1차 수신 완료. 상세 페이지 내용을 긁어서 POST /api/orders/detail 로 보내주세요."}
2026-04-24 04:26:09.424  8782-8987  1DAL_MVP                com.onedal.app                       D  🚦 [ROADMAP 04:26:09.424] [📱앱] [HTTP 폴링] 응답 /orders/confirm
2026-04-24 04:26:09.475  8782-8782  1DAL_TOUCH              com.onedal.app                       D  ✅ [가로채기 성공!] 화면 좌표 (X:161.0, Y:2251.0) 터치 완료!
2026-04-24 04:26:09.476  8782-8782  1DAL_MVP                com.onedal.app                       D  🚦 [ROADMAP 04:26:09.475] [📱앱] 버튼 터치 완료 (가로채기 성공) X:161.0, Y:2251.0
2026-04-24 04:26:09.602  8782-8782  1DAL_MVP                com.onedal.app                       D  -------------------------------
2026-04-24 04:26:09.602  8782-8782  1DAL_MVP                com.onedal.app                       D  🚦 [ROADMAP 04:26:09.602] [📱앱] [DETAIL_CONFIRMED] 📡 화면 변경 감지 | 모드: AUTO
2026-04-24 04:26:09.603  8782-8782  1DAL_MVP                com.onedal.app                       D  🚦 [ROADMAP 04:26:09.602] [📱앱] [DETAIL_CONFIRMED] [Current Page: DETAIL_CONFIRMED] 진입 완료
2026-04-24 04:26:09.603  8782-8782  1DAL_MVP                com.onedal.app                       D  🚦 [ROADMAP 04:26:09.603] [📱앱] [DETAIL_CONFIRMED] 🔒 isHolding = true 설정 (이후 화면 요동쳐도 락 유지)
2026-04-24 04:26:09.603  8782-8782  1DAL_MVP                com.onedal.app                       D  🚦 [ROADMAP 04:26:09.603] [📱앱] [DETAIL_CONFIRMED] 🏄‍♂️ 무인 서핑 가동 (State Machine: IDLE)
2026-04-24 04:26:09.603  8782-8782  1DAL_MVP                com.onedal.app                       D  🚦 [ROADMAP 04:26:09.603] [📱앱] [DETAIL_CONFIRMED] [Current Page: DETAIL_CONFIRMED] 확정페이지 체류 및 팝업버튼 트리거 대기
2026-04-24 04:26:09.603  8782-8782  1DAL_MVP                com.onedal.app                       D  🏄‍♂️ [자동 팝업 서핑] 확정 화면 진입 확인! 적요상세 팝업 호출 시도
2026-04-24 04:26:09.603  8782-8782  1DAL_MVP                com.onedal.app                       D  🚦 [ROADMAP 04:26:09.603] [📱앱] '적요상세' 버튼 인식 ➡️ 클릭 시도
2026-04-24 04:26:09.604  8782-8782  1DAL_MVP                com.onedal.app                       D  🚦 [ROADMAP 04:26:09.604] [📱앱] [DETAIL_CONFIRMED] 확정페이지에서 '적요상세' 추출 후 클릭
2026-04-24 04:26:09.604  8782-8782  1DAL_MVP                com.onedal.app                       I  📋 [SEQ 81] 적요상세 버튼 클릭 → 적요 정보 요청
2026-04-24 04:26:09.657  8782-8782  1DAL_TOUCH              com.onedal.app                       D  ✅ [가로채기 성공!] 화면 좌표 (X:149.0, Y:1153.0) 터치 완료!
2026-04-24 04:26:09.658  8782-8782  1DAL_MVP                com.onedal.app                       D  🚦 [ROADMAP 04:26:09.658] [📱앱] 버튼 터치 완료 (가로채기 성공) X:149.0, Y:1153.0
2026-04-24 04:26:09.782  8782-8782  1DAL_MVP                com.onedal.app                       D  -------------------------------
2026-04-24 04:26:09.783  8782-8782  1DAL_MVP                com.onedal.app                       D  🚦 [ROADMAP 04:26:09.782] [📱앱] [POPUP_MEMO] 📡 화면 변경 감지 | 모드: AUTO
2026-04-24 04:26:09.783  8782-8782  1DAL_MVP                com.onedal.app                       D  📝 적요 스크래핑 성공! 닫기 버튼 누름
2026-04-24 04:26:09.783  8782-8782  1DAL_MVP                com.onedal.app                       I  📋 [SEQ 81-82] 적요상세 추출 완료 → 닫기
2026-04-24 04:26:09.783  8782-8782  1DAL_MVP                com.onedal.app                       D  🚦 [ROADMAP 04:26:09.783] [📱앱] [POPUP_MEMO] [Current Page: POPUP_MEMO] 진입 완료 ("적요 내용" 텍스트 매칭 확인)
2026-04-24 04:26:09.783  8782-8782  1DAL_MVP                com.onedal.app                       D  🚦 [ROADMAP 04:26:09.783] [📱앱] [POPUP_MEMO] 적요상세 데이터 추출 및 메모리에 누적 저장
2026-04-24 04:26:09.784  8782-8782  1DAL_MVP                com.onedal.app                       D  🚦 [ROADMAP 04:26:09.784] [📱앱] '닫기' 버튼 인식 ➡️ 클릭 시도
2026-04-24 04:26:09.836  8782-8782  1DAL_TOUCH              com.onedal.app                       D  ✅ [가로채기 성공!] 화면 좌표 (X:540.0, Y:2264.0) 터치 완료!
2026-04-24 04:26:09.836  8782-8782  1DAL_MVP                com.onedal.app                       D  🚦 [ROADMAP 04:26:09.836] [📱앱] 버튼 터치 완료 (가로채기 성공) X:540.0, Y:2264.0
2026-04-24 04:26:09.901  8782-8782  1DAL_MVP                com.onedal.app                       D  -------------------------------
2026-04-24 04:26:09.902  8782-8782  1DAL_MVP                com.onedal.app                       D  🚦 [ROADMAP 04:26:09.901] [📱앱] [DETAIL_CONFIRMED] 📡 화면 변경 감지 | 모드: AUTO
2026-04-24 04:26:09.902  8782-8782  1DAL_MVP                com.onedal.app                       D  🚦 [ROADMAP 04:26:09.902] [📱앱] [DETAIL_CONFIRMED] [Current Page: DETAIL_CONFIRMED] 확정페이지 복귀 확인 (잔상 회피 완료)
2026-04-24 04:26:09.902  8782-8782  1DAL_MVP                com.onedal.app                       D  🏄‍♂️ [자동 팝업 서핑] 적요 정보 확인 완료. 출발지 정보 확인을 위해 자동 클릭 시도
2026-04-24 04:26:09.902  8782-8782  1DAL_MVP                com.onedal.app                       D  🚦 [ROADMAP 04:26:09.902] [📱앱] [DETAIL_CONFIRMED] 확정페이지에서 '출발지' 추출 후 클릭
2026-04-24 04:26:09.902  8782-8782  1DAL_MVP                com.onedal.app                       D  🚦 [ROADMAP 04:26:09.902] [📱앱] '출발지' 버튼 인식 ➡️ 클릭 시도
2026-04-24 04:26:09.954  8782-8782  1DAL_TOUCH              com.onedal.app                       D  ✅ [가로채기 성공!] 화면 좌표 (X:539.0, Y:1592.0) 터치 완료!
2026-04-24 04:26:09.954  8782-8782  1DAL_MVP                com.onedal.app                       D  🚦 [ROADMAP 04:26:09.954] [📱앱] 버튼 터치 완료 (가로채기 성공) X:539.0, Y:1592.0
2026-04-24 04:26:10.015  8782-8782  1DAL_MVP                com.onedal.app                       D  -------------------------------
2026-04-24 04:26:10.015  8782-8782  1DAL_MVP                com.onedal.app                       D  🚦 [ROADMAP 04:26:10.015] [📱앱] [POPUP_PICKUP] 📡 화면 변경 감지 | 모드: AUTO
2026-04-24 04:26:10.015  8782-8782  1DAL_MVP                com.onedal.app                       D  📝 출발지 스크래핑 성공! 닫기 버튼 누름
2026-04-24 04:26:10.016  8782-8782  1DAL_MVP                com.onedal.app                       D  🚦 [ROADMAP 04:26:10.015] [📱앱] [POPUP_PICKUP] [Current Page: POPUP_PICKUP] 진입 완료 ("전화1" 텍스트 매칭 확인)
2026-04-24 04:26:10.016  8782-8782  1DAL_MVP                com.onedal.app                       D  🚦 [ROADMAP 04:26:10.016] [📱앱] [POPUP_PICKUP] 출발지 데이터 추출 및 메모리에 누적 저장
2026-04-24 04:26:10.016  8782-8782  1DAL_MVP                com.onedal.app                       D  🚦 [ROADMAP 04:26:10.016] [📱앱] '닫기' 버튼 인식 ➡️ 클릭 시도
2026-04-24 04:26:10.069  8782-8782  1DAL_TOUCH              com.onedal.app                       D  ✅ [가로채기 성공!] 화면 좌표 (X:136.0, Y:2264.0) 터치 완료!
2026-04-24 04:26:10.069  8782-8782  1DAL_MVP                com.onedal.app                       D  🚦 [ROADMAP 04:26:10.069] [📱앱] 버튼 터치 완료 (가로채기 성공) X:136.0, Y:2264.0
2026-04-24 04:26:10.109  8782-8782  1DAL_MVP                com.onedal.app                       D  -------------------------------
2026-04-24 04:26:10.109  8782-8782  1DAL_MVP                com.onedal.app                       D  🚦 [ROADMAP 04:26:10.109] [📱앱] [DETAIL_CONFIRMED] 📡 화면 변경 감지 | 모드: AUTO
2026-04-24 04:26:10.110  8782-8782  1DAL_MVP                com.onedal.app                       D  🚦 [ROADMAP 04:26:10.109] [📱앱] [DETAIL_CONFIRMED] [Current Page: DETAIL_CONFIRMED] 확정페이지 복귀 확인 (잔상 회피 완료)
2026-04-24 04:26:10.110  8782-8782  1DAL_MVP                com.onedal.app                       D  🏄‍♂️ [자동 팝업 서핑] 출발지 확인 완료. 도착지 정보 확인을 위해 자동 클릭 시도
2026-04-24 04:26:10.110  8782-8782  1DAL_MVP                com.onedal.app                       D  🚦 [ROADMAP 04:26:10.110] [📱앱] [DETAIL_CONFIRMED] 확정페이지에서 '도착지' 추출 후 클릭
2026-04-24 04:26:10.110  8782-8782  1DAL_MVP                com.onedal.app                       D  🚦 [ROADMAP 04:26:10.110] [📱앱] '도착지' 버튼 인식 ➡️ 클릭 시도
2026-04-24 04:26:10.162  8782-8782  1DAL_TOUCH              com.onedal.app                       D  ✅ [가로채기 성공!] 화면 좌표 (X:539.0, Y:1742.0) 터치 완료!
2026-04-24 04:26:10.163  8782-8782  1DAL_MVP                com.onedal.app                       D  🚦 [ROADMAP 04:26:10.162] [📱앱] 버튼 터치 완료 (가로채기 성공) X:539.0, Y:1742.0
2026-04-24 04:26:10.229  8782-8782  1DAL_MVP                com.onedal.app                       D  -------------------------------
2026-04-24 04:26:10.229  8782-8782  1DAL_MVP                com.onedal.app                       D  🚦 [ROADMAP 04:26:10.229] [📱앱] [POPUP_DROPOFF] 📡 화면 변경 감지 | 모드: AUTO
2026-04-24 04:26:10.229  8782-8782  1DAL_MVP                com.onedal.app                       D  📝 도착지 스크래핑 성공! 닫기 누름 및 전체 내용 /detail 로 발송
2026-04-24 04:26:10.229  8782-8782  1DAL_MVP                com.onedal.app                       D  🚦 [ROADMAP 04:26:10.229] [📱앱] [POPUP_DROPOFF] [Current Page: POPUP_DROPOFF] 진입 완료 ("전화1" 텍스트 매칭 확인)
2026-04-24 04:26:10.229  8782-8782  1DAL_MVP                com.onedal.app                       D  🚦 [ROADMAP 04:26:10.229] [📱앱] [POPUP_DROPOFF] 도착지 데이터 추출 및 메모리에 누적 저장
2026-04-24 04:26:10.231  8782-8782  1DAL_MVP                com.onedal.app                       D  🚦 [ROADMAP 04:26:10.230] [📱앱] '닫기' 버튼 인식 ➡️ 클릭 시도
2026-04-24 04:26:10.231  8782-8782  1DAL_MVP                com.onedal.app                       D  🚦 [ROADMAP 04:26:10.231] [📱앱] [POPUP_DROPOFF] [Current Page: DETAIL_CONFIRMED] 무인 서핑 종료 (State Machine: DONE)
2026-04-24 04:26:10.231  8782-8782  1DAL_MVP                com.onedal.app                       W  ⏳ 데스밸리 타이머 시작: 30초 대기...
2026-04-24 04:26:10.232  8782-8782  1DAL_MVP                com.onedal.app                       D  🌐 [post /detail request] AUTO 모드 판결 요청 텍스트: rep_map 고양퀵서비스-031-932-7722 전표 상태 : 신규 물품 : 서류봉투 취소 차량 : 다 탁송료 : 0 수수료 : 23% 요금 : 30,000(카드) 구분 : 편도 형태 : 예약 적요상세 인수증 전송 *카고 입니다. 세금계산서필 13:24 상차. 마스크...
2026-04-24 04:26:10.282  8782-8782  1DAL_TOUCH              com.onedal.app                       D  ✅ [가로채기 성공!] 화면 좌표 (X:136.0, Y:2264.0) 터치 완료!
2026-04-24 04:26:10.282  8782-8782  1DAL_MVP                com.onedal.app                       D  🚦 [ROADMAP 04:26:10.282] [📱앱] 버튼 터치 완료 (가로채기 성공) X:136.0, Y:2264.0
2026-04-24 04:26:10.389  8782-8987  1DAL_API                com.onedal.app                       D  🌐 [post /detail response / 202] 즉결 접수 완료. Piggyback 대기 시작.
2026-04-24 04:26:10.521  8782-8782  1DAL_TELEMETRY          com.onedal.app                       I  🛡️ 파싱된 콜 객체의 (출발지+도착지+요금) 해시값 검사 및 디바운스(300ms) 완료. /api/scrap 전송 직전!
2026-04-24 04:26:10.522  8782-8782  1DAL_MVP                com.onedal.app                       D  🚦 [ROADMAP 04:26:10.521] [📱앱] [DETAIL_CONFIRMED] [post /api/scrap request] 👀 화면 변경 감지 발송  deviceId: 앱폰-sdk_gpho-160, (건수: 0)
2026-04-24 04:26:10.530  8782-8961  1DAL_MVP                com.onedal.app                       D  🚦 [ROADMAP 04:26:10.530] [📱앱] [DETAIL_CONFIRMED] [post /api/scrap response] deviceId: 앱폰-sdk_gpho-160, (건수: 0)
