2026-04-24 04:26:31.230  8782-8782  1DAL_MVP                com.onedal.app                       D  🚦 [ROADMAP 04:26:31.230] [📱앱] [DETAIL_CONFIRMED] [Current Page: DETAIL_CONFIRMED] 진입 완료
2026-04-24 04:26:31.230  8782-8782  1DAL_MVP                com.onedal.app                       D  🚦 [ROADMAP 04:26:31.230] [📱앱] [DETAIL_CONFIRMED] 🔒 isHolding = true 설정 (이후 화면 요동쳐도 락 유지)
2026-04-24 04:26:31.230  8782-8782  1DAL_MVP                com.onedal.app                       D  🚦 [ROADMAP 04:26:31.230] [📱앱] [DETAIL_CONFIRMED] 🏄‍♂️ 무인 서핑 가동 (State Machine: IDLE)
2026-04-24 04:26:31.230  8782-8782  1DAL_MVP                com.onedal.app                       D  🚦 [ROADMAP 04:26:31.230] [📱앱] [DETAIL_CONFIRMED] [Current Page: DETAIL_CONFIRMED] 확정페이지 체류 및 팝업버튼 트리거 대기
2026-04-24 04:26:31.230  8782-8782  1DAL_MVP                com.onedal.app                       D  🏄‍♂️ [자동 팝업 서핑] 확정 화면 진입 확인! 적요상세 팝업 호출 시도
2026-04-24 04:26:31.230  8782-8782  1DAL_MVP                com.onedal.app                       D  🚦 [ROADMAP 04:26:31.230] [📱앱] '적요상세' 버튼 인식 ➡️ 클릭 시도
2026-04-24 04:26:31.231  8782-8782  1DAL_MVP                com.onedal.app                       D  🚦 [ROADMAP 04:26:31.231] [📱앱] [DETAIL_CONFIRMED] 확정페이지에서 '적요상세' 추출 후 클릭
2026-04-24 04:26:31.231  8782-8782  1DAL_MVP                com.onedal.app                       I  📋 [SEQ 81] 적요상세 버튼 클릭 → 적요 정보 요청
2026-04-24 04:26:31.283  8782-8782  1DAL_TOUCH              com.onedal.app                       D  ✅ [가로채기 성공!] 화면 좌표 (X:149.0, Y:1153.0) 터치 완료!
2026-04-24 04:26:31.284  8782-8782  1DAL_MVP                com.onedal.app                       D  🚦 [ROADMAP 04:26:31.283] [📱앱] 버튼 터치 완료 (가로채기 성공) X:149.0, Y:1153.0
2026-04-24 04:26:31.397  8782-8782  1DAL_MVP                com.onedal.app                       D  -------------------------------
2026-04-24 04:26:31.397  8782-8782  1DAL_MVP                com.onedal.app                       D  🚦 [ROADMAP 04:26:31.397] [📱앱] [POPUP_MEMO] 📡 화면 변경 감지 | 모드: AUTO
2026-04-24 04:26:31.397  8782-8782  1DAL_MVP                com.onedal.app                       D  📝 적요 스크래핑 성공! 닫기 버튼 누름
2026-04-24 04:26:31.397  8782-8782  1DAL_MVP                com.onedal.app                       I  📋 [SEQ 81-82] 적요상세 추출 완료 → 닫기
2026-04-24 04:26:31.397  8782-8782  1DAL_MVP                com.onedal.app                       D  🚦 [ROADMAP 04:26:31.397] [📱앱] [POPUP_MEMO] [Current Page: POPUP_MEMO] 진입 완료 ("적요 내용" 텍스트 매칭 확인)
2026-04-24 04:26:31.397  8782-8782  1DAL_MVP                com.onedal.app                       D  🚦 [ROADMAP 04:26:31.397] [📱앱] [POPUP_MEMO] 적요상세 데이터 추출 및 메모리에 누적 저장
2026-04-24 04:26:31.398  8782-8782  1DAL_MVP                com.onedal.app                       D  🚦 [ROADMAP 04:26:31.398] [📱앱] '닫기' 버튼 인식 ➡️ 클릭 시도
2026-04-24 04:26:31.450  8782-8782  1DAL_TOUCH              com.onedal.app                       D  ✅ [가로채기 성공!] 화면 좌표 (X:540.0, Y:2264.0) 터치 완료!
2026-04-24 04:26:31.450  8782-8782  1DAL_MVP                com.onedal.app                       D  🚦 [ROADMAP 04:26:31.450] [📱앱] 버튼 터치 완료 (가로채기 성공) X:540.0, Y:2264.0
2026-04-24 04:26:31.501  8782-8782  1DAL_MVP                com.onedal.app                       D  -------------------------------
2026-04-24 04:26:31.501  8782-8782  1DAL_MVP                com.onedal.app                       D  🚦 [ROADMAP 04:26:31.501] [📱앱] [DETAIL_CONFIRMED] 📡 화면 변경 감지 | 모드: AUTO
2026-04-24 04:26:31.501  8782-8782  1DAL_MVP                com.onedal.app                       D  🚦 [ROADMAP 04:26:31.501] [📱앱] [DETAIL_CONFIRMED] [Current Page: DETAIL_CONFIRMED] 확정페이지 복귀 확인 (잔상 회피 완료)
2026-04-24 04:26:31.501  8782-8782  1DAL_MVP                com.onedal.app                       D  🏄‍♂️ [자동 팝업 서핑] 적요 정보 확인 완료. 출발지 정보 확인을 위해 자동 클릭 시도
2026-04-24 04:26:31.502  8782-8782  1DAL_MVP                com.onedal.app                       D  🚦 [ROADMAP 04:26:31.502] [📱앱] [DETAIL_CONFIRMED] 확정페이지에서 '출발지' 추출 후 클릭
2026-04-24 04:26:31.502  8782-8782  1DAL_MVP                com.onedal.app                       D  🚦 [ROADMAP 04:26:31.502] [📱앱] '출발지' 버튼 인식 ➡️ 클릭 시도
2026-04-24 04:26:31.553  8782-8782  1DAL_TOUCH              com.onedal.app                       D  ✅ [가로채기 성공!] 화면 좌표 (X:539.0, Y:1592.0) 터치 완료!
2026-04-24 04:26:31.554  8782-8782  1DAL_MVP                com.onedal.app                       D  🚦 [ROADMAP 04:26:31.553] [📱앱] 버튼 터치 완료 (가로채기 성공) X:539.0, Y:1592.0
2026-04-24 04:26:31.619  8782-8782  1DAL_MVP                com.onedal.app                       D  -------------------------------
2026-04-24 04:26:31.620  8782-8782  1DAL_MVP                com.onedal.app                       D  🚦 [ROADMAP 04:26:31.620] [📱앱] [POPUP_PICKUP] 📡 화면 변경 감지 | 모드: AUTO
2026-04-24 04:26:31.620  8782-8782  1DAL_MVP                com.onedal.app                       D  📝 출발지 스크래핑 성공! 닫기 버튼 누름
2026-04-24 04:26:31.620  8782-8782  1DAL_MVP                com.onedal.app                       D  🚦 [ROADMAP 04:26:31.620] [📱앱] [POPUP_PICKUP] [Current Page: POPUP_PICKUP] 진입 완료 ("전화1" 텍스트 매칭 확인)
2026-04-24 04:26:31.621  8782-8782  1DAL_MVP                com.onedal.app                       D  🚦 [ROADMAP 04:26:31.621] [📱앱] [POPUP_PICKUP] 출발지 데이터 추출 및 메모리에 누적 저장
2026-04-24 04:26:31.621  8782-8782  1DAL_MVP                com.onedal.app                       D  🚦 [ROADMAP 04:26:31.621] [📱앱] '닫기' 버튼 인식 ➡️ 클릭 시도
2026-04-24 04:26:31.674  8782-8782  1DAL_TOUCH              com.onedal.app                       D  ✅ [가로채기 성공!] 화면 좌표 (X:136.0, Y:2264.0) 터치 완료!
2026-04-24 04:26:31.675  8782-8782  1DAL_MVP                com.onedal.app                       D  🚦 [ROADMAP 04:26:31.674] [📱앱] 버튼 터치 완료 (가로채기 성공) X:136.0, Y:2264.0
2026-04-24 04:26:31.731  8782-8782  1DAL_MVP                com.onedal.app                       D  -------------------------------
2026-04-24 04:26:31.732  8782-8782  1DAL_MVP                com.onedal.app                       D  🚦 [ROADMAP 04:26:31.731] [📱앱] [DETAIL_CONFIRMED] 📡 화면 변경 감지 | 모드: AUTO
2026-04-24 04:26:31.732  8782-8782  1DAL_MVP                com.onedal.app                       D  🚦 [ROADMAP 04:26:31.732] [📱앱] [DETAIL_CONFIRMED] [Current Page: DETAIL_CONFIRMED] 확정페이지 복귀 확인 (잔상 회피 완료)
2026-04-24 04:26:31.732  8782-8782  1DAL_MVP                com.onedal.app                       D  🏄‍♂️ [자동 팝업 서핑] 출발지 확인 완료. 도착지 정보 확인을 위해 자동 클릭 시도
2026-04-24 04:26:31.732  8782-8782  1DAL_MVP                com.onedal.app                       D  🚦 [ROADMAP 04:26:31.732] [📱앱] [DETAIL_CONFIRMED] 확정페이지에서 '도착지' 추출 후 클릭
2026-04-24 04:26:31.732  8782-8782  1DAL_MVP                com.onedal.app                       D  🚦 [ROADMAP 04:26:31.732] [📱앱] '도착지' 버튼 인식 ➡️ 클릭 시도
2026-04-24 04:26:31.784  8782-8782  1DAL_TOUCH              com.onedal.app                       D  ✅ [가로채기 성공!] 화면 좌표 (X:539.0, Y:1742.0) 터치 완료!
2026-04-24 04:26:31.785  8782-8782  1DAL_MVP                com.onedal.app                       D  🚦 [ROADMAP 04:26:31.785] [📱앱] 버튼 터치 완료 (가로채기 성공) X:539.0, Y:1742.0
2026-04-24 04:26:31.833  8782-8782  1DAL_MVP                com.onedal.app                       D  -------------------------------
2026-04-24 04:26:31.834  8782-8782  1DAL_MVP                com.onedal.app                       D  🚦 [ROADMAP 04:26:31.833] [📱앱] [POPUP_DROPOFF] 📡 화면 변경 감지 | 모드: AUTO
2026-04-24 04:26:31.834  8782-8782  1DAL_MVP                com.onedal.app                       D  📝 도착지 스크래핑 성공! 닫기 누름 및 전체 내용 /detail 로 발송
2026-04-24 04:26:31.834  8782-8782  1DAL_MVP                com.onedal.app                       D  🚦 [ROADMAP 04:26:31.834] [📱앱] [POPUP_DROPOFF] [Current Page: POPUP_DROPOFF] 진입 완료 ("전화1" 텍스트 매칭 확인)
2026-04-24 04:26:31.834  8782-8782  1DAL_MVP                com.onedal.app                       D  🚦 [ROADMAP 04:26:31.834] [📱앱] [POPUP_DROPOFF] 도착지 데이터 추출 및 메모리에 누적 저장
2026-04-24 04:26:31.835  8782-8782  1DAL_MVP                com.onedal.app                       D  🚦 [ROADMAP 04:26:31.835] [📱앱] '닫기' 버튼 인식 ➡️ 클릭 시도
2026-04-24 04:26:31.835  8782-8782  1DAL_MVP                com.onedal.app                       D  🚦 [ROADMAP 04:26:31.835] [📱앱] [POPUP_DROPOFF] [Current Page: DETAIL_CONFIRMED] 무인 서핑 종료 (State Machine: DONE)
2026-04-24 04:26:31.835  8782-8782  1DAL_MVP                com.onedal.app                       W  ⏳ 데스밸리 타이머 시작: 30초 대기...
2026-04-24 04:26:31.836  8782-8782  1DAL_MVP                com.onedal.app                       D  🌐 [post /detail request] AUTO 모드 판결 요청 텍스트: rep_map 고양퀵서비스-031-932-7722 전표 상태 : 신규 물품 : 쇼핑백 2개 취소 차량 : 1t 탁송료 : 0 수수료 : 23% 요금 : 30,000(카드) 구분 : 편도 형태 : 보통 적요상세 인수증 전송 *카고 입니다. 세금계산서필 10:58 상차. ...
2026-04-24 04:26:31.889  8782-8782  1DAL_TOUCH              com.onedal.app                       D  ✅ [가로채기 성공!] 화면 좌표 (X:136.0, Y:2264.0) 터치 완료!
2026-04-24 04:26:31.889  8782-8782  1DAL_MVP                com.onedal.app                       D  🚦 [ROADMAP 04:26:31.889] [📱앱] 버튼 터치 완료 (가로채기 성공) X:136.0, Y:2264.0
2026-04-24 04:26:32.047  8782-8987  1DAL_API                com.onedal.app                       D  🌐 [post /detail response / 202] 즉결 접수 완료. Piggyback 대기 시작.
2026-04-24 04:26:32.113  8782-8782  1DAL_TELEMETRY          com.onedal.app                       I  🛡️ 파싱된 콜 객체의 (출발지+도착지+요금) 해시값 검사 및 디바운스(300ms) 완료. /api/scrap 전송 직전!
2026-04-24 04:26:32.113  8782-8782  1DAL_MVP                com.onedal.app                       D  🚦 [ROADMAP 04:26:32.113] [📱앱] [DETAIL_CONFIRMED] [post /api/scrap request] 👀 화면 변경 감지 발송  deviceId: 앱폰-sdk_gpho-160, (건수: 0)
2026-04-24 04:26:32.119  8782-8961  1DAL_MVP                com.onedal.app                       D  🚦 [ROADMAP 04:26:32.118] [📱앱] [DETAIL_CONFIRMED] [post /api/scrap response] deviceId: 앱폰-sdk_gpho-160, (건수: 0)
2026-04-24 04:26:32.119  8782-8961  1DAL_API                com.onedal.app                       D  📋 [필터 동기화 (서버→앱) 적용됨] 맵핑된 필터 전체 스키마:
                                                                                                    FilterConfig(allowedVehicleTypes=[오토바이, 다마스, 라보, 승용차, 1t], isActive=false, isSharedMode=false, pickupRadiusKm=10, minFare=20000, maxFare=100000, destinationCity=파주시, destinationRadiusKm=0, excludedKeywords=[], destinationKeywords=[], customCityFilters=[], destinationGroups={}, customFilters=[])
2026-04-24 04:26:32.119  8782-8961  1DAL_TELEMETRY          com.onedal.app                       D  📥 [서버 수신] 👀 화면 변경 감지 완료 (수신된 모드: AUTO)
2026-04-24 04:26:33.122  8782-8782  1DAL_TELEMETRY          com.onedal.app                       I  🛡️ 파싱된 콜 객체의 (출발지+도착지+요금) 해시값 검사 및 디바운스(300ms) 완료. /api/scrap 전송 직전!
2026-04-24 04:26:33.123  8782-8782  1DAL_MVP                com.onedal.app                       D  🚦 [ROADMAP 04:26:33.122] [📱앱] [DETAIL_CONFIRMED] [post /api/scrap request] ⏱️ 타이머 생존신고 발송  deviceId: 앱폰-sdk_gpho-160, (건수: 0)
2026-04-24 04:26:33.136  8782-8961  1DAL_MVP                com.onedal.app                       D  🚦 [ROADMAP 04:26:33.135] [📱앱] [DETAIL_CONFIRMED] [post /api/scrap response] deviceId: 앱폰-sdk_gpho-160, (건수: 0)
2026-04-24 04:26:33.137  8782-8961  1DAL_API                com.onedal.app                       D  📋 [필터 동기화 (서버→앱) 적용됨] 맵핑된 필터 전체 스키마:
                                                                                                    FilterConfig(allowedVehicleTypes=[오토바이, 다마스, 라보, 승용차, 1t], isActive=false, isSharedMode=false, pickupRadiusKm=10, minFare=20000, maxFare=100000, destinationCity=파주시, destinationRadiusKm=0, excludedKeywords=[], destinationKeywords=[], customCityFilters=[], destinationGroups={}, customFilters=[])
2026-04-24 04:26:33.138  8782-8961  1DAL_TELEMETRY          com.onedal.app                       D  📥 [서버 수신] ⏱️ 타이머 생존신고 완료 (수신된 모드: AUTO)
2026-04-24 04:26:34.128  8782-8782  1DAL_TELEMETRY          com.onedal.app                       I  🛡️ 파싱된 콜 객체의 (출발지+도착지+요금) 해시값 검사 및 디바운스(300ms) 완료. /api/scrap 전송 직전!
2026-04-24 04:26:34.130  8782-8782  1DAL_MVP                com.onedal.app                       D  🚦 [ROADMAP 04:26:34.128] [📱앱] [DETAIL_CONFIRMED] [post /api/scrap request] ⏱️ 타이머 생존신고 발송  deviceId: 앱폰-sdk_gpho-160, (건수: 0)
2026-04-24 04:26:34.147  8782-8961  1DAL_MVP                com.onedal.app                       D  🚦 [ROADMAP 04:26:34.147] [📱앱] [DETAIL_CONFIRMED] [post /api/scrap response] deviceId: 앱폰-sdk_gpho-160, (건수: 0)
2026-04-24 04:26:34.148  8782-8961  1DAL_API                com.onedal.app                       D  📋 [필터 동기화 (서버→앱) 적용됨] 맵핑된 필터 전체 스키마:
                                                                                                    FilterConfig(allowedVehicleTypes=[오토바이, 다마스, 라보, 승용차, 1t], isActive=false, isSharedMode=false, pickupRadiusKm=10, minFare=20000, maxFare=100000, destinationCity=파주시, destinationRadiusKm=0, excludedKeywords=[], destinationKeywords=[], customCityFilters=[], destinationGroups={}, customFilters=[])
2026-04-24 04:26:34.148  8782-8961  1DAL_TELEMETRY          com.onedal.app                       D  📥 [서버 수신] ⏱️ 타이머 생존신고 완료 (수신된 모드: AUTO)
2026-04-24 04:26:35.136  8782-8782  1DAL_TELEMETRY          com.onedal.app                       I  🛡️ 파싱된 콜 객체의 (출발지+도착지+요금) 해시값 검사 및 디바운스(300ms) 완료. /api/scrap 전송 직전!
2026-04-24 04:26:35.139  8782-8782  1DAL_MVP                com.onedal.app                       D  🚦 [ROADMAP 04:26:35.137] [📱앱] [DETAIL_CONFIRMED] [post /api/scrap request] ⏱️ 타이머 생존신고 발송  deviceId: 앱폰-sdk_gpho-160, (건수: 0)
2026-04-24 04:26:35.157  8782-8961  1DAL_MVP                com.onedal.app                       D  🚦 [ROADMAP 04:26:35.155] [📱앱] [DETAIL_CONFIRMED] [post /api/scrap response] deviceId: 앱폰-sdk_gpho-160, (건수: 0)
2026-04-24 04:26:35.160  8782-8961  1DAL_API                com.onedal.app                       D  📋 [필터 동기화 (서버→앱) 적용됨] 맵핑된 필터 전체 스키마:
                                                                                                    FilterConfig(allowedVehicleTypes=[오토바이, 다마스, 라보, 승용차, 1t], isActive=false, isSharedMode=false, pickupRadiusKm=10, minFare=20000, maxFare=100000, destinationCity=파주시, destinationRadiusKm=0, excludedKeywords=[], destinationKeywords=[], customCityFilters=[], destinationGroups={}, customFilters=[])
2026-04-24 04:26:35.161  8782-8961  1DAL_TELEMETRY          com.onedal.app                       D  📥 [서버 수신] ⏱️ 타이머 생존신고 완료 (수신된 모드: AUTO)
2026-04-24 04:26:36.147  8782-8782  1DAL_TELEMETRY          com.onedal.app                       I  🛡️ 파싱된 콜 객체의 (출발지+도착지+요금) 해시값 검사 및 디바운스(300ms) 완료. /api/scrap 전송 직전!
2026-04-24 04:26:36.150  8782-8782  1DAL_MVP                com.onedal.app                       D  🚦 [ROADMAP 04:26:36.148] [📱앱] [DETAIL_CONFIRMED] [post /api/scrap request] ⏱️ 타이머 생존신고 발송  deviceId: 앱폰-sdk_gpho-160, (건수: 0)
2026-04-24 04:26:36.163  8782-8961  1DAL_MVP                com.onedal.app                       D  🚦 [ROADMAP 04:26:36.162] [📱앱] [DETAIL_CONFIRMED] [post /api/scrap response] deviceId: 앱폰-sdk_gpho-160, (건수: 0)
2026-04-24 04:26:36.165  8782-8961  1DAL_API                com.onedal.app                       D  📋 [필터 동기화 (서버→앱) 적용됨] 맵핑된 필터 전체 스키마:
                                                                                                    FilterConfig(allowedVehicleTypes=[오토바이, 다마스, 라보, 승용차, 1t], isActive=false, isSharedMode=false, pickupRadiusKm=10, minFare=20000, maxFare=100000, destinationCity=파주시, destinationRadiusKm=0, excludedKeywords=[], destinationKeywords=[], customCityFilters=[], destinationGroups={}, customFilters=[])
2026-04-24 04:26:36.165  8782-8961  1DAL_TELEMETRY          com.onedal.app                       D  📥 [서버 수신] ⏱️ 타이머 생존신고 완료 (수신된 모드: AUTO)
2026-04-24 04:26:37.158  8782-8782  1DAL_TELEMETRY          com.onedal.app                       I  🛡️ 파싱된 콜 객체의 (출발지+도착지+요금) 해시값 검사 및 디바운스(300ms) 완료. /api/scrap 전송 직전!
2026-04-24 04:26:37.159  8782-8782  1DAL_MVP                com.onedal.app                       D  🚦 [ROADMAP 04:26:37.158] [📱앱] [DETAIL_CONFIRMED] [post /api/scrap request] ⏱️ 타이머 생존신고 발송  deviceId: 앱폰-sdk_gpho-160, (건수: 0)
2026-04-24 04:26:37.170  8782-8961  1DAL_MVP                com.onedal.app                       D  🚦 [ROADMAP 04:26:37.169] [📱앱] [DETAIL_CONFIRMED] [post /api/scrap response] deviceId: 앱폰-sdk_gpho-160, (건수: 0)
2026-04-24 04:26:37.172  8782-8961  1DAL_API                com.onedal.app                       D  📋 [필터 동기화 (서버→앱) 적용됨] 맵핑된 필터 전체 스키마:
                                                                                                    FilterConfig(allowedVehicleTypes=[오토바이, 다마스, 라보, 승용차, 1t], isActive=false, isSharedMode=false, pickupRadiusKm=10, minFare=20000, maxFare=100000, destinationCity=파주시, destinationRadiusKm=0, excludedKeywords=[], destinationKeywords=[], customCityFilters=[], destinationGroups={}, customFilters=[])
2026-04-24 04:26:37.172  8782-8961  1DAL_TELEMETRY          com.onedal.app                       D  📥 [서버 수신] ⏱️ 타이머 생존신고 완료 (수신된 모드: AUTO)
2026-04-24 04:26:38.161  8782-8782  1DAL_TELEMETRY          com.onedal.app                       I  🛡️ 파싱된 콜 객체의 (출발지+도착지+요금) 해시값 검사 및 디바운스(300ms) 완료. /api/scrap 전송 직전!
2026-04-24 04:26:38.162  8782-8782  1DAL_MVP                com.onedal.app                       D  🚦 [ROADMAP 04:26:38.162] [📱앱] [DETAIL_CONFIRMED] [post /api/scrap request] ⏱️ 타이머 생존신고 발송  deviceId: 앱폰-sdk_gpho-160, (건수: 0)
2026-04-24 04:26:38.168  8782-8961  1DAL_MVP                com.onedal.app                       D  🚦 [ROADMAP 04:26:38.168] [📱앱] [DETAIL_CONFIRMED] [post /api/scrap response] deviceId: 앱폰-sdk_gpho-160, (건수: 0)
2026-04-24 04:26:38.168  8782-8961  1DAL_API                com.onedal.app                       D  📋 [필터 동기화 (서버→앱) 적용됨] 맵핑된 필터 전체 스키마:
                                                                                                    FilterConfig(allowedVehicleTypes=[오토바이, 다마스, 라보, 승용차, 1t], isActive=false, isSharedMode=false, pickupRadiusKm=10, minFare=20000, maxFare=100000, destinationCity=파주시, destinationRadiusKm=0, excludedKeywords=[], destinationKeywords=[], customCityFilters=[], destinationGroups={}, customFilters=[])
2026-04-24 04:26:38.169  8782-8961  1DAL_TELEMETRY          com.onedal.app                       D  📥 [서버 수신] ⏱️ 타이머 생존신고 완료 (수신된 모드: AUTO)
2026-04-24 04:26:39.170  8782-8782  1DAL_TELEMETRY          com.onedal.app                       I  🛡️ 파싱된 콜 객체의 (출발지+도착지+요금) 해시값 검사 및 디바운스(300ms) 완료. /api/scrap 전송 직전!
2026-04-24 04:26:39.171  8782-8782  1DAL_MVP                com.onedal.app                       D  🚦 [ROADMAP 04:26:39.170] [📱앱] [DETAIL_CONFIRMED] [post /api/scrap request] ⏱️ 타이머 생존신고 발송  deviceId: 앱폰-sdk_gpho-160, (건수: 0)
2026-04-24 04:26:39.182  8782-8961  1DAL_MVP                com.onedal.app                       D  🚦 [ROADMAP 04:26:39.182] [📱앱] [DETAIL_CONFIRMED] [post /api/scrap response] deviceId: 앱폰-sdk_gpho-160, (건수: 0)
2026-04-24 04:26:39.183  8782-8961  1DAL_API                com.onedal.app                       D  📋 [필터 동기화 (서버→앱) 적용됨] 맵핑된 필터 전체 스키마:
                                                                                                    FilterConfig(allowedVehicleTypes=[오토바이, 다마스, 라보, 승용차, 1t], isActive=false, isSharedMode=false, pickupRadiusKm=10, minFare=20000, maxFare=100000, destinationCity=파주시, destinationRadiusKm=0, excludedKeywords=[], destinationKeywords=[], customCityFilters=[], destinationGroups={}, customFilters=[])
2026-04-24 04:26:39.183  8782-8961  1DAL_TELEMETRY          com.onedal.app                       D  📥 [서버 수신] ⏱️ 타이머 생존신고 완료 (수신된 모드: AUTO)
2026-04-24 04:26:40.180  8782-8782  1DAL_TELEMETRY          com.onedal.app                       I  🛡️ 파싱된 콜 객체의 (출발지+도착지+요금) 해시값 검사 및 디바운스(300ms) 완료. /api/scrap 전송 직전!
2026-04-24 04:26:40.182  8782-8782  1DAL_MVP                com.onedal.app                       D  🚦 [ROADMAP 04:26:40.180] [📱앱] [DETAIL_CONFIRMED] [post /api/scrap request] ⏱️ 타이머 생존신고 발송  deviceId: 앱폰-sdk_gpho-160, (건수: 0)
2026-04-24 04:26:40.194  8782-8961  1DAL_MVP                com.onedal.app                       D  🚦 [ROADMAP 04:26:40.194] [📱앱] [DETAIL_CONFIRMED] [post /api/scrap response] deviceId: 앱폰-sdk_gpho-160, (건수: 0)
2026-04-24 04:26:40.195  8782-8961  1DAL_API                com.onedal.app                       D  📋 [필터 동기화 (서버→앱) 적용됨] 맵핑된 필터 전체 스키마:
                                                                                                    FilterConfig(allowedVehicleTypes=[오토바이, 다마스, 라보, 승용차, 1t], isActive=true, isSharedMode=true, pickupRadiusKm=10, minFare=20000, maxFare=100000, destinationCity=파주시, destinationRadiusKm=0, excludedKeywords=[], destinationKeywords=[], customCityFilters=[], destinationGroups={}, customFilters=[])
2026-04-24 04:26:40.195  8782-8961  1DAL_API                com.onedal.app                       W  ⚡ [Piggyback Decision 수신] orderId: 8daa61f0-9a52-4dd9-9360-39a415c026f4, action: KEEP
2026-04-24 04:26:40.195  8782-8961  1DAL_MVP                com.onedal.app                       W  🛡️ [정상 결재 수신] ID 일치(8daa61f0-9a52-4dd9-9360-39a415c026f4). 즉각 폐기/유지 액션을 집행합니다. (Action: KEEP)
2026-04-24 04:26:40.195  8782-8961  1DAL_MVP                com.onedal.app                       D  ⚡ 판결 집행: 행동=KEEP, 누를버튼=닫기 (버튼클릭을 시작합니다), 500ms 지연
2026-04-24 04:26:40.195  8782-8961  1DAL_MVP                com.onedal.app                       I  🛡️ [앱폰] 사냥 복귀 직후: 앱 메모리 상의 scrapBuffer 배열을 비우고 강제 플러시(Flush)하여 잔상 데이터를 제거함
2026-04-24 04:26:40.195  8782-8961  1DAL_TELEMETRY          com.onedal.app                       D  📥 [서버 수신] ⏱️ 타이머 생존신고 완료 (수신된 모드: AUTO)
2026-04-24 04:26:40.397  8782-8782  1DAL_TELEMETRY          com.onedal.app                       I  🛡️ 파싱된 콜 객체의 (출발지+도착지+요금) 해시값 검사 및 디바운스(300ms) 완료. /api/scrap 전송 직전!
2026-04-24 04:26:40.398  8782-8782  1DAL_MVP                com.onedal.app                       D  🚦 [ROADMAP 04:26:40.397] [📱앱] [DETAIL_CONFIRMED] [post /api/scrap request] 👀 화면 변경 감지 발송  deviceId: 앱폰-sdk_gpho-160, (건수: 0)
2026-04-24 04:26:40.414  8782-8961  1DAL_MVP                com.onedal.app                       D  🚦 [ROADMAP 04:26:40.413] [📱앱] [DETAIL_CONFIRMED] [post /api/scrap response] deviceId: 앱폰-sdk_gpho-160, (건수: 0)
2026-04-24 04:26:40.415  8782-8961  1DAL_API                com.onedal.app                       D  📋 [필터 동기화 (서버→앱) 적용됨] 맵핑된 필터 전체 스키마:
                                                                                                    FilterConfig(allowedVehicleTypes=[오토바이, 다마스, 라보, 승용차, 1t], isActive=true, isSharedMode=true, pickupRadiusKm=10, minFare=20000, maxFare=100000, destinationCity=파주시, destinationRadiusKm=0, excludedKeywords=[], destinationKeywords=[], customCityFilters=[], destinationGroups={}, customFilters=[])
2026-04-24 04:26:40.415  8782-8961  1DAL_TELEMETRY          com.onedal.app                       D  📥 [서버 수신] 👀 화면 변경 감지 완료 (수신된 모드: AUTO)
2026-04-24 04:26:40.706  8782-8782  1DAL_MVP                com.onedal.app                       D  🚦 [ROADMAP 04:26:40.705] [📱앱] '닫기' 버튼 인식 ➡️ 클릭 시도
2026-04-24 04:26:40.709  8782-8782  1DAL_MVP                com.onedal.app                       D  🚦 [ROADMAP 04:26:40.709] [📱앱] [DETAIL_CONFIRMED] [Current Page: DETAIL_CONFIRMED] 체류 상태 확인
2026-04-24 04:26:40.709  8782-8782  1DAL_MVP                com.onedal.app                       D  🚦 [ROADMAP 04:26:40.709] [📱앱] [DETAIL_CONFIRMED] [Current Page: LIST] 로 복귀 렌더링 완료
2026-04-24 04:26:40.710  8782-8782  1DAL_MVP                com.onedal.app                       D  🚦 [ROADMAP 04:26:40.710] [📱앱] [DETAIL_CONFIRMED] 🔓 isHolding = false 락 해제. 다음 타겟을 향한 새로운 "합짐 사냥" 감시 돌입
2026-04-24 04:26:40.710  8782-8782  1DAL_MVP                com.onedal.app                       D  🚦 [ROADMAP 04:26:40.710] [📱앱] [DETAIL_CONFIRMED] 🔄 [새로운 타겟(합짐) 사냥을 위해 PHASE 2 로 무한 루프 회귀] 🔄
2026-04-24 04:26:40.710  8782-8782  1DAL_MVP                com.onedal.app                       D  🎉 행동 완료! 타겟($targetBtnStr) 명중.
2026-04-24 04:26:40.762  8782-8782  1DAL_TOUCH              com.onedal.app                       D  ✅ [가로채기 성공!] 화면 좌표 (X:122.0, Y:2251.0) 터치 완료!
2026-04-24 04:26:40.762  8782-8782  1DAL_MVP                com.onedal.app                       D  🚦 [ROADMAP 04:26:40.762] [📱앱] 버튼 터치 완료 (가로채기 성공) X:122.0, Y:2251.0
2026-04-24 04:26:40.957  8782-8782  1DAL_MVP                com.onedal.app                       D  -------------------------------
2026-04-24 04:26:40.957  8782-8782  1DAL_MVP                com.onedal.app                       D  🚦 [ROADMAP 04:26:40.957] [📱앱] [LIST] 📡 화면 변경 감지 | 모드: AUTO
2026-04-24 04:26:40.957  8782-8782  1DAL_MVP                com.onedal.app                       I  🛡️ [앱폰] 사냥 복귀 직후: 앱 메모리 상의 scrapBuffer 배열을 비우고 강제 플러시(Flush)하여 잔상 데이터를 제거함
2026-04-24 04:26:40.961  8782-8782  1DAL_PARSER             com.onedal.app                       D  🔍 [1차 리스트 필터] 도착지=마포구, 결과=true
2026-04-24 04:26:40.961  8782-8782  1DAL_MVP                com.onedal.app                       D  🚦 [ROADMAP 04:26:40.961] [📱앱] [LIST] 🔍 [타겟 콜 필터 결과] 차종(라)=✅ 도착지(0중 마포구)=✅ 요금(20000 <= 67000)=✅ 상차지/거리(합짐무시 >= 9.0km)=✅ 블랙()=✅
2026-04-24 04:26:40.962  8782-8782  1DAL_MVP                com.onedal.app                       D  🚦 [ROADMAP 04:26:40.961] [📱앱] [LIST] 인성앱 콜 리스트 렌더링 ➡️ [Current Page: LIST] 진입
2026-04-24 04:26:40.962  8782-8782  1DAL_MVP                com.onedal.app                       D  🚦 [ROADMAP 04:26:40.962] [📱앱] [LIST] 안드로이드 자체 메모리에 필터 캐싱 완료 및 대기
2026-04-24 04:26:40.962  8782-8782  1DAL_MVP                com.onedal.app                       D  🚦 [ROADMAP 04:26:40.962] [📱앱] [LIST] [Current Page: LIST] 상태 유지 및 1차(단독/합짐) 리스트 필터 통과 확인
2026-04-24 04:26:40.962  8782-8782  1DAL_MVP                com.onedal.app                       D  💥 [AUTO] 꿀콜 조건 통과! 대상 콜 강제 터치 진행!
2026-04-24 04:26:40.962  8782-8782  1DAL_MVP                com.onedal.app                       D  📝 [AUTO] 2차 검증 반송(취소)에 대비해 해당 콜 지문 선(先)기록 완료 (해시: 617154019)
2026-04-24 04:26:40.962  8782-8782  1DAL_MVP                com.onedal.app                       D  🚦 [ROADMAP 04:26:40.962] [📱앱] [LIST] 리스트에서 바뀐 text 감지 후 text 추출
2026-04-24 04:26:40.964  8782-8782  1DAL_MVP                com.onedal.app                       D  🚦 [ROADMAP 04:26:40.964] [📱앱] [LIST] [인성 Socket] 인성콜에 선택된 콜 정보 전달 (꿀콜 클릭!)
2026-04-24 04:26:41.015  8782-8782  1DAL_TOUCH              com.onedal.app                       D  ✅ [가로채기 성공!] 화면 좌표 (X:917.0, Y:568.0) 터치 완료!
2026-04-24 04:26:41.015  8782-8782  1DAL_MVP                com.onedal.app                       D  🚦 [ROADMAP 04:26:41.015] [📱앱] 버튼 터치 완료 (가로채기 성공) X:917.0, Y:568.0
2026-04-24 04:26:41.146  8782-8782  1DAL_MVP                com.onedal.app                       D  -------------------------------
2026-04-24 04:26:41.147  8782-8782  1DAL_MVP                com.onedal.app                       D  🚦 [ROADMAP 04:26:41.147] [📱앱] [DETAIL_PRE_CONFIRM] 📡 화면 변경 감지 | 모드: AUTO
2026-04-24 04:26:41.147  8782-8782  1DAL_MVP                com.onedal.app                       D  🚦 [ROADMAP 04:26:41.147] [📱앱] [DETAIL_PRE_CONFIRM] [Current Page: DETAIL_PRE_CONFIRM] 진입 완료
2026-04-24 04:26:41.150  8782-8782  1DAL_MVP                com.onedal.app                       D  🚦 [ROADMAP 04:26:41.150] [📱앱] [DETAIL_PRE_CONFIRM] 상세페이지 텍스트 추출 및 2차 필터(적요 등) 통과 확인
2026-04-24 04:26:41.150  8782-8782  1DAL_MVP                com.onedal.app                       D  🚦 [ROADMAP 04:26:41.150] [📱앱] [LIST] 🔍 [타겟 콜 필터 결과] 차종(라)=✅ 도착지(0중 마포구)=✅ 요금(20000 <= 67000)=✅ 상차지/거리(합짐무시 >= 9.0km)=✅ 블랙()=✅
2026-04-24 04:26:41.150  8782-8782  1DAL_MVP                com.onedal.app                       D  📤 [post /confirm request] 서버 전송 내용 -> 모드: AUTO (스위치: AUTO, 매크로클릭: true) | 텍스트: rep_map 고양퀵서비스-031-932-7722 전표 상태 : 신규 물품 : 서류봉투 차량 : 라 탁송료 : 수수료 : 23% 요금 : 67,000(신용) 구분 : 편도 형태 : 예약 적요상세 *카고 입니다. 세금계산서필 10:36 상차. 마스크 카톤 서류봉투 명세서...
2026-04-24 04:26:41.150  8782-8782  1DAL_MVP                com.onedal.app                       D  🚀 [AUTO] 확정 버튼 광클 (배차 시도)
2026-04-24 04:26:41.151  8782-8782  1DAL_MVP                com.onedal.app                       D  🚦 [ROADMAP 04:26:41.151] [📱앱] [DETAIL_PRE_CONFIRM] 상세페이지에서 '확정' 추출 후 클릭
2026-04-24 04:26:41.151  8782-8782  1DAL_MVP                com.onedal.app                       D  🚦 [ROADMAP 04:26:41.151] [📱앱] [DETAIL_PRE_CONFIRM] [인성 Socket] 콜 확정 완료
2026-04-24 04:26:41.151  8782-8782  1DAL_MVP                com.onedal.app                       D  🚦 [ROADMAP 04:26:41.151] [📱앱] '확정' 버튼 인식 ➡️ 클릭 시도
2026-04-24 04:26:41.155  8782-8987  1DAL_API                com.onedal.app                       D  🌐 [post /confirm response / 200] {"success":true,"message":"1차 수신 완료. 상세 페이지 내용을 긁어서 POST /api/orders/detail 로 보내주세요."}
2026-04-24 04:26:41.156  8782-8987  1DAL_MVP                com.onedal.app                       D  🚦 [ROADMAP 04:26:41.155] [📱앱] [HTTP 폴링] 응답 /orders/confirm
2026-04-24 04:26:41.204  8782-8782  1DAL_TOUCH              com.onedal.app                       D  ✅ [가로채기 성공!] 화면 좌표 (X:161.0, Y:2251.0) 터치 완료!
2026-04-24 04:26:41.206  8782-8782  1DAL_MVP                com.onedal.app                       D  🚦 [ROADMAP 04:26:41.204] [📱앱] 버튼 터치 완료 (가로채기 성공) X:161.0, Y:2251.0
2026-04-24 04:26:41.347  8782-8782  1DAL_MVP                com.onedal.app                       D  -------------------------------
2026-04-24 04:26:41.348  8782-8782  1DAL_MVP                com.onedal.app                       D  🚦 [ROADMAP 04:26:41.348] [📱앱] [DETAIL_CONFIRMED] 📡 화면 변경 감지 | 모드: AUTO
2026-04-24 04:26:41.348  8782-8782  1DAL_MVP                com.onedal.app                       D  🚦 [ROADMAP 04:26:41.348] [📱앱] [DETAIL_CONFIRMED] [Current Page: DETAIL_CONFIRMED] 진입 완료
2026-04-24 04:26:41.348  8782-8782  1DAL_MVP                com.onedal.app                       D  🚦 [ROADMAP 04:26:41.348] [📱앱] [DETAIL_CONFIRMED] 🔒 isHolding = true 설정 (이후 화면 요동쳐도 락 유지)
2026-04-24 04:26:41.348  8782-8782  1DAL_MVP                com.onedal.app                       D  🚦 [ROADMAP 04:26:41.348] [📱앱] [DETAIL_CONFIRMED] 🏄‍♂️ 무인 서핑 가동 (State Machine: IDLE)
2026-04-24 04:26:41.348  8782-8782  1DAL_MVP                com.onedal.app                       D  🚦 [ROADMAP 04:26:41.348] [📱앱] [DETAIL_CONFIRMED] [Current Page: DETAIL_CONFIRMED] 확정페이지 체류 및 팝업버튼 트리거 대기
2026-04-24 04:26:41.349  8782-8782  1DAL_MVP                com.onedal.app                       D  🏄‍♂️ [자동 팝업 서핑] 확정 화면 진입 확인! 적요상세 팝업 호출 시도
2026-04-24 04:26:41.349  8782-8782  1DAL_MVP                com.onedal.app                       D  🚦 [ROADMAP 04:26:41.349] [📱앱] '적요상세' 버튼 인식 ➡️ 클릭 시도
2026-04-24 04:26:41.350  8782-8782  1DAL_MVP                com.onedal.app                       D  🚦 [ROADMAP 04:26:41.349] [📱앱] [DETAIL_CONFIRMED] 확정페이지에서 '적요상세' 추출 후 클릭
2026-04-24 04:26:41.350  8782-8782  1DAL_MVP                com.onedal.app                       I  📋 [SEQ 81] 적요상세 버튼 클릭 → 적요 정보 요청
2026-04-24 04:26:41.402  8782-8782  1DAL_TOUCH              com.onedal.app                       D  ✅ [가로채기 성공!] 화면 좌표 (X:149.0, Y:1153.0) 터치 완료!
2026-04-24 04:26:41.402  8782-8782  1DAL_MVP                com.onedal.app                       D  🚦 [ROADMAP 04:26:41.402] [📱앱] 버튼 터치 완료 (가로채기 성공) X:149.0, Y:1153.0
2026-04-24 04:26:41.531  8782-8782  1DAL_MVP                com.onedal.app                       D  -------------------------------
2026-04-24 04:26:41.531  8782-8782  1DAL_MVP                com.onedal.app                       D  🚦 [ROADMAP 04:26:41.531] [📱앱] [POPUP_MEMO] 📡 화면 변경 감지 | 모드: AUTO
2026-04-24 04:26:41.531  8782-8782  1DAL_MVP                com.onedal.app                       D  📝 적요 스크래핑 성공! 닫기 버튼 누름
2026-04-24 04:26:41.531  8782-8782  1DAL_MVP                com.onedal.app                       I  📋 [SEQ 81-82] 적요상세 추출 완료 → 닫기
2026-04-24 04:26:41.531  8782-8782  1DAL_MVP                com.onedal.app                       D  🚦 [ROADMAP 04:26:41.531] [📱앱] [POPUP_MEMO] [Current Page: POPUP_MEMO] 진입 완료 ("적요 내용" 텍스트 매칭 확인)
2026-04-24 04:26:41.532  8782-8782  1DAL_MVP                com.onedal.app                       D  🚦 [ROADMAP 04:26:41.531] [📱앱] [POPUP_MEMO] 적요상세 데이터 추출 및 메모리에 누적 저장
2026-04-24 04:26:41.532  8782-8782  1DAL_MVP                com.onedal.app                       D  🚦 [ROADMAP 04:26:41.532] [📱앱] '닫기' 버튼 인식 ➡️ 클릭 시도
2026-04-24 04:26:41.585  8782-8782  1DAL_TOUCH              com.onedal.app                       D  ✅ [가로채기 성공!] 화면 좌표 (X:540.0, Y:2264.0) 터치 완료!
2026-04-24 04:26:41.585  8782-8782  1DAL_MVP                com.onedal.app                       D  🚦 [ROADMAP 04:26:41.585] [📱앱] 버튼 터치 완료 (가로채기 성공) X:540.0, Y:2264.0
2026-04-24 04:26:41.627  8782-8782  1DAL_MVP                com.onedal.app                       D  -------------------------------
2026-04-24 04:26:41.628  8782-8782  1DAL_MVP                com.onedal.app                       D  🚦 [ROADMAP 04:26:41.627] [📱앱] [DETAIL_CONFIRMED] 📡 화면 변경 감지 | 모드: AUTO
2026-04-24 04:26:41.628  8782-8782  1DAL_MVP                com.onedal.app                       D  🚦 [ROADMAP 04:26:41.628] [📱앱] [DETAIL_CONFIRMED] [Current Page: DETAIL_CONFIRMED] 확정페이지 복귀 확인 (잔상 회피 완료)
2026-04-24 04:26:41.628  8782-8782  1DAL_MVP                com.onedal.app                       D  🏄‍♂️ [자동 팝업 서핑] 적요 정보 확인 완료. 출발지 정보 확인을 위해 자동 클릭 시도
2026-04-24 04:26:41.629  8782-8782  1DAL_MVP                com.onedal.app                       D  🚦 [ROADMAP 04:26:41.628] [📱앱] [DETAIL_CONFIRMED] 확정페이지에서 '출발지' 추출 후 클릭
2026-04-24 04:26:41.629  8782-8782  1DAL_MVP                com.onedal.app                       D  🚦 [ROADMAP 04:26:41.629] [📱앱] '출발지' 버튼 인식 ➡️ 클릭 시도
2026-04-24 04:26:41.682  8782-8782  1DAL_TOUCH              com.onedal.app                       D  ✅ [가로채기 성공!] 화면 좌표 (X:539.0, Y:1592.0) 터치 완료!
2026-04-24 04:26:41.682  8782-8782  1DAL_MVP                com.onedal.app                       D  🚦 [ROADMAP 04:26:41.682] [📱앱] 버튼 터치 완료 (가로채기 성공) X:539.0, Y:1592.0
2026-04-24 04:26:41.749  8782-8782  1DAL_MVP                com.onedal.app                       D  -------------------------------
2026-04-24 04:26:41.750  8782-8782  1DAL_MVP                com.onedal.app                       D  🚦 [ROADMAP 04:26:41.749] [📱앱] [POPUP_PICKUP] 📡 화면 변경 감지 | 모드: AUTO
2026-04-24 04:26:41.750  8782-8782  1DAL_MVP                com.onedal.app                       D  📝 출발지 스크래핑 성공! 닫기 버튼 누름
2026-04-24 04:26:41.750  8782-8782  1DAL_MVP                com.onedal.app                       D  🚦 [ROADMAP 04:26:41.750] [📱앱] [POPUP_PICKUP] [Current Page: POPUP_PICKUP] 진입 완료 ("전화1" 텍스트 매칭 확인)
2026-04-24 04:26:41.750  8782-8782  1DAL_MVP                com.onedal.app                       D  🚦 [ROADMAP 04:26:41.750] [📱앱] [POPUP_PICKUP] 출발지 데이터 추출 및 메모리에 누적 저장
2026-04-24 04:26:41.750  8782-8782  1DAL_MVP                com.onedal.app                       D  🚦 [ROADMAP 04:26:41.750] [📱앱] '닫기' 버튼 인식 ➡️ 클릭 시도
2026-04-24 04:26:41.802  8782-8782  1DAL_TOUCH              com.onedal.app                       D  ✅ [가로채기 성공!] 화면 좌표 (X:136.0, Y:2264.0) 터치 완료!
2026-04-24 04:26:41.803  8782-8782  1DAL_MVP                com.onedal.app                       D  🚦 [ROADMAP 04:26:41.802] [📱앱] 버튼 터치 완료 (가로채기 성공) X:136.0, Y:2264.0
2026-04-24 04:26:41.831  8782-8782  1DAL_MVP                com.onedal.app                       D  -------------------------------
2026-04-24 04:26:41.831  8782-8782  1DAL_MVP                com.onedal.app                       D  🚦 [ROADMAP 04:26:41.831] [📱앱] [DETAIL_CONFIRMED] 📡 화면 변경 감지 | 모드: AUTO
2026-04-24 04:26:41.831  8782-8782  1DAL_MVP                com.onedal.app                       D  🚦 [ROADMAP 04:26:41.831] [📱앱] [DETAIL_CONFIRMED] [Current Page: DETAIL_CONFIRMED] 확정페이지 복귀 확인 (잔상 회피 완료)
2026-04-24 04:26:41.831  8782-8782  1DAL_MVP                com.onedal.app                       D  🏄‍♂️ [자동 팝업 서핑] 출발지 확인 완료. 도착지 정보 확인을 위해 자동 클릭 시도
2026-04-24 04:26:41.831  8782-8782  1DAL_MVP                com.onedal.app                       D  🚦 [ROADMAP 04:26:41.831] [📱앱] [DETAIL_CONFIRMED] 확정페이지에서 '도착지' 추출 후 클릭
2026-04-24 04:26:41.832  8782-8782  1DAL_MVP                com.onedal.app                       D  🚦 [ROADMAP 04:26:41.832] [📱앱] '도착지' 버튼 인식 ➡️ 클릭 시도
2026-04-24 04:26:41.884  8782-8782  1DAL_TOUCH              com.onedal.app                       D  ✅ [가로채기 성공!] 화면 좌표 (X:539.0, Y:1742.0) 터치 완료!
2026-04-24 04:26:41.884  8782-8782  1DAL_MVP                com.onedal.app                       D  🚦 [ROADMAP 04:26:41.884] [📱앱] 버튼 터치 완료 (가로채기 성공) X:539.0, Y:1742.0
2026-04-24 04:26:41.959  8782-8782  1DAL_MVP                com.onedal.app                       D  -------------------------------
2026-04-24 04:26:41.959  8782-8782  1DAL_MVP                com.onedal.app                       D  🚦 [ROADMAP 04:26:41.959] [📱앱] [POPUP_DROPOFF] 📡 화면 변경 감지 | 모드: AUTO
2026-04-24 04:26:41.959  8782-8782  1DAL_MVP                com.onedal.app                       D  📝 도착지 스크래핑 성공! 닫기 누름 및 전체 내용 /detail 로 발송
2026-04-24 04:26:41.959  8782-8782  1DAL_MVP                com.onedal.app                       D  🚦 [ROADMAP 04:26:41.959] [📱앱] [POPUP_DROPOFF] [Current Page: POPUP_DROPOFF] 진입 완료 ("전화1" 텍스트 매칭 확인)
2026-04-24 04:26:41.960  8782-8782  1DAL_MVP                com.onedal.app                       D  🚦 [ROADMAP 04:26:41.959] [📱앱] [POPUP_DROPOFF] 도착지 데이터 추출 및 메모리에 누적 저장
2026-04-24 04:26:41.960  8782-8782  1DAL_MVP                com.onedal.app                       D  🚦 [ROADMAP 04:26:41.960] [📱앱] '닫기' 버튼 인식 ➡️ 클릭 시도
2026-04-24 04:26:41.961  8782-8782  1DAL_MVP                com.onedal.app                       D  🚦 [ROADMAP 04:26:41.961] [📱앱] [POPUP_DROPOFF] [Current Page: DETAIL_CONFIRMED] 무인 서핑 종료 (State Machine: DONE)
2026-04-24 04:26:41.961  8782-8782  1DAL_MVP                com.onedal.app                       W  ⏳ 데스밸리 타이머 시작: 30초 대기...
2026-04-24 04:26:41.961  8782-8782  1DAL_MVP                com.onedal.app                       D  🌐 [post /detail request] AUTO 모드 판결 요청 텍스트: rep_map 고양퀵서비스-031-932-7722 전표 상태 : 신규 물품 : 서류봉투 취소 차량 : 라 탁송료 : 0 수수료 : 23% 요금 : 67,000(신용) 구분 : 편도 형태 : 예약 적요상세 인수증 전송 *카고 입니다. 세금계산서필 10:36 상차. 마스크...
2026-04-24 04:26:42.012  8782-8782  1DAL_TOUCH              com.onedal.app                       D  ✅ [가로채기 성공!] 화면 좌표 (X:136.0, Y:2264.0) 터치 완료!
2026-04-24 04:26:42.013  8782-8782  1DAL_MVP                com.onedal.app                       D  🚦 [ROADMAP 04:26:42.013] [📱앱] 버튼 터치 완료 (가로채기 성공) X:136.0, Y:2264.0
2026-04-24 04:26:42.233  8782-8782  1DAL_TELEMETRY          com.onedal.app                       I  🛡️ 파싱된 콜 객체의 (출발지+도착지+요금) 해시값 검사 및 디바운스(300ms) 완료. /api/scrap 전송 직전!
2026-04-24 04:26:42.234  8782-8782  1DAL_MVP                com.onedal.app                       D  🚦 [ROADMAP 04:26:42.234] [📱앱] [DETAIL_CONFIRMED] [post /api/scrap request] 👀 화면 변경 감지 발송  deviceId: 앱폰-sdk_gpho-160, (건수: 0)
2026-04-24 04:26:42.245  8782-8961  1DAL_MVP                com.onedal.app                       D  🚦 [ROADMAP 04:26:42.245] [📱앱] [DETAIL_CONFIRMED] [post /api/scrap response] deviceId: 앱폰-sdk_gpho-160, (건수: 0)
2026-04-24 04:26:42.246  8782-8961  1DAL_API                com.onedal.app                       D  📋 [필터 동기화 (서버→앱) 적용됨] 맵핑된 필터 전체 스키마:
                                                                                                    FilterConfig(allowedVehicleTypes=[오토바이, 다마스, 라보, 승용차, 1t], isActive=false, isSharedMode=true, pickupRadiusKm=10, minFare=20000, maxFare=100000, destinationCity=파주시, destinationRadiusKm=0, excludedKeywords=[], destinationKeywords=[], customCityFilters=[], destinationGroups={}, customFilters=[])
2026-04-24 04:26:42.246  8782-8961  1DAL_TELEMETRY          com.onedal.app                       D  📥 [서버 수신] 👀 화면 변경 감지 완료 (수신된 모드: AUTO)
2026-04-24 04:26:43.243  8782-8782  1DAL_TELEMETRY          com.onedal.app                       I  🛡️ 파싱된 콜 객체의 (출발지+도착지+요금) 해시값 검사 및 디바운스(300ms) 완료. /api/scrap 전송 직전!
2026-04-24 04:26:43.245  8782-8782  1DAL_MVP                com.onedal.app                       D  🚦 [ROADMAP 04:26:43.243] [📱앱] [DETAIL_CONFIRMED] [post /api/scrap request] ⏱️ 타이머 생존신고 발송  deviceId: 앱폰-sdk_gpho-160, (건수: 0)
2026-04-24 04:26:43.263  8782-8961  1DAL_MVP                com.onedal.app                       D  🚦 [ROADMAP 04:26:43.262] [📱앱] [DETAIL_CONFIRMED] [post /api/scrap response] deviceId: 앱폰-sdk_gpho-160, (건수: 0)
2026-04-24 04:26:43.264  8782-8961  1DAL_API                com.onedal.app                       D  📋 [필터 동기화 (서버→앱) 적용됨] 맵핑된 필터 전체 스키마:
                                                                                                    FilterConfig(allowedVehicleTypes=[오토바이, 다마스, 라보, 승용차, 1t], isActive=false, isSharedMode=true, pickupRadiusKm=10, minFare=20000, maxFare=100000, destinationCity=파주시, destinationRadiusKm=0, excludedKeywords=[], destinationKeywords=[], customCityFilters=[], destinationGroups={}, customFilters=[])
2026-04-24 04:26:43.264  8782-8961  1DAL_TELEMETRY          com.onedal.app                       D  📥 [서버 수신] ⏱️ 타이머 생존신고 완료 (수신된 모드: AUTO)
2026-04-24 04:26:44.247  8782-8782  1DAL_TELEMETRY          com.onedal.app                       I  🛡️ 파싱된 콜 객체의 (출발지+도착지+요금) 해시값 검사 및 디바운스(300ms) 완료. /api/scrap 전송 직전!
2026-04-24 04:26:44.248  8782-8782  1DAL_MVP                com.onedal.app                       D  🚦 [ROADMAP 04:26:44.247] [📱앱] [DETAIL_CONFIRMED] [post /api/scrap request] ⏱️ 타이머 생존신고 발송  deviceId: 앱폰-sdk_gpho-160, (건수: 0)
2026-04-24 04:26:44.255  8782-8961  1DAL_MVP                com.onedal.app                       D  🚦 [ROADMAP 04:26:44.255] [📱앱] [DETAIL_CONFIRMED] [post /api/scrap response] deviceId: 앱폰-sdk_gpho-160, (건수: 0)
2026-04-24 04:26:44.256  8782-8961  1DAL_API                com.onedal.app                       D  📋 [필터 동기화 (서버→앱) 적용됨] 맵핑된 필터 전체 스키마:
                                                                                                    FilterConfig(allowedVehicleTypes=[오토바이, 다마스, 라보, 승용차, 1t], isActive=false, isSharedMode=true, pickupRadiusKm=10, minFare=20000, maxFare=100000, destinationCity=파주시, destinationRadiusKm=0, excludedKeywords=[], destinationKeywords=[], customCityFilters=[], destinationGroups={}, customFilters=[])
2026-04-24 04:26:44.256  8782-8961  1DAL_TELEMETRY          com.onedal.app                       D  📥 [서버 수신] ⏱️ 타이머 생존신고 완료 (수신된 모드: AUTO)
2026-04-24 04:26:44.771  8782-8987  1DAL_API                com.onedal.app                       D  🌐 [post /detail response / 202] 즉결 접수 완료. Piggyback 대기 시작.
2026-04-24 04:26:45.253  8782-8782  1DAL_TELEMETRY          com.onedal.app                       I  🛡️ 파싱된 콜 객체의 (출발지+도착지+요금) 해시값 검사 및 디바운스(300ms) 완료. /api/scrap 전송 직전!
2026-04-24 04:26:45.254  8782-8782  1DAL_MVP                com.onedal.app                       D  🚦 [ROADMAP 04:26:45.253] [📱앱] [DETAIL_CONFIRMED] [post /api/scrap request] ⏱️ 타이머 생존신고 발송  deviceId: 앱폰-sdk_gpho-160, (건수: 0)
2026-04-24 04:26:45.269  8782-8961  1DAL_MVP                com.onedal.app                       D  🚦 [ROADMAP 04:26:45.269] [📱앱] [DETAIL_CONFIRMED] [post /api/scrap response] deviceId: 앱폰-sdk_gpho-160, (건수: 0)
2026-04-24 04:26:45.271  8782-8961  1DAL_API                com.onedal.app                       D  📋 [필터 동기화 (서버→앱) 적용됨] 맵핑된 필터 전체 스키마:
                                                                                                    FilterConfig(allowedVehicleTypes=[오토바이, 다마스, 라보, 승용차, 1t], isActive=false, isSharedMode=true, pickupRadiusKm=10, minFare=20000, maxFare=100000, destinationCity=파주시, destinationRadiusKm=0, excludedKeywords=[], destinationKeywords=[], customCityFilters=[], destinationGroups={}, customFilters=[])
2026-04-24 04:26:45.271  8782-8961  1DAL_TELEMETRY          com.onedal.app                       D  📥 [서버 수신] ⏱️ 타이머 생존신고 완료 (수신된 모드: AUTO)
2026-04-24 04:26:46.261  8782-8782  1DAL_TELEMETRY          com.onedal.app                       I  🛡️ 파싱된 콜 객체의 (출발지+도착지+요금) 해시값 검사 및 디바운스(300ms) 완료. /api/scrap 전송 직전!
2026-04-24 04:26:46.262  8782-8782  1DAL_MVP                com.onedal.app                       D  🚦 [ROADMAP 04:26:46.261] [📱앱] [DETAIL_CONFIRMED] [post /api/scrap request] ⏱️ 타이머 생존신고 발송  deviceId: 앱폰-sdk_gpho-160, (건수: 0)
2026-04-24 04:26:46.281  8782-8961  1DAL_MVP                com.onedal.app                       D  🚦 [ROADMAP 04:26:46.280] [📱앱] [DETAIL_CONFIRMED] [post /api/scrap response] deviceId: 앱폰-sdk_gpho-160, (건수: 0)
2026-04-24 04:26:46.282  8782-8961  1DAL_API                com.onedal.app                       D  📋 [필터 동기화 (서버→앱) 적용됨] 맵핑된 필터 전체 스키마:
                                                                                                    FilterConfig(allowedVehicleTypes=[오토바이, 다마스, 라보, 승용차, 1t], isActive=false, isSharedMode=true, pickupRadiusKm=10, minFare=20000, maxFare=100000, destinationCity=파주시, destinationRadiusKm=0, excludedKeywords=[], destinationKeywords=[], customCityFilters=[], destinationGroups={}, customFilters=[])
2026-04-24 04:26:46.282  8782-8961  1DAL_TELEMETRY          com.onedal.app                       D  📥 [서버 수신] ⏱️ 타이머 생존신고 완료 (수신된 모드: AUTO)
2026-04-24 04:26:47.266  8782-8782  1DAL_TELEMETRY          com.onedal.app                       I  🛡️ 파싱된 콜 객체의 (출발지+도착지+요금) 해시값 검사 및 디바운스(300ms) 완료. /api/scrap 전송 직전!
2026-04-24 04:26:47.267  8782-8782  1DAL_MVP                com.onedal.app                       D  🚦 [ROADMAP 04:26:47.266] [📱앱] [DETAIL_CONFIRMED] [post /api/scrap request] ⏱️ 타이머 생존신고 발송  deviceId: 앱폰-sdk_gpho-160, (건수: 0)
2026-04-24 04:26:47.277  8782-8961  1DAL_MVP                com.onedal.app                       D  🚦 [ROADMAP 04:26:47.277] [📱앱] [DETAIL_CONFIRMED] [post /api/scrap response] deviceId: 앱폰-sdk_gpho-160, (건수: 0)
2026-04-24 04:26:47.278  8782-8961  1DAL_API                com.onedal.app                       D  📋 [필터 동기화 (서버→앱) 적용됨] 맵핑된 필터 전체 스키마:
                                                                                                    FilterConfig(allowedVehicleTypes=[오토바이, 다마스, 라보, 승용차, 1t], isActive=false, isSharedMode=true, pickupRadiusKm=10, minFare=20000, maxFare=100000, destinationCity=파주시, destinationRadiusKm=0, excludedKeywords=[], destinationKeywords=[], customCityFilters=[], destinationGroups={}, customFilters=[])
2026-04-24 04:26:47.281  8782-8961  1DAL_TELEMETRY          com.onedal.app                       D  📥 [서버 수신] ⏱️ 타이머 생존신고 완료 (수신된 모드: AUTO)
2026-04-24 04:26:48.271  8782-8782  1DAL_TELEMETRY          com.onedal.app                       I  🛡️ 파싱된 콜 객체의 (출발지+도착지+요금) 해시값 검사 및 디바운스(300ms) 완료. /api/scrap 전송 직전!
2026-04-24 04:26:48.273  8782-8782  1DAL_MVP                com.onedal.app                       D  🚦 [ROADMAP 04:26:48.272] [📱앱] [DETAIL_CONFIRMED] [post /api/scrap request] ⏱️ 타이머 생존신고 발송  deviceId: 앱폰-sdk_gpho-160, (건수: 0)
2026-04-24 04:26:48.291  8782-8961  1DAL_MVP                com.onedal.app                       D  🚦 [ROADMAP 04:26:48.283] [📱앱] [DETAIL_CONFIRMED] [post /api/scrap response] deviceId: 앱폰-sdk_gpho-160, (건수: 0)
2026-04-24 04:26:48.293  8782-8961  1DAL_API                com.onedal.app                       D  📋 [필터 동기화 (서버→앱) 적용됨] 맵핑된 필터 전체 스키마:
                                                                                                    FilterConfig(allowedVehicleTypes=[오토바이, 다마스, 라보, 승용차, 1t], isActive=false, isSharedMode=true, pickupRadiusKm=10, minFare=20000, maxFare=100000, destinationCity=파주시, destinationRadiusKm=0, excludedKeywords=[], destinationKeywords=[], customCityFilters=[], destinationGroups={}, customFilters=[])
2026-04-24 04:26:48.293  8782-8961  1DAL_TELEMETRY          com.onedal.app                       D  📥 [서버 수신] ⏱️ 타이머 생존신고 완료 (수신된 모드: AUTO)
2026-04-24 04:26:49.277  8782-8782  1DAL_TELEMETRY          com.onedal.app                       I  🛡️ 파싱된 콜 객체의 (출발지+도착지+요금) 해시값 검사 및 디바운스(300ms) 완료. /api/scrap 전송 직전!
2026-04-24 04:26:49.279  8782-8782  1DAL_MVP                com.onedal.app                       D  🚦 [ROADMAP 04:26:49.278] [📱앱] [DETAIL_CONFIRMED] [post /api/scrap request] ⏱️ 타이머 생존신고 발송  deviceId: 앱폰-sdk_gpho-160, (건수: 0)
2026-04-24 04:26:49.292  8782-8961  1DAL_MVP                com.onedal.app                       D  🚦 [ROADMAP 04:26:49.292] [📱앱] [DETAIL_CONFIRMED] [post /api/scrap response] deviceId: 앱폰-sdk_gpho-160, (건수: 0)
2026-04-24 04:26:49.294  8782-8961  1DAL_API                com.onedal.app                       D  📋 [필터 동기화 (서버→앱) 적용됨] 맵핑된 필터 전체 스키마:
                                                                                                    FilterConfig(allowedVehicleTypes=[오토바이, 다마스, 라보, 승용차, 1t], isActive=false, isSharedMode=true, pickupRadiusKm=10, minFare=20000, maxFare=100000, destinationCity=파주시, destinationRadiusKm=0, excludedKeywords=[], destinationKeywords=[], customCityFilters=[], destinationGroups={}, customFilters=[])
2026-04-24 04:26:49.295  8782-8961  1DAL_TELEMETRY          com.onedal.app                       D  📥 [서버 수신] ⏱️ 타이머 생존신고 완료 (수신된 모드: AUTO)
2026-04-24 04:26:50.287  8782-8782  1DAL_TELEMETRY          com.onedal.app                       I  🛡️ 파싱된 콜 객체의 (출발지+도착지+요금) 해시값 검사 및 디바운스(300ms) 완료. /api/scrap 전송 직전!
2026-04-24 04:26:50.288  8782-8782  1DAL_MVP                com.onedal.app                       D  🚦 [ROADMAP 04:26:50.287] [📱앱] [DETAIL_CONFIRMED] [post /api/scrap request] ⏱️ 타이머 생존신고 발송  deviceId: 앱폰-sdk_gpho-160, (건수: 0)
2026-04-24 04:26:50.299  8782-8961  1DAL_MVP                com.onedal.app                       D  🚦 [ROADMAP 04:26:50.298] [📱앱] [DETAIL_CONFIRMED] [post /api/scrap response] deviceId: 앱폰-sdk_gpho-160, (건수: 0)
2026-04-24 04:26:50.300  8782-8961  1DAL_API                com.onedal.app                       D  📋 [필터 동기화 (서버→앱) 적용됨] 맵핑된 필터 전체 스키마:
                                                                                                    FilterConfig(allowedVehicleTypes=[오토바이, 다마스, 라보, 승용차, 1t], isActive=false, isSharedMode=true, pickupRadiusKm=10, minFare=20000, maxFare=100000, destinationCity=파주시, destinationRadiusKm=0, excludedKeywords=[], destinationKeywords=[], customCityFilters=[], destinationGroups={}, customFilters=[])
2026-04-24 04:26:50.301  8782-8961  1DAL_TELEMETRY          com.onedal.app                       D  📥 [서버 수신] ⏱️ 타이머 생존신고 완료 (수신된 모드: AUTO)
2026-04-24 04:26:51.294  8782-8782  1DAL_TELEMETRY          com.onedal.app                       I  🛡️ 파싱된 콜 객체의 (출발지+도착지+요금) 해시값 검사 및 디바운스(300ms) 완료. /api/scrap 전송 직전!
2026-04-24 04:26:51.295  8782-8782  1DAL_MVP                com.onedal.app                       D  🚦 [ROADMAP 04:26:51.294] [📱앱] [DETAIL_CONFIRMED] [post /api/scrap request] ⏱️ 타이머 생존신고 발송  deviceId: 앱폰-sdk_gpho-160, (건수: 0)
