// Vitest Snapshot v1, https://vitest.dev/guide/snapshot.html

exports[`인성 연락처 — 고정 난수 · 정해진 순서 > 상차지 연락처 — 지역 이름으로 찾기 · 없는 지역 · 빈 이름 1`] = `
[
  {
    "addressDetail": "경기 광주시 도척면 도척로 401-87 쿠팡 경기광주1센터",
    "contactName": "최차장",
    "customerName": "쿠팡 경기광주1센터",
    "department": "야적장",
    "lat": 37.3136964805244,
    "lon": 127.343176321454,
    "mileage": 0,
    "phone1": "010-4496-6589",
    "phone2": "010-4929-7283",
    "region": "도척면",
  },
  {
    "addressDetail": "경기 성남시 분당구 운중로 121 마트프로",
    "contactName": "박사원",
    "customerName": "마트프로",
    "department": "정문 접수처",
    "lat": 37.3920117927197,
    "lon": 127.076660620302,
    "mileage": 0,
    "phone1": "010-7224-6312",
    "phone2": "010-6609-4903",
    "region": "운중동",
  },
  {
    "addressDetail": "제주 / 서귀포시 / 대정읍 (임시 상세주소)",
    "contactName": "장사원",
    "customerName": "메디코아 공장",
    "department": "야적장",
    "lat": 37.441308586669514,
    "lon": 127.17772826743641,
    "mileage": 0,
    "phone1": "010-5217-7082",
    "phone2": "010-2708-6928",
    "region": "대정읍",
  },
  {
    "addressDetail": "경기 광주시 세피내길 47 조이앤쿡",
    "contactName": "정부장",
    "customerName": "조이앤쿡",
    "department": "자재창고",
    "lat": 37.3740083505412,
    "lon": 127.240626267014,
    "mileage": 0,
    "phone1": "010-7130-3596",
    "phone2": "010-5139-4572",
    "region": "고산동",
  },
]
`;

exports[`인성 연락처 — 고정 난수 · 정해진 순서 > 하차지 연락처 — 순번이 한 칸씩 넘어간다 1`] = `
[
  {
    "addressDetail": "경기 광주시 초월읍 경충대로1284번길 51 백제약품 동부물류센터",
    "contactName": "김차장",
    "customerName": "백제약품 동부물류센터",
    "department": "출하장",
    "lat": 37.3910503524112,
    "lon": 127.29145651776,
    "mileage": 0,
    "phone1": "010-8365-9498",
    "phone2": "010-7522-7782",
    "region": "초월읍",
  },
  {
    "addressDetail": "경기 광주시 목동길13번길 5-40 캐비아 물류센터",
    "contactName": "정주임",
    "customerName": "캐비아 물류센터",
    "department": "후문 상차장",
    "lat": 37.3829916491299,
    "lon": 127.202585072856,
    "mileage": 0,
    "phone1": "010-4763-8416",
    "phone2": "010-5840-6596",
    "region": "목동",
  },
  {
    "addressDetail": "서울 강남구 영동대로 513 코엑스",
    "contactName": "정실장님",
    "customerName": "코엑스 전시장",
    "department": "A홀 하역장",
    "lat": 37.511824,
    "lon": 127.059159,
    "mileage": 10,
    "phone1": "010-9456-2772",
    "phone2": "*",
    "region": "삼성동",
  },
  {
    "addressDetail": "제주 / 서귀포시 / 대정읍 (임시 상세주소)",
    "contactName": "임과장",
    "customerName": "하이트진로 성남물류센터",
    "department": "자재창고",
    "lat": 37.4023653026891,
    "lon": 127.242822159822,
    "mileage": 0,
    "phone1": "010-4122-6266",
    "phone2": "010-8394-7279",
    "region": "대정읍",
  },
  {
    "addressDetail": "경기 광주시 옥토골길 4-11 전자랜드 경기통합물류센터",
    "contactName": "정대리",
    "customerName": "전자랜드 경기통합물류센터",
    "department": "창고동",
    "lat": 37.393983919036,
    "lon": 127.215438978002,
    "mileage": 0,
    "phone1": "010-3946-3787",
    "phone2": "010-7270-2721",
    "region": "태전동",
  },
]
`;
