// Vitest Snapshot v1, https://vitest.dev/guide/snapshot.html

exports[`콜 생성기 — 씨앗 있는 난수 > 같은 씨앗이면 같은 콜 다섯 개 1`] = `
[
  {
    "billingType": "계산서",
    "callCategory": "보통",
    "companyName": "LG로지스",
    "deliveryTime": "14:35",
    "distanceKm": 8.2,
    "dropoffDetails": [
      {
        "addressDetail": "경기 광주시 곤지암읍 경충대로543번길 19 곤지암성당",
        "contactName": "강주임",
        "customerName": "곤지암성당",
        "department": "후문 상차장",
        "memo": undefined,
        "mileage": 0,
        "phone1": "010-4690-9355",
        "phone2": "010-3305-6572",
        "region": "곤지암읍",
      },
    ],
    "dropoffs": [
      {
        "centroid": [
          127.34864212291272,
          37.34621300791796,
        ],
        "code": "",
        "fullName": "경기 / 광주시 / 곤지암읍",
        "name": "곤지암읍",
      },
    ],
    "fare": 30000,
    "id": "sim_1789344000000_aun2y",
    "isExpress": false,
    "isMatchingRoute": true,
    "isShared": false,
    "itemDescription": "마대 1개",
    "paymentType": "선불",
    "pickupDetails": [
      {
        "addressDetail": "경기 광주시 초월읍 산수로 642-70 CJ대한통운 곤지암 메가허브터미널",
        "contactName": "임부장",
        "customerName": "CJ대한통운 곤지암 메가허브터미널",
        "department": "출하장",
        "memo": undefined,
        "mileage": 0,
        "phone1": "010-3327-2496",
        "phone2": "010-8172-9851",
        "region": "초월읍",
      },
    ],
    "pickupDistanceKm": 4.5,
    "pickupTime": "11:46",
    "pickups": [
      {
        "centroid": [
          127.31278842767858,
          37.41449348494845,
        ],
        "code": "",
        "fullName": "경기 / 광주시 / 초월읍",
        "name": "초월읍",
      },
    ],
    "status": "신규",
    "vehicleType": "오토바이",
    "violation": undefined,
  },
  {
    "billingType": "계산서",
    "callCategory": "보통",
    "companyName": "태양메디스",
    "deliveryTime": "12:15",
    "distanceKm": 41.9,
    "dropoffDetails": [
      {
        "addressDetail": "경기 여주시 점동면 송삼로 36 이마트 여주2물류센터",
        "contactName": "윤부장",
        "customerName": "이마트 여주2물류센터",
        "department": "물류동 1층",
        "memo": undefined,
        "mileage": 0,
        "phone1": "010-5459-8748",
        "phone2": "010-5172-3648",
        "region": "점동면",
      },
    ],
    "dropoffs": [
      {
        "centroid": [
          127.6330981190445,
          37.16558382907443,
        ],
        "code": "",
        "fullName": "경기 / 여주시 / 점동면",
        "name": "점동면",
      },
    ],
    "fare": 75000,
    "id": "sim_1789344000000_et62t",
    "isExpress": false,
    "isMatchingRoute": true,
    "isShared": false,
    "itemDescription": "서류봉투",
    "paymentType": "카드",
    "pickupDetails": [
      {
        "addressDetail": "경기 광주시 양촌길 3-84 CJ대한통운 고산대리점",
        "contactName": "강대리",
        "customerName": "CJ대한통운 고산대리점",
        "department": "지하 하역장",
        "memo": undefined,
        "mileage": 0,
        "phone1": "010-7718-6547",
        "phone2": "010-6029-5036",
        "region": "고산동",
      },
    ],
    "pickupDistanceKm": 4.9,
    "pickupTime": "09:41",
    "pickups": [
      {
        "centroid": [
          127.238856760679,
          37.3749616158963,
        ],
        "code": "",
        "fullName": "경기 / 광주시 / 양촌길",
        "name": "양촌길",
      },
    ],
    "status": "신규",
    "vehicleType": "라보",
    "violation": undefined,
  },
  {
    "billingType": "인수증",
    "callCategory": "보통",
    "companyName": "부일물산",
    "deliveryTime": "11:30",
    "distanceKm": 25.7,
    "dropoffDetails": [
      {
        "addressDetail": "경기 성남시 분당구 석운로 33 나무사이로 공장",
        "contactName": "최주임",
        "customerName": "나무사이로 공장",
        "department": "자재창고",
        "memo": undefined,
        "mileage": 0,
        "phone1": "010-8932-7111",
        "phone2": "010-4395-1041",
        "region": "석운동",
      },
    ],
    "dropoffs": [
      {
        "centroid": [
          127.050218293722,
          37.3676631798141,
        ],
        "code": "",
        "fullName": "경기 / 성남시 / 분당구",
        "name": "분당구",
      },
    ],
    "fare": 50000,
    "id": "sim_1789344000000_18xnq",
    "isExpress": false,
    "isMatchingRoute": true,
    "isShared": false,
    "itemDescription": "서류봉투",
    "paymentType": "착불",
    "pickupDetails": [
      {
        "addressDetail": "경기 광주시 곤지암읍 곤지암로 63 삼성인력개발원",
        "contactName": "이연수",
        "customerName": "삼성물산 곤지암연수원",
        "department": "시설관리팀",
        "memo": undefined,
        "mileage": 0,
        "phone1": "010-7751-3297",
        "phone2": "031-761-0300",
        "region": "곤지암읍",
      },
    ],
    "pickupDistanceKm": 5.1,
    "pickupTime": "09:23",
    "pickups": [
      {
        "centroid": [
          127.339664,
          37.349439,
        ],
        "code": "",
        "fullName": "경기 / 광주시 / 곤지암읍",
        "name": "곤지암읍",
      },
    ],
    "status": "신규",
    "vehicleType": "라보",
    "violation": undefined,
  },
  {
    "billingType": "무과세",
    "callCategory": "보통",
    "companyName": "씨엠파크-백암",
    "deliveryTime": "11:08",
    "distanceKm": 40.5,
    "dropoffDetails": [
      {
        "addressDetail": "서울 마포구 성암로 267 MBC",
        "contactName": "박부장",
        "customerName": "상암 MBC 방송국",
        "department": "소품실",
        "memo": undefined,
        "mileage": 0,
        "phone1": "010-6921-4545",
        "phone2": "*",
        "region": "상암동",
      },
    ],
    "dropoffs": [
      {
        "centroid": [
          126.890989,
          37.581123,
        ],
        "code": "",
        "fullName": "서울 / 마포구 / 성암로",
        "name": "성암로",
      },
    ],
    "fare": 75000,
    "id": "sim_1789344000000_s2jsd",
    "isExpress": false,
    "isMatchingRoute": true,
    "isShared": true,
    "itemDescription": "박스 1개",
    "paymentType": "착불",
    "pickupDetails": [
      {
        "addressDetail": "경기 광주시 매자리길 47 제스파 광주물류센터",
        "contactName": "정팀장",
        "customerName": "제스파 광주물류센터",
        "department": "지하 하역장",
        "memo": undefined,
        "mileage": 0,
        "phone1": "010-2917-1729",
        "phone2": "010-5123-1764",
        "region": "매산동",
      },
    ],
    "pickupDistanceKm": 4.4,
    "pickupTime": "09:56",
    "pickups": [
      {
        "centroid": [
          127.252067118857,
          37.3556576827994,
        ],
        "code": "",
        "fullName": "경기 / 광주시 / 매자리길",
        "name": "매자리길",
      },
    ],
    "status": "신규",
    "vehicleType": "다마스",
    "violation": undefined,
  },
  {
    "billingType": "계산서",
    "callCategory": "보통",
    "companyName": "LG로지스",
    "deliveryTime": "10:45",
    "distanceKm": 21.4,
    "dropoffDetails": [
      {
        "addressDetail": "경기 성남시 분당구 성남대로43번길 11 하나로마트 성남점",
        "contactName": "정주임",
        "customerName": "하나로마트 성남점",
        "department": "후문 상차장",
        "memo": undefined,
        "mileage": 0,
        "phone1": "010-4763-8416",
        "phone2": "010-5840-6596",
        "region": "구미동",
      },
    ],
    "dropoffs": [
      {
        "centroid": [
          127.10667691290486,
          37.33876580259903,
        ],
        "code": "",
        "fullName": "경기 / 성남시 / 분당구",
        "name": "분당구",
      },
    ],
    "fare": 45000,
    "id": "sim_1789344000000_wljqe",
    "isExpress": false,
    "isMatchingRoute": true,
    "isShared": true,
    "itemDescription": "샘플 박스",
    "paymentType": "착불",
    "pickupDetails": [
      {
        "addressDetail": "경기 광주시 곤지암읍 경충대로543번길 19 곤지암성당",
        "contactName": "강주임",
        "customerName": "곤지암성당",
        "department": "후문 상차장",
        "memo": undefined,
        "mileage": 0,
        "phone1": "010-4690-9355",
        "phone2": "010-3305-6572",
        "region": "곤지암읍",
      },
    ],
    "pickupDistanceKm": 5.9,
    "pickupTime": "09:22",
    "pickups": [
      {
        "centroid": [
          127.34864212291272,
          37.34621300791796,
        ],
        "code": "",
        "fullName": "경기 / 광주시 / 곤지암읍",
        "name": "곤지암읍",
      },
    ],
    "status": "신규",
    "vehicleType": "오토바이",
    "violation": undefined,
  },
]
`;

exports[`콜 생성기 — 씨앗 있는 난수 > 문제지(정해진 상차·하차·요금)도 씨앗이면 같다 1`] = `
{
  "billingType": "무과세",
  "callCategory": "보통",
  "companyName": "한국부품",
  "deliveryTime": "11:25",
  "distanceKm": 15.9,
  "dropoffDetails": [
    {
      "addressDetail": "경기 성남시 분당구 판교역로 235 에이치스퀘어",
      "contactName": "신팀장",
      "customerName": "카카오 판교오피스",
      "department": "리셉션",
      "memo": undefined,
      "mileage": 15,
      "phone1": "010-6500-6539",
      "phone2": "*",
      "region": "삼평동",
    },
  ],
  "dropoffs": [
    {
      "centroid": [
        127.108691,
        37.402048,
      ],
      "code": "",
      "fullName": "경기 / 성남시 / 분당구",
      "name": "분당구",
    },
  ],
  "fare": 45000,
  "id": "sim_1789344000000_8mxy6",
  "isExpress": false,
  "isMatchingRoute": true,
  "isShared": false,
  "itemDescription": "서류봉투",
  "paymentType": "착불",
  "pickupDetails": [
    {
      "addressDetail": "경기 광주시 초월읍 경충대로 1241 초월읍행정복지센터",
      "contactName": "최주무관",
      "customerName": "초월읍행정복지센터",
      "department": "총무과",
      "memo": undefined,
      "mileage": 0,
      "phone1": "010-2467-2911",
      "phone2": "031-760-4700",
      "region": "초월읍",
    },
  ],
  "pickupDistanceKm": 1,
  "pickupTime": "09:30",
  "pickups": [
    {
      "centroid": [
        127.287923,
        37.385308,
      ],
      "code": "",
      "fullName": "경기 / 광주시 / 초월읍",
      "name": "초월읍",
    },
  ],
  "status": "신규",
  "vehicleType": "다마스",
  "violation": undefined,
}
`;
