// Vitest Snapshot v1, https://vitest.dev/guide/snapshot.html

exports[`생성기 — 공통 칸만 > 같은 씨앗이면 같은 콜 다섯 개 (가른 뒤 기준) 1`] = `
[
  {
    "deliveryTime": "11:32",
    "distanceKm": 8.2,
    "dropoffDetails": [
      {
        "addressDetail": "경기 광주시 곤지암읍 경충대로543번길 19 곤지암성당",
        "contactName": "강주임",
        "customerName": "곤지암성당",
        "department": "후문 상차장",
        "memo": undefined,
        "mileage": 0,
        "phone1": "010-4690-9355",
        "phone2": "010-3305-6572",
        "region": "곤지암읍",
      },
    ],
    "dropoffs": [
      {
        "centroid": [
          127.34864212291272,
          37.34621300791796,
        ],
        "code": "",
        "fullName": "경기 / 광주시 / 곤지암읍",
        "name": "곤지암읍",
      },
    ],
    "id": "sim_1789344000000_2wvl9",
    "isMatchingRoute": true,
    "pickupDetails": [
      {
        "addressDetail": "경기 광주시 초월읍 산수로 642-70 CJ대한통운 곤지암 메가허브터미널",
        "contactName": "임부장",
        "customerName": "CJ대한통운 곤지암 메가허브터미널",
        "department": "출하장",
        "memo": undefined,
        "mileage": 0,
        "phone1": "010-3327-2496",
        "phone2": "010-8172-9851",
        "region": "초월읍",
      },
    ],
    "pickupDistanceKm": 4.5,
    "pickupTime": "09:26",
    "pickups": [
      {
        "centroid": [
          127.31278842767858,
          37.41449348494845,
        ],
        "code": "",
        "fullName": "경기 / 광주시 / 초월읍",
        "name": "초월읍",
      },
    ],
    "violation": undefined,
  },
  {
    "deliveryTime": "10:43",
    "distanceKm": 19.7,
    "dropoffDetails": [
      {
        "addressDetail": "경기 성남시 분당구 미금로 37 한국화훼농협 분당지점",
        "contactName": "정부장",
        "customerName": "한국화훼농협 분당지점",
        "department": "자재창고",
        "memo": undefined,
        "mileage": 0,
        "phone1": "010-7130-3596",
        "phone2": "010-5139-4572",
        "region": "구미동",
      },
    ],
    "dropoffs": [
      {
        "centroid": [
          127.11623523671915,
          37.33666730849807,
        ],
        "code": "",
        "fullName": "경기 / 성남시 / 분당구",
        "name": "분당구",
      },
    ],
    "id": "sim_1789344000000_0dzxe",
    "isMatchingRoute": true,
    "pickupDetails": [
      {
        "addressDetail": "경기 광주시 곤지암읍 신대길 134-30 쿠팡 곤지암2센터",
        "contactName": "최부장",
        "customerName": "쿠팡 곤지암2센터",
        "department": "출하장",
        "memo": undefined,
        "mileage": 0,
        "phone1": "010-9947-6949",
        "phone2": "010-6720-3946",
        "region": "곤지암읍",
      },
    ],
    "pickupDistanceKm": 4,
    "pickupTime": "09:22",
    "pickups": [
      {
        "centroid": [
          127.33655437366495,
          37.36477396961485,
        ],
        "code": "",
        "fullName": "경기 / 광주시 / 곤지암읍",
        "name": "곤지암읍",
      },
    ],
    "violation": undefined,
  },
  {
    "deliveryTime": "11:13",
    "distanceKm": 107.3,
    "dropoffDetails": [
      {
        "addressDetail": "대전 서구 대덕대로 211 갤러리아 타임월드",
        "contactName": "윤차장",
        "customerName": "갤러리아 타임월드",
        "department": "검품장",
        "memo": undefined,
        "mileage": 0,
        "phone1": "010-1937-5253",
        "phone2": "061-1593-7701",
        "region": "둔산동",
      },
    ],
    "dropoffs": [
      {
        "centroid": [
          127.378167,
          36.351954,
        ],
        "code": "",
        "fullName": "대전 / 서구 / 대덕대로",
        "name": "대덕대로",
      },
    ],
    "id": "sim_1789344000000_kk115",
    "isMatchingRoute": true,
    "pickupDetails": [
      {
        "addressDetail": "경기 이천시 신둔면 원적로322번길 37 요넥스코리아 물류센터",
        "contactName": "강부장",
        "customerName": "요넥스코리아 물류센터",
        "department": "야적장",
        "memo": undefined,
        "mileage": 0,
        "phone1": "010-3364-4648",
        "phone2": "010-9087-8830",
        "region": "신둔면",
      },
    ],
    "pickupDistanceKm": 13.7,
    "pickupTime": "09:33",
    "pickups": [
      {
        "centroid": [
          127.42868194445703,
          37.31620720593123,
        ],
        "code": "",
        "fullName": "경기 / 이천시 / 신둔면",
        "name": "신둔면",
      },
    ],
    "violation": undefined,
  },
  {
    "deliveryTime": "12:15",
    "distanceKm": 21.1,
    "dropoffDetails": [
      {
        "addressDetail": "경기 이천시 부발읍 죽당로 286-62 레드이엔지 이천공장",
        "contactName": "최과장",
        "customerName": "레드이엔지 이천공장",
        "department": "정문 접수처",
        "memo": undefined,
        "mileage": 0,
        "phone1": "010-6130-8615",
        "phone2": "010-5766-8816",
        "region": "부발읍",
      },
    ],
    "dropoffs": [
      {
        "centroid": [
          127.522818876754,
          37.2791145892469,
        ],
        "code": "",
        "fullName": "경기 / 이천시 / 부발읍",
        "name": "부발읍",
      },
    ],
    "id": "sim_1789344000000_et62t",
    "isMatchingRoute": true,
    "pickupDetails": [
      {
        "addressDetail": "경기 광주시 도척면 도척윗로 278 곤지암리조트",
        "contactName": "박실장",
        "customerName": "경기광주 곤지암리조트",
        "department": "관리사무소",
        "memo": undefined,
        "mileage": 0,
        "phone1": "010-6668-4938",
        "phone2": "031-8026-9000",
        "region": "도척면",
      },
    ],
    "pickupDistanceKm": 4.4,
    "pickupTime": "09:41",
    "pickups": [
      {
        "centroid": [
          127.296189,
          37.337559,
        ],
        "code": "",
        "fullName": "경기 / 광주시 / 도척면",
        "name": "도척면",
      },
    ],
    "violation": undefined,
  },
  {
    "deliveryTime": "11:19",
    "distanceKm": 34,
    "dropoffDetails": [
      {
        "addressDetail": "경기 이천시 부발읍 경충대로 2091 SK하이닉스",
        "contactName": "정실장님",
        "customerName": "SK하이닉스 본사",
        "department": "물품수발실",
        "memo": undefined,
        "mileage": 5,
        "phone1": "010-2050-5321",
        "phone2": "*",
        "region": "부발읍",
      },
    ],
    "dropoffs": [
      {
        "centroid": [
          127.480685,
          37.25298,
        ],
        "code": "",
        "fullName": "경기 / 이천시 / 부발읍",
        "name": "부발읍",
      },
    ],
    "id": "sim_1789344000000_4egub",
    "isMatchingRoute": true,
    "pickupDetails": [
      {
        "addressDetail": "경기 성남시 분당구 중앙공원로40번길 8 빅할인마트 반찬코너",
        "contactName": "김부장",
        "customerName": "빅할인마트 반찬코너",
        "department": "물류동 1층",
        "memo": undefined,
        "mileage": 0,
        "phone1": "010-7795-9965",
        "phone2": "010-4240-6669",
        "region": "서현동",
      },
    ],
    "pickupDistanceKm": 14.5,
    "pickupTime": "09:21",
    "pickups": [
      {
        "centroid": [
          127.130215376321,
          37.3797137377283,
        ],
        "code": "",
        "fullName": "경기 / 성남시 / 분당구",
        "name": "분당구",
      },
    ],
    "violation": undefined,
  },
]
`;
