// Vitest Snapshot v1, https://vitest.dev/guide/snapshot.html

exports[`픽커 상세 — 글자 > 글자 스냅숏 1`] = `"퀵 배송 120분 남음 경기 광주시 신현동 픽커 고정 픽업 12.1km 09:30까지 픽업 경기 과천시 중앙동 픽커 고정 배송 21.7km 11:00까지 배송 픽업 장소 매장 직원에게 문의 오더번호 260914090000001 물품 정보 소형 세 변의 합 100cm ∙ 5kg 이하 최종 수익 16,870 P 배송비 15,870P 프로모션 1,000P 넘기기 수락하기"`;
