// Vitest Snapshot v1, https://vitest.dev/guide/snapshot.html

exports[`픽커 리스트 > 글자 스냅숏 1`] = `"퀵 배송 도보배송 대리 한차배송 퀵 서포트 모드 1장 받기 0/1건 퀵 오더카드 대기 중... 리스트 설정 높은 가격순 20km 퀵 준비 완료 소형 과천 12.1km 광주 신현 중앙 16,870 퀵 소형 예약 17:00 수지 15.2km 중원 성남 동천 14,168 퀵 단거리 준비 2분 소형 분당 580m 분당 서현1 삼평 2,579 서포트모드 카드설정 수요지도 신규 내 오더"`;

exports[`픽커 홈 > 글자 스냅숏 1`] = `"최대 1000원 프로모션 진행 공통 카카오 T 픽커 및 퀵/도보배송 이용 약관 개정 안내 더보기 미션 3 더보기 퀵 1건 배송완료하고 서포트 모드 1장 받기 퀵 3건 배송완료하고 서포트 모드 1장 받기 퀵 5건 배송완료하고 서포트 모드 1장 받기 이런 일거리 어떤가요? 시작하기"`;
