// Vitest Snapshot v1, https://vitest.dev/guide/snapshot.html

exports[`화면 글자 — 고정 콜 · 고정 난수 · 고정 시각 > 인성 리스트 — 신규 탭 1`] = `"신규 완료(0) 메시지함 GPS 원터치 그룹공지 장터게시판 잠금 빠른설정 거리 출발지 도착지 차종 요금 2.4 21.7 급송/ 초월읍 정자동 다 4.5 2.4 21.7 오후2시반/ 경안동 관고동 1t 7.0 ◀ 1 / 1 ▶ 15km 전체 리셋 시작 설정 메뉴 정산"`;

exports[`화면 글자 — 고정 콜 · 고정 난수 · 고정 시각 > 인성 리스트 — 완료 탭 1`] = `"신규 완료(1) 메시지함 GPS 완료 하나로유통 09:30 11:00 정자동 시작 설정 메뉴 정산"`;

exports[`화면 글자 — 고정 콜 · 고정 난수 · 고정 시각 > 인성 상세 · 확정 뒤 상세 · 출발지 팝업 · 적요 팝업 · 메뉴 1`] = `"고양퀵서비스-031-932-7722 전표 상태 : 신규 물품 : 박스 1개 차량 : 다마스 탁송료 : 수수료 : 23% 요금 : 45,000(신용) 구분 : 편도 형태 : 급송 적요상세 *카고 입니다. 세금계산서필 09:30상차. 마스크 카톤박스 1개명세서폐기. 현위치 ➔ 상차지 2.4KM. 상차지 ➔ 하차지 21.7KM 의뢰지 픽업 초월읍 / () 출발지 서명 하나로유통 / 09:30 / 초월읍 도착지 [착]정자동 / 확정(10) 취소 탁송"`;

exports[`화면 글자 — 고정 콜 · 고정 난수 · 고정 시각 > 인성 상세 · 확정 뒤 상세 · 출발지 팝업 · 적요 팝업 · 메뉴 2`] = `"고양퀵서비스-031-932-7722 전표 상태 : 신규 물품 : 박스 1개 취소 차량 : 다마스 탁송료 : 0 수수료 : 23% 요금 : 45,000(신용) 구분 : 편도 형태 : 급송 적요상세 인수증 전송 *카고 입니다. 세금계산서필 09:30상차. 마스크 카톤박스 1개명세서폐기. 현위치 ➔ 상차지 2.4KM. 상차지 ➔ 하차지 21.7KM 의뢰지 픽업 초월읍 / () 출발지 서명 하나로유통 / 09:30 / 초월읍 도착지 서명 정자동 / 닫기 카드 승인 탁송"`;

exports[`화면 글자 — 고정 콜 · 고정 난수 · 고정 시각 > 인성 상세 · 확정 뒤 상세 · 출발지 팝업 · 적요 팝업 · 메뉴 3`] = `"출발지 상세 고객 초월 물류창고 부서 * 담당 김반장 마일리지 0 전화1 010-0000-0001 전화2 * 출발 초월읍 위치 경기 광주시 초월읍 도평리 1 닫기 위치보기 위치저장 길안내"`;

exports[`화면 글자 — 고정 콜 · 고정 난수 · 고정 시각 > 인성 상세 · 확정 뒤 상세 · 출발지 팝업 · 적요 팝업 · 메뉴 4`] = `"적요 상세 적요 내용 *카고 입니다. 세금계산서필 09:30상차. 마스크 카톤박스 1개명세서폐기. 현위치 ➔ 상차지 2.4KM. 상차지 ➔ 하차지 21.7KM 닫기"`;

exports[`화면 글자 — 고정 콜 · 고정 난수 · 고정 시각 > 인성 상세 · 확정 뒤 상세 · 출발지 팝업 · 적요 팝업 · 메뉴 5`] = `"엘비스 Ver. 1.3.2 💸 당일정산 🚪 업무종료 👥 고객검색 ⚙️ 환경설정 🔄 업데이트안내 🪪 기사정보 ⚠️ 프로그램종료 ⓧ 메뉴닫기"`;

exports[`화면 글자 — 고정 콜 · 고정 난수 · 고정 시각 > 화물24시 리스트 — 화물정보 탭 · 배차내역 탭 1`] = `"‹ 화물정보 자동새로고침 ID : 86699 오더검색 🔍 잔액 : 294,904 원 자동터치 OFF ❓ 성공 0 건/최대 15 건 경기 광주 초월읍 › 경기 성남 정자동 당상 수 2Km 11:00 수 당착 다마스/전체 박스 1개 독차 계산서 45,000 원 경기 광주 경안동 › 경기 이천 관고동 당상 수 2Km 11:00 수 당착 1톤/전체 박스 1개 독차 계산서 70,000 원 🏠 홈 🔍 화물정보 🚚 배차내역 ⚙️ 환경설정"`;

exports[`화면 글자 — 고정 콜 · 고정 난수 · 고정 시각 > 화물24시 리스트 — 화물정보 탭 · 배차내역 탭 2`] = `"‹ 배차내역 자동새로고침 ID : 53300 오더검색 🔍 잔액 : 164,954 원 자동터치 OFF ❓ 성공 1 건/최대 15 건 경기 광주 경안동 › 경기 이천 관고동 당상 수 2Km 11:00 수 당착 1톤/전체 박스 1개 독차 계산서 70,000 원 🏠 홈 🔍 화물정보 🚚 배차내역 ⚙️ 환경설정"`;

exports[`화면 글자 — 고정 콜 · 고정 난수 · 고정 시각 > 화물24시 상세 1`] = `"‹ 배차내역 마이페이지 오더 : 306건 잔액 : 4,491,130 원 W 전자세금계산서 미발행 상태 01 화물정보 02 화주정보 03 결제정보 배차시간: 09-14 09:30 화물번호 7-5408-5330 상차지 경기 광주시 초월읍 도평리 1 당상 지 서명 010-0000-0001 📞 하차지 경기 성남시 분당구 정자동 2 내착 지 22Km 서명 010-0000-0002 📞 서명·인수증은 법적분쟁 시, 증빙자료로 활용가능합니다. 화물정보 박스 1개 / 화주: 하나로유통 독차 톤 수 다마스 차 종 전체 적재중량 다마스 운행방법 편도 전자세금계산서 발행 ※ 전자세금계산서는 배차 후, 3시간 후에 발행 이 가능합니다. ※ 전자세금계산서 문의 : ☏ 032-811-2404(월~금,09:00~17:30) ※ 인수증은 최대 3개 까지 전송이 가능합니다. 인수증전송 하차완료 돌아가기 요약정보"`;

exports[`화면 글자 — 고정 콜 · 고정 난수 · 고정 시각 > 화물24시 상세 2`] = `"‹ 배차내역 마이페이지 오더 : 122건 잔액 : 3,213,124 원 W 전자세금계산서 미발행 상태 01 화물정보 02 화주정보 03 결제정보 배차시간: 09-14 14:30 화물번호 4-1494-5152 상차지 경기 광주 경안동 당상 지 서명 010-5971-3243 📞 하차지 경기 이천 관고동 내착 지 22Km 서명 010-3155-7008 📞 서명·인수증은 법적분쟁 시, 증빙자료로 활용가능합니다. 화물정보 박스 1개 / 화주: 하나로유통 독차 톤 수 1톤 차 종 전체 적재중량 1톤 운행방법 편도 전자세금계산서 발행 ※ 전자세금계산서는 배차 후, 3시간 후에 발행 이 가능합니다. ※ 전자세금계산서 문의 : ☏ 032-811-2404(월~금,09:00~17:30) ※ 인수증은 최대 3개 까지 전송이 가능합니다. 인수증전송 하차완료 돌아가기 요약정보"`;
