2026-04-20 05:11:56.355  3313-3313  1DAL_MVP                com.onedal.app                       D  🚦 [ROADMAP 05:11:56.351] [📱앱] [LIST] [post /api/scrap request] ⏱️ 타이머 생존신고 발송  deviceId: 앱폰-sdk_gpho-160, (건수: 0)
2026-04-20 05:11:56.376  3313-3354  1DAL_API                com.onedal.app                       E  📡 [텔레메트리 통신 실패] Failed to connect to /172.30.1.54:4000
2026-04-20 05:12:56.371  3313-3313  1DAL_MVP                com.onedal.app                       D  🚦 [ROADMAP 05:12:56.366] [📱앱] [LIST] [post /api/scrap request] ⏱️ 타이머 생존신고 발송  deviceId: 앱폰-sdk_gpho-160, (건수: 0)
2026-04-20 05:12:56.392  3313-3354  1DAL_API                com.onedal.app                       E  📡 [텔레메트리 통신 실패] Failed to connect to /172.30.1.54:4000
2026-04-20 05:13:56.389  3313-3313  1DAL_MVP                com.onedal.app                       D  🚦 [ROADMAP 05:13:56.385] [📱앱] [LIST] [post /api/scrap request] ⏱️ 타이머 생존신고 발송  deviceId: 앱폰-sdk_gpho-160, (건수: 0)
2026-04-20 05:13:56.440  3313-3354  1DAL_API                com.onedal.app                       E  📡 [텔레메트리 통신 실패] Failed to connect to /172.30.1.54:4000
2026-04-20 05:14:56.403  3313-3313  1DAL_MVP                com.onedal.app                       D  🚦 [ROADMAP 05:14:56.400] [📱앱] [LIST] [post /api/scrap request] ⏱️ 타이머 생존신고 발송  deviceId: 앱폰-sdk_gpho-160, (건수: 0)
2026-04-20 05:14:56.423  3313-3354  1DAL_API                com.onedal.app                       E  📡 [텔레메트리 통신 실패] Failed to connect to /172.30.1.54:4000
2026-04-20 05:15:56.414  3313-3313  1DAL_MVP                com.onedal.app                       D  🚦 [ROADMAP 05:15:56.413] [📱앱] [LIST] [post /api/scrap request] ⏱️ 타이머 생존신고 발송  deviceId: 앱폰-sdk_gpho-160, (건수: 0)
2026-04-20 05:15:56.425  3313-3354  1DAL_API                com.onedal.app                       E  📡 [텔레메트리 통신 실패] Failed to connect to /172.30.1.54:4000
2026-04-20 05:16:56.428  3313-3313  1DAL_MVP                com.onedal.app                       D  🚦 [ROADMAP 05:16:56.425] [📱앱] [LIST] [post /api/scrap request] ⏱️ 타이머 생존신고 발송  deviceId: 앱폰-sdk_gpho-160, (건수: 0)
2026-04-20 05:16:56.445  3313-3354  1DAL_API                com.onedal.app                       E  📡 [텔레메트리 통신 실패] Failed to connect to /172.30.1.54:4000
2026-04-20 05:17:56.440  3313-3313  1DAL_MVP                com.onedal.app                       D  🚦 [ROADMAP 05:17:56.437] [📱앱] [LIST] [post /api/scrap request] ⏱️ 타이머 생존신고 발송  deviceId: 앱폰-sdk_gpho-160, (건수: 0)
2026-04-20 05:17:56.463  3313-3354  1DAL_API                com.onedal.app                       E  📡 [텔레메트리 통신 실패] Failed to connect to /172.30.1.54:4000
2026-04-20 05:18:56.467  3313-3313  1DAL_MVP                com.onedal.app                       D  🚦 [ROADMAP 05:18:56.463] [📱앱] [LIST] [post /api/scrap request] ⏱️ 타이머 생존신고 발송  deviceId: 앱폰-sdk_gpho-160, (건수: 0)
2026-04-20 05:18:56.482  3313-3354  1DAL_API                com.onedal.app                       E  📡 [텔레메트리 통신 실패] Failed to connect to /172.30.1.54:4000
2026-04-20 05:19:56.486  3313-3313  1DAL_MVP                com.onedal.app                       D  🚦 [ROADMAP 05:19:56.483] [📱앱] [LIST] [post /api/scrap request] ⏱️ 타이머 생존신고 발송  deviceId: 앱폰-sdk_gpho-160, (건수: 0)
2026-04-20 05:19:56.496  3313-3354  1DAL_API                com.onedal.app                       E  📡 [텔레메트리 통신 실패] Failed to connect to /172.30.1.54:4000
2026-04-20 05:20:56.496  3313-3313  1DAL_MVP                com.onedal.app                       D  🚦 [ROADMAP 05:20:56.493] [📱앱] [LIST] [post /api/scrap request] ⏱️ 타이머 생존신고 발송  deviceId: 앱폰-sdk_gpho-160, (건수: 0)
2026-04-20 05:20:56.517  3313-3354  1DAL_API                com.onedal.app                       E  📡 [텔레메트리 통신 실패] Failed to connect to /172.30.1.54:4000
2026-04-20 05:21:56.509  3313-3313  1DAL_MVP                com.onedal.app                       D  🚦 [ROADMAP 05:21:56.506] [📱앱] [LIST] [post /api/scrap request] ⏱️ 타이머 생존신고 발송  deviceId: 앱폰-sdk_gpho-160, (건수: 0)
2026-04-20 05:21:56.535  3313-3354  1DAL_API                com.onedal.app                       E  📡 [텔레메트리 통신 실패] Failed to connect to /172.30.1.54:4000
2026-04-20 05:22:56.522  3313-3313  1DAL_MVP                com.onedal.app                       D  🚦 [ROADMAP 05:22:56.518] [📱앱] [LIST] [post /api/scrap request] ⏱️ 타이머 생존신고 발송  deviceId: 앱폰-sdk_gpho-160, (건수: 0)
2026-04-20 05:22:56.546  3313-3354  1DAL_API                com.onedal.app                       E  📡 [텔레메트리 통신 실패] Failed to connect to /172.30.1.54:4000
2026-04-20 05:23:56.541  3313-3313  1DAL_MVP                com.onedal.app                       D  🚦 [ROADMAP 05:23:56.538] [📱앱] [LIST] [post /api/scrap request] ⏱️ 타이머 생존신고 발송  deviceId: 앱폰-sdk_gpho-160, (건수: 0)
2026-04-20 05:23:56.566  3313-3354  1DAL_API                com.onedal.app                       E  📡 [텔레메트리 통신 실패] Failed to connect to /172.30.1.54:4000
2026-04-20 05:24:56.595  3313-3313  1DAL_MVP                com.onedal.app                       D  🚦 [ROADMAP 05:24:56.570] [📱앱] [LIST] [post /api/scrap request] ⏱️ 타이머 생존신고 발송  deviceId: 앱폰-sdk_gpho-160, (건수: 0)
2026-04-20 05:24:56.620  3313-3354  1DAL_API                com.onedal.app                       E  📡 [텔레메트리 통신 실패] Failed to connect to /172.30.1.54:4000
2026-04-20 05:25:56.609  3313-3313  1DAL_MVP                com.onedal.app                       D  🚦 [ROADMAP 05:25:56.606] [📱앱] [LIST] [post /api/scrap request] ⏱️ 타이머 생존신고 발송  deviceId: 앱폰-sdk_gpho-160, (건수: 0)
2026-04-20 05:25:56.631  3313-3354  1DAL_API                com.onedal.app                       E  📡 [텔레메트리 통신 실패] Failed to connect to /172.30.1.54:4000
2026-04-20 05:26:56.633  3313-3313  1DAL_MVP                com.onedal.app                       D  🚦 [ROADMAP 05:26:56.630] [📱앱] [LIST] [post /api/scrap request] ⏱️ 타이머 생존신고 발송  deviceId: 앱폰-sdk_gpho-160, (건수: 0)
2026-04-20 05:26:56.660  3313-3354  1DAL_API                com.onedal.app                       E  📡 [텔레메트리 통신 실패] Failed to connect to /172.30.1.54:4000
2026-04-20 05:27:56.650  3313-3313  1DAL_MVP                com.onedal.app                       D  🚦 [ROADMAP 05:27:56.647] [📱앱] [LIST] [post /api/scrap request] ⏱️ 타이머 생존신고 발송  deviceId: 앱폰-sdk_gpho-160, (건수: 0)
2026-04-20 05:27:56.677  3313-3354  1DAL_API                com.onedal.app                       E  📡 [텔레메트리 통신 실패] Failed to connect to /172.30.1.54:4000
2026-04-20 05:28:56.660  3313-3313  1DAL_MVP                com.onedal.app                       D  🚦 [ROADMAP 05:28:56.658] [📱앱] [LIST] [post /api/scrap request] ⏱️ 타이머 생존신고 발송  deviceId: 앱폰-sdk_gpho-160, (건수: 0)
2026-04-20 05:28:56.674  3313-3354  1DAL_API                com.onedal.app                       E  📡 [텔레메트리 통신 실패] Failed to connect to /172.30.1.54:4000
2026-04-20 05:29:56.677  3313-3313  1DAL_MVP                com.onedal.app                       D  🚦 [ROADMAP 05:29:56.674] [📱앱] [LIST] [post /api/scrap request] ⏱️ 타이머 생존신고 발송  deviceId: 앱폰-sdk_gpho-160, (건수: 0)
2026-04-20 05:29:56.693  3313-3354  1DAL_API                com.onedal.app                       E  📡 [텔레메트리 통신 실패] Failed to connect to /172.30.1.54:4000
2026-04-20 05:30:56.694  3313-3313  1DAL_MVP                com.onedal.app                       D  🚦 [ROADMAP 05:30:56.689] [📱앱] [LIST] [post /api/scrap request] ⏱️ 타이머 생존신고 발송  deviceId: 앱폰-sdk_gpho-160, (건수: 0)
2026-04-20 05:30:56.732  3313-3354  1DAL_API                com.onedal.app                       E  📡 [텔레메트리 통신 실패] Failed to connect to /172.30.1.54:4000
2026-04-20 05:31:56.708  3313-3313  1DAL_MVP                com.onedal.app                       D  🚦 [ROADMAP 05:31:56.704] [📱앱] [LIST] [post /api/scrap request] ⏱️ 타이머 생존신고 발송  deviceId: 앱폰-sdk_gpho-160, (건수: 0)
2026-04-20 05:31:56.725  3313-3354  1DAL_API                com.onedal.app                       E  📡 [텔레메트리 통신 실패] Failed to connect to /172.30.1.54:4000
2026-04-20 05:32:56.722  3313-3313  1DAL_MVP                com.onedal.app                       D  🚦 [ROADMAP 05:32:56.719] [📱앱] [LIST] [post /api/scrap request] ⏱️ 타이머 생존신고 발송  deviceId: 앱폰-sdk_gpho-160, (건수: 0)
2026-04-20 05:32:56.747  3313-3354  1DAL_API                com.onedal.app                       E  📡 [텔레메트리 통신 실패] Failed to connect to /172.30.1.54:4000
2026-04-20 05:33:56.742  3313-3313  1DAL_MVP                com.onedal.app                       D  🚦 [ROADMAP 05:33:56.738] [📱앱] [LIST] [post /api/scrap request] ⏱️ 타이머 생존신고 발송  deviceId: 앱폰-sdk_gpho-160, (건수: 0)
2026-04-20 05:33:56.785  3313-3354  1DAL_API                com.onedal.app                       E  📡 [텔레메트리 통신 실패] Failed to connect to /172.30.1.54:4000
2026-04-20 05:34:56.757  3313-3313  1DAL_MVP                com.onedal.app                       D  🚦 [ROADMAP 05:34:56.754] [📱앱] [LIST] [post /api/scrap request] ⏱️ 타이머 생존신고 발송  deviceId: 앱폰-sdk_gpho-160, (건수: 0)
2026-04-20 05:34:56.775  3313-3354  1DAL_API                com.onedal.app                       E  📡 [텔레메트리 통신 실패] Failed to connect to /172.30.1.54:4000
2026-04-20 05:35:56.773  3313-3313  1DAL_MVP                com.onedal.app                       D  🚦 [ROADMAP 05:35:56.768] [📱앱] [LIST] [post /api/scrap request] ⏱️ 타이머 생존신고 발송  deviceId: 앱폰-sdk_gpho-160, (건수: 0)
2026-04-20 05:35:56.826  3313-3354  1DAL_MVP                com.onedal.app                       D  🚦 [ROADMAP 05:35:56.826] [📱앱] [LIST] [post /api/scrap response] deviceId: 앱폰-sdk_gpho-160, (건수: 0)
2026-04-20 05:35:56.830  3313-3354  1DAL_API                com.onedal.app                       D  📋 [필터 동기화 (서버→앱) 적용됨] 맵핑된 필터 전체 스키마:
                                                                                                    FilterConfig(allowedVehicleTypes=[1t], isActive=false, isSharedMode=false, pickupRadiusKm=999, minFare=0, maxFare=1000000, destinationCity=, destinationRadiusKm=10, excludedKeywords=[], destinationKeywords=[], customCityFilters=[], destinationGroups={}, customFilters=[])
2026-04-20 05:35:56.832  3313-3354  1DAL_TELEMETRY          com.onedal.app                       D  📥 [서버 수신] ⏱️ 타이머 생존신고 완료 (수신된 모드: AUTO)
2026-04-20 05:36:56.790  3313-3313  1DAL_MVP                com.onedal.app                       D  🚦 [ROADMAP 05:36:56.786] [📱앱] [LIST] [post /api/scrap request] ⏱️ 타이머 생존신고 발송  deviceId: 앱폰-sdk_gpho-160, (건수: 0)
2026-04-20 05:36:56.831  3313-3354  1DAL_MVP                com.onedal.app                       D  🚦 [ROADMAP 05:36:56.829] [📱앱] [LIST] [post /api/scrap response] deviceId: 앱폰-sdk_gpho-160, (건수: 0)
2026-04-20 05:36:56.833  3313-3354  1DAL_API                com.onedal.app                       D  📋 [필터 동기화 (서버→앱) 적용됨] 맵핑된 필터 전체 스키마:
                                                                                                    FilterConfig(allowedVehicleTypes=[1t], isActive=false, isSharedMode=false, pickupRadiusKm=999, minFare=0, maxFare=1000000, destinationCity=, destinationRadiusKm=10, excludedKeywords=[], destinationKeywords=[], customCityFilters=[], destinationGroups={}, customFilters=[])
2026-04-20 05:36:56.834  3313-3354  1DAL_TELEMETRY          com.onedal.app                       D  📥 [서버 수신] ⏱️ 타이머 생존신고 완료 (수신된 모드: AUTO)
2026-04-20 05:37:56.814  3313-3313  1DAL_MVP                com.onedal.app                       D  🚦 [ROADMAP 05:37:56.808] [📱앱] [LIST] [post /api/scrap request] ⏱️ 타이머 생존신고 발송  deviceId: 앱폰-sdk_gpho-160, (건수: 0)
2026-04-20 05:37:56.856  3313-3354  1DAL_MVP                com.onedal.app                       D  🚦 [ROADMAP 05:37:56.856] [📱앱] [LIST] [post /api/scrap response] deviceId: 앱폰-sdk_gpho-160, (건수: 0)
2026-04-20 05:37:56.860  3313-3354  1DAL_API                com.onedal.app                       D  📋 [필터 동기화 (서버→앱) 적용됨] 맵핑된 필터 전체 스키마:
                                                                                                    FilterConfig(allowedVehicleTypes=[1t], isActive=false, isSharedMode=false, pickupRadiusKm=999, minFare=0, maxFare=1000000, destinationCity=, destinationRadiusKm=10, excludedKeywords=[], destinationKeywords=[], customCityFilters=[], destinationGroups={}, customFilters=[])
2026-04-20 05:37:56.860  3313-3354  1DAL_TELEMETRY          com.onedal.app                       D  📥 [서버 수신] ⏱️ 타이머 생존신고 완료 (수신된 모드: AUTO)
2026-04-20 05:38:56.829  3313-3313  1DAL_MVP                com.onedal.app                       D  🚦 [ROADMAP 05:38:56.825] [📱앱] [LIST] [post /api/scrap request] ⏱️ 타이머 생존신고 발송  deviceId: 앱폰-sdk_gpho-160, (건수: 0)
2026-04-20 05:38:56.862  3313-3354  1DAL_MVP                com.onedal.app                       D  🚦 [ROADMAP 05:38:56.861] [📱앱] [LIST] [post /api/scrap response] deviceId: 앱폰-sdk_gpho-160, (건수: 0)
2026-04-20 05:38:56.863  3313-3354  1DAL_API                com.onedal.app                       D  📋 [필터 동기화 (서버→앱) 적용됨] 맵핑된 필터 전체 스키마:
                                                                                                    FilterConfig(allowedVehicleTypes=[1t], isActive=false, isSharedMode=false, pickupRadiusKm=999, minFare=0, maxFare=1000000, destinationCity=, destinationRadiusKm=10, excludedKeywords=[], destinationKeywords=[], customCityFilters=[], destinationGroups={}, customFilters=[])
2026-04-20 05:38:56.863  3313-3354  1DAL_TELEMETRY          com.onedal.app                       D  📥 [서버 수신] ⏱️ 타이머 생존신고 완료 (수신된 모드: AUTO)
---------------------------- PROCESS ENDED (3313) for package com.onedal.app ----------------------------
---------------------------- PROCESS STARTED (7817) for package com.onedal.app ----------------------------
2026-04-20 05:39:57.471  7817-7817  1DAL_TELEMETRY          com.onedal.app                       I  Telemetry Loop Started (Event-driven + 20s Keep-alive)
2026-04-20 05:39:57.482  7817-7817  1DAL_MVP                com.onedal.app                       D  🚦 [ROADMAP 05:39:57.474] [📱앱] [LIST] [Current Page: MainActivity] 1DAL 앱 실행 및 초기 설정
2026-04-20 05:39:57.488  7817-7817  1DAL_MVP                com.onedal.app                       D  🚦 [ROADMAP 05:39:57.483] [📱앱] [UNKNOWN] 앱 기동 전 또는 백그라운드 ➡️ [Current Page: UNKNOWN]
2026-04-20 05:39:57.490  7817-7817  1DAL_MVP                com.onedal.app                       D  🚦 [ROADMAP 05:39:57.488] [📱앱] [UNKNOWN] 📍 백그라운드 Telemetry (lat, lng) 획득 엔진 가동!
2026-04-20 05:39:57.496  7817-7817  1DAL_MVP                com.onedal.app                       I  ✅ 1DAL Service Connected!
2026-04-20 05:39:57.496  7817-7817  1DAL_MVP                com.onedal.app                       I    📡 ApiClient  (기기ID: 앱폰-sdk_gpho-160)
2026-04-20 05:39:57.496  7817-7817  1DAL_MVP                com.onedal.app                       I    📤 Telemetry  (생존신고 시작)
2026-04-20 05:39:57.496  7817-7817  1DAL_MVP                com.onedal.app                       I    🔍 Parser     (NativeScrapParser)
2026-04-20 05:39:57.496  7817-7817  1DAL_MVP                com.onedal.app                       I    👆 Touch      (준비 완료)
2026-04-20 05:39:57.496  7817-7817  1DAL_MVP                com.onedal.app                       I    🎯 Keywords   (인성콜)
2026-04-20 05:39:57.520  7817-7848  1DAL_API                com.onedal.app                       D  🎯 [인성콜] 키워드 사전 다운로드 성공: {"appName":"인성콜","uiNoiseWords":["출발지","도착지","차종","요금","설정","닫기","콜상세"],"confirmButtonText":"확정","cancelButtonText":"취소","pickupButtonText":"출발지","dropoffButtonText":"도착지"}
2026-04-20 05:39:57.676  7817-7817  1DAL_MVP                com.onedal.app                       D  🚦 [ROADMAP 05:39:57.675] [📱앱] [LIST] [post /api/scrap request] 👀 화면 변경 감지 발송  deviceId: 앱폰-sdk_gpho-160, (건수: 0)
2026-04-20 05:39:57.696  7817-7848  1DAL_MVP                com.onedal.app                       D  🚦 [ROADMAP 05:39:57.696] [📱앱] [LIST] [post /api/scrap response] deviceId: 앱폰-sdk_gpho-160, (건수: 0)
2026-04-20 05:39:57.699  7817-7848  1DAL_API                com.onedal.app                       D  📋 [필터 동기화 (서버→앱) 적용됨] 맵핑된 필터 전체 스키마:
                                                                                                    FilterConfig(allowedVehicleTypes=[1t], isActive=false, isSharedMode=false, pickupRadiusKm=999, minFare=0, maxFare=1000000, destinationCity=, destinationRadiusKm=10, excludedKeywords=[], destinationKeywords=[], customCityFilters=[], destinationGroups={}, customFilters=[])
2026-04-20 05:39:57.699  7817-7848  1DAL_TELEMETRY          com.onedal.app                       D  📥 [서버 수신] 👀 화면 변경 감지 완료 (수신된 모드: AUTO)
2026-04-20 05:39:58.204  7817-7817  1DAL_MVP                com.onedal.app                       D  -------------------------------
2026-04-20 05:39:58.205  7817-7817  1DAL_MVP                com.onedal.app                       D  🚦 [ROADMAP 05:39:58.204] [📱앱] [UNKNOWN] 📡 화면 변경 감지 | 모드: AUTO
2026-04-20 05:39:58.406  7817-7817  1DAL_MVP                com.onedal.app                       D  🚦 [ROADMAP 05:39:58.405] [📱앱] [UNKNOWN] [post /api/scrap request] 👀 화면 변경 감지 발송  deviceId: 앱폰-sdk_gpho-160, (건수: 0)
2026-04-20 05:39:58.413  7817-7848  1DAL_MVP                com.onedal.app                       D  🚦 [ROADMAP 05:39:58.413] [📱앱] [UNKNOWN] [post /api/scrap response] deviceId: 앱폰-sdk_gpho-160, (건수: 0)
2026-04-20 05:39:58.413  7817-7848  1DAL_API                com.onedal.app                       D  📋 [필터 동기화 (서버→앱) 적용됨] 맵핑된 필터 전체 스키마:
                                                                                                    FilterConfig(allowedVehicleTypes=[1t], isActive=false, isSharedMode=false, pickupRadiusKm=999, minFare=0, maxFare=1000000, destinationCity=, destinationRadiusKm=10, excludedKeywords=[], destinationKeywords=[], customCityFilters=[], destinationGroups={}, customFilters=[])
2026-04-20 05:39:58.414  7817-7848  1DAL_TELEMETRY          com.onedal.app                       D  📥 [서버 수신] 👀 화면 변경 감지 완료 (수신된 모드: AUTO)
2026-04-20 05:40:00.456  7817-7817  1DAL_MVP                com.onedal.app                       D  -------------------------------
2026-04-20 05:40:00.457  7817-7817  1DAL_MVP                com.onedal.app                       D  🚦 [ROADMAP 05:40:00.456] [📱앱] [UNKNOWN] 📡 화면 변경 감지 | 모드: AUTO
2026-04-20 05:40:01.617  7817-7817  1DAL_MVP                com.onedal.app                       D  -------------------------------
2026-04-20 05:40:01.619  7817-7817  1DAL_MVP                com.onedal.app                       D  🚦 [ROADMAP 05:40:01.617] [📱앱] [UNKNOWN] 📡 화면 변경 감지 | 모드: AUTO
2026-04-20 05:40:03.624  7817-7817  1DAL_MVP                com.onedal.app                       D  -------------------------------
2026-04-20 05:40:03.632  7817-7817  1DAL_MVP                com.onedal.app                       D  🚦 [ROADMAP 05:40:03.627] [📱앱] [UNKNOWN] 📡 화면 변경 감지 | 모드: AUTO
2026-04-20 05:40:03.766  7817-7817  1DAL_MVP                com.onedal.app                       D  -------------------------------
2026-04-20 05:40:03.775  7817-7817  1DAL_MVP                com.onedal.app                       D  🚦 [ROADMAP 05:40:03.766] [📱앱] [LIST] 📡 화면 변경 감지 | 모드: AUTO
2026-04-20 05:40:03.810  7817-7817  1DAL_MVP                com.onedal.app                       D  -------------------------------
2026-04-20 05:40:03.810  7817-7817  1DAL_MVP                com.onedal.app                       D  🚦 [ROADMAP 05:40:03.810] [📱앱] [LIST] 📡 화면 변경 감지 | 모드: AUTO
2026-04-20 05:40:03.826  7817-7817  1DAL_PARSER             com.onedal.app                       D  🔍 [1차 리스트 필터] 도착지=상록구, 결과=true
2026-04-20 05:40:03.826  7817-7817  1DAL_MVP                com.onedal.app                       D  🚦 [ROADMAP 05:40:03.826] [📱앱] [LIST] 🔍 [타겟 콜 필터 결과] 차종(라)=❌ 도착지(0중 상록구)=✅ 요금(0 <= 68000)=✅ 상차지/거리(999 >= 0.2km)=✅ 블랙()=✅
2026-04-20 05:40:03.829  7817-7817  1DAL_PARSER             com.onedal.app                       D  🔍 [1차 리스트 필터] 도착지=만안구, 결과=true
2026-04-20 05:40:03.829  7817-7817  1DAL_MVP                com.onedal.app                       D  🚦 [ROADMAP 05:40:03.829] [📱앱] [LIST] 🔍 [타겟 콜 필터 결과] 차종(1t)=✅ 도착지(0중 만안구)=✅ 요금(0 <= 54000)=✅ 상차지/거리(999 >= 0.2km)=✅ 블랙()=✅
2026-04-20 05:40:03.829  7817-7817  1DAL_MVP                com.onedal.app                       D  🚦 [ROADMAP 05:40:03.829] [📱앱] [LIST] 인성앱 콜 리스트 렌더링 ➡️ [Current Page: LIST] 진입
2026-04-20 05:40:03.829  7817-7817  1DAL_MVP                com.onedal.app                       D  🚦 [ROADMAP 05:40:03.829] [📱앱] [LIST] 안드로이드 자체 메모리에 필터 캐싱 완료 및 대기
2026-04-20 05:40:03.829  7817-7817  1DAL_MVP                com.onedal.app                       D  🚦 [ROADMAP 05:40:03.829] [📱앱] [LIST] [Current Page: LIST] 상태 유지 및 1차(단독/합짐) 리스트 필터 통과 확인
2026-04-20 05:40:03.829  7817-7817  1DAL_MVP                com.onedal.app                       D  💥 [AUTO] 꿀콜 조건 통과! 대상 콜 강제 터치 진행!
2026-04-20 05:40:03.829  7817-7817  1DAL_MVP                com.onedal.app                       D  📝 [AUTO] 2차 검증 반송(취소)에 대비해 해당 콜 지문 선(先)기록 완료 (해시: -735132593)
2026-04-20 05:40:03.830  7817-7817  1DAL_MVP                com.onedal.app                       D  🚦 [ROADMAP 05:40:03.829] [📱앱] [LIST] 리스트에서 바뀐 text 감지 후 text 추출
2026-04-20 05:40:03.834  7817-7817  1DAL_MVP                com.onedal.app                       D  🚦 [ROADMAP 05:40:03.834] [📱앱] [LIST] [인성 Socket] 인성콜에 선택된 콜 정보 전달 (꿀콜 클릭!)
2026-04-20 05:40:03.888  7817-7817  1DAL_TOUCH              com.onedal.app                       D  ✅ [가로채기 성공!] 화면 좌표 (X:917.0, Y:664.0) 터치 완료!
2026-04-20 05:40:03.889  7817-7817  1DAL_MVP                com.onedal.app                       D  🚦 [ROADMAP 05:40:03.888] [📱앱] 버튼 터치 완료 (가로채기 성공) X:917.0, Y:664.0
2026-04-20 05:40:04.041  7817-7817  1DAL_MVP                com.onedal.app                       D  -------------------------------
2026-04-20 05:40:04.041  7817-7817  1DAL_MVP                com.onedal.app                       D  🚦 [ROADMAP 05:40:04.041] [📱앱] [DETAIL_PRE_CONFIRM] 📡 화면 변경 감지 | 모드: AUTO
2026-04-20 05:40:04.041  7817-7817  1DAL_MVP                com.onedal.app                       D  🚦 [ROADMAP 05:40:04.041] [📱앱] [DETAIL_PRE_CONFIRM] [Current Page: DETAIL_PRE_CONFIRM] 진입 완료
2026-04-20 05:40:04.048  7817-7817  1DAL_MVP                com.onedal.app                       D  🚦 [ROADMAP 05:40:04.048] [📱앱] [DETAIL_PRE_CONFIRM] 상세페이지 텍스트 추출 및 2차 필터(적요 등) 통과 확인
2026-04-20 05:40:04.049  7817-7817  1DAL_MVP                com.onedal.app                       D  🚦 [ROADMAP 05:40:04.049] [📱앱] [LIST] 🔍 [타겟 콜 필터 결과] 차종(1t)=✅ 도착지(0중 만안구)=✅ 요금(0 <= 54000)=✅ 상차지/거리(999 >= 0.2km)=✅ 블랙()=✅
2026-04-20 05:40:04.051  7817-7817  1DAL_MVP                com.onedal.app                       D  📤 [post /confirm request] 서버 전송 내용 -> 모드: AUTO | 텍스트: rep_map 고양퀵서비스-031-932-7722 전표 상태 : 신규 물품 : 서류봉투 차량 : 1t 탁송료 : 수수료 : 23% 요금 : 54,000(신용) 구분 : 편도 형태 : 예약 적요상세 *카고 입니다. 세금계산서필 15:17 상차. 마스크 카톤 서류봉투 명세...
2026-04-20 05:40:04.055  7817-7817  1DAL_MVP                com.onedal.app                       D  🚀 [AUTO] 확정 버튼 광클 (배차 시도)
2026-04-20 05:40:04.057  7817-7817  1DAL_MVP                com.onedal.app                       D  🚦 [ROADMAP 05:40:04.055] [📱앱] [DETAIL_PRE_CONFIRM] 상세페이지에서 '확정' 추출 후 클릭
2026-04-20 05:40:04.057  7817-7817  1DAL_MVP                com.onedal.app                       D  🚦 [ROADMAP 05:40:04.057] [📱앱] [DETAIL_PRE_CONFIRM] [인성 Socket] 콜 확정 완료
2026-04-20 05:40:04.061  7817-7817  1DAL_MVP                com.onedal.app                       D  🚦 [ROADMAP 05:40:04.061] [📱앱] '확정' 버튼 인식 ➡️ 클릭 시도
2026-04-20 05:40:04.113  7817-7890  1DAL_API                com.onedal.app                       D  🌐 [post /confirm response / 200] {"success":true,"message":"1차 수신 완료. 상세 페이지 내용을 긁어서 POST /api/orders/detail 로 보내주세요."}
2026-04-20 05:40:04.114  7817-7890  1DAL_MVP                com.onedal.app                       D  🚦 [ROADMAP 05:40:04.113] [📱앱] [HTTP 폴링] 응답 /orders/confirm
2026-04-20 05:40:04.114  7817-7817  1DAL_TOUCH              com.onedal.app                       D  ✅ [가로채기 성공!] 화면 좌표 (X:161.0, Y:2251.0) 터치 완료!
2026-04-20 05:40:04.115  7817-7817  1DAL_MVP                com.onedal.app                       D  🚦 [ROADMAP 05:40:04.115] [📱앱] 버튼 터치 완료 (가로채기 성공) X:161.0, Y:2251.0
2026-04-20 05:40:04.258  7817-7817  1DAL_MVP                com.onedal.app                       D  🚦 [ROADMAP 05:40:04.258] [📱앱] [DETAIL_PRE_CONFIRM] [post /api/scrap request] 👀 화면 변경 감지 발송  deviceId: 앱폰-sdk_gpho-160, (건수: 1)
2026-04-20 05:40:04.274  7817-7848  1DAL_MVP                com.onedal.app                       D  🚦 [ROADMAP 05:40:04.274] [📱앱] [DETAIL_PRE_CONFIRM] [post /api/scrap response] deviceId: 앱폰-sdk_gpho-160, (건수: 1)
2026-04-20 05:40:04.274  7817-7848  1DAL_API                com.onedal.app                       D  📋 [필터 동기화 (서버→앱) 적용됨] 맵핑된 필터 전체 스키마:
                                                                                                    FilterConfig(allowedVehicleTypes=[1t], isActive=false, isSharedMode=false, pickupRadiusKm=999, minFare=0, maxFare=1000000, destinationCity=, destinationRadiusKm=10, excludedKeywords=[], destinationKeywords=[], customCityFilters=[], destinationGroups={}, customFilters=[])
2026-04-20 05:40:04.275  7817-7848  1DAL_TELEMETRY          com.onedal.app                       D  📥 [서버 수신] 👀 화면 변경 감지 완료 (수신된 모드: AUTO)
2026-04-20 05:40:04.369  7817-7817  1DAL_MVP                com.onedal.app                       D  -------------------------------
2026-04-20 05:40:04.369  7817-7817  1DAL_MVP                com.onedal.app                       D  🚦 [ROADMAP 05:40:04.369] [📱앱] [DETAIL_CONFIRMED] 📡 화면 변경 감지 | 모드: AUTO
2026-04-20 05:40:04.370  7817-7817  1DAL_MVP                com.onedal.app                       D  🚦 [ROADMAP 05:40:04.370] [📱앱] [DETAIL_CONFIRMED] [Current Page: DETAIL_CONFIRMED] 진입 완료
2026-04-20 05:40:04.370  7817-7817  1DAL_MVP                com.onedal.app                       D  🚦 [ROADMAP 05:40:04.370] [📱앱] [DETAIL_CONFIRMED] 🔒 isHolding = true 설정 (이후 화면 요동쳐도 락 유지)
2026-04-20 05:40:04.370  7817-7817  1DAL_MVP                com.onedal.app                       D  🚦 [ROADMAP 05:40:04.370] [📱앱] [DETAIL_CONFIRMED] 🏄‍♂️ 무인 서핑 가동 (State Machine: IDLE)
2026-04-20 05:40:04.370  7817-7817  1DAL_MVP                com.onedal.app                       D  🚦 [ROADMAP 05:40:04.370] [📱앱] [DETAIL_CONFIRMED] [Current Page: DETAIL_CONFIRMED] 확정페이지 체류 및 팝업버튼 트리거 대기
2026-04-20 05:40:04.371  7817-7817  1DAL_MVP                com.onedal.app                       D  🏄‍♂️ [자동 팝업 서핑] 확정 화면 진입 확인! 적요상세 팝업 호출 시도
2026-04-20 05:40:04.372  7817-7817  1DAL_MVP                com.onedal.app                       D  🚦 [ROADMAP 05:40:04.371] [📱앱] '적요상세' 버튼 인식 ➡️ 클릭 시도
2026-04-20 05:40:04.373  7817-7817  1DAL_MVP                com.onedal.app                       D  🚦 [ROADMAP 05:40:04.373] [📱앱] [DETAIL_CONFIRMED] 확정페이지에서 '적요상세' 추출 후 클릭
2026-04-20 05:40:04.374  7817-7817  1DAL_MVP                com.onedal.app                       I  📋 [SEQ 81] 적요상세 버튼 클릭 → 적요 정보 요청
2026-04-20 05:40:04.423  7817-7817  1DAL_TOUCH              com.onedal.app                       D  ✅ [가로채기 성공!] 화면 좌표 (X:149.0, Y:1153.0) 터치 완료!
2026-04-20 05:40:04.424  7817-7817  1DAL_MVP                com.onedal.app                       D  🚦 [ROADMAP 05:40:04.423] [📱앱] 버튼 터치 완료 (가로채기 성공) X:149.0, Y:1153.0
2026-04-20 05:40:04.610  7817-7817  1DAL_MVP                com.onedal.app                       D  -------------------------------
2026-04-20 05:40:04.610  7817-7817  1DAL_MVP                com.onedal.app                       D  🚦 [ROADMAP 05:40:04.610] [📱앱] [POPUP_MEMO] 📡 화면 변경 감지 | 모드: AUTO
2026-04-20 05:40:04.610  7817-7817  1DAL_MVP                com.onedal.app                       D  📝 적요 스크래핑 성공! 닫기 버튼 누름
2026-04-20 05:40:04.610  7817-7817  1DAL_MVP                com.onedal.app                       I  📋 [SEQ 81-82] 적요상세 추출 완료 → 닫기
2026-04-20 05:40:04.610  7817-7817  1DAL_MVP                com.onedal.app                       D  🚦 [ROADMAP 05:40:04.610] [📱앱] [POPUP_MEMO] [Current Page: POPUP_MEMO] 진입 완료 ("적요 내용" 텍스트 매칭 확인)
2026-04-20 05:40:04.610  7817-7817  1DAL_MVP                com.onedal.app                       D  🚦 [ROADMAP 05:40:04.610] [📱앱] [POPUP_MEMO] 적요상세 데이터 추출 및 메모리에 누적 저장
2026-04-20 05:40:04.611  7817-7817  1DAL_MVP                com.onedal.app                       D  🚦 [ROADMAP 05:40:04.611] [📱앱] '닫기' 버튼 인식 ➡️ 클릭 시도
2026-04-20 05:40:04.665  7817-7817  1DAL_TOUCH              com.onedal.app                       D  ✅ [가로채기 성공!] 화면 좌표 (X:540.0, Y:2264.0) 터치 완료!
2026-04-20 05:40:04.666  7817-7817  1DAL_MVP                com.onedal.app                       D  🚦 [ROADMAP 05:40:04.665] [📱앱] 버튼 터치 완료 (가로채기 성공) X:540.0, Y:2264.0
2026-04-20 05:40:04.805  7817-7817  1DAL_MVP                com.onedal.app                       D  -------------------------------
2026-04-20 05:40:04.806  7817-7817  1DAL_MVP                com.onedal.app                       D  🚦 [ROADMAP 05:40:04.805] [📱앱] [DETAIL_CONFIRMED] 📡 화면 변경 감지 | 모드: AUTO
2026-04-20 05:40:04.806  7817-7817  1DAL_MVP                com.onedal.app                       D  🚦 [ROADMAP 05:40:04.806] [📱앱] [DETAIL_CONFIRMED] [Current Page: DETAIL_CONFIRMED] 확정페이지 복귀 확인 (잔상 회피 완료)
2026-04-20 05:40:04.806  7817-7817  1DAL_MVP                com.onedal.app                       D  🏄‍♂️ [자동 팝업 서핑] 적요 정보 확인 완료. 출발지 정보 확인을 위해 자동 클릭 시도
2026-04-20 05:40:04.806  7817-7817  1DAL_MVP                com.onedal.app                       D  🚦 [ROADMAP 05:40:04.806] [📱앱] [DETAIL_CONFIRMED] 확정페이지에서 '출발지' 추출 후 클릭
2026-04-20 05:40:04.806  7817-7817  1DAL_MVP                com.onedal.app                       D  🚦 [ROADMAP 05:40:04.806] [📱앱] '출발지' 버튼 인식 ➡️ 클릭 시도
2026-04-20 05:40:04.859  7817-7817  1DAL_TOUCH              com.onedal.app                       D  ✅ [가로채기 성공!] 화면 좌표 (X:539.0, Y:1592.0) 터치 완료!
2026-04-20 05:40:04.860  7817-7817  1DAL_MVP                com.onedal.app                       D  🚦 [ROADMAP 05:40:04.860] [📱앱] 버튼 터치 완료 (가로채기 성공) X:539.0, Y:1592.0
2026-04-20 05:40:04.997  7817-7817  1DAL_MVP                com.onedal.app                       D  -------------------------------
2026-04-20 05:40:04.998  7817-7817  1DAL_MVP                com.onedal.app                       D  🚦 [ROADMAP 05:40:04.997] [📱앱] [POPUP_PICKUP] 📡 화면 변경 감지 | 모드: AUTO
2026-04-20 05:40:04.998  7817-7817  1DAL_MVP                com.onedal.app                       D  📝 출발지 스크래핑 성공! 닫기 버튼 누름
2026-04-20 05:40:04.998  7817-7817  1DAL_MVP                com.onedal.app                       D  🚦 [ROADMAP 05:40:04.998] [📱앱] [POPUP_PICKUP] [Current Page: POPUP_PICKUP] 진입 완료 ("전화1" 텍스트 매칭 확인)
2026-04-20 05:40:04.998  7817-7817  1DAL_MVP                com.onedal.app                       D  🚦 [ROADMAP 05:40:04.998] [📱앱] [POPUP_PICKUP] 출발지 데이터 추출 및 메모리에 누적 저장
2026-04-20 05:40:04.999  7817-7817  1DAL_MVP                com.onedal.app                       D  🚦 [ROADMAP 05:40:04.999] [📱앱] '닫기' 버튼 인식 ➡️ 클릭 시도
2026-04-20 05:40:05.055  7817-7817  1DAL_TOUCH              com.onedal.app                       D  ✅ [가로채기 성공!] 화면 좌표 (X:136.0, Y:2264.0) 터치 완료!
2026-04-20 05:40:05.056  7817-7817  1DAL_MVP                com.onedal.app                       D  🚦 [ROADMAP 05:40:05.055] [📱앱] 버튼 터치 완료 (가로채기 성공) X:136.0, Y:2264.0
2026-04-20 05:40:05.173  7817-7817  1DAL_MVP                com.onedal.app                       D  -------------------------------
2026-04-20 05:40:05.174  7817-7817  1DAL_MVP                com.onedal.app                       D  🚦 [ROADMAP 05:40:05.173] [📱앱] [DETAIL_CONFIRMED] 📡 화면 변경 감지 | 모드: AUTO
2026-04-20 05:40:05.175  7817-7817  1DAL_MVP                com.onedal.app                       D  🚦 [ROADMAP 05:40:05.174] [📱앱] [DETAIL_CONFIRMED] [Current Page: DETAIL_CONFIRMED] 확정페이지 복귀 확인 (잔상 회피 완료)
2026-04-20 05:40:05.175  7817-7817  1DAL_MVP                com.onedal.app                       D  🏄‍♂️ [자동 팝업 서핑] 출발지 확인 완료. 도착지 정보 확인을 위해 자동 클릭 시도
2026-04-20 05:40:05.175  7817-7817  1DAL_MVP                com.onedal.app                       D  🚦 [ROADMAP 05:40:05.175] [📱앱] [DETAIL_CONFIRMED] 확정페이지에서 '도착지' 추출 후 클릭
2026-04-20 05:40:05.175  7817-7817  1DAL_MVP                com.onedal.app                       D  🚦 [ROADMAP 05:40:05.175] [📱앱] '도착지' 버튼 인식 ➡️ 클릭 시도
2026-04-20 05:40:05.228  7817-7817  1DAL_TOUCH              com.onedal.app                       D  ✅ [가로채기 성공!] 화면 좌표 (X:539.0, Y:1742.0) 터치 완료!
2026-04-20 05:40:05.229  7817-7817  1DAL_MVP                com.onedal.app                       D  🚦 [ROADMAP 05:40:05.229] [📱앱] 버튼 터치 완료 (가로채기 성공) X:539.0, Y:1742.0
2026-04-20 05:40:05.370  7817-7817  1DAL_MVP                com.onedal.app                       D  -------------------------------
2026-04-20 05:40:05.371  7817-7817  1DAL_MVP                com.onedal.app                       D  🚦 [ROADMAP 05:40:05.371] [📱앱] [POPUP_DROPOFF] 📡 화면 변경 감지 | 모드: AUTO
2026-04-20 05:40:05.371  7817-7817  1DAL_MVP                com.onedal.app                       D  📝 도착지 스크래핑 성공! 닫기 누름 및 전체 내용 /detail 로 발송
2026-04-20 05:40:05.371  7817-7817  1DAL_MVP                com.onedal.app                       D  🚦 [ROADMAP 05:40:05.371] [📱앱] [POPUP_DROPOFF] [Current Page: POPUP_DROPOFF] 진입 완료 ("전화1" 텍스트 매칭 확인)
2026-04-20 05:40:05.371  7817-7817  1DAL_MVP                com.onedal.app                       D  🚦 [ROADMAP 05:40:05.371] [📱앱] [POPUP_DROPOFF] 도착지 데이터 추출 및 메모리에 누적 저장
2026-04-20 05:40:05.372  7817-7817  1DAL_MVP                com.onedal.app                       D  🚦 [ROADMAP 05:40:05.372] [📱앱] '닫기' 버튼 인식 ➡️ 클릭 시도
2026-04-20 05:40:05.373  7817-7817  1DAL_MVP                com.onedal.app                       D  🚦 [ROADMAP 05:40:05.373] [📱앱] [POPUP_DROPOFF] [Current Page: DETAIL_CONFIRMED] 무인 서핑 종료 (State Machine: DONE)
2026-04-20 05:40:05.373  7817-7817  1DAL_MVP                com.onedal.app                       W  ⏳ 데스밸리 타이머 시작: 30초 대기...
2026-04-20 05:40:05.374  7817-7817  1DAL_MVP                com.onedal.app                       D  🌐 [post /detail request] AUTO 모드 판결 요청 텍스트: rep_map 고양퀵서비스-031-932-7722 전표 상태 : 신규 물품 : 서류봉투 취소 차량 : 1t 탁송료 : 0 수수료 : 23% 요금 : 54,000(신용) 구분 : 편도 형태 : 예약 적요상세 인수증 전송 *카고 입니다. 세금계산서필 15:17 상차. 마스...
2026-04-20 05:40:05.423  7817-7817  1DAL_TOUCH              com.onedal.app                       D  ✅ [가로채기 성공!] 화면 좌표 (X:136.0, Y:2264.0) 터치 완료!
2026-04-20 05:40:05.424  7817-7817  1DAL_MVP                com.onedal.app                       D  🚦 [ROADMAP 05:40:05.423] [📱앱] 버튼 터치 완료 (가로채기 성공) X:136.0, Y:2264.0
2026-04-20 05:40:05.746  7817-7817  1DAL_MVP                com.onedal.app                       D  🚦 [ROADMAP 05:40:05.745] [📱앱] [DETAIL_CONFIRMED] [post /api/scrap request] 👀 화면 변경 감지 발송  deviceId: 앱폰-sdk_gpho-160, (건수: 0)
2026-04-20 05:40:05.759  7817-7848  1DAL_MVP                com.onedal.app                       D  🚦 [ROADMAP 05:40:05.759] [📱앱] [DETAIL_CONFIRMED] [post /api/scrap response] deviceId: 앱폰-sdk_gpho-160, (건수: 0)
2026-04-20 05:40:05.760  7817-7848  1DAL_API                com.onedal.app                       D  📋 [필터 동기화 (서버→앱) 적용됨] 맵핑된 필터 전체 스키마:
                                                                                                    FilterConfig(allowedVehicleTypes=[1t], isActive=false, isSharedMode=false, pickupRadiusKm=999, minFare=0, maxFare=1000000, destinationCity=, destinationRadiusKm=10, excludedKeywords=[], destinationKeywords=[], customCityFilters=[], destinationGroups={}, customFilters=[])
2026-04-20 05:40:05.761  7817-7848  1DAL_TELEMETRY          com.onedal.app                       D  📥 [서버 수신] 👀 화면 변경 감지 완료 (수신된 모드: AUTO)
2026-04-20 05:40:10.187  7817-7890  1DAL_API                com.onedal.app                       D  🌐 [post /detail response / 200] {"deviceId":"server","action":"CANCEL"}
2026-04-20 05:40:10.220  7817-7890  1DAL_MVP                com.onedal.app                       D  🚦 [ROADMAP 05:40:10.214] [📱앱] [HTTP 폴링] 응답 /orders/detail 취소 정보 전송
2026-04-20 05:40:10.220  7817-7890  1DAL_MVP                com.onedal.app                       D  🔄 서버 판결 도착: ID=5085657b-e64e-47a6-92c1-a2c76c08a865, ACTION=CANCEL
2026-04-20 05:40:10.220  7817-7890  1DAL_MVP                com.onedal.app                       D  ⚡ 판결 집행: 행동=CANCEL, 누를버튼=취소 (버튼클릭을 시작합니다), 500ms 지연
2026-04-20 05:40:10.427  7817-7817  1DAL_MVP                com.onedal.app                       D  🚦 [ROADMAP 05:40:10.426] [📱앱] [DETAIL_CONFIRMED] [post /api/scrap request] 👀 화면 변경 감지 발송  deviceId: 앱폰-sdk_gpho-160, (건수: 0)
2026-04-20 05:40:10.437  7817-7848  1DAL_MVP                com.onedal.app                       D  🚦 [ROADMAP 05:40:10.437] [📱앱] [DETAIL_CONFIRMED] [post /api/scrap response] deviceId: 앱폰-sdk_gpho-160, (건수: 0)
2026-04-20 05:40:10.438  7817-7848  1DAL_API                com.onedal.app                       D  📋 [필터 동기화 (서버→앱) 적용됨] 맵핑된 필터 전체 스키마:
                                                                                                    FilterConfig(allowedVehicleTypes=[], isActive=true, isSharedMode=false, pickupRadiusKm=999, minFare=0, maxFare=1000000, destinationCity=, destinationRadiusKm=10, excludedKeywords=[], destinationKeywords=[], customCityFilters=[], destinationGroups={}, customFilters=[])
2026-04-20 05:40:10.438  7817-7848  1DAL_TELEMETRY          com.onedal.app                       D  📥 [서버 수신] 👀 화면 변경 감지 완료 (수신된 모드: AUTO)
2026-04-20 05:40:10.732  7817-7817  1DAL_MVP                com.onedal.app                       D  🚦 [ROADMAP 05:40:10.732] [📱앱] '취소' 버튼 인식 ➡️ 클릭 시도
2026-04-20 05:40:10.738  7817-7817  1DAL_MVP                com.onedal.app                       D  🚦 [ROADMAP 05:40:10.738] [📱앱] [DETAIL_CONFIRMED] [Current Page: DETAIL_CONFIRMED] 체류 상태 확인
2026-04-20 05:40:10.738  7817-7817  1DAL_MVP                com.onedal.app                       D  🚦 [ROADMAP 05:40:10.738] [📱앱] [DETAIL_CONFIRMED] [Current Page: LIST] 로 복귀 렌더링 완료
2026-04-20 05:40:10.739  7817-7817  1DAL_MVP                com.onedal.app                       D  🚦 [ROADMAP 05:40:10.739] [📱앱] [DETAIL_CONFIRMED] 🔓 isHolding = false 락 해제 완료
2026-04-20 05:40:10.739  7817-7817  1DAL_MVP                com.onedal.app                       D  🚦 [ROADMAP 05:40:10.739] [📱앱] [DETAIL_CONFIRMED] 🔄 [원래 하던 모드(유지된 필터)로 PHASE 2 무한 루프 회귀] 🔄
2026-04-20 05:40:10.739  7817-7817  1DAL_MVP                com.onedal.app                       D  🎉 행동 완료! 타겟($targetBtnStr) 명중.
2026-04-20 05:40:10.791  7817-7817  1DAL_TOUCH              com.onedal.app                       D  ✅ [가로채기 성공!] 화면 좌표 (X:950.0, Y:478.0) 터치 완료!
2026-04-20 05:40:10.791  7817-7817  1DAL_MVP                com.onedal.app                       D  🚦 [ROADMAP 05:40:10.791] [📱앱] 버튼 터치 완료 (가로채기 성공) X:950.0, Y:478.0
2026-04-20 05:40:10.960  7817-7817  1DAL_MVP                com.onedal.app                       D  -------------------------------
2026-04-20 05:40:10.961  7817-7817  1DAL_MVP                com.onedal.app                       D  🚦 [ROADMAP 05:40:10.960] [📱앱] [LIST] 📡 화면 변경 감지 | 모드: AUTO
2026-04-20 05:40:10.966  7817-7817  1DAL_PARSER             com.onedal.app                       D  🔍 [1차 리스트 필터] 도착지=고덕동, 결과=true
2026-04-20 05:40:10.966  7817-7817  1DAL_MVP                com.onedal.app                       D  🚦 [ROADMAP 05:40:10.966] [📱앱] [LIST] 🔍 [타겟 콜 필터 결과] 차종(1t)=✅ 도착지(0중 고덕동)=✅ 요금(0 <= 82000)=✅ 상차지/거리(999 >= 5.1km)=✅ 블랙()=✅
2026-04-20 05:40:10.966  7817-7817  1DAL_MVP                com.onedal.app                       D  🚦 [ROADMAP 05:40:10.966] [📱앱] [LIST] 인성앱 콜 리스트 렌더링 ➡️ [Current Page: LIST] 진입
2026-04-20 05:40:10.967  7817-7817  1DAL_MVP                com.onedal.app                       D  🚦 [ROADMAP 05:40:10.966] [📱앱] [LIST] 안드로이드 자체 메모리에 필터 캐싱 완료 및 대기
2026-04-20 05:40:10.967  7817-7817  1DAL_MVP                com.onedal.app                       D  🚦 [ROADMAP 05:40:10.967] [📱앱] [LIST] [Current Page: LIST] 상태 유지 및 1차(단독/합짐) 리스트 필터 통과 확인
2026-04-20 05:40:10.967  7817-7817  1DAL_MVP                com.onedal.app                       D  💥 [AUTO] 꿀콜 조건 통과! 대상 콜 강제 터치 진행!
2026-04-20 05:40:10.967  7817-7817  1DAL_MVP                com.onedal.app                       D  📝 [AUTO] 2차 검증 반송(취소)에 대비해 해당 콜 지문 선(先)기록 완료 (해시: 1400213619)
2026-04-20 05:40:10.967  7817-7817  1DAL_MVP                com.onedal.app                       D  🚦 [ROADMAP 05:40:10.967] [📱앱] [LIST] 리스트에서 바뀐 text 감지 후 text 추출
2026-04-20 05:40:10.971  7817-7817  1DAL_MVP                com.onedal.app                       D  🚦 [ROADMAP 05:40:10.971] [📱앱] [LIST] [인성 Socket] 인성콜에 선택된 콜 정보 전달 (꿀콜 클릭!)
2026-04-20 05:40:11.023  7817-7817  1DAL_TOUCH              com.onedal.app                       D  ✅ [가로채기 성공!] 화면 좌표 (X:917.0, Y:568.0) 터치 완료!
2026-04-20 05:40:11.024  7817-7817  1DAL_MVP                com.onedal.app                       D  🚦 [ROADMAP 05:40:11.024] [📱앱] 버튼 터치 완료 (가로채기 성공) X:917.0, Y:568.0
2026-04-20 05:40:11.164  7817-7817  1DAL_MVP                com.onedal.app                       D  -------------------------------
2026-04-20 05:40:11.164  7817-7817  1DAL_MVP                com.onedal.app                       D  🚦 [ROADMAP 05:40:11.164] [📱앱] [DETAIL_PRE_CONFIRM] 📡 화면 변경 감지 | 모드: AUTO
2026-04-20 05:40:11.164  7817-7817  1DAL_MVP                com.onedal.app                       D  🚦 [ROADMAP 05:40:11.164] [📱앱] [DETAIL_PRE_CONFIRM] [Current Page: DETAIL_PRE_CONFIRM] 진입 완료
2026-04-20 05:40:11.170  7817-7817  1DAL_MVP                com.onedal.app                       D  🚦 [ROADMAP 05:40:11.170] [📱앱] [DETAIL_PRE_CONFIRM] 상세페이지 텍스트 추출 및 2차 필터(적요 등) 통과 확인
2026-04-20 05:40:11.170  7817-7817  1DAL_MVP                com.onedal.app                       D  🚦 [ROADMAP 05:40:11.170] [📱앱] [LIST] 🔍 [타겟 콜 필터 결과] 차종(1t)=✅ 도착지(0중 고덕동)=✅ 요금(0 <= 82000)=✅ 상차지/거리(999 >= 5.1km)=✅ 블랙()=✅
2026-04-20 05:40:11.171  7817-7817  1DAL_MVP                com.onedal.app                       D  📤 [post /confirm request] 서버 전송 내용 -> 모드: AUTO | 텍스트: rep_map 고양퀵서비스-031-932-7722 전표 상태 : 신규 물품 : 마대 1개 차량 : 1t 탁송료 : 수수료 : 23% 요금 : 82,000(카드) 구분 : 편도 형태 : 급송 적요상세 *카고 입니다. 세금계산서필 14:46 상차. 마스크 카톤 마대 1개 ...
2026-04-20 05:40:11.171  7817-7817  1DAL_MVP                com.onedal.app                       D  🚀 [AUTO] 확정 버튼 광클 (배차 시도)
2026-04-20 05:40:11.171  7817-7817  1DAL_MVP                com.onedal.app                       D  🚦 [ROADMAP 05:40:11.171] [📱앱] [DETAIL_PRE_CONFIRM] 상세페이지에서 '확정' 추출 후 클릭
2026-04-20 05:40:11.171  7817-7817  1DAL_MVP                com.onedal.app                       D  🚦 [ROADMAP 05:40:11.171] [📱앱] [DETAIL_PRE_CONFIRM] [인성 Socket] 콜 확정 완료
2026-04-20 05:40:11.172  7817-7817  1DAL_MVP                com.onedal.app                       D  🚦 [ROADMAP 05:40:11.171] [📱앱] '확정' 버튼 인식 ➡️ 클릭 시도
2026-04-20 05:40:11.177  7817-7890  1DAL_API                com.onedal.app                       D  🌐 [post /confirm response / 200] {"success":true,"message":"1차 수신 완료. 상세 페이지 내용을 긁어서 POST /api/orders/detail 로 보내주세요."}
2026-04-20 05:40:11.177  7817-7890  1DAL_MVP                com.onedal.app                       D  🚦 [ROADMAP 05:40:11.177] [📱앱] [HTTP 폴링] 응답 /orders/confirm
2026-04-20 05:40:11.271  7817-7817  1DAL_TOUCH              com.onedal.app                       D  ✅ [가로채기 성공!] 화면 좌표 (X:161.0, Y:2251.0) 터치 완료!
2026-04-20 05:40:11.272  7817-7817  1DAL_MVP                com.onedal.app                       D  🚦 [ROADMAP 05:40:11.272] [📱앱] 버튼 터치 완료 (가로채기 성공) X:161.0, Y:2251.0
2026-04-20 05:40:11.372  7817-7817  1DAL_MVP                com.onedal.app                       D  🚦 [ROADMAP 05:40:11.372] [📱앱] [DETAIL_PRE_CONFIRM] [post /api/scrap request] 👀 화면 변경 감지 발송  deviceId: 앱폰-sdk_gpho-160, (건수: 0)
2026-04-20 05:40:11.377  7817-7848  1DAL_MVP                com.onedal.app                       D  🚦 [ROADMAP 05:40:11.377] [📱앱] [DETAIL_PRE_CONFIRM] [post /api/scrap response] deviceId: 앱폰-sdk_gpho-160, (건수: 0)
2026-04-20 05:40:11.378  7817-7848  1DAL_API                com.onedal.app                       D  📋 [필터 동기화 (서버→앱) 적용됨] 맵핑된 필터 전체 스키마:
                                                                                                    FilterConfig(allowedVehicleTypes=[], isActive=false, isSharedMode=false, pickupRadiusKm=999, minFare=0, maxFare=1000000, destinationCity=, destinationRadiusKm=10, excludedKeywords=[], destinationKeywords=[], customCityFilters=[], destinationGroups={}, customFilters=[])
2026-04-20 05:40:11.378  7817-7848  1DAL_TELEMETRY          com.onedal.app                       D  📥 [서버 수신] 👀 화면 변경 감지 완료 (수신된 모드: AUTO)
2026-04-20 05:40:11.430  7817-7817  1DAL_MVP                com.onedal.app                       D  -------------------------------
2026-04-20 05:40:11.431  7817-7817  1DAL_MVP                com.onedal.app                       D  🚦 [ROADMAP 05:40:11.430] [📱앱] [DETAIL_CONFIRMED] 📡 화면 변경 감지 | 모드: AUTO
2026-04-20 05:40:11.431  7817-7817  1DAL_MVP                com.onedal.app                       D  🚦 [ROADMAP 05:40:11.431] [📱앱] [DETAIL_CONFIRMED] [Current Page: DETAIL_CONFIRMED] 진입 완료
2026-04-20 05:40:11.431  7817-7817  1DAL_MVP                com.onedal.app                       D  🚦 [ROADMAP 05:40:11.431] [📱앱] [DETAIL_CONFIRMED] 🔒 isHolding = true 설정 (이후 화면 요동쳐도 락 유지)
2026-04-20 05:40:11.432  7817-7817  1DAL_MVP                com.onedal.app                       D  🚦 [ROADMAP 05:40:11.431] [📱앱] [DETAIL_CONFIRMED] 🏄‍♂️ 무인 서핑 가동 (State Machine: IDLE)
2026-04-20 05:40:11.432  7817-7817  1DAL_MVP                com.onedal.app                       D  🚦 [ROADMAP 05:40:11.432] [📱앱] [DETAIL_CONFIRMED] [Current Page: DETAIL_CONFIRMED] 확정페이지 체류 및 팝업버튼 트리거 대기
2026-04-20 05:40:11.432  7817-7817  1DAL_MVP                com.onedal.app                       D  🏄‍♂️ [자동 팝업 서핑] 확정 화면 진입 확인! 적요상세 팝업 호출 시도
2026-04-20 05:40:11.432  7817-7817  1DAL_MVP                com.onedal.app                       D  🚦 [ROADMAP 05:40:11.432] [📱앱] '적요상세' 버튼 인식 ➡️ 클릭 시도
2026-04-20 05:40:11.433  7817-7817  1DAL_MVP                com.onedal.app                       D  🚦 [ROADMAP 05:40:11.432] [📱앱] [DETAIL_CONFIRMED] 확정페이지에서 '적요상세' 추출 후 클릭
2026-04-20 05:40:11.433  7817-7817  1DAL_MVP                com.onedal.app                       I  📋 [SEQ 81] 적요상세 버튼 클릭 → 적요 정보 요청
2026-04-20 05:40:11.484  7817-7817  1DAL_TOUCH              com.onedal.app                       D  ✅ [가로채기 성공!] 화면 좌표 (X:149.0, Y:1153.0) 터치 완료!
2026-04-20 05:40:11.484  7817-7817  1DAL_MVP                com.onedal.app                       D  🚦 [ROADMAP 05:40:11.484] [📱앱] 버튼 터치 완료 (가로채기 성공) X:149.0, Y:1153.0
2026-04-20 05:40:11.620  7817-7817  1DAL_MVP                com.onedal.app                       D  -------------------------------
2026-04-20 05:40:11.620  7817-7817  1DAL_MVP                com.onedal.app                       D  🚦 [ROADMAP 05:40:11.620] [📱앱] [POPUP_MEMO] 📡 화면 변경 감지 | 모드: AUTO
2026-04-20 05:40:11.620  7817-7817  1DAL_MVP                com.onedal.app                       D  📝 적요 스크래핑 성공! 닫기 버튼 누름
2026-04-20 05:40:11.620  7817-7817  1DAL_MVP                com.onedal.app                       I  📋 [SEQ 81-82] 적요상세 추출 완료 → 닫기
2026-04-20 05:40:11.621  7817-7817  1DAL_MVP                com.onedal.app                       D  🚦 [ROADMAP 05:40:11.620] [📱앱] [POPUP_MEMO] [Current Page: POPUP_MEMO] 진입 완료 ("적요 내용" 텍스트 매칭 확인)
2026-04-20 05:40:11.621  7817-7817  1DAL_MVP                com.onedal.app                       D  🚦 [ROADMAP 05:40:11.621] [📱앱] [POPUP_MEMO] 적요상세 데이터 추출 및 메모리에 누적 저장
2026-04-20 05:40:11.621  7817-7817  1DAL_MVP                com.onedal.app                       D  🚦 [ROADMAP 05:40:11.621] [📱앱] '닫기' 버튼 인식 ➡️ 클릭 시도
2026-04-20 05:40:11.674  7817-7817  1DAL_TOUCH              com.onedal.app                       D  ✅ [가로채기 성공!] 화면 좌표 (X:540.0, Y:2264.0) 터치 완료!
2026-04-20 05:40:11.675  7817-7817  1DAL_MVP                com.onedal.app                       D  🚦 [ROADMAP 05:40:11.674] [📱앱] 버튼 터치 완료 (가로채기 성공) X:540.0, Y:2264.0
2026-04-20 05:40:11.707  7817-7817  1DAL_MVP                com.onedal.app                       D  -------------------------------
2026-04-20 05:40:11.708  7817-7817  1DAL_MVP                com.onedal.app                       D  🚦 [ROADMAP 05:40:11.708] [📱앱] [DETAIL_CONFIRMED] 📡 화면 변경 감지 | 모드: AUTO
2026-04-20 05:40:11.708  7817-7817  1DAL_MVP                com.onedal.app                       D  🚦 [ROADMAP 05:40:11.708] [📱앱] [DETAIL_CONFIRMED] [Current Page: DETAIL_CONFIRMED] 확정페이지 복귀 확인 (잔상 회피 완료)
2026-04-20 05:40:11.708  7817-7817  1DAL_MVP                com.onedal.app                       D  🏄‍♂️ [자동 팝업 서핑] 적요 정보 확인 완료. 출발지 정보 확인을 위해 자동 클릭 시도
2026-04-20 05:40:11.708  7817-7817  1DAL_MVP                com.onedal.app                       D  🚦 [ROADMAP 05:40:11.708] [📱앱] [DETAIL_CONFIRMED] 확정페이지에서 '출발지' 추출 후 클릭
2026-04-20 05:40:11.708  7817-7817  1DAL_MVP                com.onedal.app                       D  🚦 [ROADMAP 05:40:11.708] [📱앱] '출발지' 버튼 인식 ➡️ 클릭 시도
2026-04-20 05:40:11.761  7817-7817  1DAL_TOUCH              com.onedal.app                       D  ✅ [가로채기 성공!] 화면 좌표 (X:539.0, Y:1592.0) 터치 완료!
2026-04-20 05:40:11.762  7817-7817  1DAL_MVP                com.onedal.app                       D  🚦 [ROADMAP 05:40:11.762] [📱앱] 버튼 터치 완료 (가로채기 성공) X:539.0, Y:1592.0
2026-04-20 05:40:11.834  7817-7817  1DAL_MVP                com.onedal.app                       D  -------------------------------
2026-04-20 05:40:11.834  7817-7817  1DAL_MVP                com.onedal.app                       D  🚦 [ROADMAP 05:40:11.834] [📱앱] [POPUP_PICKUP] 📡 화면 변경 감지 | 모드: AUTO
2026-04-20 05:40:11.834  7817-7817  1DAL_MVP                com.onedal.app                       D  📝 출발지 스크래핑 성공! 닫기 버튼 누름
2026-04-20 05:40:11.835  7817-7817  1DAL_MVP                com.onedal.app                       D  🚦 [ROADMAP 05:40:11.834] [📱앱] [POPUP_PICKUP] [Current Page: POPUP_PICKUP] 진입 완료 ("전화1" 텍스트 매칭 확인)
2026-04-20 05:40:11.835  7817-7817  1DAL_MVP                com.onedal.app                       D  🚦 [ROADMAP 05:40:11.835] [📱앱] [POPUP_PICKUP] 출발지 데이터 추출 및 메모리에 누적 저장
2026-04-20 05:40:11.835  7817-7817  1DAL_MVP                com.onedal.app                       D  🚦 [ROADMAP 05:40:11.835] [📱앱] '닫기' 버튼 인식 ➡️ 클릭 시도
2026-04-20 05:40:11.887  7817-7817  1DAL_TOUCH              com.onedal.app                       D  ✅ [가로채기 성공!] 화면 좌표 (X:136.0, Y:2264.0) 터치 완료!
2026-04-20 05:40:11.888  7817-7817  1DAL_MVP                com.onedal.app                       D  🚦 [ROADMAP 05:40:11.888] [📱앱] 버튼 터치 완료 (가로채기 성공) X:136.0, Y:2264.0
2026-04-20 05:40:11.924  7817-7817  1DAL_MVP                com.onedal.app                       D  -------------------------------
2026-04-20 05:40:11.924  7817-7817  1DAL_MVP                com.onedal.app                       D  🚦 [ROADMAP 05:40:11.924] [📱앱] [DETAIL_CONFIRMED] 📡 화면 변경 감지 | 모드: AUTO
