2026-04-20 02:48:57.833  3313-3313  1DAL_MVP                com.onedal.app                       D  🚦 [ROADMAP 02:48:57.833] [📱앱] [DETAIL_PRE_CONFIRM] 추출된 데이터로 한번더 필터링
2026-04-20 02:48:57.834  3313-3313  1DAL_MVP                com.onedal.app                       D  🚦 [ROADMAP 02:48:57.833] [📱앱] [LIST] 🔍 [타겟 콜 필터 결과] 차종(다)=✅ 도착지(0중 경안동)=✅ 요금(0 <= 30000)=✅ 상차지/거리(999 >= 0.2km)=✅ 블랙()=✅
2026-04-20 02:48:57.834  3313-3313  1DAL_MVP                com.onedal.app                       D  📤 [post /confirm request] 서버 전송 내용 -> 모드: AUTO | 텍스트: rep_map 고양퀵서비스-031-932-7722 전표 상태 : 신규 물품 : 서류봉투 차량 : 다 탁송료 : 수수료 : 23% 요금 : 30,000(신용) 구분 : 편도 형태 : 보통 적요상세 *카고 입니다. 세금계산서필 09:00 상차. 마스크 카톤 서류봉투 명세서...
2026-04-20 02:48:57.834  3313-3313  1DAL_MVP                com.onedal.app                       D  🚀 [AUTO] 확정 버튼 광클 (배차 시도)
2026-04-20 02:48:57.834  3313-3313  1DAL_MVP                com.onedal.app                       D  🚦 [ROADMAP 02:48:57.834] [📱앱] [DETAIL_PRE_CONFIRM] 상세페이지에서 '확정' 추출 후 클릭
2026-04-20 02:48:57.834  3313-3313  1DAL_MVP                com.onedal.app                       D  🚦 [ROADMAP 02:48:57.834] [📱앱] [DETAIL_PRE_CONFIRM] [인성 Socket] 콜 확정 완료
2026-04-20 02:48:57.835  3313-3313  1DAL_MVP                com.onedal.app                       D  🚦 [ROADMAP 02:48:57.835] [📱앱] '확정' 버튼 인식 ➡️ 클릭 시도
2026-04-20 02:48:57.840  3313-3407  1DAL_API                com.onedal.app                       D  🌐 [post /confirm response / 200] {"success":true,"message":"1차 수신 완료. 상세 페이지 내용을 긁어서 POST /api/orders/detail 로 보내주세요."}
2026-04-20 02:48:57.840  3313-3407  1DAL_MVP                com.onedal.app                       D  🚦 [ROADMAP 02:48:57.840] [📱앱] [HTTP 폴링] 응답 /orders/confirm
2026-04-20 02:48:57.887  3313-3313  1DAL_TOUCH              com.onedal.app                       D  ✅ [가로채기 성공!] 화면 좌표 (X:161.0, Y:2251.0) 터치 완료!
2026-04-20 02:48:57.888  3313-3313  1DAL_MVP                com.onedal.app                       D  🚦 [ROADMAP 02:48:57.888] [📱앱] 버튼 터치 완료 (가로채기 성공) X:161.0, Y:2251.0
2026-04-20 02:48:58.023  3313-3313  1DAL_MVP                com.onedal.app                       D  -------------------------------
2026-04-20 02:48:58.023  3313-3313  1DAL_MVP                com.onedal.app                       D  🚦 [ROADMAP 02:48:58.023] [📱앱] [DETAIL_CONFIRMED] 📡 화면 변경 감지 | 모드: AUTO
2026-04-20 02:48:58.024  3313-3313  1DAL_MVP                com.onedal.app                       D  🚦 [ROADMAP 02:48:58.024] [📱앱] [DETAIL_CONFIRMED] 확정페이지 진입
2026-04-20 02:48:58.024  3313-3313  1DAL_MVP                com.onedal.app                       D  🏄‍♂️ [자동 팝업 서핑] 확정 화면 진입 확인! 적요상세 팝업 호출 시도
2026-04-20 02:48:58.024  3313-3313  1DAL_MVP                com.onedal.app                       D  🚦 [ROADMAP 02:48:58.024] [📱앱] '적요상세' 버튼 인식 ➡️ 클릭 시도
2026-04-20 02:48:58.025  3313-3313  1DAL_MVP                com.onedal.app                       D  🚦 [ROADMAP 02:48:58.025] [📱앱] [DETAIL_CONFIRMED] 확정페이지에서 '적요상세' 추출 후 클릭
2026-04-20 02:48:58.025  3313-3313  1DAL_MVP                com.onedal.app                       I  📋 [SEQ 81] 적요상세 버튼 클릭 → 적요 정보 요청
2026-04-20 02:48:58.086  3313-3313  1DAL_TOUCH              com.onedal.app                       D  ✅ [가로채기 성공!] 화면 좌표 (X:149.0, Y:1153.0) 터치 완료!
2026-04-20 02:48:58.087  3313-3313  1DAL_MVP                com.onedal.app                       D  🚦 [ROADMAP 02:48:58.086] [📱앱] 버튼 터치 완료 (가로채기 성공) X:149.0, Y:1153.0
2026-04-20 02:48:58.196  3313-3313  1DAL_MVP                com.onedal.app                       D  -------------------------------
2026-04-20 02:48:58.197  3313-3313  1DAL_MVP                com.onedal.app                       D  🚦 [ROADMAP 02:48:58.197] [📱앱] [POPUP_MEMO] 📡 화면 변경 감지 | 모드: AUTO
2026-04-20 02:48:58.197  3313-3313  1DAL_MVP                com.onedal.app                       D  📝 적요 스크래핑 성공! 닫기 버튼 누름
2026-04-20 02:48:58.197  3313-3313  1DAL_MVP                com.onedal.app                       I  📋 [SEQ 81-82] 적요상세 추출 완료 → 닫기
2026-04-20 02:48:58.198  3313-3313  1DAL_MVP                com.onedal.app                       D  🚦 [ROADMAP 02:48:58.198] [📱앱] [POPUP_MEMO] 적요상세페이지에서 '젹요 내용' 추출 및 저장 후 닫기 클릭
2026-04-20 02:48:58.204  3313-3313  1DAL_MVP                com.onedal.app                       D  🚦 [ROADMAP 02:48:58.204] [📱앱] '닫기' 버튼 인식 ➡️ 클릭 시도
2026-04-20 02:48:58.262  3313-3313  1DAL_TOUCH              com.onedal.app                       D  ✅ [가로채기 성공!] 화면 좌표 (X:540.0, Y:2264.0) 터치 완료!
2026-04-20 02:48:58.262  3313-3313  1DAL_MVP                com.onedal.app                       D  🚦 [ROADMAP 02:48:58.262] [📱앱] 버튼 터치 완료 (가로채기 성공) X:540.0, Y:2264.0
2026-04-20 02:48:58.300  3313-3313  1DAL_MVP                com.onedal.app                       D  -------------------------------
2026-04-20 02:48:58.300  3313-3313  1DAL_MVP                com.onedal.app                       D  🚦 [ROADMAP 02:48:58.300] [📱앱] [DETAIL_CONFIRMED] 📡 화면 변경 감지 | 모드: AUTO
2026-04-20 02:48:58.301  3313-3313  1DAL_MVP                com.onedal.app                       D  🚦 [ROADMAP 02:48:58.301] [📱앱] [DETAIL_CONFIRMED] 확정페이지 진입
2026-04-20 02:48:58.301  3313-3313  1DAL_MVP                com.onedal.app                       D  🏄‍♂️ [자동 팝업 서핑] 적요 정보 확인 완료. 출발지 정보 확인을 위해 자동 클릭 시도
2026-04-20 02:48:58.301  3313-3313  1DAL_MVP                com.onedal.app                       D  🚦 [ROADMAP 02:48:58.301] [📱앱] [DETAIL_CONFIRMED] 확정페이지에서 '출발지' 추출 후 클릭
2026-04-20 02:48:58.304  3313-3313  1DAL_MVP                com.onedal.app                       D  🚦 [ROADMAP 02:48:58.304] [📱앱] '출발지' 버튼 인식 ➡️ 클릭 시도
2026-04-20 02:48:58.357  3313-3313  1DAL_TOUCH              com.onedal.app                       D  ✅ [가로채기 성공!] 화면 좌표 (X:539.0, Y:1592.0) 터치 완료!
2026-04-20 02:48:58.357  3313-3313  1DAL_MVP                com.onedal.app                       D  🚦 [ROADMAP 02:48:58.357] [📱앱] 버튼 터치 완료 (가로채기 성공) X:539.0, Y:1592.0
2026-04-20 02:48:58.463  3313-3313  1DAL_MVP                com.onedal.app                       D  -------------------------------
2026-04-20 02:48:58.463  3313-3313  1DAL_MVP                com.onedal.app                       D  🚦 [ROADMAP 02:48:58.463] [📱앱] [POPUP_PICKUP] 📡 화면 변경 감지 | 모드: AUTO
2026-04-20 02:48:58.464  3313-3313  1DAL_MVP                com.onedal.app                       D  📝 출발지 스크래핑 성공! 닫기 버튼 누름
2026-04-20 02:48:58.464  3313-3313  1DAL_MVP                com.onedal.app                       D  🚦 [ROADMAP 02:48:58.464] [📱앱] [POPUP_PICKUP] 출발지페이지 text중 '전화, 위치' 추출 및 저장 후 닫기 클릭
2026-04-20 02:48:58.464  3313-3313  1DAL_MVP                com.onedal.app                       D  🚦 [ROADMAP 02:48:58.464] [📱앱] '닫기' 버튼 인식 ➡️ 클릭 시도
2026-04-20 02:48:58.524  3313-3313  1DAL_TOUCH              com.onedal.app                       D  ✅ [가로채기 성공!] 화면 좌표 (X:136.0, Y:2264.0) 터치 완료!
2026-04-20 02:48:58.524  3313-3313  1DAL_MVP                com.onedal.app                       D  🚦 [ROADMAP 02:48:58.524] [📱앱] 버튼 터치 완료 (가로채기 성공) X:136.0, Y:2264.0
2026-04-20 02:48:58.641  3313-3313  1DAL_MVP                com.onedal.app                       D  -------------------------------
2026-04-20 02:48:58.641  3313-3313  1DAL_MVP                com.onedal.app                       D  🚦 [ROADMAP 02:48:58.641] [📱앱] [DETAIL_CONFIRMED] 📡 화면 변경 감지 | 모드: AUTO
2026-04-20 02:48:58.641  3313-3313  1DAL_MVP                com.onedal.app                       D  🚦 [ROADMAP 02:48:58.641] [📱앱] [DETAIL_CONFIRMED] 확정페이지 진입
2026-04-20 02:48:58.641  3313-3313  1DAL_MVP                com.onedal.app                       D  🏄‍♂️ [자동 팝업 서핑] 출발지 확인 완료. 도착지 정보 확인을 위해 자동 클릭 시도
2026-04-20 02:48:58.642  3313-3313  1DAL_MVP                com.onedal.app                       D  🚦 [ROADMAP 02:48:58.641] [📱앱] [DETAIL_CONFIRMED] 확정페이지에서 '도착지' 추출 후 클릭
2026-04-20 02:48:58.642  3313-3313  1DAL_MVP                com.onedal.app                       D  🚦 [ROADMAP 02:48:58.642] [📱앱] '도착지' 버튼 인식 ➡️ 클릭 시도
2026-04-20 02:48:58.693  3313-3313  1DAL_TOUCH              com.onedal.app                       D  ✅ [가로채기 성공!] 화면 좌표 (X:539.0, Y:1742.0) 터치 완료!
2026-04-20 02:48:58.694  3313-3313  1DAL_MVP                com.onedal.app                       D  🚦 [ROADMAP 02:48:58.693] [📱앱] 버튼 터치 완료 (가로채기 성공) X:539.0, Y:1742.0
2026-04-20 02:48:58.822  3313-3313  1DAL_MVP                com.onedal.app                       D  -------------------------------
2026-04-20 02:48:58.823  3313-3313  1DAL_MVP                com.onedal.app                       D  🚦 [ROADMAP 02:48:58.822] [📱앱] [POPUP_DROPOFF] 📡 화면 변경 감지 | 모드: AUTO
2026-04-20 02:48:58.823  3313-3313  1DAL_MVP                com.onedal.app                       D  📝 도착지 스크래핑 성공! 닫기 누름 및 전체 내용 /detail 로 발송
2026-04-20 02:48:58.823  3313-3313  1DAL_MVP                com.onedal.app                       D  🚦 [ROADMAP 02:48:58.823] [📱앱] [POPUP_DROPOFF] 도착지페이지 text중 '전화, 위치' 추출 및 저장 후 닫기 클릭
2026-04-20 02:48:58.823  3313-3313  1DAL_MVP                com.onedal.app                       D  🚦 [ROADMAP 02:48:58.823] [📱앱] '닫기' 버튼 인식 ➡️ 클릭 시도
2026-04-20 02:48:58.824  3313-3313  1DAL_MVP                com.onedal.app                       D  🚦 [ROADMAP 02:48:58.824] [📱앱] [POPUP_DROPOFF] 확정페이지 진입
2026-04-20 02:48:58.824  3313-3313  1DAL_MVP                com.onedal.app                       W  ⏳ 데스밸리 타이머 시작: 30초 대기...
2026-04-20 02:48:58.824  3313-3313  1DAL_MVP                com.onedal.app                       D  🌐 [post /detail request] AUTO 모드 판결 요청 텍스트: rep_map 고양퀵서비스-031-932-7722 전표 상태 : 신규 물품 : 서류봉투 취소 차량 : 다 탁송료 : 0 수수료 : 23% 요금 : 30,000(신용) 구분 : 편도 형태 : 보통 적요상세 인수증 전송 *카고 입니다. 세금계산서필 09:00 상차. 마스크...
2026-04-20 02:48:58.875  3313-3313  1DAL_TOUCH              com.onedal.app                       D  ✅ [가로채기 성공!] 화면 좌표 (X:136.0, Y:2264.0) 터치 완료!
2026-04-20 02:48:58.876  3313-3313  1DAL_MVP                com.onedal.app                       D  🚦 [ROADMAP 02:48:58.875] [📱앱] 버튼 터치 완료 (가로채기 성공) X:136.0, Y:2264.0
2026-04-20 02:48:59.203  3313-3313  1DAL_MVP                com.onedal.app                       D  🚦 [ROADMAP 02:48:59.202] [📱앱] [DETAIL_CONFIRMED] [post /api/scrap request] 👀 화면 변경 감지 발송  deviceId: 앱폰-sdk_gpho-160, (건수: 0)
2026-04-20 02:48:59.218  3313-3354  1DAL_MVP                com.onedal.app                       D  🚦 [ROADMAP 02:48:59.218] [📱앱] [DETAIL_CONFIRMED] [post /api/scrap response] deviceId: 앱폰-sdk_gpho-160, (건수: 0)
2026-04-20 02:48:59.219  3313-3354  1DAL_API                com.onedal.app                       D  📋 [필터 동기화 (서버→앱) 적용됨] 맵핑된 필터 전체 스키마:
                                                                                                    FilterConfig(allowedVehicleTypes=[다마스, 라보, 오토바이], isActive=false, isSharedMode=true, pickupRadiusKm=999, minFare=0, maxFare=1000000, destinationCity=, destinationRadiusKm=10, excludedKeywords=[], destinationKeywords=[], customCityFilters=[], destinationGroups={}, customFilters=[])
2026-04-20 02:48:59.220  3313-3354  1DAL_TELEMETRY          com.onedal.app                       D  📥 [서버 수신] 👀 화면 변경 감지 완료 (수신된 모드: AUTO)
2026-04-20 02:49:03.659  3313-3407  1DAL_API                com.onedal.app                       D  🌐 [post /detail response / 200] {"deviceId":"server","action":"CANCEL"}
2026-04-20 02:49:03.662  3313-3407  1DAL_MVP                com.onedal.app                       D  🚦 [ROADMAP 02:49:03.660] [📱앱] [HTTP 폴링] 응답 /orders/detail 취소 정보 전송
2026-04-20 02:49:03.662  3313-3407  1DAL_MVP                com.onedal.app                       D  🔄 서버 판결 도착: ID=9439da4f-5f97-4183-aa3e-d367d1f0c603, ACTION=CANCEL
2026-04-20 02:49:03.662  3313-3407  1DAL_MVP                com.onedal.app                       D  ⚡ 판결 집행: 행동=CANCEL, 누를버튼=취소 (버튼클릭을 시작합니다), 500ms 지연
2026-04-20 02:49:03.871  3313-3313  1DAL_MVP                com.onedal.app                       D  🚦 [ROADMAP 02:49:03.871] [📱앱] [DETAIL_CONFIRMED] [post /api/scrap request] 👀 화면 변경 감지 발송  deviceId: 앱폰-sdk_gpho-160, (건수: 0)
2026-04-20 02:49:03.881  3313-3354  1DAL_MVP                com.onedal.app                       D  🚦 [ROADMAP 02:49:03.881] [📱앱] [DETAIL_CONFIRMED] [post /api/scrap response] deviceId: 앱폰-sdk_gpho-160, (건수: 0)
2026-04-20 02:49:03.882  3313-3354  1DAL_API                com.onedal.app                       D  📋 [필터 동기화 (서버→앱) 적용됨] 맵핑된 필터 전체 스키마:
                                                                                                    FilterConfig(allowedVehicleTypes=[다마스, 라보, 오토바이], isActive=true, isSharedMode=true, pickupRadiusKm=999, minFare=0, maxFare=1000000, destinationCity=, destinationRadiusKm=10, excludedKeywords=[], destinationKeywords=[], customCityFilters=[], destinationGroups={}, customFilters=[])
2026-04-20 02:49:03.882  3313-3354  1DAL_TELEMETRY          com.onedal.app                       D  📥 [서버 수신] 👀 화면 변경 감지 완료 (수신된 모드: AUTO)
2026-04-20 02:49:04.177  3313-3313  1DAL_MVP                com.onedal.app                       D  🚦 [ROADMAP 02:49:04.177] [📱앱] '취소' 버튼 인식 ➡️ 클릭 시도
2026-04-20 02:49:04.180  3313-3313  1DAL_MVP                com.onedal.app                       D  🚦 [ROADMAP 02:49:04.180] [📱앱] [DETAIL_CONFIRMED] '취소' 클릭 후 인성 Socket 취소 지시
2026-04-20 02:49:04.180  3313-3313  1DAL_MVP                com.onedal.app                       D  🎉 행동 완료! 타겟($targetBtnStr) 명중.
2026-04-20 02:49:04.239  3313-3313  1DAL_TOUCH              com.onedal.app                       D  ✅ [가로채기 성공!] 화면 좌표 (X:950.0, Y:478.0) 터치 완료!
2026-04-20 02:49:04.241  3313-3313  1DAL_MVP                com.onedal.app                       D  🚦 [ROADMAP 02:49:04.240] [📱앱] 버튼 터치 완료 (가로채기 성공) X:950.0, Y:478.0
2026-04-20 02:49:04.425  3313-3313  1DAL_MVP                com.onedal.app                       D  -------------------------------
2026-04-20 02:49:04.426  3313-3313  1DAL_MVP                com.onedal.app                       D  🚦 [ROADMAP 02:49:04.426] [📱앱] [LIST] 📡 화면 변경 감지 | 모드: AUTO
2026-04-20 02:49:04.430  3313-3313  1DAL_PARSER             com.onedal.app                       D  🔍 [1차 리스트 필터] 도착지=삼동, 결과=true
2026-04-20 02:49:04.430  3313-3313  1DAL_MVP                com.onedal.app                       D  🚦 [ROADMAP 02:49:04.430] [📱앱] [LIST] 🔍 [타겟 콜 필터 결과] 차종(다)=✅ 도착지(0중 삼동)=✅ 요금(0 <= 58000)=✅ 상차지/거리(999 >= 1.9km)=✅ 블랙()=✅
2026-04-20 02:49:04.430  3313-3313  1DAL_MVP                com.onedal.app                       D  🚦 [ROADMAP 02:49:04.430] [📱앱] [LIST] AccessibilityService로 바뀐 리스트 감지 후 text 추출
2026-04-20 02:49:04.430  3313-3313  1DAL_MVP                com.onedal.app                       D  💥 [AUTO] 꿀콜 조건 통과! 대상 콜 강제 터치 진행!
2026-04-20 02:49:04.430  3313-3313  1DAL_MVP                com.onedal.app                       D  📝 [AUTO] 2차 검증 반송(취소)에 대비해 해당 콜 지문 선(先)기록 완료 (해시: -1889961781)
2026-04-20 02:49:04.430  3313-3313  1DAL_MVP                com.onedal.app                       D  🚦 [ROADMAP 02:49:04.430] [📱앱] [LIST] 리스트에서 바뀐 text 감지 후 text 추출
2026-04-20 02:49:04.431  3313-3313  1DAL_MVP                com.onedal.app                       D  🚦 [ROADMAP 02:49:04.431] [📱앱] [LIST] [인성 Socket] 인성콜에 선택된 콜 정보 전달 (꿀콜 클릭!)
2026-04-20 02:49:04.484  3313-3313  1DAL_TOUCH              com.onedal.app                       D  ✅ [가로채기 성공!] 화면 좌표 (X:917.0, Y:568.0) 터치 완료!
2026-04-20 02:49:04.486  3313-3313  1DAL_MVP                com.onedal.app                       D  🚦 [ROADMAP 02:49:04.485] [📱앱] 버튼 터치 완료 (가로채기 성공) X:917.0, Y:568.0
2026-04-20 02:49:04.631  3313-3313  1DAL_MVP                com.onedal.app                       D  -------------------------------
2026-04-20 02:49:04.632  3313-3313  1DAL_MVP                com.onedal.app                       D  🚦 [ROADMAP 02:49:04.632] [📱앱] [DETAIL_PRE_CONFIRM] 📡 화면 변경 감지 | 모드: AUTO
2026-04-20 02:49:04.632  3313-3313  1DAL_MVP                com.onedal.app                       D  🚦 [ROADMAP 02:49:04.632] [📱앱] [DETAIL_PRE_CONFIRM] 상세페이지 진입
2026-04-20 02:49:04.636  3313-3313  1DAL_MVP                com.onedal.app                       D  🚦 [ROADMAP 02:49:04.636] [📱앱] [DETAIL_PRE_CONFIRM] 상세페이지 데이터(확정,적요상세,출발지,도착지) 추출
2026-04-20 02:49:04.636  3313-3313  1DAL_MVP                com.onedal.app                       D  🚦 [ROADMAP 02:49:04.636] [📱앱] [DETAIL_PRE_CONFIRM] 추출된 데이터로 한번더 필터링
2026-04-20 02:49:04.637  3313-3313  1DAL_MVP                com.onedal.app                       D  🚦 [ROADMAP 02:49:04.637] [📱앱] [LIST] 🔍 [타겟 콜 필터 결과] 차종(다)=✅ 도착지(0중 삼동)=✅ 요금(0 <= 58000)=✅ 상차지/거리(999 >= 1.9km)=✅ 블랙()=✅
2026-04-20 02:49:04.637  3313-3313  1DAL_MVP                com.onedal.app                       D  📤 [post /confirm request] 서버 전송 내용 -> 모드: AUTO | 텍스트: rep_map 고양퀵서비스-031-932-7722 전표 상태 : 신규 물품 : 샘플 박스 차량 : 다 탁송료 : 수수료 : 23% 요금 : 58,000(카드) 구분 : 편도 형태 : 급송 적요상세 *카고 입니다. 세금계산서필 08:10 상차. 마스크 카톤 샘플 박스 명...
2026-04-20 02:49:04.637  3313-3313  1DAL_MVP                com.onedal.app                       D  🚀 [AUTO] 확정 버튼 광클 (배차 시도)
2026-04-20 02:49:04.637  3313-3313  1DAL_MVP                com.onedal.app                       D  🚦 [ROADMAP 02:49:04.637] [📱앱] [DETAIL_PRE_CONFIRM] 상세페이지에서 '확정' 추출 후 클릭
2026-04-20 02:49:04.637  3313-3313  1DAL_MVP                com.onedal.app                       D  🚦 [ROADMAP 02:49:04.637] [📱앱] [DETAIL_PRE_CONFIRM] [인성 Socket] 콜 확정 완료
2026-04-20 02:49:04.639  3313-3313  1DAL_MVP                com.onedal.app                       D  🚦 [ROADMAP 02:49:04.639] [📱앱] '확정' 버튼 인식 ➡️ 클릭 시도
2026-04-20 02:49:04.643  3313-3407  1DAL_API                com.onedal.app                       D  🌐 [post /confirm response / 200] {"success":true,"message":"1차 수신 완료. 상세 페이지 내용을 긁어서 POST /api/orders/detail 로 보내주세요."}
2026-04-20 02:49:04.643  3313-3407  1DAL_MVP                com.onedal.app                       D  🚦 [ROADMAP 02:49:04.643] [📱앱] [HTTP 폴링] 응답 /orders/confirm
2026-04-20 02:49:04.690  3313-3313  1DAL_TOUCH              com.onedal.app                       D  ✅ [가로채기 성공!] 화면 좌표 (X:161.0, Y:2251.0) 터치 완료!
2026-04-20 02:49:04.691  3313-3313  1DAL_MVP                com.onedal.app                       D  🚦 [ROADMAP 02:49:04.691] [📱앱] 버튼 터치 완료 (가로채기 성공) X:161.0, Y:2251.0
2026-04-20 02:49:04.826  3313-3313  1DAL_MVP                com.onedal.app                       D  -------------------------------
2026-04-20 02:49:04.827  3313-3313  1DAL_MVP                com.onedal.app                       D  🚦 [ROADMAP 02:49:04.826] [📱앱] [DETAIL_CONFIRMED] 📡 화면 변경 감지 | 모드: AUTO
2026-04-20 02:49:04.827  3313-3313  1DAL_MVP                com.onedal.app                       D  🚦 [ROADMAP 02:49:04.827] [📱앱] [DETAIL_CONFIRMED] 확정페이지 진입
2026-04-20 02:49:04.827  3313-3313  1DAL_MVP                com.onedal.app                       D  🏄‍♂️ [자동 팝업 서핑] 확정 화면 진입 확인! 적요상세 팝업 호출 시도
2026-04-20 02:49:04.827  3313-3313  1DAL_MVP                com.onedal.app                       D  🚦 [ROADMAP 02:49:04.827] [📱앱] '적요상세' 버튼 인식 ➡️ 클릭 시도
2026-04-20 02:49:04.828  3313-3313  1DAL_MVP                com.onedal.app                       D  🚦 [ROADMAP 02:49:04.828] [📱앱] [DETAIL_CONFIRMED] 확정페이지에서 '적요상세' 추출 후 클릭
2026-04-20 02:49:04.828  3313-3313  1DAL_MVP                com.onedal.app                       I  📋 [SEQ 81] 적요상세 버튼 클릭 → 적요 정보 요청
2026-04-20 02:49:04.880  3313-3313  1DAL_TOUCH              com.onedal.app                       D  ✅ [가로채기 성공!] 화면 좌표 (X:149.0, Y:1153.0) 터치 완료!
2026-04-20 02:49:04.880  3313-3313  1DAL_MVP                com.onedal.app                       D  🚦 [ROADMAP 02:49:04.880] [📱앱] 버튼 터치 완료 (가로채기 성공) X:149.0, Y:1153.0
2026-04-20 02:49:04.999  3313-3313  1DAL_MVP                com.onedal.app                       D  -------------------------------
2026-04-20 02:49:04.999  3313-3313  1DAL_MVP                com.onedal.app                       D  🚦 [ROADMAP 02:49:04.999] [📱앱] [POPUP_MEMO] 📡 화면 변경 감지 | 모드: AUTO
2026-04-20 02:49:05.000  3313-3313  1DAL_MVP                com.onedal.app                       D  📝 적요 스크래핑 성공! 닫기 버튼 누름
2026-04-20 02:49:05.000  3313-3313  1DAL_MVP                com.onedal.app                       I  📋 [SEQ 81-82] 적요상세 추출 완료 → 닫기
2026-04-20 02:49:05.000  3313-3313  1DAL_MVP                com.onedal.app                       D  🚦 [ROADMAP 02:49:05.000] [📱앱] [POPUP_MEMO] 적요상세페이지에서 '젹요 내용' 추출 및 저장 후 닫기 클릭
2026-04-20 02:49:05.002  3313-3313  1DAL_MVP                com.onedal.app                       D  🚦 [ROADMAP 02:49:05.002] [📱앱] '닫기' 버튼 인식 ➡️ 클릭 시도
2026-04-20 02:49:05.055  3313-3313  1DAL_TOUCH              com.onedal.app                       D  ✅ [가로채기 성공!] 화면 좌표 (X:540.0, Y:2264.0) 터치 완료!
2026-04-20 02:49:05.056  3313-3313  1DAL_MVP                com.onedal.app                       D  🚦 [ROADMAP 02:49:05.055] [📱앱] 버튼 터치 완료 (가로채기 성공) X:540.0, Y:2264.0
2026-04-20 02:49:05.121  3313-3313  1DAL_MVP                com.onedal.app                       D  -------------------------------
2026-04-20 02:49:05.121  3313-3313  1DAL_MVP                com.onedal.app                       D  🚦 [ROADMAP 02:49:05.121] [📱앱] [DETAIL_CONFIRMED] 📡 화면 변경 감지 | 모드: AUTO
2026-04-20 02:49:05.122  3313-3313  1DAL_MVP                com.onedal.app                       D  🚦 [ROADMAP 02:49:05.122] [📱앱] [DETAIL_CONFIRMED] 확정페이지 진입
2026-04-20 02:49:05.122  3313-3313  1DAL_MVP                com.onedal.app                       D  🏄‍♂️ [자동 팝업 서핑] 적요 정보 확인 완료. 출발지 정보 확인을 위해 자동 클릭 시도
2026-04-20 02:49:05.122  3313-3313  1DAL_MVP                com.onedal.app                       D  🚦 [ROADMAP 02:49:05.122] [📱앱] [DETAIL_CONFIRMED] 확정페이지에서 '출발지' 추출 후 클릭
2026-04-20 02:49:05.122  3313-3313  1DAL_MVP                com.onedal.app                       D  🚦 [ROADMAP 02:49:05.122] [📱앱] '출발지' 버튼 인식 ➡️ 클릭 시도
2026-04-20 02:49:05.173  3313-3313  1DAL_TOUCH              com.onedal.app                       D  ✅ [가로채기 성공!] 화면 좌표 (X:539.0, Y:1592.0) 터치 완료!
2026-04-20 02:49:05.174  3313-3313  1DAL_MVP                com.onedal.app                       D  🚦 [ROADMAP 02:49:05.174] [📱앱] 버튼 터치 완료 (가로채기 성공) X:539.0, Y:1592.0
2026-04-20 02:49:05.231  3313-3313  1DAL_MVP                com.onedal.app                       D  -------------------------------
2026-04-20 02:49:05.231  3313-3313  1DAL_MVP                com.onedal.app                       D  🚦 [ROADMAP 02:49:05.231] [📱앱] [POPUP_PICKUP] 📡 화면 변경 감지 | 모드: AUTO
2026-04-20 02:49:05.232  3313-3313  1DAL_MVP                com.onedal.app                       D  📝 출발지 스크래핑 성공! 닫기 버튼 누름
2026-04-20 02:49:05.232  3313-3313  1DAL_MVP                com.onedal.app                       D  🚦 [ROADMAP 02:49:05.232] [📱앱] [POPUP_PICKUP] 출발지페이지 text중 '전화, 위치' 추출 및 저장 후 닫기 클릭
2026-04-20 02:49:05.232  3313-3313  1DAL_MVP                com.onedal.app                       D  🚦 [ROADMAP 02:49:05.232] [📱앱] '닫기' 버튼 인식 ➡️ 클릭 시도
2026-04-20 02:49:05.284  3313-3313  1DAL_TOUCH              com.onedal.app                       D  ✅ [가로채기 성공!] 화면 좌표 (X:136.0, Y:2264.0) 터치 완료!
2026-04-20 02:49:05.284  3313-3313  1DAL_MVP                com.onedal.app                       D  🚦 [ROADMAP 02:49:05.284] [📱앱] 버튼 터치 완료 (가로채기 성공) X:136.0, Y:2264.0
2026-04-20 02:49:05.326  3313-3313  1DAL_MVP                com.onedal.app                       D  -------------------------------
2026-04-20 02:49:05.326  3313-3313  1DAL_MVP                com.onedal.app                       D  🚦 [ROADMAP 02:49:05.326] [📱앱] [DETAIL_CONFIRMED] 📡 화면 변경 감지 | 모드: AUTO
2026-04-20 02:49:05.327  3313-3313  1DAL_MVP                com.onedal.app                       D  🚦 [ROADMAP 02:49:05.326] [📱앱] [DETAIL_CONFIRMED] 확정페이지 진입
2026-04-20 02:49:05.327  3313-3313  1DAL_MVP                com.onedal.app                       D  🏄‍♂️ [자동 팝업 서핑] 출발지 확인 완료. 도착지 정보 확인을 위해 자동 클릭 시도
2026-04-20 02:49:05.327  3313-3313  1DAL_MVP                com.onedal.app                       D  🚦 [ROADMAP 02:49:05.327] [📱앱] [DETAIL_CONFIRMED] 확정페이지에서 '도착지' 추출 후 클릭
2026-04-20 02:49:05.329  3313-3313  1DAL_MVP                com.onedal.app                       D  🚦 [ROADMAP 02:49:05.329] [📱앱] '도착지' 버튼 인식 ➡️ 클릭 시도
2026-04-20 02:49:05.381  3313-3313  1DAL_TOUCH              com.onedal.app                       D  ✅ [가로채기 성공!] 화면 좌표 (X:539.0, Y:1742.0) 터치 완료!
2026-04-20 02:49:05.381  3313-3313  1DAL_MVP                com.onedal.app                       D  🚦 [ROADMAP 02:49:05.381] [📱앱] 버튼 터치 완료 (가로채기 성공) X:539.0, Y:1742.0
2026-04-20 02:49:05.442  3313-3313  1DAL_MVP                com.onedal.app                       D  -------------------------------
2026-04-20 02:49:05.442  3313-3313  1DAL_MVP                com.onedal.app                       D  🚦 [ROADMAP 02:49:05.442] [📱앱] [POPUP_DROPOFF] 📡 화면 변경 감지 | 모드: AUTO
2026-04-20 02:49:05.442  3313-3313  1DAL_MVP                com.onedal.app                       D  📝 도착지 스크래핑 성공! 닫기 누름 및 전체 내용 /detail 로 발송
2026-04-20 02:49:05.442  3313-3313  1DAL_MVP                com.onedal.app                       D  🚦 [ROADMAP 02:49:05.442] [📱앱] [POPUP_DROPOFF] 도착지페이지 text중 '전화, 위치' 추출 및 저장 후 닫기 클릭
2026-04-20 02:49:05.442  3313-3313  1DAL_MVP                com.onedal.app                       D  🚦 [ROADMAP 02:49:05.442] [📱앱] '닫기' 버튼 인식 ➡️ 클릭 시도
2026-04-20 02:49:05.443  3313-3313  1DAL_MVP                com.onedal.app                       D  🚦 [ROADMAP 02:49:05.443] [📱앱] [POPUP_DROPOFF] 확정페이지 진입
2026-04-20 02:49:05.443  3313-3313  1DAL_MVP                com.onedal.app                       W  ⏳ 데스밸리 타이머 시작: 30초 대기...
2026-04-20 02:49:05.444  3313-3313  1DAL_MVP                com.onedal.app                       D  🌐 [post /detail request] AUTO 모드 판결 요청 텍스트: rep_map 고양퀵서비스-031-932-7722 전표 상태 : 신규 물품 : 샘플 박스 취소 차량 : 다 탁송료 : 0 수수료 : 23% 요금 : 58,000(카드) 구분 : 편도 형태 : 급송 적요상세 인수증 전송 *카고 입니다. 세금계산서필 08:10 상차. 마스...
2026-04-20 02:49:05.494  3313-3313  1DAL_TOUCH              com.onedal.app                       D  ✅ [가로채기 성공!] 화면 좌표 (X:136.0, Y:2264.0) 터치 완료!
2026-04-20 02:49:05.495  3313-3313  1DAL_MVP                com.onedal.app                       D  🚦 [ROADMAP 02:49:05.494] [📱앱] 버튼 터치 완료 (가로채기 성공) X:136.0, Y:2264.0
2026-04-20 02:49:05.759  3313-3313  1DAL_MVP                com.onedal.app                       D  🚦 [ROADMAP 02:49:05.759] [📱앱] [DETAIL_CONFIRMED] [post /api/scrap request] 👀 화면 변경 감지 발송  deviceId: 앱폰-sdk_gpho-160, (건수: 0)
2026-04-20 02:49:05.778  3313-3354  1DAL_MVP                com.onedal.app                       D  🚦 [ROADMAP 02:49:05.778] [📱앱] [DETAIL_CONFIRMED] [post /api/scrap response] deviceId: 앱폰-sdk_gpho-160, (건수: 0)
2026-04-20 02:49:05.779  3313-3354  1DAL_API                com.onedal.app                       D  📋 [필터 동기화 (서버→앱) 적용됨] 맵핑된 필터 전체 스키마:
                                                                                                    FilterConfig(allowedVehicleTypes=[다마스, 라보, 오토바이], isActive=false, isSharedMode=true, pickupRadiusKm=999, minFare=0, maxFare=1000000, destinationCity=, destinationRadiusKm=10, excludedKeywords=[], destinationKeywords=[], customCityFilters=[], destinationGroups={}, customFilters=[])
2026-04-20 02:49:05.779  3313-3354  1DAL_TELEMETRY          com.onedal.app                       D  📥 [서버 수신] 👀 화면 변경 감지 완료 (수신된 모드: AUTO)
2026-04-20 02:49:10.869  3313-3407  1DAL_API                com.onedal.app                       D  🌐 [post /detail response / 200] {"deviceId":"server","action":"KEEP"}
2026-04-20 02:49:10.873  3313-3407  1DAL_MVP                com.onedal.app                       D  🚦 [ROADMAP 02:49:10.870] [📱앱] [HTTP 폴링] 응답 /orders/detail 유지 정보 전송
2026-04-20 02:49:10.874  3313-3407  1DAL_MVP                com.onedal.app                       D  🔄 서버 판결 도착: ID=55cf03d3-cc5c-42fc-a841-ea5befd32154, ACTION=KEEP
2026-04-20 02:49:10.874  3313-3407  1DAL_MVP                com.onedal.app                       D  ⚡ 판결 집행: 행동=KEEP, 누를버튼=닫기 (버튼클릭을 시작합니다), 500ms 지연
2026-04-20 02:49:11.089  3313-3313  1DAL_MVP                com.onedal.app                       D  🚦 [ROADMAP 02:49:11.088] [📱앱] [DETAIL_CONFIRMED] [post /api/scrap request] 👀 화면 변경 감지 발송  deviceId: 앱폰-sdk_gpho-160, (건수: 0)
2026-04-20 02:49:11.216  3313-3354  1DAL_MVP                com.onedal.app                       D  🚦 [ROADMAP 02:49:11.215] [📱앱] [DETAIL_CONFIRMED] [post /api/scrap response] deviceId: 앱폰-sdk_gpho-160, (건수: 0)
2026-04-20 02:49:11.231  3313-3354  1DAL_API                com.onedal.app                       D  📋 [필터 동기화 (서버→앱) 적용됨] 맵핑된 필터 전체 스키마:
2026-04-20 02:49:11.231  3313-3354  1DAL_API                com.onedal.app                       D  FilterConfig(allowedVehicleTypes=[다마스, 라보, 오토바이], isActive=false, isSharedMode=true, pickupRadiusKm=999, minFare=0, maxFare=1000000, destinationCity=, destinationRadiusKm=10, excludedKeywords=[], destinationKeywords=[가정동, 가좌동, 가학동, 간석동, 갈산동, 갈현동, 거모동, 경동, 경안동, 계수동, 고등동, 고잔동, 과림동, 관교동, 관동, 관양동, 괴안동, 구산동, 구월동, 금곡동, 금토동, 남촌동, 내동, 노온사동, 논현동, 답동, 대야동, 도당동, 도림동, 도원동, 도창동, 도촌동, 도화동, 동춘동, 둔전동, 만석동, 만수동, 매화동, 문원동, 문학동, 미산동, 박달동, 방산동, 배곧동, 범박동, 부개동, 부평동, 북성동, 비산동, 사동, 사송동, 산곡동, 삼동, 삼산동, 삼정동, 삼평동, 상대원동, 상동, 서운동, 서창동, 석남동, 석수동, 석운동, 선린동, 선학동, 선화동, 성남동, 소사동, 소사본동, 소하동, 송내동, 송도동, 송림동, 송월동, 송정동, 송학동, 송현동, 수산동, 숭의동, 시흥동, 신림동, 신생동, 신천동, 신포동, 신현동, 신흥동, 심곡동, 심곡본동, 십정동, 쌍령동, 안양동, 안현동, 야탑동, 약대동, 양벌동, 여수동, 역곡동, 역동, 연수동, 옥길동, 옥련동, 용동, 용현동, 운연동, 운중동, 원미동, 원창동, 월곶동, 유동, 율목동, 은행동, 인현동, 일신동, 일직동, 작전동, 장곡동, 장수동, 장지동, 장현동, 전동, 정왕동, 주안동, 중대동, 중동, 중앙동, 직동, 창영동, 청계동, 청라동, 청천동, 청학동, 초월읍, 춘의동, 탄벌동, 태전동, 판교동, 포동, 포일동, 하대원동, 하중동, 학의동, 학익동, 항동, 해안동, 화수동, 화평동, 회덕동, 효성동], customCityFilters=[금천구, 금천, 관악구, 관악, 중구, 중, 동구, 동, 미추홀구, 미추홀, 연수구, 연수, 남동구, 남동, 부평구, 부평, 계양구, 계양, 서구, 서, 성남시 수정구, 성남시 수정, 성남시 중원구, 성남시 중원, 성남시 분당구, 성남시 분당, 안양시 만안구, 안양시 만안, 안양시 동안구, 안양시 동안, 부천시 원미구, 부천시 원미, 부천시 소사구, 부천시 소사, 부천시 오정구, 부천시 오정, 광명시, 광명, 과천시, 과천, 시흥시, 시흥, 의왕시, 의왕, 광주시, 광주, 경기 광주, 경기 광주시, 경광주], destinationGroups={금천구=[시흥동], 관악구=[신림동], 중구=[경동, 관동, 내동, 답동, 도원동, 북성동, 사동, 선린동, 선화동, 송월동, 송학동, 신생동, 신포동, 신흥동, 용동, 유동, 율목동, 인현동, 전동, 중앙동, 항동, 해안동], 동구=[금곡동, 만석동, 송림동, 송현동, 창영동, 화수동, 화평동], 미추홀구=[관교동, 도화동, 문학동, 숭의동, 용현동, 주안동, 학익동], 연수구=[동춘동, 선학동, 송도동, 연수동, 옥련동, 청학동], 남동구=[간석동, 고잔동, 구월동, 남촌동, 논현동, 도림동, 만수동, 서창동, 수산동, 운연동, 장수동], 부평구=[갈산동, 구산동, 부개동, 부평동, 산곡동, 삼산동, 십정동, 일신동, 청천동], 계양구=[서운동, 작전동, 효성동], 서구=[가정동, 가좌동, 석남동, 신현동, 원창동, 청라동], 성남시 수정구=[고등동, 금토동, 둔전동, 사송동, 시흥동], 성남시 중원구=[갈현동, 도촌동, 상대원동, 성남동, 여수동, 하대원동], 성남시 분당구=[삼평동, 석운동, 야탑동, 운중동, 판교동], 안양시 만안구=[박달동, 석수동, 안양동], 안양시 동안구=[관양동, 비산동], 부천시 원미구=[도당동, 상동, 소사동, 심곡동, 약대동, 역곡동, 원미동, 중동, 춘의동], 부천시 소사구=[계수동, 괴안동, 범박동, 소사본동, 송내동, 심곡본동, 옥길동], 부천시 오정구=[삼정동], 광명시=[가학동, 노온사동, 소하동, 일직동], 과천
2026-04-20 02:49:11.232  3313-3354  1DAL_TELEMETRY          com.onedal.app                       D  📥 [서버 수신] 👀 화면 변경 감지 완료 (수신된 모드: AUTO)
2026-04-20 02:49:11.397  3313-3313  1DAL_MVP                com.onedal.app                       D  🚦 [ROADMAP 02:49:11.396] [📱앱] '닫기' 버튼 인식 ➡️ 클릭 시도
2026-04-20 02:49:11.398  3313-3313  1DAL_MVP                com.onedal.app                       D  🚦 [ROADMAP 02:49:11.398] [📱앱] [DETAIL_CONFIRMED] '닫기' 클릭 후 리스트 페이지 복귀 (유지)
2026-04-20 02:49:11.398  3313-3313  1DAL_MVP                com.onedal.app                       D  🎉 행동 완료! 타겟($targetBtnStr) 명중.
2026-04-20 02:49:11.450  3313-3313  1DAL_TOUCH              com.onedal.app                       D  ✅ [가로채기 성공!] 화면 좌표 (X:122.0, Y:2251.0) 터치 완료!
2026-04-20 02:49:11.451  3313-3313  1DAL_MVP                com.onedal.app                       D  🚦 [ROADMAP 02:49:11.451] [📱앱] 버튼 터치 완료 (가로채기 성공) X:122.0, Y:2251.0
2026-04-20 02:49:11.659  3313-3313  1DAL_MVP                com.onedal.app                       D  -------------------------------
2026-04-20 02:49:11.659  3313-3313  1DAL_MVP                com.onedal.app                       D  🚦 [ROADMAP 02:49:11.659] [📱앱] [LIST] 📡 화면 변경 감지 | 모드: AUTO
2026-04-20 02:49:11.668  3313-3313  1DAL_PARSER             com.onedal.app                       D  🔍 [1차 리스트 필터] 도착지=다산동, 결과=false
2026-04-20 02:49:11.668  3313-3313  1DAL_MVP                com.onedal.app                       D  🚦 [ROADMAP 02:49:11.668] [📱앱] [LIST] 🔍 [타겟 콜 필터 결과] 차종(라)=✅ 도착지(148중 다산동)=❌ 요금(0 <= 48000)=✅ 상차지/거리(999 >= 0.2km)=✅ 블랙()=✅
2026-04-20 02:49:11.670  3313-3313  1DAL_PARSER             com.onedal.app                       D  🔍 [1차 리스트 필터] 도착지=교하동, 결과=false
2026-04-20 02:49:11.671  3313-3313  1DAL_MVP                com.onedal.app                       D  🚦 [ROADMAP 02:49:11.670] [📱앱] [LIST] 🔍 [타겟 콜 필터 결과] 차종(다)=✅ 도착지(148중 교하동)=❌ 요금(0 <= 101000)=✅ 상차지/거리(999 >= 0.2km)=✅ 블랙()=✅
2026-04-20 02:49:11.673  3313-3313  1DAL_PARSER             com.onedal.app                       D  🔍 [1차 리스트 필터] 도착지=초월읍, 결과=true
2026-04-20 02:49:11.673  3313-3313  1DAL_MVP                com.onedal.app                       D  🚦 [ROADMAP 02:49:11.673] [📱앱] [LIST] 🔍 [타겟 콜 필터 결과] 차종(오)=✅ 도착지(148중 초월읍)=✅ 요금(0 <= 30000)=✅ 상차지/거리(999 >= 4.4km)=✅ 블랙()=✅
2026-04-20 02:49:11.673  3313-3313  1DAL_MVP                com.onedal.app                       D  🚦 [ROADMAP 02:49:11.673] [📱앱] [LIST] AccessibilityService로 바뀐 리스트 감지 후 text 추출
2026-04-20 02:49:11.673  3313-3313  1DAL_MVP                com.onedal.app                       D  💥 [AUTO] 꿀콜 조건 통과! 대상 콜 강제 터치 진행!
2026-04-20 02:49:11.673  3313-3313  1DAL_MVP                com.onedal.app                       D  📝 [AUTO] 2차 검증 반송(취소)에 대비해 해당 콜 지문 선(先)기록 완료 (해시: -1118633456)
2026-04-20 02:49:11.673  3313-3313  1DAL_MVP                com.onedal.app                       D  🚦 [ROADMAP 02:49:11.673] [📱앱] [LIST] 리스트에서 바뀐 text 감지 후 text 추출
2026-04-20 02:49:11.674  3313-3313  1DAL_MVP                com.onedal.app                       D  🚦 [ROADMAP 02:49:11.674] [📱앱] [LIST] [인성 Socket] 인성콜에 선택된 콜 정보 전달 (꿀콜 클릭!)
2026-04-20 02:49:11.727  3313-3313  1DAL_TOUCH              com.onedal.app                       D  ✅ [가로채기 성공!] 화면 좌표 (X:917.0, Y:759.0) 터치 완료!
2026-04-20 02:49:11.729  3313-3313  1DAL_MVP                com.onedal.app                       D  🚦 [ROADMAP 02:49:11.728] [📱앱] 버튼 터치 완료 (가로채기 성공) X:917.0, Y:759.0
2026-04-20 02:49:11.877  3313-3313  1DAL_MVP                com.onedal.app                       D  -------------------------------
2026-04-20 02:49:11.878  3313-3313  1DAL_MVP                com.onedal.app                       D  🚦 [ROADMAP 02:49:11.877] [📱앱] [DETAIL_PRE_CONFIRM] 📡 화면 변경 감지 | 모드: AUTO
2026-04-20 02:49:11.878  3313-3313  1DAL_MVP                com.onedal.app                       D  🚦 [ROADMAP 02:49:11.878] [📱앱] [DETAIL_PRE_CONFIRM] 상세페이지 진입
2026-04-20 02:49:11.886  3313-3313  1DAL_MVP                com.onedal.app                       D  🚦 [ROADMAP 02:49:11.886] [📱앱] [DETAIL_PRE_CONFIRM] 상세페이지 데이터(확정,적요상세,출발지,도착지) 추출
2026-04-20 02:49:11.886  3313-3313  1DAL_MVP                com.onedal.app                       D  🚦 [ROADMAP 02:49:11.886] [📱앱] [DETAIL_PRE_CONFIRM] 추출된 데이터로 한번더 필터링
2026-04-20 02:49:11.894  3313-3313  1DAL_PARSER             com.onedal.app                       D  🔍 [2차 상세 필터] 시/도 통과=true, 최종결과=true | 대상문자열: 도착지[착]초월읍 / 확정(10) 취소 탁송 Open the home page Your c
2026-04-20 02:49:11.894  3313-3313  1DAL_MVP                com.onedal.app                       D  🚦 [ROADMAP 02:49:11.894] [📱앱] [LIST] 🔍 [타겟 콜 필터 결과] 차종(오)=✅ 도착지(148중 초월읍)=✅ 요금(0 <= 30000)=✅ 상차지/거리(999 >= 4.4km)=✅ 블랙()=✅
2026-04-20 02:49:11.894  3313-3313  1DAL_MVP                com.onedal.app                       D  📤 [post /confirm request] 서버 전송 내용 -> 모드: AUTO | 텍스트: rep_map 고양퀵서비스-031-932-7722 전표 상태 : 신규 물품 : 박스 1개 차량 : 오 탁송료 : 수수료 : 23% 요금 : 30,000(카드) 구분 : 편도 형태 : 보통 적요상세 *카고 입니다. 세금계산서필 08:13 상차. 마스크 카톤 박스 1개 명...
2026-04-20 02:49:11.894  3313-3313  1DAL_MVP                com.onedal.app                       D  🚀 [AUTO] 확정 버튼 광클 (배차 시도)
2026-04-20 02:49:11.894  3313-3313  1DAL_MVP                com.onedal.app                       D  🚦 [ROADMAP 02:49:11.894] [📱앱] [DETAIL_PRE_CONFIRM] 상세페이지에서 '확정' 추출 후 클릭
2026-04-20 02:49:11.895  3313-3313  1DAL_MVP                com.onedal.app                       D  🚦 [ROADMAP 02:49:11.895] [📱앱] [DETAIL_PRE_CONFIRM] [인성 Socket] 콜 확정 완료
2026-04-20 02:49:11.895  3313-3313  1DAL_MVP                com.onedal.app                       D  🚦 [ROADMAP 02:49:11.895] [📱앱] '확정' 버튼 인식 ➡️ 클릭 시도
2026-04-20 02:49:11.899  3313-3407  1DAL_API                com.onedal.app                       D  🌐 [post /confirm response / 200] {"success":true,"message":"1차 수신 완료. 상세 페이지 내용을 긁어서 POST /api/orders/detail 로 보내주세요."}
2026-04-20 02:49:11.900  3313-3407  1DAL_MVP                com.onedal.app                       D  🚦 [ROADMAP 02:49:11.899] [📱앱] [HTTP 폴링] 응답 /orders/confirm
2026-04-20 02:49:11.949  3313-3313  1DAL_TOUCH              com.onedal.app                       D  ✅ [가로채기 성공!] 화면 좌표 (X:161.0, Y:2251.0) 터치 완료!
2026-04-20 02:49:11.950  3313-3313  1DAL_MVP                com.onedal.app                       D  🚦 [ROADMAP 02:49:11.950] [📱앱] 버튼 터치 완료 (가로채기 성공) X:161.0, Y:2251.0
2026-04-20 02:49:12.087  3313-3313  1DAL_MVP                com.onedal.app                       D  -------------------------------
2026-04-20 02:49:12.087  3313-3313  1DAL_MVP                com.onedal.app                       D  🚦 [ROADMAP 02:49:12.087] [📱앱] [DETAIL_CONFIRMED] 📡 화면 변경 감지 | 모드: AUTO
2026-04-20 02:49:12.087  3313-3313  1DAL_MVP                com.onedal.app                       D  🚦 [ROADMAP 02:49:12.087] [📱앱] [DETAIL_CONFIRMED] 확정페이지 진입
2026-04-20 02:49:12.087  3313-3313  1DAL_MVP                com.onedal.app                       D  🏄‍♂️ [자동 팝업 서핑] 확정 화면 진입 확인! 적요상세 팝업 호출 시도
2026-04-20 02:49:12.088  3313-3313  1DAL_MVP                com.onedal.app                       D  🚦 [ROADMAP 02:49:12.088] [📱앱] '적요상세' 버튼 인식 ➡️ 클릭 시도
2026-04-20 02:49:12.089  3313-3313  1DAL_MVP                com.onedal.app                       D  🚦 [ROADMAP 02:49:12.089] [📱앱] [DETAIL_CONFIRMED] 확정페이지에서 '적요상세' 추출 후 클릭
2026-04-20 02:49:12.089  3313-3313  1DAL_MVP                com.onedal.app                       I  📋 [SEQ 81] 적요상세 버튼 클릭 → 적요 정보 요청
2026-04-20 02:49:12.157  3313-3313  1DAL_TOUCH              com.onedal.app                       D  ✅ [가로채기 성공!] 화면 좌표 (X:149.0, Y:1153.0) 터치 완료!
2026-04-20 02:49:12.158  3313-3313  1DAL_MVP                com.onedal.app                       D  🚦 [ROADMAP 02:49:12.157] [📱앱] 버튼 터치 완료 (가로채기 성공) X:149.0, Y:1153.0
2026-04-20 02:49:12.275  3313-3313  1DAL_MVP                com.onedal.app                       D  -------------------------------
2026-04-20 02:49:12.276  3313-3313  1DAL_MVP                com.onedal.app                       D  🚦 [ROADMAP 02:49:12.276] [📱앱] [POPUP_MEMO] 📡 화면 변경 감지 | 모드: AUTO
2026-04-20 02:49:12.276  3313-3313  1DAL_MVP                com.onedal.app                       D  📝 적요 스크래핑 성공! 닫기 버튼 누름
2026-04-20 02:49:12.276  3313-3313  1DAL_MVP                com.onedal.app                       I  📋 [SEQ 81-82] 적요상세 추출 완료 → 닫기
2026-04-20 02:49:12.276  3313-3313  1DAL_MVP                com.onedal.app                       D  🚦 [ROADMAP 02:49:12.276] [📱앱] [POPUP_MEMO] 적요상세페이지에서 '젹요 내용' 추출 및 저장 후 닫기 클릭
2026-04-20 02:49:12.277  3313-3313  1DAL_MVP                com.onedal.app                       D  🚦 [ROADMAP 02:49:12.277] [📱앱] '닫기' 버튼 인식 ➡️ 클릭 시도
2026-04-20 02:49:12.328  3313-3313  1DAL_TOUCH              com.onedal.app                       D  ✅ [가로채기 성공!] 화면 좌표 (X:540.0, Y:2264.0) 터치 완료!
2026-04-20 02:49:12.329  3313-3313  1DAL_MVP                com.onedal.app                       D  🚦 [ROADMAP 02:49:12.328] [📱앱] 버튼 터치 완료 (가로채기 성공) X:540.0, Y:2264.0
2026-04-20 02:49:12.366  3313-3313  1DAL_MVP                com.onedal.app                       D  -------------------------------
2026-04-20 02:49:12.366  3313-3313  1DAL_MVP                com.onedal.app                       D  🚦 [ROADMAP 02:49:12.366] [📱앱] [DETAIL_CONFIRMED] 📡 화면 변경 감지 | 모드: AUTO
2026-04-20 02:49:12.368  3313-3313  1DAL_MVP                com.onedal.app                       D  🚦 [ROADMAP 02:49:12.366] [📱앱] [DETAIL_CONFIRMED] 확정페이지 진입
2026-04-20 02:49:12.368  3313-3313  1DAL_MVP                com.onedal.app                       D  🏄‍♂️ [자동 팝업 서핑] 적요 정보 확인 완료. 출발지 정보 확인을 위해 자동 클릭 시도
2026-04-20 02:49:12.368  3313-3313  1DAL_MVP                com.onedal.app                       D  🚦 [ROADMAP 02:49:12.368] [📱앱] [DETAIL_CONFIRMED] 확정페이지에서 '출발지' 추출 후 클릭
2026-04-20 02:49:12.369  3313-3313  1DAL_MVP                com.onedal.app                       D  🚦 [ROADMAP 02:49:12.369] [📱앱] '출발지' 버튼 인식 ➡️ 클릭 시도
2026-04-20 02:49:12.420  3313-3313  1DAL_TOUCH              com.onedal.app                       D  ✅ [가로채기 성공!] 화면 좌표 (X:539.0, Y:1592.0) 터치 완료!
2026-04-20 02:49:12.420  3313-3313  1DAL_MVP                com.onedal.app                       D  🚦 [ROADMAP 02:49:12.420] [📱앱] 버튼 터치 완료 (가로채기 성공) X:539.0, Y:1592.0
2026-04-20 02:49:12.508  3313-3313  1DAL_MVP                com.onedal.app                       D  -------------------------------
2026-04-20 02:49:12.509  3313-3313  1DAL_MVP                com.onedal.app                       D  🚦 [ROADMAP 02:49:12.508] [📱앱] [POPUP_PICKUP] 📡 화면 변경 감지 | 모드: AUTO
2026-04-20 02:49:12.509  3313-3313  1DAL_MVP                com.onedal.app                       D  📝 출발지 스크래핑 성공! 닫기 버튼 누름
2026-04-20 02:49:12.509  3313-3313  1DAL_MVP                com.onedal.app                       D  🚦 [ROADMAP 02:49:12.509] [📱앱] [POPUP_PICKUP] 출발지페이지 text중 '전화, 위치' 추출 및 저장 후 닫기 클릭
2026-04-20 02:49:12.509  3313-3313  1DAL_MVP                com.onedal.app                       D  🚦 [ROADMAP 02:49:12.509] [📱앱] '닫기' 버튼 인식 ➡️ 클릭 시도
2026-04-20 02:49:12.608  3313-3313  1DAL_MVP                com.onedal.app                       D  -------------------------------
2026-04-20 02:49:12.608  3313-3313  1DAL_MVP                com.onedal.app                       D  🚦 [ROADMAP 02:49:12.608] [📱앱] [DETAIL_CONFIRMED] 📡 화면 변경 감지 | 모드: AUTO
2026-04-20 02:49:12.608  3313-3313  1DAL_MVP                com.onedal.app                       D  🚦 [ROADMAP 02:49:12.608] [📱앱] [DETAIL_CONFIRMED] 확정페이지 진입
2026-04-20 02:49:12.609  3313-3313  1DAL_MVP                com.onedal.app                       D  🏄‍♂️ [자동 팝업 서핑] 출발지 확인 완료. 도착지 정보 확인을 위해 자동 클릭 시도
2026-04-20 02:49:12.609  3313-3313  1DAL_MVP                com.onedal.app                       D  🚦 [ROADMAP 02:49:12.609] [📱앱] [DETAIL_CONFIRMED] 확정페이지에서 '도착지' 추출 후 클릭
2026-04-20 02:49:12.609  3313-3313  1DAL_MVP                com.onedal.app                       D  🚦 [ROADMAP 02:49:12.609] [📱앱] '도착지' 버튼 인식 ➡️ 클릭 시도
2026-04-20 02:49:12.609  3313-3313  1DAL_TOUCH              com.onedal.app                       D  ✅ [가로채기 성공!] 화면 좌표 (X:136.0, Y:2264.0) 터치 완료!
2026-04-20 02:49:12.609  3313-3313  1DAL_MVP                com.onedal.app                       D  🚦 [ROADMAP 02:49:12.609] [📱앱] 버튼 터치 완료 (가로채기 성공) X:136.0, Y:2264.0
2026-04-20 02:49:12.661  3313-3313  1DAL_TOUCH              com.onedal.app                       D  ✅ [가로채기 성공!] 화면 좌표 (X:539.0, Y:1742.0) 터치 완료!
2026-04-20 02:49:12.661  3313-3313  1DAL_MVP                com.onedal.app                       D  🚦 [ROADMAP 02:49:12.661] [📱앱] 버튼 터치 완료 (가로채기 성공) X:539.0, Y:1742.0
2026-04-20 02:49:12.736  3313-3313  1DAL_MVP                com.onedal.app                       D  -------------------------------
2026-04-20 02:49:12.736  3313-3313  1DAL_MVP                com.onedal.app                       D  🚦 [ROADMAP 02:49:12.736] [📱앱] [POPUP_DROPOFF] 📡 화면 변경 감지 | 모드: AUTO
2026-04-20 02:49:12.736  3313-3313  1DAL_MVP                com.onedal.app                       D  📝 도착지 스크래핑 성공! 닫기 누름 및 전체 내용 /detail 로 발송
2026-04-20 02:49:12.736  3313-3313  1DAL_MVP                com.onedal.app                       D  🚦 [ROADMAP 02:49:12.736] [📱앱] [POPUP_DROPOFF] 도착지페이지 text중 '전화, 위치' 추출 및 저장 후 닫기 클릭
2026-04-20 02:49:12.737  3313-3313  1DAL_MVP                com.onedal.app                       D  🚦 [ROADMAP 02:49:12.737] [📱앱] '닫기' 버튼 인식 ➡️ 클릭 시도
2026-04-20 02:49:12.737  3313-3313  1DAL_MVP                com.onedal.app                       D  🚦 [ROADMAP 02:49:12.737] [📱앱] [POPUP_DROPOFF] 확정페이지 진입
2026-04-20 02:49:12.737  3313-3313  1DAL_MVP                com.onedal.app                       W  ⏳ 데스밸리 타이머 시작: 30초 대기...
2026-04-20 02:49:12.737  3313-3313  1DAL_MVP                com.onedal.app                       D  🌐 [post /detail request] AUTO 모드 판결 요청 텍스트: rep_map 고양퀵서비스-031-932-7722 전표 상태 : 신규 물품 : 박스 1개 취소 차량 : 오 탁송료 : 0 수수료 : 23% 요금 : 30,000(카드) 구분 : 편도 형태 : 보통 적요상세 인수증 전송 *카고 입니다. 세금계산서필 08:13 상차. 마스...
2026-04-20 02:49:12.788  3313-3313  1DAL_TOUCH              com.onedal.app                       D  ✅ [가로채기 성공!] 화면 좌표 (X:136.0, Y:2264.0) 터치 완료!
2026-04-20 02:49:12.789  3313-3313  1DAL_MVP                com.onedal.app                       D  🚦 [ROADMAP 02:49:12.789] [📱앱] 버튼 터치 완료 (가로채기 성공) X:136.0, Y:2264.0
2026-04-20 02:49:13.114  3313-3313  1DAL_MVP                com.onedal.app                       D  🚦 [ROADMAP 02:49:13.113] [📱앱] [DETAIL_CONFIRMED] [post /api/scrap request] 👀 화면 변경 감지 발송  deviceId: 앱폰-sdk_gpho-160, (건수: 2)
2026-04-20 02:49:13.128  3313-3354  1DAL_MVP                com.onedal.app                       D  🚦 [ROADMAP 02:49:13.128] [📱앱] [DETAIL_CONFIRMED] [post /api/scrap response] deviceId: 앱폰-sdk_gpho-160, (건수: 2)
2026-04-20 02:49:13.136  3313-3354  1DAL_API                com.onedal.app                       D  📋 [필터 동기화 (서버→앱) 적용됨] 맵핑된 필터 전체 스키마:
2026-04-20 02:49:13.136  3313-3354  1DAL_API                com.onedal.app                       D  FilterConfig(allowedVehicleTypes=[다마스, 라보, 오토바이], isActive=true, isSharedMode=true, pickupRadiusKm=999, minFare=0, maxFare=1000000, destinationCity=, destinationRadiusKm=10, excludedKeywords=[], destinationKeywords=[가정동, 가좌동, 가학동, 간석동, 갈산동, 갈현동, 거모동, 경동, 경안동, 계수동, 고등동, 고잔동, 과림동, 관교동, 관동, 관양동, 괴안동, 구산동, 구월동, 금곡동, 금토동, 남촌동, 내동, 노온사동, 논현동, 답동, 대야동, 도당동, 도림동, 도원동, 도창동, 도촌동, 도화동, 동춘동, 둔전동, 만석동, 만수동, 매화동, 문원동, 문학동, 미산동, 박달동, 방산동, 배곧동, 범박동, 부개동, 부평동, 북성동, 비산동, 사동, 사송동, 산곡동, 삼동, 삼산동, 삼정동, 삼평동, 상대원동, 상동, 서운동, 서창동, 석남동, 석수동, 석운동, 선린동, 선학동, 선화동, 성남동, 소사동, 소사본동, 소하동, 송내동, 송도동, 송림동, 송월동, 송정동, 송학동, 송현동, 수산동, 숭의동, 시흥동, 신림동, 신생동, 신천동, 신포동, 신현동, 신흥동, 심곡동, 심곡본동, 십정동, 쌍령동, 안양동, 안현동, 야탑동, 약대동, 양벌동, 여수동, 역곡동, 역동, 연수동, 옥길동, 옥련동, 용동, 용현동, 운연동, 운중동, 원미동, 원창동, 월곶동, 유동, 율목동, 은행동, 인현동, 일신동, 일직동, 작전동, 장곡동, 장수동, 장지동, 장현동, 전동, 정왕동, 주안동, 중대동, 중동, 중앙동, 직동, 창영동, 청계동, 청라동, 청천동, 청학동, 초월읍, 춘의동, 탄벌동, 태전동, 판교동, 포동, 포일동, 하대원동, 하중동, 학의동, 학익동, 항동, 해안동, 화수동, 화평동, 회덕동, 효성동], customCityFilters=[금천구, 금천, 관악구, 관악, 중구, 중, 동구, 동, 미추홀구, 미추홀, 연수구, 연수, 남동구, 남동, 부평구, 부평, 계양구, 계양, 서구, 서, 성남시 수정구, 성남시 수정, 성남시 중원구, 성남시 중원, 성남시 분당구, 성남시 분당, 안양시 만안구, 안양시 만안, 안양시 동안구, 안양시 동안, 부천시 원미구, 부천시 원미, 부천시 소사구, 부천시 소사, 부천시 오정구, 부천시 오정, 광명시, 광명, 과천시, 과천, 시흥시, 시흥, 의왕시, 의왕, 광주시, 광주, 경기 광주, 경기 광주시, 경광주], destinationGroups={금천구=[시흥동], 관악구=[신림동], 중구=[경동, 관동, 내동, 답동, 도원동, 북성동, 사동, 선린동, 선화동, 송월동, 송학동, 신생동, 신포동, 신흥동, 용동, 유동, 율목동, 인현동, 전동, 중앙동, 항동, 해안동], 동구=[금곡동, 만석동, 송림동, 송현동, 창영동, 화수동, 화평동], 미추홀구=[관교동, 도화동, 문학동, 숭의동, 용현동, 주안동, 학익동], 연수구=[동춘동, 선학동, 송도동, 연수동, 옥련동, 청학동], 남동구=[간석동, 고잔동, 구월동, 남촌동, 논현동, 도림동, 만수동, 서창동, 수산동, 운연동, 장수동], 부평구=[갈산동, 구산동, 부개동, 부평동, 산곡동, 삼산동, 십정동, 일신동, 청천동], 계양구=[서운동, 작전동, 효성동], 서구=[가정동, 가좌동, 석남동, 신현동, 원창동, 청라동], 성남시 수정구=[고등동, 금토동, 둔전동, 사송동, 시흥동], 성남시 중원구=[갈현동, 도촌동, 상대원동, 성남동, 여수동, 하대원동], 성남시 분당구=[삼평동, 석운동, 야탑동, 운중동, 판교동], 안양시 만안구=[박달동, 석수동, 안양동], 안양시 동안구=[관양동, 비산동], 부천시 원미구=[도당동, 상동, 소사동, 심곡동, 약대동, 역곡동, 원미동, 중동, 춘의동], 부천시 소사구=[계수동, 괴안동, 범박동, 소사본동, 송내동, 심곡본동, 옥길동], 부천시 오정구=[삼정동], 광명시=[가학동, 노온사동, 소하동, 일직동], 과천?
2026-04-20 02:49:13.136  3313-3354  1DAL_TELEMETRY          com.onedal.app                       D  📥 [서버 수신] 👀 화면 변경 감지 완료 (수신된 모드: AUTO)
2026-04-20 02:49:17.605  3313-3407  1DAL_API                com.onedal.app                       D  🌐 [post /detail response / 200] {"deviceId":"server","action":"CANCEL"}
2026-04-20 02:49:17.607  3313-3407  1DAL_MVP                com.onedal.app                       D  🚦 [ROADMAP 02:49:17.606] [📱앱] [HTTP 폴링] 응답 /orders/detail 취소 정보 전송
2026-04-20 02:49:17.607  3313-3407  1DAL_MVP                com.onedal.app                       D  🔄 서버 판결 도착: ID=52b82944-febd-45e2-8abd-7a348744047d, ACTION=CANCEL
2026-04-20 02:49:17.607  3313-3407  1DAL_MVP                com.onedal.app                       D  ⚡ 판결 집행: 행동=CANCEL, 누를버튼=취소 (버튼클릭을 시작합니다), 500ms 지연
2026-04-20 02:49:17.820  3313-3313  1DAL_MVP                com.onedal.app                       D  🚦 [ROADMAP 02:49:17.820] [📱앱] [DETAIL_CONFIRMED] [post /api/scrap request] 👀 화면 변경 감지 발송  deviceId: 앱폰-sdk_gpho-160, (건수: 0)
2026-04-20 02:49:17.832  3313-3354  1DAL_MVP                com.onedal.app                       D  🚦 [ROADMAP 02:49:17.831] [📱앱] [DETAIL_CONFIRMED] [post /api/scrap response] deviceId: 앱폰-sdk_gpho-160, (건수: 0)
2026-04-20 02:49:17.837  3313-3354  1DAL_API                com.onedal.app                       D  📋 [필터 동기화 (서버→앱) 적용됨] 맵핑된 필터 전체 스키마:
